******************************************************************************
                  TI ARM Linker PC v20.2.2                     
******************************************************************************
>> Linked Wed May  5 15:38:09 2021

OUTPUT FILE NAME:   <lab3.out>
ENTRY POINT SYMBOL: "_c_int00_noargs"  address: 20008a75


MEMORY CONFIGURATION

         name            origin    length      used     unused   attr    fill
----------------------  --------  ---------  --------  --------  ----  --------
  SRAM_CODE             20004000   00013000  00005692  0000d96e  RW X
  SRAM_DATA             20017000   00019000  000010fa  00017f06  RW X


SEGMENT ALLOCATION MAP

run origin  load origin   length   init length attrs members
----------  ----------- ---------- ----------- ----- -------
20004000    20004000    00005698   00005698    r-x
  20004000    20004000    00000400   00000400    r-- .intvecs
  20004400    20004400    00004a52   00004a52    r-x .text
  20008e54    20008e54    000007f8   000007f8    r-- .const
  20009650    20009650    00000048   00000048    r-- .cinit
20017000    20017000    000008fc   00000000    rw-
  20017000    20017000    00000800   00000000    rw- .sysmem
  20017800    20017800    000000ce   00000000    rw- .bss
  200178d0    200178d0    0000002c   00000000    rw- .data
2002f800    2002f800    00000800   00000000    rw-
  2002f800    2002f800    00000800   00000000    rw- .stack


SECTION ALLOCATION MAP

 output                                  attributes/
section   page    origin      length       input sections
--------  ----  ----------  ----------   ----------------
.intvecs   0    20004000    00000400     
                  20004000    00000400     startup_ccs.obj (.intvecs)

.init_array 
*          0    20004000    00000000     UNINITIALIZED

.text      0    20004400    00004a52     
                  20004400    00000a80     Adafruit_GFX.obj (.text)
                  20004e80    00000a4e     rtsv7M4_T_le_eabi.lib : _printfi.c.obj (.text:__TI_printfi)
                  200058ce    00000002                           : _lock.c.obj (.text:_nop)
                  200058d0    00000514     main.obj (.text)
                  20005de4    0000049a     Adafruit_OLED.obj (.text)
                  2000627e    00000002     rtsv7M4_T_le_eabi.lib : div0.asm.obj (.text)
                  20006280    000002b4     i2c_if.obj (.text)
                  20006534    0000027c     uart_if.obj (.text)
                  200067b0    00000268     rtsv7M4_T_le_eabi.lib : _printfi.c.obj (.text:_pconv_a)
                  20006a18    000001cc                           : _printfi.c.obj (.text:_pconv_g)
                  20006be4    000001b6                           : fd_add_t2.asm.obj (.text)
                  20006d9a    00000002     --HOLE-- [fill = 0]
                  20006d9c    00000178     driverlib.a : prcm.obj (.text:PRCMCC3200MCUInit)
                  20006f14    0000013c     rtsv7M4_T_le_eabi.lib : _printfi.c.obj (.text:_pconv_e)
                  20007050    00000136                           : fd_div_t2.asm.obj (.text)
                  20007186    00000002     --HOLE-- [fill = 0]
                  20007188    00000120                           : _printfi.c.obj (.text:fcvt)
                  200072a8    00000108     pin_mux_config.obj (.text)
                  200073b0    00000100     rtsv7M4_T_le_eabi.lib : memory.c.obj (.text:aligned_alloc)
                  200074b0    000000fc                           : fd_mul_t2.asm.obj (.text)
                  200075ac    000000e4                           : memory.c.obj (.text:free)
                  20007690    000000e4                           : memory.c.obj (.text:realloc)
                  20007774    000000d0     driverlib.a : spi.obj (.text:SPITransfer32)
                  20007844    000000d0     rtsv7M4_T_le_eabi.lib : s_scalbn.c.obj (.text:scalbn)
                  20007914    000000ce     driverlib.a : spi.obj (.text:SPITransfer16)
                  200079e2    000000b8                 : spi.obj (.text:SPITransfer8)
                  20007a9a    00000002     --HOLE-- [fill = 0]
                  20007a9c    000000b1     rtsv7M4_T_le_eabi.lib : _printfi.c.obj (.text:_ltostr)
                  20007b4d    00000003     --HOLE-- [fill = 0]
                  20007b50    000000a8     driverlib.a : interrupt.obj (.text:IntEnable)
                  20007bf8    000000a0                 : spi.obj (.text:SPIConfigSetExpClk)
                  20007c98    0000009c     rtsv7M4_T_le_eabi.lib : memcpy_t2.asm.obj (.text)
                  20007d34    00000096                           : ull_div_t2.asm.obj (.text)
                  20007dca    00000002     --HOLE-- [fill = 0]
                  20007dcc    00000094     driverlib.a : prcm.obj (.text:PRCMPeripheralClockGet)
                  20007e60    00000088                 : pin.obj (.text:PinConfigSet)
                  20007ee8    00000088                 : spi.obj (.text:SPITransfer)
                  20007f70    00000086     rtsv7M4_T_le_eabi.lib : fd_cmp_t2.asm.obj (.text:__aeabi_cdcmple)
                  20007ff6    00000086                           : fd_cmp_t2.asm.obj (.text:__aeabi_cdrcmple)
                  2000807c    00000084     driverlib.a : i2c.obj (.text:I2CMasterInitExpClk)
                  20008100    0000007c                 : spi.obj (.text:SPIIntStatus)
                  2000817c    0000007a     rtsv7M4_T_le_eabi.lib : memset_t2.asm.obj (.text)
                  200081f6    00000076     driverlib.a : uart.obj (.text:UARTConfigSetExpClk)
                  2000826c    00000070     rtsv7M4_T_le_eabi.lib : memory.c.obj (.text:split)
                  200082dc    0000006e                           : _printfi.c.obj (.text:_mcpy)
                  2000834a    00000068                           : copy_decompress_lzss.c.obj (.text:decompress:lzss:__TI_decompress_lzss)
                  200083b2    00000002     --HOLE-- [fill = 0]
                  200083b4    0000005c                           : s_frexp.c.obj (.text:frexp)
                  20008410    00000058     driverlib.a : prcm.obj (.text:PRCMPeripheralReset)
                  20008468    00000056     rtsv7M4_T_le_eabi.lib : _printfi.c.obj (.text:_pconv_f)
                  200084be    00000054                           : _ltoa.c.obj (.text:__TI_ltoa)
                  20008512    00000052                           : _printfi.c.obj (.text:_ecpy)
                  20008564    0000004c     driverlib.a : spi.obj (.text:SPIIntEnable)
                  200085b0    0000004c                 : spi.obj (.text:SPIIntNumberGet)
                  200085fc    0000004c     rtsv7M4_T_le_eabi.lib : atoi.c.obj (.text:atoi)
                  20008648    00000048     driverlib.a : spi.obj (.text:SPIIntClear)
                  20008690    00000048     rtsv7M4_T_le_eabi.lib : fd_toi_t2.asm.obj (.text)
                  200086d8    00000044     driverlib.a : spi.obj (.text:SPIDmaMaskGet)
                  2000871c    00000044     rtsv7M4_T_le_eabi.lib : autoinit.c.obj (.text:__TI_auto_init_nobinit_nopinit:__TI_auto_init_nobinit_nopinit)
                  20008760    00000040     driverlib.a : pin.obj (.text:PinModeSet)
                  200087a0    00000040     rtsv7M4_T_le_eabi.lib : vsnprintf.c.obj (.text:vsnprintf)
                  200087e0    0000003e                           : _printfi.c.obj (.text:_fcpy)
                  2000881e    00000002     --HOLE-- [fill = 0]
                  20008820    0000003c     driverlib.a : prcm.obj (.text:PRCMPeripheralClkEnable)
                  2000885c    00000036                 : gpio.obj (.text:GPIODirModeSet)
                  20008892    00000030                 : pin.obj (.text:PinTypeGPIO)
                  200088c2    00000002     --HOLE-- [fill = 0]
                  200088c4    00000030                 : uart.obj (.text:UARTDisable)
                  200088f4    00000030     rtsv7M4_T_le_eabi.lib : vsnprintf.c.obj (.text:_outs)
                  20008924    0000002e                           : i_tofd_t2.asm.obj (.text)
                  20008952    0000002c     driverlib.a : i2c.obj (.text:I2CMasterErr)
                  2000897e    00000002     --HOLE-- [fill = 0]
                  20008980    0000002c                 : prcm.obj (.text:PRCMSysResetCauseGet)
                  200089ac    0000002a                 : spi.obj (.text:SPIDataGetNonBlocking)
                  200089d6    00000002     --HOLE-- [fill = 0]
                  200089d8    00000028                 : prcm.obj (.text:PRCMPeripheralClkDisable)
                  20008a00    00000028     rtsv7M4_T_le_eabi.lib : memory.c.obj (.text:free_list_insert)
                  20008a28    00000028                           : memmov.c.obj (.text:memmove)
                  20008a50    00000024     driverlib.a : uart.obj (.text:UARTEnable)
                  20008a74    00000024     rtsv7M4_T_le_eabi.lib : boot_cortex_m.c.obj (.text:_c_int00_noargs:_c_int00_noargs)
                  20008a98    00000022     driverlib.a : i2c.obj (.text:I2CMasterSlaveAddrSet)
                  20008aba    00000022                 : spi.obj (.text:SPIReset)
                  20008adc    00000020                 : gpio.obj (.text:GPIOPinWrite)
                  20008afc    00000020                 : interrupt.obj (.text:IntRegister)
                  20008b1c    00000020                 : spi.obj (.text:SPIDataGet)
                  20008b3c    0000001e                 : i2c.obj (.text:I2CMasterIntStatusEx)
                  20008b5a    0000001e                 : spi.obj (.text:SPIDataPut)
                  20008b78    0000001e                 : spi.obj (.text:SPIIntRegister)
                  20008b96    0000001e                 : uart.obj (.text:UARTCharPut)
                  20008bb4    0000001c                 : pin.obj (.text:PinTypeI2C)
                  20008bd0    0000001c                 : uart.obj (.text:UARTCharGetNonBlocking)
                  20008bec    0000001c     rtsv7M4_T_le_eabi.lib : copy_zero_init.c.obj (.text:decompress:ZI:__TI_zero_init_nomemset:__TI_zero_init_nomemset)
                  20008c08    0000001c                           : memory.c.obj (.text:free_list_remove)
                  20008c24    0000001c                           : memccpy.c.obj (.text:memccpy)
                  20008c40    0000001a     driverlib.a : pin.obj (.text:PinTypeSPI)
                  20008c5a    00000018                 : i2c.obj (.text:I2CMasterIntEnableEx)
                  20008c72    00000018                 : spi.obj (.text:SPICSDisable)
                  20008c8a    00000018                 : spi.obj (.text:SPICSEnable)
                  20008ca2    00000018                 : spi.obj (.text:SPIEnable)
                  20008cba    00000018                 : uart.obj (.text:UARTCharsAvail)
                  20008cd2    00000018     rtsv7M4_T_le_eabi.lib : vsnprintf.c.obj (.text:_outc)
                  20008cea    00000016     driverlib.a : i2c.obj (.text:I2CMasterDataPut)
                  20008d00    00000016                 : i2c.obj (.text:I2CMasterEnable)
                  20008d16    00000016                 : prcm.obj (.text:PRCMHIBRegRead)
                  20008d2c    00000016                 : prcm.obj (.text:PRCMHIBRegWrite)
                  20008d42    00000016                 : uart.obj (.text:UARTCharGet)
                  20008d58    00000016     rtsv7M4_T_le_eabi.lib : strchr.c.obj (.text:strchr)
                  20008d6e    00000014     driverlib.a : cpu.obj (.text:CPUcpsie)
                  20008d82    00000002     --HOLE-- [fill = 0]
                  20008d84    00000014                 : interrupt.obj (.text:IntVTableBaseSet)
                  20008d98    00000014     rtsv7M4_T_le_eabi.lib : strlen.c.obj (.text:strlen)
                  20008dac    00000012     driverlib.a : i2c.obj (.text:I2CMasterControl)
                  20008dbe    00000012                 : i2c.obj (.text:I2CMasterIntClearEx)
                  20008dd0    00000012                 : i2c.obj (.text:I2CMasterTimeoutSet)
                  20008de2    00000012     rtsv7M4_T_le_eabi.lib : wcslen.c.obj (.text:wcslen)
                  20008df4    0000000e     driverlib.a : i2c.obj (.text:I2CMasterDataGet)
                  20008e02    0000000e     rtsv7M4_T_le_eabi.lib : copy_decompress_none.c.obj (.text:decompress:none:__TI_decompress_none)
                  20008e10    0000000e     startup_ccs.obj (.text)
                  20008e1e    0000000c     rtsv7M4_T_le_eabi.lib : s_copysign.c.obj (.text:copysign)
                  20008e2a    0000000a     driverlib.a : interrupt.obj (.text:IntMasterEnable)
                  20008e34    00000008     rtsv7M4_T_le_eabi.lib : errno.c.obj (.text:__aeabi_errno_addr)
                  20008e3c    00000008                           : memory.c.obj (.text:malloc)
                  20008e44    00000006     driverlib.a : utils.obj (.text:UtilsDelay)
                  20008e4a    00000004     rtsv7M4_T_le_eabi.lib : pre_init.c.obj (.text:_system_pre_init)
                  20008e4e    00000004                           : exit.c.obj (.text:abort:abort)

.const     0    20008e54    000007f8     
                  20008e54    000004fb     Adafruit_GFX.obj (.const:.string:font)
                  2000934f    00000101     rtsv7M4_T_le_eabi.lib : ctype.c.obj (.const:.string:_ctypes_)
                  20009450    00000100     driverlib.a : pin.obj (.const:g_ulPinToPadMap)
                  20009550    000000a8                 : prcm.obj (.const:PRCM_PeriphRegsList)
                  200095f8    00000024                 : spi.obj (.const:g_ppulSPIIntMap)
                  2000961c    00000018                 : interrupt.obj (.const:g_pulEnRegs)
                  20009634    00000018                 : spi.obj (.const:g_ulSPIDmaMaskMap)

.cinit     0    20009650    00000048     
                  20009650    00000020     (.cinit..data.load) [load image, compression = lzss]
                  20009670    0000000c     (__TI_handler_table)
                  2000967c    00000004     --HOLE-- [fill = 0]
                  20009680    00000008     (.cinit..bss.load) [load image, compression = zero_init]
                  20009688    00000010     (__TI_cinit_table)

.sysmem    0    20017000    00000800     UNINITIALIZED
                  20017000    00000010     rtsv7M4_T_le_eabi.lib : memory.c.obj (.sysmem)
                  20017010    000007f0     --HOLE--

.bss       0    20017800    000000ce     UNINITIALIZED
                  20017800    00000064     main.obj (.bss:g_ucRxBuff)
                  20017864    00000064     main.obj (.bss:g_ucTxBuff)
                  200178c8    00000004     uart_if.obj (.bss)
                  200178cc    00000002     main.obj (.bss)

.data      0    200178d0    0000002c     UNINITIALIZED
                  200178d0    00000015     Adafruit_GFX.obj (.data)
                  200178e5    00000003     --HOLE--
                  200178e8    00000008     rtsv7M4_T_le_eabi.lib : _lock.c.obj (.data:$O1$$)
                  200178f0    00000008                           : memory.c.obj (.data:$O1$$)
                  200178f8    00000004                           : errno.c.obj (.data)

.stack     0    2002f800    00000800     UNINITIALIZED
                  2002f800    00000004     rtsv7M4_T_le_eabi.lib : boot_cortex_m.c.obj (.stack)
                  2002f804    000007fc     --HOLE--

__llvm_prf_cnts 
*          0    20017000    00000000     UNINITIALIZED

MODULE SUMMARY

       Module                       code    ro data   rw data
       ------                       ----    -------   -------
    .\
       Adafruit_GFX.obj             2688    1275      21     
       main.obj                     1300    0         202    
       Adafruit_OLED.obj            1178    0         0      
       startup_ccs.obj              14      1024      0      
       i2c_if.obj                   692     0         0      
       uart_if.obj                  636     0         4      
       pin_mux_config.obj           264     0         0      
    +--+----------------------------+-------+---------+---------+
       Total:                       6772    2299      227    
                                                             
    C:/ti/CC3200SDK_1.5.0/cc3200-sdk/driverlib/ccs/Release/driverlib.a
       spi.obj                      1550    60        0      
       prcm.obj                     800     168       0      
       pin.obj                      302     256       0      
       i2c.obj                      376     0         0      
       uart.obj                     306     0         0      
       interrupt.obj                230     24        0      
       gpio.obj                     86      0         0      
       cpu.obj                      20      0         0      
       utils.obj                    6       0         0      
    +--+----------------------------+-------+---------+---------+
       Total:                       3676    508       0      
                                                             
    C:\ti\ccs1020\ccs\tools\compiler\ti-cgt-arm_20.2.2.LTS\lib\rtsv7M4_T_le_eabi.lib
       _printfi.c.obj               4835    0         0      
       memory.c.obj                 900     0         8      
       fd_add_t2.asm.obj            438     0         0      
       fd_div_t2.asm.obj            310     0         0      
       fd_cmp_t2.asm.obj            268     0         0      
       ctype.c.obj                  0       257       0      
       fd_mul_t2.asm.obj            252     0         0      
       s_scalbn.c.obj               208     0         0      
       memcpy_t2.asm.obj            156     0         0      
       ull_div_t2.asm.obj           150     0         0      
       vsnprintf.c.obj              136     0         0      
       memset_t2.asm.obj            122     0         0      
       copy_decompress_lzss.c.obj   104     0         0      
       s_frexp.c.obj                92      0         0      
       _ltoa.c.obj                  84      0         0      
       atoi.c.obj                   76      0         0      
       fd_toi_t2.asm.obj            72      0         0      
       autoinit.c.obj               68      0         0      
       i_tofd_t2.asm.obj            46      0         0      
       memmov.c.obj                 40      0         0      
       boot_cortex_m.c.obj          36      0         0      
       copy_zero_init.c.obj         28      0         0      
       memccpy.c.obj                28      0         0      
       strchr.c.obj                 22      0         0      
       strlen.c.obj                 20      0         0      
       wcslen.c.obj                 18      0         0      
       copy_decompress_none.c.obj   14      0         0      
       errno.c.obj                  8       0         4      
       s_copysign.c.obj             12      0         0      
       _lock.c.obj                  2       0         8      
       exit.c.obj                   4       0         0      
       pre_init.c.obj               4       0         0      
       div0.asm.obj                 2       0         0      
    +--+----------------------------+-------+---------+---------+
       Total:                       8555    257       20     
                                                             
       Heap:                        0       0         2048   
       Stack:                       0       0         2048   
       Linker Generated:            0       68        0      
    +--+----------------------------+-------+---------+---------+
       Grand Total:                 19003   3132      4343   


LINKER GENERATED COPY TABLES

__TI_cinit_table @ 20009688 records: 2, size/record: 8, table size: 16
	.data: load addr=20009650, load size=00000020 bytes, run addr=200178d0, run size=0000002c bytes, compression=lzss
	.bss: load addr=20009680, load size=00000008 bytes, run addr=20017800, run size=000000ce bytes, compression=zero_init


LINKER GENERATED HANDLER TABLE

__TI_handler_table @ 20009670 records: 3, size/record: 4, table size: 12
	index: 0, handler: __TI_decompress_lzss
	index: 1, handler: __TI_decompress_none
	index: 2, handler: __TI_zero_init


GLOBAL SYMBOLS: SORTED ALPHABETICALLY BY Name 

address   name                          
-------   ----                          
20005e69  Adafruit_Init                 
20008e4f  C$$EXIT                       
20008d6f  CPUcpsie                      
20006575  ClearTerm                     
20005fdf  Color565                      
20005a6f  DisplayBuffer                 
2000657f  Error                         
2000885d  GPIODirModeSet                
20008add  GPIOPinWrite                  
200065b7  GetCmd                        
20008dad  I2CMasterControl              
20008df5  I2CMasterDataGet              
20008ceb  I2CMasterDataPut              
20008d01  I2CMasterEnable               
20008953  I2CMasterErr                  
2000807d  I2CMasterInitExpClk           
20008dbf  I2CMasterIntClearEx           
20008c5b  I2CMasterIntEnableEx          
20008b3d  I2CMasterIntStatusEx          
20008a99  I2CMasterSlaveAddrSet         
20008dd1  I2CMasterTimeoutSet           
2000651f  I2C_IF_Close                  
200064b9  I2C_IF_Open                   
200063b7  I2C_IF_Read                   
20006473  I2C_IF_ReadFrom               
20006307  I2C_IF_Write                  
20006535  InitTerm                      
20007b51  IntEnable                     
20008e2b  IntMasterEnable               
20008afd  IntRegister                   
20008d85  IntVTableBaseSet              
20005941  MasterMain                    
20006553  Message                       
20004dab  Outstr                        
20006d9d  PRCMCC3200MCUInit             
20008d17  PRCMHIBRegRead                
20008d2d  PRCMHIBRegWrite               
200089d9  PRCMPeripheralClkDisable      
20008821  PRCMPeripheralClkEnable       
20007dcd  PRCMPeripheralClockGet        
20008411  PRCMPeripheralReset           
20008981  PRCMSysResetCauseGet          
20007e61  PinConfigSet                  
20008761  PinModeSet                    
200072a9  PinMuxConfig                  
20008893  PinTypeGPIO                   
20008bb5  PinTypeI2C                    
20008c41  PinTypeSPI                    
200066f5  Report                        
20008e11  ResetISR                      
20008c73  SPICSDisable                  
20008c8b  SPICSEnable                   
20007bf9  SPIConfigSetExpClk            
20008b1d  SPIDataGet                    
200089ad  SPIDataGetNonBlocking         
20008b5b  SPIDataPut                    
20008ca3  SPIEnable                     
20008649  SPIIntClear                   
20008565  SPIIntEnable                  
20008b79  SPIIntRegister                
20008101  SPIIntStatus                  
20008abb  SPIReset                      
20007ee9  SPITransfer                   
200059ff  SlaveMain                     
2000665d  TrimSpace                     
20008d43  UARTCharGet                   
20008bd1  UARTCharGetNonBlocking        
20008b97  UARTCharPut                   
20008cbb  UARTCharsAvail                
200081f7  UARTConfigSetExpClk           
200088c5  UARTDisable                   
20008a51  UARTEnable                    
20008e45  UtilsDelay                    
20030000  __STACK_END                   
00000800  __STACK_SIZE                  
00000800  __SYSMEM_SIZE                 
20009688  __TI_CINIT_Base               
20009698  __TI_CINIT_Limit              
20009670  __TI_Handler_Table_Base       
2000967c  __TI_Handler_Table_Limit      
2000871d  __TI_auto_init_nobinit_nopinit
2000834b  __TI_decompress_lzss          
20008e03  __TI_decompress_none          
200084bf  __TI_ltoa                     
ffffffff  __TI_pprof_out_hndl           
20004e81  __TI_printfi                  
ffffffff  __TI_prof_data_size           
ffffffff  __TI_prof_data_start          
20009650  __TI_static_base__            
20008bed  __TI_zero_init_nomemset       
20007f71  __aeabi_cdcmpeq               
20007f71  __aeabi_cdcmple               
20007ff7  __aeabi_cdrcmple              
20008691  __aeabi_d2iz                  
20006bef  __aeabi_dadd                  
20007051  __aeabi_ddiv                  
200074b1  __aeabi_dmul                  
20006be5  __aeabi_dsub                  
20008e35  __aeabi_errno_addr            
20008925  __aeabi_i2d                   
2000627f  __aeabi_idiv0                 
2000627f  __aeabi_ldiv0                 
2000817d  __aeabi_memclr                
2000817d  __aeabi_memclr4               
2000817d  __aeabi_memclr8               
20007c99  __aeabi_memcpy                
20007c99  __aeabi_memcpy4               
20007c99  __aeabi_memcpy8               
2000817f  __aeabi_memset                
2000817f  __aeabi_memset4               
2000817f  __aeabi_memset8               
20007d35  __aeabi_uldivmod              
ffffffff  __binit__                     
ffffffff  __c_args__                    
UNDEFED   __mpu_init                    
2002f800  __stack                       
20017000  __start___llvm_prf_cnts       
20017000  __stop___llvm_prf_cnts        
20008a75  _c_int00_noargs               
2000934f  _ctypes_                      
200178e8  _lock                         
200058cf  _nop                          
20017000  _sys_memory                   
UNDEFED   _system_post_cinit            
20008e4b  _system_pre_init              
200178ec  _unlock                       
20008e4f  abort                         
200073b1  aligned_alloc                 
200085fd  atoi                          
ffffffff  binit                         
20008e1f  copysign                      
20008e1f  copysignl                     
200178d0  cursor_x                      
200178d4  cursor_y                      
20004c5f  drawChar                      
20004401  drawCircle                    
20004535  drawCircleHelper              
20006189  drawFastHLine                 
200060ed  drawFastVLine                 
2000477b  drawLine                      
20006225  drawPixel                     
20004867  drawRect                      
200048b5  drawRoundRect                 
20004a1d  drawTriangle                  
200178f8  errno                         
20004653  fillCircle                    
2000468d  fillCircleHelper              
20006037  fillRect                      
200049a3  fillRoundRect                 
20006021  fillScreen                    
20004a5f  fillTriangle                  
200075ad  free                          
200083b5  frexp                         
200083b5  frexpl                        
20004000  g_pfnVectors                  
20005f9b  goTo                          
20004e5f  height                        
20006263  invert                        
20007845  ldexp                         
20007845  ldexpl                        
20005c21  main                          
20008e3d  malloc                        
200073b1  memalign                      
20008c25  memccpy                       
20007c99  memcpy                        
20008a29  memmove                       
20008185  memset                        
20007691  realloc                       
20007845  scalbn                        
20007845  scalbnl                       
20004df7  setCursor                     
20004e2f  setTextColor                  
20004e0f  setTextSize                   
20004e47  setTextWrap                   
20008d59  strchr                        
20008d99  strlen                        
200178e0  textbgcolor                   
200178dc  textcolor                     
200178d8  textsize                      
200087a1  vsnprintf                     
20008de3  wcslen                        
20004e5b  width                         
200178e4  wrap                          
20005de5  writeCommand                  
20005e27  writeData                     


GLOBAL SYMBOLS: SORTED BY Symbol Address 

address   name                          
-------   ----                          
00000800  __STACK_SIZE                  
00000800  __SYSMEM_SIZE                 
20004000  g_pfnVectors                  
20004401  drawCircle                    
20004535  drawCircleHelper              
20004653  fillCircle                    
2000468d  fillCircleHelper              
2000477b  drawLine                      
20004867  drawRect                      
200048b5  drawRoundRect                 
200049a3  fillRoundRect                 
20004a1d  drawTriangle                  
20004a5f  fillTriangle                  
20004c5f  drawChar                      
20004dab  Outstr                        
20004df7  setCursor                     
20004e0f  setTextSize                   
20004e2f  setTextColor                  
20004e47  setTextWrap                   
20004e5b  width                         
20004e5f  height                        
20004e81  __TI_printfi                  
200058cf  _nop                          
20005941  MasterMain                    
200059ff  SlaveMain                     
20005a6f  DisplayBuffer                 
20005c21  main                          
20005de5  writeCommand                  
20005e27  writeData                     
20005e69  Adafruit_Init                 
20005f9b  goTo                          
20005fdf  Color565                      
20006021  fillScreen                    
20006037  fillRect                      
200060ed  drawFastVLine                 
20006189  drawFastHLine                 
20006225  drawPixel                     
20006263  invert                        
2000627f  __aeabi_idiv0                 
2000627f  __aeabi_ldiv0                 
20006307  I2C_IF_Write                  
200063b7  I2C_IF_Read                   
20006473  I2C_IF_ReadFrom               
200064b9  I2C_IF_Open                   
2000651f  I2C_IF_Close                  
20006535  InitTerm                      
20006553  Message                       
20006575  ClearTerm                     
2000657f  Error                         
200065b7  GetCmd                        
2000665d  TrimSpace                     
200066f5  Report                        
20006be5  __aeabi_dsub                  
20006bef  __aeabi_dadd                  
20006d9d  PRCMCC3200MCUInit             
20007051  __aeabi_ddiv                  
200072a9  PinMuxConfig                  
200073b1  aligned_alloc                 
200073b1  memalign                      
200074b1  __aeabi_dmul                  
200075ad  free                          
20007691  realloc                       
20007845  ldexp                         
20007845  ldexpl                        
20007845  scalbn                        
20007845  scalbnl                       
20007b51  IntEnable                     
20007bf9  SPIConfigSetExpClk            
20007c99  __aeabi_memcpy                
20007c99  __aeabi_memcpy4               
20007c99  __aeabi_memcpy8               
20007c99  memcpy                        
20007d35  __aeabi_uldivmod              
20007dcd  PRCMPeripheralClockGet        
20007e61  PinConfigSet                  
20007ee9  SPITransfer                   
20007f71  __aeabi_cdcmpeq               
20007f71  __aeabi_cdcmple               
20007ff7  __aeabi_cdrcmple              
2000807d  I2CMasterInitExpClk           
20008101  SPIIntStatus                  
2000817d  __aeabi_memclr                
2000817d  __aeabi_memclr4               
2000817d  __aeabi_memclr8               
2000817f  __aeabi_memset                
2000817f  __aeabi_memset4               
2000817f  __aeabi_memset8               
20008185  memset                        
200081f7  UARTConfigSetExpClk           
2000834b  __TI_decompress_lzss          
200083b5  frexp                         
200083b5  frexpl                        
20008411  PRCMPeripheralReset           
200084bf  __TI_ltoa                     
20008565  SPIIntEnable                  
200085fd  atoi                          
20008649  SPIIntClear                   
20008691  __aeabi_d2iz                  
2000871d  __TI_auto_init_nobinit_nopinit
20008761  PinModeSet                    
200087a1  vsnprintf                     
20008821  PRCMPeripheralClkEnable       
2000885d  GPIODirModeSet                
20008893  PinTypeGPIO                   
200088c5  UARTDisable                   
20008925  __aeabi_i2d                   
20008953  I2CMasterErr                  
20008981  PRCMSysResetCauseGet          
200089ad  SPIDataGetNonBlocking         
200089d9  PRCMPeripheralClkDisable      
20008a29  memmove                       
20008a51  UARTEnable                    
20008a75  _c_int00_noargs               
20008a99  I2CMasterSlaveAddrSet         
20008abb  SPIReset                      
20008add  GPIOPinWrite                  
20008afd  IntRegister                   
20008b1d  SPIDataGet                    
20008b3d  I2CMasterIntStatusEx          
20008b5b  SPIDataPut                    
20008b79  SPIIntRegister                
20008b97  UARTCharPut                   
20008bb5  PinTypeI2C                    
20008bd1  UARTCharGetNonBlocking        
20008bed  __TI_zero_init_nomemset       
20008c25  memccpy                       
20008c41  PinTypeSPI                    
20008c5b  I2CMasterIntEnableEx          
20008c73  SPICSDisable                  
20008c8b  SPICSEnable                   
20008ca3  SPIEnable                     
20008cbb  UARTCharsAvail                
20008ceb  I2CMasterDataPut              
20008d01  I2CMasterEnable               
20008d17  PRCMHIBRegRead                
20008d2d  PRCMHIBRegWrite               
20008d43  UARTCharGet                   
20008d59  strchr                        
20008d6f  CPUcpsie                      
20008d85  IntVTableBaseSet              
20008d99  strlen                        
20008dad  I2CMasterControl              
20008dbf  I2CMasterIntClearEx           
20008dd1  I2CMasterTimeoutSet           
20008de3  wcslen                        
20008df5  I2CMasterDataGet              
20008e03  __TI_decompress_none          
20008e11  ResetISR                      
20008e1f  copysign                      
20008e1f  copysignl                     
20008e2b  IntMasterEnable               
20008e35  __aeabi_errno_addr            
20008e3d  malloc                        
20008e45  UtilsDelay                    
20008e4b  _system_pre_init              
20008e4f  C$$EXIT                       
20008e4f  abort                         
2000934f  _ctypes_                      
20009650  __TI_static_base__            
20009670  __TI_Handler_Table_Base       
2000967c  __TI_Handler_Table_Limit      
20009688  __TI_CINIT_Base               
20009698  __TI_CINIT_Limit              
20017000  __start___llvm_prf_cnts       
20017000  __stop___llvm_prf_cnts        
20017000  _sys_memory                   
200178d0  cursor_x                      
200178d4  cursor_y                      
200178d8  textsize                      
200178dc  textcolor                     
200178e0  textbgcolor                   
200178e4  wrap                          
200178e8  _lock                         
200178ec  _unlock                       
200178f8  errno                         
2002f800  __stack                       
20030000  __STACK_END                   
ffffffff  __TI_pprof_out_hndl           
ffffffff  __TI_prof_data_size           
ffffffff  __TI_prof_data_start          
ffffffff  __binit__                     
ffffffff  __c_args__                    
ffffffff  binit                         
UNDEFED   __mpu_init                    
UNDEFED   _system_post_cinit            

[185 symbols]
