******************************************************************************
                  TI ARM Linker PC v20.2.2                     
******************************************************************************
>> Linked Tue Jun  8 23:26:28 2021

OUTPUT FILE NAME:   <lab4.out>
ENTRY POINT SYMBOL: "_c_int00_noargs"  address: 2000d261


MEMORY CONFIGURATION

         name            origin    length      used     unused   attr    fill
----------------------  --------  ---------  --------  --------  ----  --------
  SRAM_CODE             20004000   00013000  0000a557  00008aa9  RW X
  SRAM_DATA             20017000   00019000  0000168d  00017973  RW X


SEGMENT ALLOCATION MAP

run origin  load origin   length   init length attrs members
----------  ----------- ---------- ----------- ----- -------
20004000    20004000    0000a560   0000a560    r-x
  20004000    20004000    00000400   00000400    r-- .intvecs
  20004400    20004400    00009592   00009592    r-x .text
  2000d994    2000d994    00000b55   00000b55    r-- .const
  2000e4f0    2000e4f0    00000070   00000070    r-- .cinit
20017000    20017000    00000e90   00000000    rw-
  20017000    20017000    00000800   00000000    rw- .sysmem
  20017800    20017800    0000040d   00000000    rw- .bss
  20017c10    20017c10    00000280   00000000    rw- .data
2002f800    2002f800    00000800   00000000    rw-
  2002f800    2002f800    00000800   00000000    rw- .stack


SECTION ALLOCATION MAP

 output                                  attributes/
section   page    origin      length       input sections
--------  ----  ----------  ----------   ----------------
.intvecs   0    20004000    00000400     
                  20004000    00000400     startup_ccs.obj (.intvecs)

.init_array 
*          0    20004000    00000000     UNINITIALIZED

.text      0    20004400    00009592     
                  20004400    00001284     main.obj (.text)
                  20005684    00000a80     Adafruit_GFX.obj (.text)
                  20006104    00000a4e     rtsv7M4_T_le_eabi.lib : _printfi.c.obj (.text:__TI_printfi)
                  20006b52    00000002     driverlib.a : interrupt.obj (.text:IntDefaultHandler)
                  20006b54    00000540     lab4_test.obj (.text)
                  20007094    0000049a     Adafruit_OLED.obj (.text)
                  2000752e    00000002     rtsv7M4_T_le_eabi.lib : _lock.c.obj (.text:_nop)
                  20007530    000003ec     simplelink_opt.a : driver.obj (.text:_SlDrvMsgRead)
                  2000791c    00000398     gpio_if.obj (.text)
                  20007cb4    000002b4     i2c_if.obj (.text)
                  20007f68    0000027c     uart_if.obj (.text)
                  200081e4    00000268     rtsv7M4_T_le_eabi.lib : _printfi.c.obj (.text:_pconv_a)
                  2000844c    000001cc                           : _printfi.c.obj (.text:_pconv_g)
                  20008618    000001cc     simplelink_opt.a : wlan.obj (.text:sl_WlanConnect)
                  200087e4    000001b8                      : driver.obj (.text:_SlDrvRxHdrRead)
                  2000899c    000001b6     rtsv7M4_T_le_eabi.lib : fd_add_t2.asm.obj (.text)
                  20008b52    00000002                           : div0.asm.obj (.text)
                  20008b54    000001b0     provisioninglib.a : events_handler.obj (.text:sl_Provisioning_HttpServerEventHdl)
                  20008d04    00000188     simplelink_opt.a : cc_pal.obj (.text:spi_Read)
                  20008e8c    00000178     driverlib.a : prcm.obj (.text:PRCMCC3200MCUInit)
                  20009004    00000158     simplelink_opt.a : driver.obj (.text:_SlDrvCmdOp)
                  2000915c    00000144                      : driver.obj (.text:_SlDrvDataReadOp)
                  200092a0    0000013c     rtsv7M4_T_le_eabi.lib : _printfi.c.obj (.text:_pconv_e)
                  200093dc    00000136                           : fd_div_t2.asm.obj (.text)
                  20009512    00000002     --HOLE-- [fill = 0]
                  20009514    00000128     simplelink_opt.a : cc_pal.obj (.text:spi_Open)
                  2000963c    00000120     rtsv7M4_T_le_eabi.lib : _printfi.c.obj (.text:fcvt)
                  2000975c    0000011c     provisioninglib.a : networkListHndl.obj (.text:networksListHandleGetNetworkToken)
                  20009878    00000118     simplelink_opt.a : driver.obj (.text:_SlDrvMsgWrite)
                  20009990    00000118     pin_mux_config.obj (.text)
                  20009aa8    00000110     simplelink_opt.a : socket.obj (.text:sl_Connect)
                  20009bb8    00000100                      : driver.obj (.text:_SlDrvDriverCBInit)
                  20009cb8    00000100     rtsv7M4_T_le_eabi.lib : memory.c.obj (.text:aligned_alloc)
                  20009db8    000000fc                           : fd_mul_t2.asm.obj (.text)
                  20009eb4    000000f4     simplelink_opt.a : cc_pal.obj (.text:spi_Write)
                  20009fa8    000000f0     driverlib.a : udma.obj (.text:uDMAChannelTransferSet)
                  2000a098    000000e8     simplelink_opt.a : driver.obj (.text:_SlDrvDataWriteOp)
                  2000a180    000000e4     rtsv7M4_T_le_eabi.lib : memory.c.obj (.text:free)
                  2000a264    000000e4                           : memory.c.obj (.text:realloc)
                  2000a348    000000d8     simplelink_opt.a : netapp.obj (.text:sl_NetAppDnsGetHostByName)
                  2000a420    000000d4                      : driver.obj (.text:_SlDrvWaitForPoolObj)
                  2000a4f4    000000d0     driverlib.a : spi.obj (.text:SPITransfer32)
                  2000a5c4    000000d0     simplelink_opt.a : driver.obj (.text:_SlDrvReleasePoolObj)
                  2000a694    000000d0     rtsv7M4_T_le_eabi.lib : s_scalbn.c.obj (.text:scalbn)
                  2000a764    000000ce     driverlib.a : spi.obj (.text:SPITransfer16)
                  2000a832    00000002     --HOLE-- [fill = 0]
                  2000a834    000000c8     simplelink_opt.a : socket.obj (.text:sl_Send)
                  2000a8fc    000000bc                      : device.obj (.text:sl_Start)
                  2000a9b8    000000ba                      : netapp.obj (.text:_SlDrvNetAppEventHandler)
                  2000aa72    000000b8     driverlib.a : spi.obj (.text:SPITransfer8)
                  2000ab2a    00000002     --HOLE-- [fill = 0]
                  2000ab2c    000000b1     rtsv7M4_T_le_eabi.lib : _printfi.c.obj (.text:_ltostr)
                  2000abdd    00000003     --HOLE-- [fill = 0]
                  2000abe0    000000a8     driverlib.a : interrupt.obj (.text:IntDisable)
                  2000ac88    000000a8                 : interrupt.obj (.text:IntEnable)
                  2000ad30    000000a8     provisioninglib.a : events_handler.obj (.text:sl_Provisioning_WlanEventHdl)
                  2000add8    000000a0     driverlib.a : spi.obj (.text:SPIConfigSetExpClk)
                  2000ae78    000000a0     simplelink_opt.a : device.obj (.text:sl_Stop)
                  2000af18    0000009c     rtsv7M4_T_le_eabi.lib : memcpy_t2.asm.obj (.text)
                  2000afb4    0000009c     simplelink_opt.a : netapp.obj (.text:sl_NetAppMDNSRegisterUnregisterService)
                  2000b050    00000098                      : driver.obj (.text:_SlDrvDriverCBDeinit)
                  2000b0e8    00000098                      : device.obj (.text:sl_DevGet)
                  2000b180    00000096     rtsv7M4_T_le_eabi.lib : ull_div_t2.asm.obj (.text)
                  2000b216    00000002     --HOLE-- [fill = 0]
                  2000b218    00000094     driverlib.a : prcm.obj (.text:PRCMPeripheralClockGet)
                  2000b2ac    00000094     simplelink_opt.a : driver.obj (.text:_SlFindAndSetActiveObj)
                  2000b340    00000088     driverlib.a : pin.obj (.text:PinConfigSet)
                  2000b3c8    00000088                 : spi.obj (.text:SPITransfer)
                  2000b450    00000088     simplelink_opt.a : driver.obj (.text:_SlDrvMsgReadSpawnCtx)
                  2000b4d8    00000088                      : nonos.obj (.text:_SlNonOsSemGet)
                  2000b560    00000086     rtsv7M4_T_le_eabi.lib : fd_cmp_t2.asm.obj (.text:__aeabi_cdcmple)
                  2000b5e6    00000086                           : fd_cmp_t2.asm.obj (.text:__aeabi_cdrcmple)
                  2000b66c    00000084     driverlib.a : i2c.obj (.text:I2CMasterInitExpClk)
                  2000b6f0    00000082                 : gpio.obj (.text:GPIOIntTypeSet)
                  2000b772    00000002     --HOLE-- [fill = 0]
                  2000b774    0000007c                 : spi.obj (.text:SPIIntStatus)
                  2000b7f0    0000007a     rtsv7M4_T_le_eabi.lib : memset_t2.asm.obj (.text)
                  2000b86a    00000002     --HOLE-- [fill = 0]
                  2000b86c    00000078     provisioninglib.a : cfg_confirm.obj (.text:cfgConfirmGetResult)
                  2000b8e4    00000076     driverlib.a : uart.obj (.text:UARTConfigSetExpClk)
                  2000b95a    00000002     --HOLE-- [fill = 0]
                  2000b95c    00000074     simplelink_opt.a : cc_pal.obj (.text:spi_Close)
                  2000b9d0    00000070     rtsv7M4_T_le_eabi.lib : memory.c.obj (.text:split)
                  2000ba40    0000006e                           : _printfi.c.obj (.text:_mcpy)
                  2000baae    00000002     --HOLE-- [fill = 0]
                  2000bab0    0000006c     simplelink_opt.a : device.obj (.text:_sl_HandleAsync_InitComplete)
                  2000bb1c    0000006c                      : socket.obj (.text:sl_SetSockOpt)
                  2000bb88    0000006a                      : device.obj (.text:_SlDrvDeviceEventHandler)
                  2000bbf2    00000002     --HOLE-- [fill = 0]
                  2000bbf4    00000068                      : netapp.obj (.text:_sl_HandleAsync_DnsGetHostByName)
                  2000bc5c    00000068     rtsv7M4_T_le_eabi.lib : copy_decompress_lzss.c.obj (.text:decompress:lzss:__TI_decompress_lzss)
                  2000bcc4    00000068     simplelink_opt.a : device.obj (.text:sl_DevSet)
                  2000bd2c    00000068                      : wlan.obj (.text:sl_WlanSet)
                  2000bd94    00000064                      : netapp.obj (.text:_sl_HandleAsync_DnsGetHostByService)
                  2000bdf8    00000064                      : netcfg.obj (.text:sl_NetCfgSet)
                  2000be5c    00000064                      : socket.obj (.text:sl_Recv)
                  2000bec0    00000064     driverlib.a : udma.obj (.text:uDMAChannelAttributeDisable)
                  2000bf24    00000064                 : udma.obj (.text:uDMAChannelAttributeEnable)
                  2000bf88    00000060     simplelink_opt.a : driver.obj (.text:_SlAsyncEventGenericHandler)
                  2000bfe8    00000060                      : netapp.obj (.text:_sl_HandleAsync_PingResponse)
                  2000c048    0000005c                      : driver.obj (.text:_SlDriverHandleError)
                  2000c0a4    0000005c     rtsv7M4_T_le_eabi.lib : s_frexp.c.obj (.text:frexp)
                  2000c100    0000005c     simplelink_opt.a : wlan.obj (.text:sl_WlanPolicySet)
                  2000c15c    00000058     driverlib.a : interrupt.obj (.text:IntPendClear)
                  2000c1b4    00000058                 : prcm.obj (.text:PRCMPeripheralReset)
                  2000c20c    00000058     simplelink_opt.a : driver.obj (.text:_SlDrvCmdSend)
                  2000c264    00000058                      : netapp.obj (.text:_sl_NetAppSendTokenValue)
                  2000c2bc    00000058     provisioninglib.a : events_handler.obj (.text:sl_Provisioning_NetAppEventHdl)
                  2000c314    00000058     simplelink_opt.a : wlan.obj (.text:sl_WlanRxFilterSet)
                  2000c36c    00000056     rtsv7M4_T_le_eabi.lib : _printfi.c.obj (.text:_pconv_f)
                  2000c3c2    00000002     --HOLE-- [fill = 0]
                  2000c3c4    00000054     driverlib.a : interrupt.obj (.text:IntPrioritySet)
                  2000c418    00000054     simplelink_opt.a : cc_pal.obj (.text:TimerGetCurrentTimestamp)
                  2000c46c    00000054     rtsv7M4_T_le_eabi.lib : _ltoa.c.obj (.text:__TI_ltoa)
                  2000c4c0    00000054     simplelink_opt.a : socket.obj (.text:_sl_HandleAsync_Connect)
                  2000c514    00000052     rtsv7M4_T_le_eabi.lib : _printfi.c.obj (.text:_ecpy)
                  2000c566    00000002     --HOLE-- [fill = 0]
                  2000c568    00000050     simplelink_opt.a : socket.obj (.text:_sl_HandleAsync_Accept)
                  2000c5b8    0000004c     driverlib.a : spi.obj (.text:SPIIntEnable)
                  2000c604    0000004c                 : spi.obj (.text:SPIIntNumberGet)
                  2000c650    0000004c     rtsv7M4_T_le_eabi.lib : atoi.c.obj (.text:atoi)
                  2000c69c    0000004c     simplelink_opt.a : socket.obj (.text:sl_Socket)
                  2000c6e8    0000004c     driverlib.a : udma.obj (.text:uDMAChannelAssign)
                  2000c734    00000048                 : gpio.obj (.text:GPIOGetIntNumber)
                  2000c77c    00000048                 : spi.obj (.text:SPIIntClear)
                  2000c7c4    00000048     simplelink_opt.a : driver.obj (.text:_SlDrvIsTimeoutExpired)
                  2000c80c    00000048                      : driver.obj (.text:_SlRemoveFromList)
                  2000c854    00000048     rtsv7M4_T_le_eabi.lib : fd_toi_t2.asm.obj (.text)
                  2000c89c    00000044     driverlib.a : spi.obj (.text:SPIDmaMaskGet)
                  2000c8e0    00000044                 : timer.obj (.text:TimerConfigure)
                  2000c924    00000044     simplelink_opt.a : driver.obj (.text:_SlDrvRxIrqHandler)
                  2000c968    00000044     rtsv7M4_T_le_eabi.lib : autoinit.c.obj (.text:__TI_auto_init_nobinit_nopinit:__TI_auto_init_nobinit_nopinit)
                  2000c9ac    00000040     driverlib.a : pin.obj (.text:PinModeSet)
                  2000c9ec    00000040     simplelink_opt.a : socket.obj (.text:_sl_HandleAsync_Select)
                  2000ca2c    00000040                      : wlan.obj (.text:sl_WlanProfileDel)
                  2000ca6c    00000040                      : wlan.obj (.text:sl_WlanSetMode)
                  2000caac    00000040     rtsv7M4_T_le_eabi.lib : sprintf.c.obj (.text:sprintf)
                  2000caec    00000040                           : vsnprintf.c.obj (.text:vsnprintf)
                  2000cb2c    0000003e                           : _printfi.c.obj (.text:_fcpy)
                  2000cb6a    00000002     --HOLE-- [fill = 0]
                  2000cb6c    0000003c     simplelink_opt.a : cc_pal.obj (.text:NwpPowerOff)
                  2000cba8    0000003c     driverlib.a : prcm.obj (.text:PRCMPeripheralClkEnable)
                  2000cbe4    0000003c     simplelink_opt.a : device.obj (.text:_sl_HandleAsync_Stop)
                  2000cc20    0000003c                      : socket.obj (.text:sl_Close)
                  2000cc5c    0000003c     driverlib.a : udma.obj (.text:uDMAChannelControlSet)
                  2000cc98    00000038     simplelink_opt.a : cc_pal.obj (.text:NwpRegisterInterruptHandler)
                  2000ccd0    00000038                      : socket.obj (.text:sl_Htonl)
                  2000cd08    00000036     driverlib.a : gpio.obj (.text:GPIODirModeSet)
                  2000cd3e    00000002     --HOLE-- [fill = 0]
                  2000cd40    00000034                 : prcm.obj (.text:PRCMPeripheralStatusGet)
                  2000cd74    00000034                 : spi.obj (.text:SPIFIFOLevelSet)
                  2000cda8    00000034     simplelink_opt.a : driver.obj (.text:_SlDrvProtectAsyncRespSetting)
                  2000cddc    00000034                      : driver.obj (.text:_SlDrvSyncObjWaitTimeout)
                  2000ce10    00000034                      : socket.obj (.text:sl_Htons)
                  2000ce44    00000030     driverlib.a : pin.obj (.text:PinTypeGPIO)
                  2000ce74    00000030                 : uart.obj (.text:UARTDisable)
                  2000cea4    00000030     rtsv7M4_T_le_eabi.lib : vsnprintf.c.obj (.text:_outs)
                  2000ced4    00000030     simplelink_opt.a : netapp.obj (.text:sl_NetAppMDNSUnRegisterService)
                  2000cf04    0000002e                      : driver.obj (.text:_SlDrvBasicCmd)
                  2000cf32    0000002e     rtsv7M4_T_le_eabi.lib : i_tofd_t2.asm.obj (.text)
                  2000cf60    0000002c     driverlib.a : i2c.obj (.text:I2CMasterErr)
                  2000cf8c    0000002c                 : prcm.obj (.text:PRCMSysResetCauseGet)
                  2000cfb8    0000002c     simplelink_opt.a : driver.obj (.text:_SlDrvObjGlobalLockWaitForever)
                  2000cfe4    0000002c                      : nonos.obj (.text:_SlNonOsMainLoopTask)
                  2000d010    0000002c                      : socket.obj (.text:_sl_BuildAddress)
                  2000d03c    0000002a     driverlib.a : spi.obj (.text:SPIDataGetNonBlocking)
                  2000d066    0000002a                 : timer.obj (.text:TimerLoadSet)
                  2000d090    0000002a                 : timer.obj (.text:TimerPrescaleSet)
                  2000d0ba    00000002     --HOLE-- [fill = 0]
                  2000d0bc    00000028     simplelink_opt.a : cc_pal.obj (.text:NwpPowerOn)
                  2000d0e4    00000028     driverlib.a : prcm.obj (.text:PRCMPeripheralClkDisable)
                  2000d10c    00000028     simplelink_opt.a : nonos.obj (.text:_SlNonOsSpawn)
                  2000d134    00000028     rtsv7M4_T_le_eabi.lib : memory.c.obj (.text:free_list_insert)
                  2000d15c    00000028                           : memmov.c.obj (.text:memmove)
                  2000d184    00000028     simplelink_opt.a : wlan.obj (.text:sl_WlanDisconnect)
                  2000d1ac    00000024                      : cc_pal.obj (.text:DmaSpiSwIntHandler)
                  2000d1d0    00000024     driverlib.a : interrupt.obj (.text:IntUnregister)
                  2000d1f4    00000024                 : uart.obj (.text:UARTEnable)
                  2000d218    00000024     simplelink_opt.a : driver.obj (.text:_SlDrvProtectionObjLockWaitForever)
                  2000d23c    00000024                      : driver.obj (.text:_SlDrvSyncObjWaitForever)
                  2000d260    00000024     rtsv7M4_T_le_eabi.lib : boot_cortex_m.c.obj (.text:_c_int00_noargs:_c_int00_noargs)
                  2000d284    00000024                           : memcmp.c.obj (.text:memcmp)
                  2000d2a8    00000022     driverlib.a : i2c.obj (.text:I2CMasterSlaveAddrSet)
                  2000d2ca    00000022                 : spi.obj (.text:SPIReset)
                  2000d2ec    00000022                 : spi.obj (.text:SPIWordCountSet)
                  2000d30e    00000020                 : gpio.obj (.text:GPIOPinWrite)
                  2000d32e    00000002     --HOLE-- [fill = 0]
                  2000d330    00000020                 : interrupt.obj (.text:IntRegister)
                  2000d350    00000020                 : spi.obj (.text:SPIDataGet)
                  2000d370    00000020     simplelink_opt.a : driver.obj (.text:_SlDrvHandleHttpServerEvents)
                  2000d390    0000001e     driverlib.a : gpio.obj (.text:GPIOIntRegister)
                  2000d3ae    0000001e                 : i2c.obj (.text:I2CMasterIntStatusEx)
                  2000d3cc    0000001e                 : spi.obj (.text:SPIDataPut)
                  2000d3ea    0000001e                 : spi.obj (.text:SPIIntRegister)
                  2000d408    0000001e                 : timer.obj (.text:TimerEnable)
                  2000d426    0000001e                 : uart.obj (.text:UARTCharPut)
                  2000d444    0000001c     simplelink_opt.a : cc_pal.obj (.text:NwpPrePowerOffTimout0)
                  2000d460    0000001c     driverlib.a : pin.obj (.text:PinTypeI2C)
                  2000d47c    0000001c                 : timer.obj (.text:TimerValueGet)
                  2000d498    0000001c                 : uart.obj (.text:UARTCharGetNonBlocking)
                  2000d4b4    0000001c     simplelink_opt.a : driver.obj (.text:_SlDrvGlobalObjUnLock)
                  2000d4d0    0000001c                      : driver.obj (.text:_SlDrvHandleNetAppEvents)
                  2000d4ec    0000001c                      : driver.obj (.text:_SlDrvHandleWlanEvents)
                  2000d508    0000001c                      : driver.obj (.text:_SlDrvProtectionObjUnLock)
                  2000d524    0000001c                      : socket.obj (.text:_sl_TruncatePayloadByProtocol)
                  2000d540    0000001c     rtsv7M4_T_le_eabi.lib : memory.c.obj (.text:free_list_remove)
                  2000d55c    0000001c                           : memccpy.c.obj (.text:memccpy)
                  2000d578    0000001c     driverlib.a : udma.obj (.text:uDMAChannelEnable)
                  2000d594    0000001a     simplelink_opt.a : netapp.obj (.text:CopyPingResultsToReport)
                  2000d5ae    0000001a     driverlib.a : gpio.obj (.text:GPIOIntEnable)
                  2000d5c8    0000001a                 : pin.obj (.text:PinTypeSPI)
                  2000d5e2    0000001a                 : pin.obj (.text:PinTypeUART)
                  2000d5fc    0000001a                 : spi.obj (.text:SPIDmaDisable)
                  2000d616    0000001a                 : spi.obj (.text:SPIDmaEnable)
                  2000d630    0000001a                 : spi.obj (.text:SPIFIFODisable)
                  2000d64a    0000001a                 : spi.obj (.text:SPIFIFOEnable)
                  2000d664    0000001a                 : spi.obj (.text:SPIIntUnregister)
                  2000d67e    00000018                 : gpio.obj (.text:GPIOPinRead)
                  2000d696    00000018                 : i2c.obj (.text:I2CMasterIntEnableEx)
                  2000d6ae    00000018                 : spi.obj (.text:SPICSDisable)
                  2000d6c6    00000018                 : spi.obj (.text:SPICSEnable)
                  2000d6de    00000018                 : spi.obj (.text:SPIDisable)
                  2000d6f6    00000018                 : spi.obj (.text:SPIEnable)
                  2000d70e    00000018                 : uart.obj (.text:UARTCharsAvail)
                  2000d726    00000018     simplelink_opt.a : driver.obj (.text:_SlDrvObjLockWaitForever)
                  2000d73e    00000018     rtsv7M4_T_le_eabi.lib : vsnprintf.c.obj (.text:_outc)
                  2000d756    00000018                           : sprintf.c.obj (.text:_outs)
                  2000d76e    00000016     driverlib.a : i2c.obj (.text:I2CMasterDataPut)
                  2000d784    00000016                 : i2c.obj (.text:I2CMasterEnable)
                  2000d79a    00000016                 : prcm.obj (.text:PRCMHIBRegRead)
                  2000d7b0    00000016                 : prcm.obj (.text:PRCMHIBRegWrite)
                  2000d7c6    00000016                 : uart.obj (.text:UARTCharGet)
                  2000d7dc    00000016     rtsv7M4_T_le_eabi.lib : strchr.c.obj (.text:strchr)
                  2000d7f2    00000014     driverlib.a : cpu.obj (.text:CPUcpsie)
                  2000d806    00000014                 : gpio.obj (.text:GPIOIntClear)
                  2000d81a    00000002     --HOLE-- [fill = 0]
                  2000d81c    00000014                 : interrupt.obj (.text:IntVTableBaseSet)
                  2000d830    00000014     simplelink_opt.a : driver.obj (.text:_SlDrvStartMeasureTimeout)
                  2000d844    00000014     rtsv7M4_T_le_eabi.lib : strcpy.c.obj (.text:strcpy)
                  2000d858    00000014                           : strlen.c.obj (.text:strlen)
                  2000d86c    00000012     driverlib.a : i2c.obj (.text:I2CMasterControl)
                  2000d87e    00000012                 : i2c.obj (.text:I2CMasterIntClearEx)
                  2000d890    00000012                 : i2c.obj (.text:I2CMasterTimeoutSet)
                  2000d8a2    00000012     simplelink_opt.a : driver.obj (.text:_SlDrvObjUnLock)
                  2000d8b4    00000012                      : driver.obj (.text:_SlDrvSyncObjSignal)
                  2000d8c6    00000012     rtsv7M4_T_le_eabi.lib : wcslen.c.obj (.text:wcslen)
                  2000d8d8    00000010     simplelink_opt.a : cc_pal.obj (.text:NwpMaskInterrupt)
                  2000d8e8    00000010                      : device.obj (.text:_sl_GetStartResponseConvert)
                  2000d8f8    0000000e     driverlib.a : i2c.obj (.text:I2CMasterDataGet)
                  2000d906    0000000e     rtsv7M4_T_le_eabi.lib : copy_decompress_none.c.obj (.text:decompress:none:__TI_decompress_none)
                  2000d914    0000000e     startup_ccs.obj (.text)
                  2000d922    00000002     --HOLE-- [fill = 0]
                  2000d924    0000000c     simplelink_opt.a : cc_pal.obj (.text:NwpUnMaskInterrupt)
                  2000d930    0000000c     rtsv7M4_T_le_eabi.lib : s_copysign.c.obj (.text:copysign)
                  2000d93c    0000000c                           : copy_zero_init.c.obj (.text:decompress:ZI:__TI_zero_init)
                  2000d948    0000000a     driverlib.a : interrupt.obj (.text:IntMasterEnable)
                  2000d952    0000000a     rtsv7M4_T_le_eabi.lib : sprintf.c.obj (.text:_outc)
                  2000d95c    00000008     simplelink_opt.a : driver.obj (.text:_SlDrvMemZero)
                  2000d964    00000008                      : driver.obj (.text:_SlDrvResetCmdExt)
                  2000d96c    00000008                      : nonos.obj (.text:_SlNonOsSemSet)
                  2000d974    00000008     rtsv7M4_T_le_eabi.lib : errno.c.obj (.text:__aeabi_errno_addr)
                  2000d97c    00000008                           : memory.c.obj (.text:malloc)
                  2000d984    00000006     driverlib.a : utils.obj (.text:UtilsDelay)
                  2000d98a    00000004     rtsv7M4_T_le_eabi.lib : pre_init.c.obj (.text:_system_pre_init)
                  2000d98e    00000004                           : exit.c.obj (.text:abort:abort)

.const     0    2000d994    00000b55     
                  2000d994    000004fb     Adafruit_GFX.obj (.const:.string:font)
                  2000de8f    00000101     rtsv7M4_T_le_eabi.lib : ctype.c.obj (.const:.string:_ctypes_)
                  2000df90    00000100     driverlib.a : pin.obj (.const:g_ulPinToPadMap)
                  2000e090    000000d4                 : interrupt.obj (.const:g_pulRegs)
                  2000e164    000000c0     simplelink_opt.a : driver.obj (.const:$O2$$)
                  2000e224    000000a8     driverlib.a : prcm.obj (.const:PRCM_PeriphRegsList)
                  2000e2cc    00000038     simplelink_opt.a : socket.obj (.const:$O1$$)
                  2000e304    00000030                      : wlan.obj (.const:$O1$$)
                  2000e334    00000030     main.obj (.const:.string)
                  2000e364    0000002c     main.obj (.const:$P$T1$2)
                  2000e390    00000024     simplelink_opt.a : netapp.obj (.const:$O1$$)
                  2000e3b4    00000024     driverlib.a : spi.obj (.const:g_ppulSPIIntMap)
                  2000e3d8    00000022     main.obj (.const:.string:$P$T0$1)
                  2000e3fa    00000002     provisioninglib.a : networkListHndl.obj (.const:.string:$P$T0$1)
                  2000e3fc    0000001c     simplelink_opt.a : device.obj (.const:$O1$$)
                  2000e418    00000018     driverlib.a : interrupt.obj (.const:g_pulDisRegs)
                  2000e430    00000018                 : interrupt.obj (.const:g_pulEnRegs)
                  2000e448    00000018                 : interrupt.obj (.const:g_pulUnpendRegs)
                  2000e460    00000018                 : spi.obj (.const:g_ulSPIDmaMaskMap)
                  2000e478    00000015     main.obj (.const:.string:$P$T6$7)
                  2000e48d    00000003     provisioninglib.a : networkListHndl.obj (.const:.string:$P$T1$2)
                  2000e490    00000014     simplelink_opt.a : nonos.obj (.const:$P$T0$1)
                  2000e4a4    00000014     main.obj (.const:$P$T2$3)
                  2000e4b8    0000000c     main.obj (.const:$P$T4$5)
                  2000e4c4    0000000c     main.obj (.const:.string:$P$T3$4)
                  2000e4d0    00000009     main.obj (.const:.string:$P$T5$6)
                  2000e4d9    00000003     --HOLE-- [fill = 0]
                  2000e4dc    00000008     simplelink_opt.a : netcfg.obj (.const:$O1$$)
                  2000e4e4    00000005     main.obj (.const:.string:$P$T7$8)

.cinit     0    2000e4f0    00000070     
                  2000e4f0    0000004a     (.cinit..data.load) [load image, compression = lzss]
                  2000e53a    00000002     --HOLE-- [fill = 0]
                  2000e53c    0000000c     (__TI_handler_table)
                  2000e548    00000008     (.cinit..bss.load) [load image, compression = zero_init]
                  2000e550    00000010     (__TI_cinit_table)

.sysmem    0    20017000    00000800     UNINITIALIZED
                  20017000    00000010     rtsv7M4_T_le_eabi.lib : memory.c.obj (.sysmem)
                  20017010    000007f0     --HOLE--

.bss       0    20017800    0000040d     UNINITIALIZED
                  20017800    00000294     (.common:g_Networks)
                  20017a94    00000064     lab4_test.obj (.bss:g_ucRxBuff)
                  20017af8    00000064     lab4_test.obj (.bss:g_ucTxBuff)
                  20017b5c    0000002c     (.common:g_time)
                  20017b88    00000024     (.common:gDefaultDeviceName)
                  20017bac    00000024     (.common:g_ucConnectionSSID)
                  20017bd0    00000020     (.common:g_cNewProfileSsid)
                  20017bf0    00000008     (.common:g_ucConnectionBSSID)
                  20017bf8    00000005     (.common:g_ProvisioningCfg)
                  20017bfd    00000002     lab4_test.obj (.bss)
                  20017bff    00000001     provisioninglib.a : networkListHndl.obj (.bss)
                  20017c00    00000004     uart_if.obj (.bss)
                  20017c04    00000001     (.common:RxIrqCnt)
                  20017c05    00000001     (.common:g_EventRecvSyncObj)
                  20017c06    00000001     (.common:g_StopUDPBcast)
                  20017c07    00000001     (.common:g_bDeviceRestartIsRequired)
                  20017c08    00000001     (.common:g_cDummy)
                  20017c09    00000001     (.common:g_cNewProfileSsidLen)
                  20017c0a    00000001     (.common:g_ucLED1Pin)
                  20017c0b    00000001     (.common:g_ucLED2Pin)
                  20017c0c    00000001     (.common:g_ucLED3Pin)

.data      0    20017c10    00000280     UNINITIALIZED
                  20017c10    00000174     simplelink_opt.a : driver.obj (.data:$O1$$)
                  20017d84    00000054                      : cc_pal.obj (.data:$O1$$)
                  20017dd8    0000003c                      : nonos.obj (.data:g__SlNonOsCB)
                  20017e14    00000015     Adafruit_GFX.obj (.data)
                  20017e29    00000002     provisioninglib.a : cfg_confirm.obj (.data)
                  20017e2b    00000001     --HOLE--
                  20017e2c    00000014     gpio_if.obj (.data:ulReg)
                  20017e40    00000010     main.obj (.data)
                  20017e50    0000000c     gpio_if.obj (.data)
                  20017e5c    0000000b     provisioninglib.a : provisioning_logic.obj (.data)
                  20017e67    00000001     --HOLE--
                  20017e68    00000008     rtsv7M4_T_le_eabi.lib : _lock.c.obj (.data:$O1$$)
                  20017e70    00000008                           : memory.c.obj (.data:$O1$$)
                  20017e78    00000008     provisioninglib.a : networkListHndl.obj (.data)
                  20017e80    00000008     simplelink_opt.a : cc_pal.obj (.data)
                  20017e88    00000004     rtsv7M4_T_le_eabi.lib : errno.c.obj (.data)
                  20017e8c    00000004     simplelink_opt.a : driver.obj (.data)

.stack     0    2002f800    00000800     UNINITIALIZED
                  2002f800    00000004     rtsv7M4_T_le_eabi.lib : boot_cortex_m.c.obj (.stack)
                  2002f804    000007fc     --HOLE--

__llvm_prf_cnts 
*          0    20017000    00000000     UNINITIALIZED

MODULE SUMMARY

       Module                       code    ro data   rw data
       ------                       ----    -------   -------
    .\
       main.obj                     4740    205       104    
       Adafruit_GFX.obj             2688    1275      21     
       lab4_test.obj                1344    0         202    
       Adafruit_OLED.obj            1178    0         0      
       startup_ccs.obj              14      1024      0      
       gpio_if.obj                  920     0         35     
       i2c_if.obj                   692     0         0      
       uart_if.obj                  636     0         4      
       pin_mux_config.obj           280     0         0      
    +--+----------------------------+-------+---------+---------+
       Total:                       12492   2504      366    
                                                             
    C:/ti/CC3200SDK_1.5.0/cc3200-sdk/driverlib/ccs/Release/driverlib.a
       spi.obj                      1790    60        0      
       prcm.obj                     852     168       0      
       interrupt.obj                608     284       0      
       udma.obj                     604     0         0      
       pin.obj                      328     256       0      
       gpio.obj                     388     0         0      
       i2c.obj                      376     0         0      
       uart.obj                     306     0         0      
       timer.obj                    210     0         0      
       cpu.obj                      20      0         0      
       utils.obj                    6       0         0      
    +--+----------------------------+-------+---------+---------+
       Total:                       5488    768       0      
                                                             
    C:/ti/CC3200SDK_1.5.0/cc3200-sdk/simplelink/ccs/NON_OS/simplelink_opt.a
       driver.obj                   4730    192       378    
       cc_pal.obj                   1380    0         93     
       socket.obj                   1224    56        0      
       netapp.obj                   1020    36        0      
       wlan.obj                     912     48        0      
       device.obj                   894     28        0      
       nonos.obj                    228     20        60     
       netcfg.obj                   100     8         0      
    +--+----------------------------+-------+---------+---------+
       Total:                       10488   388       531    
                                                             
    C:/ti/CC3200SDK_1.5.0/cc3200-sdk/simplelink_extlib/provisioninglib/ccs/nonos/provisioninglib.a
       networkListHndl.obj          284     5         669    
       events_handler.obj           688     0         0      
       cfg_confirm.obj              120     0         2      
       provisioning_logic.obj       0       0         87     
    +--+----------------------------+-------+---------+---------+
       Total:                       1092    5         758    
                                                             
    C:\ti\ccs1020\ccs\tools\compiler\ti-cgt-arm_20.2.2.LTS\lib\rtsv7M4_T_le_eabi.lib
       _printfi.c.obj               4835    0         0      
       memory.c.obj                 900     0         8      
       fd_add_t2.asm.obj            438     0         0      
       fd_div_t2.asm.obj            310     0         0      
       fd_cmp_t2.asm.obj            268     0         0      
       ctype.c.obj                  0       257       0      
       fd_mul_t2.asm.obj            252     0         0      
       s_scalbn.c.obj               208     0         0      
       memcpy_t2.asm.obj            156     0         0      
       ull_div_t2.asm.obj           150     0         0      
       vsnprintf.c.obj              136     0         0      
       memset_t2.asm.obj            122     0         0      
       copy_decompress_lzss.c.obj   104     0         0      
       sprintf.c.obj                98      0         0      
       s_frexp.c.obj                92      0         0      
       _ltoa.c.obj                  84      0         0      
       atoi.c.obj                   76      0         0      
       fd_toi_t2.asm.obj            72      0         0      
       autoinit.c.obj               68      0         0      
       i_tofd_t2.asm.obj            46      0         0      
       memmov.c.obj                 40      0         0      
       boot_cortex_m.c.obj          36      0         0      
       memcmp.c.obj                 36      0         0      
       memccpy.c.obj                28      0         0      
       strchr.c.obj                 22      0         0      
       strcpy.c.obj                 20      0         0      
       strlen.c.obj                 20      0         0      
       wcslen.c.obj                 18      0         0      
       copy_decompress_none.c.obj   14      0         0      
       copy_zero_init.c.obj         12      0         0      
       errno.c.obj                  8       0         4      
       s_copysign.c.obj             12      0         0      
       _lock.c.obj                  2       0         8      
       exit.c.obj                   4       0         0      
       pre_init.c.obj               4       0         0      
       div0.asm.obj                 2       0         0      
    +--+----------------------------+-------+---------+---------+
       Total:                       8693    257       20     
                                                             
       Heap:                        0       0         2048   
       Stack:                       0       0         2048   
       Linker Generated:            0       110       0      
    +--+----------------------------+-------+---------+---------+
       Grand Total:                 38253   4032      5771   


LINKER GENERATED COPY TABLES

__TI_cinit_table @ 2000e550 records: 2, size/record: 8, table size: 16
	.data: load addr=2000e4f0, load size=0000004a bytes, run addr=20017c10, run size=00000280 bytes, compression=lzss
	.bss: load addr=2000e548, load size=00000008 bytes, run addr=20017800, run size=0000040d bytes, compression=zero_init


LINKER GENERATED HANDLER TABLE

__TI_handler_table @ 2000e53c records: 3, size/record: 4, table size: 12
	index: 0, handler: __TI_decompress_lzss
	index: 1, handler: __TI_decompress_none
	index: 2, handler: __TI_zero_init


GLOBAL SYMBOLS: SORTED ALPHABETICALLY BY Name 

address   name                                  
-------   ----                                  
20007119  Adafruit_Init                         
2000d98f  C$$EXIT                               
2000d7f3  CPUcpsie                              
20007fa9  ClearTerm                             
2000728f  Color565                              
20006cf3  DisplayBuffer                         
2000d1ad  DmaSpiSwIntHandler                    
20007fb3  Error                                 
2000cd09  GPIODirModeSet                        
2000d807  GPIOIntClear                          
2000d5af  GPIOIntEnable                         
2000d391  GPIOIntRegister                       
2000b6f1  GPIOIntTypeSet                        
2000d67f  GPIOPinRead                           
2000d30f  GPIOPinWrite                          
20007bdd  GPIO_IF_ConfigureNIntEnable           
20007c69  GPIO_IF_Get                           
20007b97  GPIO_IF_GetPortNPin                   
20007959  GPIO_IF_LedConfigure                  
20007a4b  GPIO_IF_LedOff                        
20007997  GPIO_IF_LedOn                         
20007aff  GPIO_IF_LedStatus                     
20007b69  GPIO_IF_LedToggle                     
20007c25  GPIO_IF_Set                           
20007feb  GetCmd                                
2000d86d  I2CMasterControl                      
2000d8f9  I2CMasterDataGet                      
2000d76f  I2CMasterDataPut                      
2000d785  I2CMasterEnable                       
2000cf61  I2CMasterErr                          
2000b66d  I2CMasterInitExpClk                   
2000d87f  I2CMasterIntClearEx                   
2000d697  I2CMasterIntEnableEx                  
2000d3af  I2CMasterIntStatusEx                  
2000d2a9  I2CMasterSlaveAddrSet                 
2000d891  I2CMasterTimeoutSet                   
20007f53  I2C_IF_Close                          
20007eed  I2C_IF_Open                           
20007deb  I2C_IF_Read                           
20007ea7  I2C_IF_ReadFrom                       
20007d3b  I2C_IF_Write                          
20007f69  InitTerm                              
2000abe1  IntDisable                            
2000ac89  IntEnable                             
2000d949  IntMasterEnable                       
2000c15d  IntPendClear                          
2000c3c5  IntPrioritySet                        
2000d331  IntRegister                           
2000d1d1  IntUnregister                         
2000d81d  IntVTableBaseSet                      
20006bc5  MasterMain                            
20007f87  Message                               
2000d8d9  NwpMaskInterrupt                      
2000cb6d  NwpPowerOff                           
2000d0bd  NwpPowerOn                            
2000d445  NwpPrePowerOffTimout0                 
2000cc99  NwpRegisterInterruptHandler           
2000d925  NwpUnMaskInterrupt                    
2000e1e8  OpcodeTranslateTable                  
2000602f  Outstr                                
20008e8d  PRCMCC3200MCUInit                     
2000d79b  PRCMHIBRegRead                        
2000d7b1  PRCMHIBRegWrite                       
2000d0e5  PRCMPeripheralClkDisable              
2000cba9  PRCMPeripheralClkEnable               
2000b219  PRCMPeripheralClockGet                
2000c1b5  PRCMPeripheralReset                   
2000cd41  PRCMPeripheralStatusGet               
2000cf8d  PRCMSysResetCauseGet                  
2000b341  PinConfigSet                          
2000c9ad  PinModeSet                            
20009991  PinMuxConfig                          
2000ce45  PinTypeGPIO                           
2000d461  PinTypeI2C                            
2000d5c9  PinTypeSPI                            
2000d5e3  PinTypeUART                           
20008129  Report                                
2000d915  ResetISR                              
20017c04  RxIrqCnt                              
2000d6af  SPICSDisable                          
2000d6c7  SPICSEnable                           
2000add9  SPIConfigSetExpClk                    
2000d351  SPIDataGet                            
2000d03d  SPIDataGetNonBlocking                 
2000d3cd  SPIDataPut                            
2000d6df  SPIDisable                            
2000d5fd  SPIDmaDisable                         
2000d617  SPIDmaEnable                          
2000d6f7  SPIEnable                             
2000d631  SPIFIFODisable                        
2000d64b  SPIFIFOEnable                         
2000cd75  SPIFIFOLevelSet                       
2000c77d  SPIIntClear                           
2000c5b9  SPIIntEnable                          
2000d3eb  SPIIntRegister                        
2000b775  SPIIntStatus                          
2000d665  SPIIntUnregister                      
2000d2cb  SPIReset                              
2000b3c9  SPITransfer                           
2000d2ed  SPIWordCountSet                       
200045d5  SimpleLinkGeneralEventHandler         
200045b1  SimpleLinkHttpServerCallback          
2000450f  SimpleLinkNetAppEventHandler          
200045f5  SimpleLinkSockEventHandler            
20004401  SimpleLinkWlanEventHandler            
20006c83  SlaveMain                             
2000c8e1  TimerConfigure                        
2000d409  TimerEnable                           
2000c419  TimerGetCurrentTimestamp              
2000d067  TimerLoadSet                          
2000d091  TimerPrescaleSet                      
2000d47d  TimerValueGet                         
20008091  TrimSpace                             
2000d7c7  UARTCharGet                           
2000d499  UARTCharGetNonBlocking                
2000d427  UARTCharPut                           
2000d70f  UARTCharsAvail                        
2000b8e5  UARTConfigSetExpClk                   
2000ce75  UARTDisable                           
2000d1f5  UARTEnable                            
2000d985  UtilsDelay                            
2000e1b0  _SlActionLookupTable                  
2000c049  _SlDriverHandleError                  
2000cf05  _SlDrvBasicCmd                        
20009005  _SlDrvCmdOp                           
2000c20d  _SlDrvCmdSend                         
2000915d  _SlDrvDataReadOp                      
2000a099  _SlDrvDataWriteOp                     
2000bb89  _SlDrvDeviceEventHandler              
2000d371  _SlDrvDispatchHttpServerEvents        
2000b051  _SlDrvDriverCBDeinit                  
20009bb9  _SlDrvDriverCBInit                    
2000d4b5  _SlDrvGlobalObjUnLock                 
2000d371  _SlDrvHandleHttpServerEvents          
2000d4d1  _SlDrvHandleNetAppEvents              
2000d4ed  _SlDrvHandleWlanEvents                
2000c7c5  _SlDrvIsTimeoutExpired                
2000d95d  _SlDrvMemZero                         
2000b451  _SlDrvMsgReadSpawnCtx                 
2000a9b9  _SlDrvNetAppEventHandler              
2000d727  _SlDrvObjLockWaitForever              
2000d8a3  _SlDrvObjUnLock                       
2000cda9  _SlDrvProtectAsyncRespSetting         
2000d219  _SlDrvProtectionObjLockWaitForever    
2000d509  _SlDrvProtectionObjUnLock             
2000a5c5  _SlDrvReleasePoolObj                  
2000d965  _SlDrvResetCmdExt                     
2000c925  _SlDrvRxIrqHandler                    
2000d831  _SlDrvStartMeasureTimeout             
2000d8b5  _SlDrvSyncObjSignal                   
2000d23d  _SlDrvSyncObjWaitForever              
2000cddd  _SlDrvSyncObjWaitTimeout              
2000a421  _SlDrvWaitForPoolObj                  
2000e3ac  _SlNetAppSendTokenValueCmdCtrl        
2000cfe5  _SlNonOsMainLoopTask                  
2000b4d9  _SlNonOsSemGet                        
2000d96d  _SlNonOsSemSet                        
2000d10d  _SlNonOsSpawn                         
20030000  __STACK_END                           
00000800  __STACK_SIZE                          
00000800  __SYSMEM_SIZE                         
2000e550  __TI_CINIT_Base                       
2000e560  __TI_CINIT_Limit                      
2000e53c  __TI_Handler_Table_Base               
2000e548  __TI_Handler_Table_Limit              
2000c969  __TI_auto_init_nobinit_nopinit        
2000bc5d  __TI_decompress_lzss                  
2000d907  __TI_decompress_none                  
2000c46d  __TI_ltoa                             
ffffffff  __TI_pprof_out_hndl                   
20006105  __TI_printfi                          
ffffffff  __TI_prof_data_size                   
ffffffff  __TI_prof_data_start                  
2000e4f0  __TI_static_base__                    
2000d93d  __TI_zero_init                        
2000b561  __aeabi_cdcmpeq                       
2000b561  __aeabi_cdcmple                       
2000b5e7  __aeabi_cdrcmple                      
2000c855  __aeabi_d2iz                          
200089a7  __aeabi_dadd                          
200093dd  __aeabi_ddiv                          
20009db9  __aeabi_dmul                          
2000899d  __aeabi_dsub                          
2000d975  __aeabi_errno_addr                    
2000cf33  __aeabi_i2d                           
20008b53  __aeabi_idiv0                         
20008b53  __aeabi_ldiv0                         
2000b7f1  __aeabi_memclr                        
2000b7f1  __aeabi_memclr4                       
2000b7f1  __aeabi_memclr8                       
2000af19  __aeabi_memcpy                        
2000af19  __aeabi_memcpy4                       
2000af19  __aeabi_memcpy8                       
2000b7f3  __aeabi_memset                        
2000b7f3  __aeabi_memset4                       
2000b7f3  __aeabi_memset8                       
2000b181  __aeabi_uldivmod                      
ffffffff  __binit__                             
ffffffff  __c_args__                            
UNDEFED   __mpu_init                            
2002f800  __stack                               
20017000  __start___llvm_prf_cnts               
20017000  __stop___llvm_prf_cnts                
2000d261  _c_int00_noargs                       
2000de8f  _ctypes_                              
20017e68  _lock                                 
2000752f  _nop                                  
2000c569  _sl_HandleAsync_Accept                
2000c4c1  _sl_HandleAsync_Connect               
2000bbf5  _sl_HandleAsync_DnsGetHostByName      
2000bd95  _sl_HandleAsync_DnsGetHostByService   
2000bab1  _sl_HandleAsync_InitComplete          
2000bfe9  _sl_HandleAsync_PingResponse          
2000c9ed  _sl_HandleAsync_Select                
2000cbe5  _sl_HandleAsync_Stop                  
2000c265  _sl_NetAppSendTokenValue              
20017000  _sys_memory                           
UNDEFED   _system_post_cinit                    
2000d98b  _system_pre_init                      
20017e6c  _unlock                               
2000d98f  abort                                 
20009cb9  aligned_alloc                         
2000c651  atoi                                  
ffffffff  binit                                 
2000b86d  cfgConfirmGetResult                   
2000d931  copysign                              
2000d931  copysignl                             
20017e14  cursor_x                              
20017e18  cursor_y                              
20005ee3  drawChar                              
20005685  drawCircle                            
200057b9  drawCircleHelper                      
20007439  drawFastHLine                         
2000739d  drawFastVLine                         
200059ff  drawLine                              
200074d5  drawPixel                             
20005aeb  drawRect                              
20005b39  drawRoundRect                         
20005ca1  drawTriangle                          
20017e88  errno                                 
200058d7  fillCircle                            
20005911  fillCircleHelper                      
200072e7  fillRect                              
20005c27  fillRoundRect                         
200072d1  fillScreen                            
20005ce3  fillTriangle                          
2000a181  free                                  
2000c0a5  frexp                                 
2000c0a5  frexpl                                
20017b88  gDefaultDeviceName                    
20017e2a  g_ConfigResult                        
20017c05  g_EventRecvSyncObj                    
20017e4c  g_Host                                
20017e64  g_IpObtainState                       
20017e78  g_NetListHandlingState                
20017800  g_Networks                            
20017bf8  g_ProvisioningCfg                     
20017c12  g_SlDeviceStatus                      
20017e80  g_SpiFd                               
20017c06  g_StopUDPBcast                        
20017e5c  g_UseProvisioningLibHandlers          
20017dd8  g__SlNonOsCB                          
20017c07  g_bDeviceRestartIsRequired            
20017c08  g_cDummy                              
20017bd0  g_cNewProfileSsid                     
20017c09  g_cNewProfileSsidLen                  
20017e29  g_cfgConfirmState                     
20017e60  g_libraryTimeout                      
20017c18  g_pCB                                 
20017e84  g_pHostIntHdl                         
20004000  g_pfnVectors                          
20017b5c  g_time                                
20017bf0  g_ucConnectionBSSID                   
20017bac  g_ucConnectionSSID                    
20017d84  g_ucDMAEnabled                        
20017d88  g_ucDinDout                           
20017c0a  g_ucLED1Pin                           
20017c0b  g_ucLED2Pin                           
20017c0c  g_ucLED3Pin                           
20017e79  g_ucNumNetworksInList                 
20017e5e  g_ucRxTokensBitMask                   
20017e5d  g_ucSlEventBitMask                    
20017e50  g_uiLED1Port                          
20017e54  g_uiLED2Port                          
20017e58  g_uiLED3Port                          
20017e48  g_ulGatewayIP                         
20017e44  g_ulPingPacketsRecv                   
20017e40  g_ulStatus                            
2000724b  goTo                                  
200060e3  height                                
20007513  invert                                
2000a695  ldexp                                 
2000a695  ldexpl                                
200050c9  main                                  
2000d97d  malloc                                
20009cb9  memalign                              
2000d55d  memccpy                               
2000d285  memcmp                                
2000af19  memcpy                                
2000d15d  memmove                               
2000b7f9  memset                                
2000975d  networksListHandleGetNetworkToken     
20017e8c  pPingCallBackFunc                     
20004fe9  printErrConvenience                   
2000a265  realloc                               
2000a695  scalbn                                
2000a695  scalbnl                               
2000607b  setCursor                             
200060b3  setTextColor                          
20006093  setTextSize                           
200060cb  setTextWrap                           
2000cc21  sl_Close                              
20009aa9  sl_Connect                            
2000b0e9  sl_DevGet                             
2000bcc5  sl_DevSet                             
2000ccd1  sl_Htonl                              
2000ce11  sl_Htons                              
2000a349  sl_NetAppDnsGetHostByName             
2000afb5  sl_NetAppMDNSRegisterUnregisterService
2000ced5  sl_NetAppMDNSUnRegisterService        
2000bdf9  sl_NetCfgSet                          
20008b55  sl_Provisioning_HttpServerEventHdl    
2000c2bd  sl_Provisioning_NetAppEventHdl        
2000ad31  sl_Provisioning_WlanEventHdl          
2000be5d  sl_Recv                               
2000a835  sl_Send                               
2000bb1d  sl_SetSockOpt                         
2000c69d  sl_Socket                             
2000a8fd  sl_Start                              
2000ae79  sl_Stop                               
20008619  sl_WlanConnect                        
2000d185  sl_WlanDisconnect                     
2000c101  sl_WlanPolicySet                      
2000ca2d  sl_WlanProfileDel                     
2000c315  sl_WlanRxFilterSet                    
2000bd2d  sl_WlanSet                            
2000ca6d  sl_WlanSetMode                        
2000b95d  spi_Close                             
20009515  spi_Open                              
20008d05  spi_Read                              
20009eb5  spi_Write                             
2000caad  sprintf                               
20006ead  start_Game                            
2000d7dd  strchr                                
2000d845  strcpy                                
2000d859  strlen                                
20017e24  textbgcolor                           
20017e20  textcolor                             
20017e1c  textsize                              
2000c6e9  uDMAChannelAssign                     
2000bec1  uDMAChannelAttributeDisable           
2000bf25  uDMAChannelAttributeEnable            
2000cc5d  uDMAChannelControlSet                 
2000d579  uDMAChannelEnable                     
20009fa9  uDMAChannelTransferSet                
2000caed  vsnprintf                             
2000d8c7  wcslen                                
200060df  width                                 
20017e28  wrap                                  
20007095  writeCommand                          
200070d7  writeData                             


GLOBAL SYMBOLS: SORTED BY Symbol Address 

address   name                                  
-------   ----                                  
00000800  __STACK_SIZE                          
00000800  __SYSMEM_SIZE                         
20004000  g_pfnVectors                          
20004401  SimpleLinkWlanEventHandler            
2000450f  SimpleLinkNetAppEventHandler          
200045b1  SimpleLinkHttpServerCallback          
200045d5  SimpleLinkGeneralEventHandler         
200045f5  SimpleLinkSockEventHandler            
20004fe9  printErrConvenience                   
200050c9  main                                  
20005685  drawCircle                            
200057b9  drawCircleHelper                      
200058d7  fillCircle                            
20005911  fillCircleHelper                      
200059ff  drawLine                              
20005aeb  drawRect                              
20005b39  drawRoundRect                         
20005c27  fillRoundRect                         
20005ca1  drawTriangle                          
20005ce3  fillTriangle                          
20005ee3  drawChar                              
2000602f  Outstr                                
2000607b  setCursor                             
20006093  setTextSize                           
200060b3  setTextColor                          
200060cb  setTextWrap                           
200060df  width                                 
200060e3  height                                
20006105  __TI_printfi                          
20006bc5  MasterMain                            
20006c83  SlaveMain                             
20006cf3  DisplayBuffer                         
20006ead  start_Game                            
20007095  writeCommand                          
200070d7  writeData                             
20007119  Adafruit_Init                         
2000724b  goTo                                  
2000728f  Color565                              
200072d1  fillScreen                            
200072e7  fillRect                              
2000739d  drawFastVLine                         
20007439  drawFastHLine                         
200074d5  drawPixel                             
20007513  invert                                
2000752f  _nop                                  
20007959  GPIO_IF_LedConfigure                  
20007997  GPIO_IF_LedOn                         
20007a4b  GPIO_IF_LedOff                        
20007aff  GPIO_IF_LedStatus                     
20007b69  GPIO_IF_LedToggle                     
20007b97  GPIO_IF_GetPortNPin                   
20007bdd  GPIO_IF_ConfigureNIntEnable           
20007c25  GPIO_IF_Set                           
20007c69  GPIO_IF_Get                           
20007d3b  I2C_IF_Write                          
20007deb  I2C_IF_Read                           
20007ea7  I2C_IF_ReadFrom                       
20007eed  I2C_IF_Open                           
20007f53  I2C_IF_Close                          
20007f69  InitTerm                              
20007f87  Message                               
20007fa9  ClearTerm                             
20007fb3  Error                                 
20007feb  GetCmd                                
20008091  TrimSpace                             
20008129  Report                                
20008619  sl_WlanConnect                        
2000899d  __aeabi_dsub                          
200089a7  __aeabi_dadd                          
20008b53  __aeabi_idiv0                         
20008b53  __aeabi_ldiv0                         
20008b55  sl_Provisioning_HttpServerEventHdl    
20008d05  spi_Read                              
20008e8d  PRCMCC3200MCUInit                     
20009005  _SlDrvCmdOp                           
2000915d  _SlDrvDataReadOp                      
200093dd  __aeabi_ddiv                          
20009515  spi_Open                              
2000975d  networksListHandleGetNetworkToken     
20009991  PinMuxConfig                          
20009aa9  sl_Connect                            
20009bb9  _SlDrvDriverCBInit                    
20009cb9  aligned_alloc                         
20009cb9  memalign                              
20009db9  __aeabi_dmul                          
20009eb5  spi_Write                             
20009fa9  uDMAChannelTransferSet                
2000a099  _SlDrvDataWriteOp                     
2000a181  free                                  
2000a265  realloc                               
2000a349  sl_NetAppDnsGetHostByName             
2000a421  _SlDrvWaitForPoolObj                  
2000a5c5  _SlDrvReleasePoolObj                  
2000a695  ldexp                                 
2000a695  ldexpl                                
2000a695  scalbn                                
2000a695  scalbnl                               
2000a835  sl_Send                               
2000a8fd  sl_Start                              
2000a9b9  _SlDrvNetAppEventHandler              
2000abe1  IntDisable                            
2000ac89  IntEnable                             
2000ad31  sl_Provisioning_WlanEventHdl          
2000add9  SPIConfigSetExpClk                    
2000ae79  sl_Stop                               
2000af19  __aeabi_memcpy                        
2000af19  __aeabi_memcpy4                       
2000af19  __aeabi_memcpy8                       
2000af19  memcpy                                
2000afb5  sl_NetAppMDNSRegisterUnregisterService
2000b051  _SlDrvDriverCBDeinit                  
2000b0e9  sl_DevGet                             
2000b181  __aeabi_uldivmod                      
2000b219  PRCMPeripheralClockGet                
2000b341  PinConfigSet                          
2000b3c9  SPITransfer                           
2000b451  _SlDrvMsgReadSpawnCtx                 
2000b4d9  _SlNonOsSemGet                        
2000b561  __aeabi_cdcmpeq                       
2000b561  __aeabi_cdcmple                       
2000b5e7  __aeabi_cdrcmple                      
2000b66d  I2CMasterInitExpClk                   
2000b6f1  GPIOIntTypeSet                        
2000b775  SPIIntStatus                          
2000b7f1  __aeabi_memclr                        
2000b7f1  __aeabi_memclr4                       
2000b7f1  __aeabi_memclr8                       
2000b7f3  __aeabi_memset                        
2000b7f3  __aeabi_memset4                       
2000b7f3  __aeabi_memset8                       
2000b7f9  memset                                
2000b86d  cfgConfirmGetResult                   
2000b8e5  UARTConfigSetExpClk                   
2000b95d  spi_Close                             
2000bab1  _sl_HandleAsync_InitComplete          
2000bb1d  sl_SetSockOpt                         
2000bb89  _SlDrvDeviceEventHandler              
2000bbf5  _sl_HandleAsync_DnsGetHostByName      
2000bc5d  __TI_decompress_lzss                  
2000bcc5  sl_DevSet                             
2000bd2d  sl_WlanSet                            
2000bd95  _sl_HandleAsync_DnsGetHostByService   
2000bdf9  sl_NetCfgSet                          
2000be5d  sl_Recv                               
2000bec1  uDMAChannelAttributeDisable           
2000bf25  uDMAChannelAttributeEnable            
2000bfe9  _sl_HandleAsync_PingResponse          
2000c049  _SlDriverHandleError                  
2000c0a5  frexp                                 
2000c0a5  frexpl                                
2000c101  sl_WlanPolicySet                      
2000c15d  IntPendClear                          
2000c1b5  PRCMPeripheralReset                   
2000c20d  _SlDrvCmdSend                         
2000c265  _sl_NetAppSendTokenValue              
2000c2bd  sl_Provisioning_NetAppEventHdl        
2000c315  sl_WlanRxFilterSet                    
2000c3c5  IntPrioritySet                        
2000c419  TimerGetCurrentTimestamp              
2000c46d  __TI_ltoa                             
2000c4c1  _sl_HandleAsync_Connect               
2000c569  _sl_HandleAsync_Accept                
2000c5b9  SPIIntEnable                          
2000c651  atoi                                  
2000c69d  sl_Socket                             
2000c6e9  uDMAChannelAssign                     
2000c77d  SPIIntClear                           
2000c7c5  _SlDrvIsTimeoutExpired                
2000c855  __aeabi_d2iz                          
2000c8e1  TimerConfigure                        
2000c925  _SlDrvRxIrqHandler                    
2000c969  __TI_auto_init_nobinit_nopinit        
2000c9ad  PinModeSet                            
2000c9ed  _sl_HandleAsync_Select                
2000ca2d  sl_WlanProfileDel                     
2000ca6d  sl_WlanSetMode                        
2000caad  sprintf                               
2000caed  vsnprintf                             
2000cb6d  NwpPowerOff                           
2000cba9  PRCMPeripheralClkEnable               
2000cbe5  _sl_HandleAsync_Stop                  
2000cc21  sl_Close                              
2000cc5d  uDMAChannelControlSet                 
2000cc99  NwpRegisterInterruptHandler           
2000ccd1  sl_Htonl                              
2000cd09  GPIODirModeSet                        
2000cd41  PRCMPeripheralStatusGet               
2000cd75  SPIFIFOLevelSet                       
2000cda9  _SlDrvProtectAsyncRespSetting         
2000cddd  _SlDrvSyncObjWaitTimeout              
2000ce11  sl_Htons                              
2000ce45  PinTypeGPIO                           
2000ce75  UARTDisable                           
2000ced5  sl_NetAppMDNSUnRegisterService        
2000cf05  _SlDrvBasicCmd                        
2000cf33  __aeabi_i2d                           
2000cf61  I2CMasterErr                          
2000cf8d  PRCMSysResetCauseGet                  
2000cfe5  _SlNonOsMainLoopTask                  
2000d03d  SPIDataGetNonBlocking                 
2000d067  TimerLoadSet                          
2000d091  TimerPrescaleSet                      
2000d0bd  NwpPowerOn                            
2000d0e5  PRCMPeripheralClkDisable              
2000d10d  _SlNonOsSpawn                         
2000d15d  memmove                               
2000d185  sl_WlanDisconnect                     
2000d1ad  DmaSpiSwIntHandler                    
2000d1d1  IntUnregister                         
2000d1f5  UARTEnable                            
2000d219  _SlDrvProtectionObjLockWaitForever    
2000d23d  _SlDrvSyncObjWaitForever              
2000d261  _c_int00_noargs                       
2000d285  memcmp                                
2000d2a9  I2CMasterSlaveAddrSet                 
2000d2cb  SPIReset                              
2000d2ed  SPIWordCountSet                       
2000d30f  GPIOPinWrite                          
2000d331  IntRegister                           
2000d351  SPIDataGet                            
2000d371  _SlDrvDispatchHttpServerEvents        
2000d371  _SlDrvHandleHttpServerEvents          
2000d391  GPIOIntRegister                       
2000d3af  I2CMasterIntStatusEx                  
2000d3cd  SPIDataPut                            
2000d3eb  SPIIntRegister                        
2000d409  TimerEnable                           
2000d427  UARTCharPut                           
2000d445  NwpPrePowerOffTimout0                 
2000d461  PinTypeI2C                            
2000d47d  TimerValueGet                         
2000d499  UARTCharGetNonBlocking                
2000d4b5  _SlDrvGlobalObjUnLock                 
2000d4d1  _SlDrvHandleNetAppEvents              
2000d4ed  _SlDrvHandleWlanEvents                
2000d509  _SlDrvProtectionObjUnLock             
2000d55d  memccpy                               
2000d579  uDMAChannelEnable                     
2000d5af  GPIOIntEnable                         
2000d5c9  PinTypeSPI                            
2000d5e3  PinTypeUART                           
2000d5fd  SPIDmaDisable                         
2000d617  SPIDmaEnable                          
2000d631  SPIFIFODisable                        
2000d64b  SPIFIFOEnable                         
2000d665  SPIIntUnregister                      
2000d67f  GPIOPinRead                           
2000d697  I2CMasterIntEnableEx                  
2000d6af  SPICSDisable                          
2000d6c7  SPICSEnable                           
2000d6df  SPIDisable                            
2000d6f7  SPIEnable                             
2000d70f  UARTCharsAvail                        
2000d727  _SlDrvObjLockWaitForever              
2000d76f  I2CMasterDataPut                      
2000d785  I2CMasterEnable                       
2000d79b  PRCMHIBRegRead                        
2000d7b1  PRCMHIBRegWrite                       
2000d7c7  UARTCharGet                           
2000d7dd  strchr                                
2000d7f3  CPUcpsie                              
2000d807  GPIOIntClear                          
2000d81d  IntVTableBaseSet                      
2000d831  _SlDrvStartMeasureTimeout             
2000d845  strcpy                                
2000d859  strlen                                
2000d86d  I2CMasterControl                      
2000d87f  I2CMasterIntClearEx                   
2000d891  I2CMasterTimeoutSet                   
2000d8a3  _SlDrvObjUnLock                       
2000d8b5  _SlDrvSyncObjSignal                   
2000d8c7  wcslen                                
2000d8d9  NwpMaskInterrupt                      
2000d8f9  I2CMasterDataGet                      
2000d907  __TI_decompress_none                  
2000d915  ResetISR                              
2000d925  NwpUnMaskInterrupt                    
2000d931  copysign                              
2000d931  copysignl                             
2000d93d  __TI_zero_init                        
2000d949  IntMasterEnable                       
2000d95d  _SlDrvMemZero                         
2000d965  _SlDrvResetCmdExt                     
2000d96d  _SlNonOsSemSet                        
2000d975  __aeabi_errno_addr                    
2000d97d  malloc                                
2000d985  UtilsDelay                            
2000d98b  _system_pre_init                      
2000d98f  C$$EXIT                               
2000d98f  abort                                 
2000de8f  _ctypes_                              
2000e1b0  _SlActionLookupTable                  
2000e1e8  OpcodeTranslateTable                  
2000e3ac  _SlNetAppSendTokenValueCmdCtrl        
2000e4f0  __TI_static_base__                    
2000e53c  __TI_Handler_Table_Base               
2000e548  __TI_Handler_Table_Limit              
2000e550  __TI_CINIT_Base                       
2000e560  __TI_CINIT_Limit                      
20017000  __start___llvm_prf_cnts               
20017000  __stop___llvm_prf_cnts                
20017000  _sys_memory                           
20017800  g_Networks                            
20017b5c  g_time                                
20017b88  gDefaultDeviceName                    
20017bac  g_ucConnectionSSID                    
20017bd0  g_cNewProfileSsid                     
20017bf0  g_ucConnectionBSSID                   
20017bf8  g_ProvisioningCfg                     
20017c04  RxIrqCnt                              
20017c05  g_EventRecvSyncObj                    
20017c06  g_StopUDPBcast                        
20017c07  g_bDeviceRestartIsRequired            
20017c08  g_cDummy                              
20017c09  g_cNewProfileSsidLen                  
20017c0a  g_ucLED1Pin                           
20017c0b  g_ucLED2Pin                           
20017c0c  g_ucLED3Pin                           
20017c12  g_SlDeviceStatus                      
20017c18  g_pCB                                 
20017d84  g_ucDMAEnabled                        
20017d88  g_ucDinDout                           
20017dd8  g__SlNonOsCB                          
20017e14  cursor_x                              
20017e18  cursor_y                              
20017e1c  textsize                              
20017e20  textcolor                             
20017e24  textbgcolor                           
20017e28  wrap                                  
20017e29  g_cfgConfirmState                     
20017e2a  g_ConfigResult                        
20017e40  g_ulStatus                            
20017e44  g_ulPingPacketsRecv                   
20017e48  g_ulGatewayIP                         
20017e4c  g_Host                                
20017e50  g_uiLED1Port                          
20017e54  g_uiLED2Port                          
20017e58  g_uiLED3Port                          
20017e5c  g_UseProvisioningLibHandlers          
20017e5d  g_ucSlEventBitMask                    
20017e5e  g_ucRxTokensBitMask                   
20017e60  g_libraryTimeout                      
20017e64  g_IpObtainState                       
20017e68  _lock                                 
20017e6c  _unlock                               
20017e78  g_NetListHandlingState                
20017e79  g_ucNumNetworksInList                 
20017e80  g_SpiFd                               
20017e84  g_pHostIntHdl                         
20017e88  errno                                 
20017e8c  pPingCallBackFunc                     
2002f800  __stack                               
20030000  __STACK_END                           
ffffffff  __TI_pprof_out_hndl                   
ffffffff  __TI_prof_data_size                   
ffffffff  __TI_prof_data_start                  
ffffffff  __binit__                             
ffffffff  __c_args__                            
ffffffff  binit                                 
UNDEFED   __mpu_init                            
UNDEFED   _system_post_cinit                    

[361 symbols]
