******************************************************************************
                  TI ARM Linker PC v20.2.2                     
******************************************************************************
>> Linked Sun May 23 22:24:37 2021

OUTPUT FILE NAME:   <lab4_test.out>
ENTRY POINT SYMBOL: "_c_int00_noargs"  address: 2000d27d


MEMORY CONFIGURATION

         name            origin    length      used     unused   attr    fill
----------------------  --------  ---------  --------  --------  ----  --------
  SRAM_CODE             20004000   00013000  0000a573  00008a8d  RW X
  SRAM_DATA             20017000   00019000  0000168d  00017973  RW X


SEGMENT ALLOCATION MAP

run origin  load origin   length   init length attrs members
----------  ----------- ---------- ----------- ----- -------
20004000    20004000    0000a578   0000a578    r-x
  20004000    20004000    00000400   00000400    r-- .intvecs
  20004400    20004400    000095ae   000095ae    r-x .text
  2000d9b0    2000d9b0    00000b55   00000b55    r-- .const
  2000e508    2000e508    00000070   00000070    r-- .cinit
20017000    20017000    00000e90   00000000    rw-
  20017000    20017000    00000800   00000000    rw- .sysmem
  20017800    20017800    0000040d   00000000    rw- .bss
  20017c10    20017c10    00000280   00000000    rw- .data
2002f800    2002f800    00000800   00000000    rw-
  2002f800    2002f800    00000800   00000000    rw- .stack


SECTION ALLOCATION MAP

 output                                  attributes/
section   page    origin      length       input sections
--------  ----  ----------  ----------   ----------------
.intvecs   0    20004000    00000400     
                  20004000    00000400     startup_ccs.obj (.intvecs)

.init_array 
*          0    20004000    00000000     UNINITIALIZED

.text      0    20004400    000095ae     
                  20004400    000012a0     main.obj (.text)
                  200056a0    00000a80     Adafruit_GFX.obj (.text)
                  20006120    00000a4e     rtsv7M4_T_le_eabi.lib : _printfi.c.obj (.text:__TI_printfi)
                  20006b6e    00000002     driverlib.a : interrupt.obj (.text:IntDefaultHandler)
                  20006b70    00000540     lab4_test.obj (.text)
                  200070b0    0000049a     Adafruit_OLED.obj (.text)
                  2000754a    00000002     rtsv7M4_T_le_eabi.lib : _lock.c.obj (.text:_nop)
                  2000754c    000003ec     simplelink_opt.a : driver.obj (.text:_SlDrvMsgRead)
                  20007938    00000398     gpio_if.obj (.text)
                  20007cd0    000002b4     i2c_if.obj (.text)
                  20007f84    0000027c     uart_if.obj (.text)
                  20008200    00000268     rtsv7M4_T_le_eabi.lib : _printfi.c.obj (.text:_pconv_a)
                  20008468    000001cc                           : _printfi.c.obj (.text:_pconv_g)
                  20008634    000001cc     simplelink_opt.a : wlan.obj (.text:sl_WlanConnect)
                  20008800    000001b8                      : driver.obj (.text:_SlDrvRxHdrRead)
                  200089b8    000001b6     rtsv7M4_T_le_eabi.lib : fd_add_t2.asm.obj (.text)
                  20008b6e    00000002                           : div0.asm.obj (.text)
                  20008b70    000001b0     provisioninglib.a : events_handler.obj (.text:sl_Provisioning_HttpServerEventHdl)
                  20008d20    00000188     simplelink_opt.a : cc_pal.obj (.text:spi_Read)
                  20008ea8    00000178     driverlib.a : prcm.obj (.text:PRCMCC3200MCUInit)
                  20009020    00000158     simplelink_opt.a : driver.obj (.text:_SlDrvCmdOp)
                  20009178    00000144                      : driver.obj (.text:_SlDrvDataReadOp)
                  200092bc    0000013c     rtsv7M4_T_le_eabi.lib : _printfi.c.obj (.text:_pconv_e)
                  200093f8    00000136                           : fd_div_t2.asm.obj (.text)
                  2000952e    00000002     --HOLE-- [fill = 0]
                  20009530    00000128     simplelink_opt.a : cc_pal.obj (.text:spi_Open)
                  20009658    00000120     rtsv7M4_T_le_eabi.lib : _printfi.c.obj (.text:fcvt)
                  20009778    0000011c     provisioninglib.a : networkListHndl.obj (.text:networksListHandleGetNetworkToken)
                  20009894    00000118     simplelink_opt.a : driver.obj (.text:_SlDrvMsgWrite)
                  200099ac    00000118     pin_mux_config.obj (.text)
                  20009ac4    00000110     simplelink_opt.a : socket.obj (.text:sl_Connect)
                  20009bd4    00000100                      : driver.obj (.text:_SlDrvDriverCBInit)
                  20009cd4    00000100     rtsv7M4_T_le_eabi.lib : memory.c.obj (.text:aligned_alloc)
                  20009dd4    000000fc                           : fd_mul_t2.asm.obj (.text)
                  20009ed0    000000f4     simplelink_opt.a : cc_pal.obj (.text:spi_Write)
                  20009fc4    000000f0     driverlib.a : udma.obj (.text:uDMAChannelTransferSet)
                  2000a0b4    000000e8     simplelink_opt.a : driver.obj (.text:_SlDrvDataWriteOp)
                  2000a19c    000000e4     rtsv7M4_T_le_eabi.lib : memory.c.obj (.text:free)
                  2000a280    000000e4                           : memory.c.obj (.text:realloc)
                  2000a364    000000d8     simplelink_opt.a : netapp.obj (.text:sl_NetAppDnsGetHostByName)
                  2000a43c    000000d4                      : driver.obj (.text:_SlDrvWaitForPoolObj)
                  2000a510    000000d0     driverlib.a : spi.obj (.text:SPITransfer32)
                  2000a5e0    000000d0     simplelink_opt.a : driver.obj (.text:_SlDrvReleasePoolObj)
                  2000a6b0    000000d0     rtsv7M4_T_le_eabi.lib : s_scalbn.c.obj (.text:scalbn)
                  2000a780    000000ce     driverlib.a : spi.obj (.text:SPITransfer16)
                  2000a84e    00000002     --HOLE-- [fill = 0]
                  2000a850    000000c8     simplelink_opt.a : socket.obj (.text:sl_Send)
                  2000a918    000000bc                      : device.obj (.text:sl_Start)
                  2000a9d4    000000ba                      : netapp.obj (.text:_SlDrvNetAppEventHandler)
                  2000aa8e    000000b8     driverlib.a : spi.obj (.text:SPITransfer8)
                  2000ab46    00000002     --HOLE-- [fill = 0]
                  2000ab48    000000b1     rtsv7M4_T_le_eabi.lib : _printfi.c.obj (.text:_ltostr)
                  2000abf9    00000003     --HOLE-- [fill = 0]
                  2000abfc    000000a8     driverlib.a : interrupt.obj (.text:IntDisable)
                  2000aca4    000000a8                 : interrupt.obj (.text:IntEnable)
                  2000ad4c    000000a8     provisioninglib.a : events_handler.obj (.text:sl_Provisioning_WlanEventHdl)
                  2000adf4    000000a0     driverlib.a : spi.obj (.text:SPIConfigSetExpClk)
                  2000ae94    000000a0     simplelink_opt.a : device.obj (.text:sl_Stop)
                  2000af34    0000009c     rtsv7M4_T_le_eabi.lib : memcpy_t2.asm.obj (.text)
                  2000afd0    0000009c     simplelink_opt.a : netapp.obj (.text:sl_NetAppMDNSRegisterUnregisterService)
                  2000b06c    00000098                      : driver.obj (.text:_SlDrvDriverCBDeinit)
                  2000b104    00000098                      : device.obj (.text:sl_DevGet)
                  2000b19c    00000096     rtsv7M4_T_le_eabi.lib : ull_div_t2.asm.obj (.text)
                  2000b232    00000002     --HOLE-- [fill = 0]
                  2000b234    00000094     driverlib.a : prcm.obj (.text:PRCMPeripheralClockGet)
                  2000b2c8    00000094     simplelink_opt.a : driver.obj (.text:_SlFindAndSetActiveObj)
                  2000b35c    00000088     driverlib.a : pin.obj (.text:PinConfigSet)
                  2000b3e4    00000088                 : spi.obj (.text:SPITransfer)
                  2000b46c    00000088     simplelink_opt.a : driver.obj (.text:_SlDrvMsgReadSpawnCtx)
                  2000b4f4    00000088                      : nonos.obj (.text:_SlNonOsSemGet)
                  2000b57c    00000086     rtsv7M4_T_le_eabi.lib : fd_cmp_t2.asm.obj (.text:__aeabi_cdcmple)
                  2000b602    00000086                           : fd_cmp_t2.asm.obj (.text:__aeabi_cdrcmple)
                  2000b688    00000084     driverlib.a : i2c.obj (.text:I2CMasterInitExpClk)
                  2000b70c    00000082                 : gpio.obj (.text:GPIOIntTypeSet)
                  2000b78e    00000002     --HOLE-- [fill = 0]
                  2000b790    0000007c                 : spi.obj (.text:SPIIntStatus)
                  2000b80c    0000007a     rtsv7M4_T_le_eabi.lib : memset_t2.asm.obj (.text)
                  2000b886    00000002     --HOLE-- [fill = 0]
                  2000b888    00000078     provisioninglib.a : cfg_confirm.obj (.text:cfgConfirmGetResult)
                  2000b900    00000076     driverlib.a : uart.obj (.text:UARTConfigSetExpClk)
                  2000b976    00000002     --HOLE-- [fill = 0]
                  2000b978    00000074     simplelink_opt.a : cc_pal.obj (.text:spi_Close)
                  2000b9ec    00000070     rtsv7M4_T_le_eabi.lib : memory.c.obj (.text:split)
                  2000ba5c    0000006e                           : _printfi.c.obj (.text:_mcpy)
                  2000baca    00000002     --HOLE-- [fill = 0]
                  2000bacc    0000006c     simplelink_opt.a : device.obj (.text:_sl_HandleAsync_InitComplete)
                  2000bb38    0000006c                      : socket.obj (.text:sl_SetSockOpt)
                  2000bba4    0000006a                      : device.obj (.text:_SlDrvDeviceEventHandler)
                  2000bc0e    00000002     --HOLE-- [fill = 0]
                  2000bc10    00000068                      : netapp.obj (.text:_sl_HandleAsync_DnsGetHostByName)
                  2000bc78    00000068     rtsv7M4_T_le_eabi.lib : copy_decompress_lzss.c.obj (.text:decompress:lzss:__TI_decompress_lzss)
                  2000bce0    00000068     simplelink_opt.a : device.obj (.text:sl_DevSet)
                  2000bd48    00000068                      : wlan.obj (.text:sl_WlanSet)
                  2000bdb0    00000064                      : netapp.obj (.text:_sl_HandleAsync_DnsGetHostByService)
                  2000be14    00000064                      : netcfg.obj (.text:sl_NetCfgSet)
                  2000be78    00000064                      : socket.obj (.text:sl_Recv)
                  2000bedc    00000064     driverlib.a : udma.obj (.text:uDMAChannelAttributeDisable)
                  2000bf40    00000064                 : udma.obj (.text:uDMAChannelAttributeEnable)
                  2000bfa4    00000060     simplelink_opt.a : driver.obj (.text:_SlAsyncEventGenericHandler)
                  2000c004    00000060                      : netapp.obj (.text:_sl_HandleAsync_PingResponse)
                  2000c064    0000005c                      : driver.obj (.text:_SlDriverHandleError)
                  2000c0c0    0000005c     rtsv7M4_T_le_eabi.lib : s_frexp.c.obj (.text:frexp)
                  2000c11c    0000005c     simplelink_opt.a : wlan.obj (.text:sl_WlanPolicySet)
                  2000c178    00000058     driverlib.a : interrupt.obj (.text:IntPendClear)
                  2000c1d0    00000058                 : prcm.obj (.text:PRCMPeripheralReset)
                  2000c228    00000058     simplelink_opt.a : driver.obj (.text:_SlDrvCmdSend)
                  2000c280    00000058                      : netapp.obj (.text:_sl_NetAppSendTokenValue)
                  2000c2d8    00000058     provisioninglib.a : events_handler.obj (.text:sl_Provisioning_NetAppEventHdl)
                  2000c330    00000058     simplelink_opt.a : wlan.obj (.text:sl_WlanRxFilterSet)
                  2000c388    00000056     rtsv7M4_T_le_eabi.lib : _printfi.c.obj (.text:_pconv_f)
                  2000c3de    00000002     --HOLE-- [fill = 0]
                  2000c3e0    00000054     driverlib.a : interrupt.obj (.text:IntPrioritySet)
                  2000c434    00000054     simplelink_opt.a : cc_pal.obj (.text:TimerGetCurrentTimestamp)
                  2000c488    00000054     rtsv7M4_T_le_eabi.lib : _ltoa.c.obj (.text:__TI_ltoa)
                  2000c4dc    00000054     simplelink_opt.a : socket.obj (.text:_sl_HandleAsync_Connect)
                  2000c530    00000052     rtsv7M4_T_le_eabi.lib : _printfi.c.obj (.text:_ecpy)
                  2000c582    00000002     --HOLE-- [fill = 0]
                  2000c584    00000050     simplelink_opt.a : socket.obj (.text:_sl_HandleAsync_Accept)
                  2000c5d4    0000004c     driverlib.a : spi.obj (.text:SPIIntEnable)
                  2000c620    0000004c                 : spi.obj (.text:SPIIntNumberGet)
                  2000c66c    0000004c     rtsv7M4_T_le_eabi.lib : atoi.c.obj (.text:atoi)
                  2000c6b8    0000004c     simplelink_opt.a : socket.obj (.text:sl_Socket)
                  2000c704    0000004c     driverlib.a : udma.obj (.text:uDMAChannelAssign)
                  2000c750    00000048                 : gpio.obj (.text:GPIOGetIntNumber)
                  2000c798    00000048                 : spi.obj (.text:SPIIntClear)
                  2000c7e0    00000048     simplelink_opt.a : driver.obj (.text:_SlDrvIsTimeoutExpired)
                  2000c828    00000048                      : driver.obj (.text:_SlRemoveFromList)
                  2000c870    00000048     rtsv7M4_T_le_eabi.lib : fd_toi_t2.asm.obj (.text)
                  2000c8b8    00000044     driverlib.a : spi.obj (.text:SPIDmaMaskGet)
                  2000c8fc    00000044                 : timer.obj (.text:TimerConfigure)
                  2000c940    00000044     simplelink_opt.a : driver.obj (.text:_SlDrvRxIrqHandler)
                  2000c984    00000044     rtsv7M4_T_le_eabi.lib : autoinit.c.obj (.text:__TI_auto_init_nobinit_nopinit:__TI_auto_init_nobinit_nopinit)
                  2000c9c8    00000040     driverlib.a : pin.obj (.text:PinModeSet)
                  2000ca08    00000040     simplelink_opt.a : socket.obj (.text:_sl_HandleAsync_Select)
                  2000ca48    00000040                      : wlan.obj (.text:sl_WlanProfileDel)
                  2000ca88    00000040                      : wlan.obj (.text:sl_WlanSetMode)
                  2000cac8    00000040     rtsv7M4_T_le_eabi.lib : sprintf.c.obj (.text:sprintf)
                  2000cb08    00000040                           : vsnprintf.c.obj (.text:vsnprintf)
                  2000cb48    0000003e                           : _printfi.c.obj (.text:_fcpy)
                  2000cb86    00000002     --HOLE-- [fill = 0]
                  2000cb88    0000003c     simplelink_opt.a : cc_pal.obj (.text:NwpPowerOff)
                  2000cbc4    0000003c     driverlib.a : prcm.obj (.text:PRCMPeripheralClkEnable)
                  2000cc00    0000003c     simplelink_opt.a : device.obj (.text:_sl_HandleAsync_Stop)
                  2000cc3c    0000003c                      : socket.obj (.text:sl_Close)
                  2000cc78    0000003c     driverlib.a : udma.obj (.text:uDMAChannelControlSet)
                  2000ccb4    00000038     simplelink_opt.a : cc_pal.obj (.text:NwpRegisterInterruptHandler)
                  2000ccec    00000038                      : socket.obj (.text:sl_Htonl)
                  2000cd24    00000036     driverlib.a : gpio.obj (.text:GPIODirModeSet)
                  2000cd5a    00000002     --HOLE-- [fill = 0]
                  2000cd5c    00000034                 : prcm.obj (.text:PRCMPeripheralStatusGet)
                  2000cd90    00000034                 : spi.obj (.text:SPIFIFOLevelSet)
                  2000cdc4    00000034     simplelink_opt.a : driver.obj (.text:_SlDrvProtectAsyncRespSetting)
                  2000cdf8    00000034                      : driver.obj (.text:_SlDrvSyncObjWaitTimeout)
                  2000ce2c    00000034                      : socket.obj (.text:sl_Htons)
                  2000ce60    00000030     driverlib.a : pin.obj (.text:PinTypeGPIO)
                  2000ce90    00000030                 : uart.obj (.text:UARTDisable)
                  2000cec0    00000030     rtsv7M4_T_le_eabi.lib : vsnprintf.c.obj (.text:_outs)
                  2000cef0    00000030     simplelink_opt.a : netapp.obj (.text:sl_NetAppMDNSUnRegisterService)
                  2000cf20    0000002e                      : driver.obj (.text:_SlDrvBasicCmd)
                  2000cf4e    0000002e     rtsv7M4_T_le_eabi.lib : i_tofd_t2.asm.obj (.text)
                  2000cf7c    0000002c     driverlib.a : i2c.obj (.text:I2CMasterErr)
                  2000cfa8    0000002c                 : prcm.obj (.text:PRCMSysResetCauseGet)
                  2000cfd4    0000002c     simplelink_opt.a : driver.obj (.text:_SlDrvObjGlobalLockWaitForever)
                  2000d000    0000002c                      : nonos.obj (.text:_SlNonOsMainLoopTask)
                  2000d02c    0000002c                      : socket.obj (.text:_sl_BuildAddress)
                  2000d058    0000002a     driverlib.a : spi.obj (.text:SPIDataGetNonBlocking)
                  2000d082    0000002a                 : timer.obj (.text:TimerLoadSet)
                  2000d0ac    0000002a                 : timer.obj (.text:TimerPrescaleSet)
                  2000d0d6    00000002     --HOLE-- [fill = 0]
                  2000d0d8    00000028     simplelink_opt.a : cc_pal.obj (.text:NwpPowerOn)
                  2000d100    00000028     driverlib.a : prcm.obj (.text:PRCMPeripheralClkDisable)
                  2000d128    00000028     simplelink_opt.a : nonos.obj (.text:_SlNonOsSpawn)
                  2000d150    00000028     rtsv7M4_T_le_eabi.lib : memory.c.obj (.text:free_list_insert)
                  2000d178    00000028                           : memmov.c.obj (.text:memmove)
                  2000d1a0    00000028     simplelink_opt.a : wlan.obj (.text:sl_WlanDisconnect)
                  2000d1c8    00000024                      : cc_pal.obj (.text:DmaSpiSwIntHandler)
                  2000d1ec    00000024     driverlib.a : interrupt.obj (.text:IntUnregister)
                  2000d210    00000024                 : uart.obj (.text:UARTEnable)
                  2000d234    00000024     simplelink_opt.a : driver.obj (.text:_SlDrvProtectionObjLockWaitForever)
                  2000d258    00000024                      : driver.obj (.text:_SlDrvSyncObjWaitForever)
                  2000d27c    00000024     rtsv7M4_T_le_eabi.lib : boot_cortex_m.c.obj (.text:_c_int00_noargs:_c_int00_noargs)
                  2000d2a0    00000024                           : memcmp.c.obj (.text:memcmp)
                  2000d2c4    00000022     driverlib.a : i2c.obj (.text:I2CMasterSlaveAddrSet)
                  2000d2e6    00000022                 : spi.obj (.text:SPIReset)
                  2000d308    00000022                 : spi.obj (.text:SPIWordCountSet)
                  2000d32a    00000020                 : gpio.obj (.text:GPIOPinWrite)
                  2000d34a    00000002     --HOLE-- [fill = 0]
                  2000d34c    00000020                 : interrupt.obj (.text:IntRegister)
                  2000d36c    00000020                 : spi.obj (.text:SPIDataGet)
                  2000d38c    00000020     simplelink_opt.a : driver.obj (.text:_SlDrvHandleHttpServerEvents)
                  2000d3ac    0000001e     driverlib.a : gpio.obj (.text:GPIOIntRegister)
                  2000d3ca    0000001e                 : i2c.obj (.text:I2CMasterIntStatusEx)
                  2000d3e8    0000001e                 : spi.obj (.text:SPIDataPut)
                  2000d406    0000001e                 : spi.obj (.text:SPIIntRegister)
                  2000d424    0000001e                 : timer.obj (.text:TimerEnable)
                  2000d442    0000001e                 : uart.obj (.text:UARTCharPut)
                  2000d460    0000001c     simplelink_opt.a : cc_pal.obj (.text:NwpPrePowerOffTimout0)
                  2000d47c    0000001c     driverlib.a : pin.obj (.text:PinTypeI2C)
                  2000d498    0000001c                 : timer.obj (.text:TimerValueGet)
                  2000d4b4    0000001c                 : uart.obj (.text:UARTCharGetNonBlocking)
                  2000d4d0    0000001c     simplelink_opt.a : driver.obj (.text:_SlDrvGlobalObjUnLock)
                  2000d4ec    0000001c                      : driver.obj (.text:_SlDrvHandleNetAppEvents)
                  2000d508    0000001c                      : driver.obj (.text:_SlDrvHandleWlanEvents)
                  2000d524    0000001c                      : driver.obj (.text:_SlDrvProtectionObjUnLock)
                  2000d540    0000001c                      : socket.obj (.text:_sl_TruncatePayloadByProtocol)
                  2000d55c    0000001c     rtsv7M4_T_le_eabi.lib : memory.c.obj (.text:free_list_remove)
                  2000d578    0000001c                           : memccpy.c.obj (.text:memccpy)
                  2000d594    0000001c     driverlib.a : udma.obj (.text:uDMAChannelEnable)
                  2000d5b0    0000001a     simplelink_opt.a : netapp.obj (.text:CopyPingResultsToReport)
                  2000d5ca    0000001a     driverlib.a : gpio.obj (.text:GPIOIntEnable)
                  2000d5e4    0000001a                 : pin.obj (.text:PinTypeSPI)
                  2000d5fe    0000001a                 : pin.obj (.text:PinTypeUART)
                  2000d618    0000001a                 : spi.obj (.text:SPIDmaDisable)
                  2000d632    0000001a                 : spi.obj (.text:SPIDmaEnable)
                  2000d64c    0000001a                 : spi.obj (.text:SPIFIFODisable)
                  2000d666    0000001a                 : spi.obj (.text:SPIFIFOEnable)
                  2000d680    0000001a                 : spi.obj (.text:SPIIntUnregister)
                  2000d69a    00000018                 : gpio.obj (.text:GPIOPinRead)
                  2000d6b2    00000018                 : i2c.obj (.text:I2CMasterIntEnableEx)
                  2000d6ca    00000018                 : spi.obj (.text:SPICSDisable)
                  2000d6e2    00000018                 : spi.obj (.text:SPICSEnable)
                  2000d6fa    00000018                 : spi.obj (.text:SPIDisable)
                  2000d712    00000018                 : spi.obj (.text:SPIEnable)
                  2000d72a    00000018                 : uart.obj (.text:UARTCharsAvail)
                  2000d742    00000018     simplelink_opt.a : driver.obj (.text:_SlDrvObjLockWaitForever)
                  2000d75a    00000018     rtsv7M4_T_le_eabi.lib : vsnprintf.c.obj (.text:_outc)
                  2000d772    00000018                           : sprintf.c.obj (.text:_outs)
                  2000d78a    00000016     driverlib.a : i2c.obj (.text:I2CMasterDataPut)
                  2000d7a0    00000016                 : i2c.obj (.text:I2CMasterEnable)
                  2000d7b6    00000016                 : prcm.obj (.text:PRCMHIBRegRead)
                  2000d7cc    00000016                 : prcm.obj (.text:PRCMHIBRegWrite)
                  2000d7e2    00000016                 : uart.obj (.text:UARTCharGet)
                  2000d7f8    00000016     rtsv7M4_T_le_eabi.lib : strchr.c.obj (.text:strchr)
                  2000d80e    00000014     driverlib.a : cpu.obj (.text:CPUcpsie)
                  2000d822    00000014                 : gpio.obj (.text:GPIOIntClear)
                  2000d836    00000002     --HOLE-- [fill = 0]
                  2000d838    00000014                 : interrupt.obj (.text:IntVTableBaseSet)
                  2000d84c    00000014     simplelink_opt.a : driver.obj (.text:_SlDrvStartMeasureTimeout)
                  2000d860    00000014     rtsv7M4_T_le_eabi.lib : strcpy.c.obj (.text:strcpy)
                  2000d874    00000014                           : strlen.c.obj (.text:strlen)
                  2000d888    00000012     driverlib.a : i2c.obj (.text:I2CMasterControl)
                  2000d89a    00000012                 : i2c.obj (.text:I2CMasterIntClearEx)
                  2000d8ac    00000012                 : i2c.obj (.text:I2CMasterTimeoutSet)
                  2000d8be    00000012     simplelink_opt.a : driver.obj (.text:_SlDrvObjUnLock)
                  2000d8d0    00000012                      : driver.obj (.text:_SlDrvSyncObjSignal)
                  2000d8e2    00000012     rtsv7M4_T_le_eabi.lib : wcslen.c.obj (.text:wcslen)
                  2000d8f4    00000010     simplelink_opt.a : cc_pal.obj (.text:NwpMaskInterrupt)
                  2000d904    00000010                      : device.obj (.text:_sl_GetStartResponseConvert)
                  2000d914    0000000e     driverlib.a : i2c.obj (.text:I2CMasterDataGet)
                  2000d922    0000000e     rtsv7M4_T_le_eabi.lib : copy_decompress_none.c.obj (.text:decompress:none:__TI_decompress_none)
                  2000d930    0000000e     startup_ccs.obj (.text)
                  2000d93e    00000002     --HOLE-- [fill = 0]
                  2000d940    0000000c     simplelink_opt.a : cc_pal.obj (.text:NwpUnMaskInterrupt)
                  2000d94c    0000000c     rtsv7M4_T_le_eabi.lib : s_copysign.c.obj (.text:copysign)
                  2000d958    0000000c                           : copy_zero_init.c.obj (.text:decompress:ZI:__TI_zero_init)
                  2000d964    0000000a     driverlib.a : interrupt.obj (.text:IntMasterEnable)
                  2000d96e    0000000a     rtsv7M4_T_le_eabi.lib : sprintf.c.obj (.text:_outc)
                  2000d978    00000008     simplelink_opt.a : driver.obj (.text:_SlDrvMemZero)
                  2000d980    00000008                      : driver.obj (.text:_SlDrvResetCmdExt)
                  2000d988    00000008                      : nonos.obj (.text:_SlNonOsSemSet)
                  2000d990    00000008     rtsv7M4_T_le_eabi.lib : errno.c.obj (.text:__aeabi_errno_addr)
                  2000d998    00000008                           : memory.c.obj (.text:malloc)
                  2000d9a0    00000006     driverlib.a : utils.obj (.text:UtilsDelay)
                  2000d9a6    00000004     rtsv7M4_T_le_eabi.lib : pre_init.c.obj (.text:_system_pre_init)
                  2000d9aa    00000004                           : exit.c.obj (.text:abort:abort)

.const     0    2000d9b0    00000b55     
                  2000d9b0    000004fb     Adafruit_GFX.obj (.const:.string:font)
                  2000deab    00000101     rtsv7M4_T_le_eabi.lib : ctype.c.obj (.const:.string:_ctypes_)
                  2000dfac    00000100     driverlib.a : pin.obj (.const:g_ulPinToPadMap)
                  2000e0ac    000000d4                 : interrupt.obj (.const:g_pulRegs)
                  2000e180    000000c0     simplelink_opt.a : driver.obj (.const:$O2$$)
                  2000e240    000000a8     driverlib.a : prcm.obj (.const:PRCM_PeriphRegsList)
                  2000e2e8    00000038     simplelink_opt.a : socket.obj (.const:$O1$$)
                  2000e320    00000030                      : wlan.obj (.const:$O1$$)
                  2000e350    00000030     main.obj (.const:.string)
                  2000e380    0000002c     main.obj (.const:$P$T1$2)
                  2000e3ac    00000024     simplelink_opt.a : netapp.obj (.const:$O1$$)
                  2000e3d0    00000024     driverlib.a : spi.obj (.const:g_ppulSPIIntMap)
                  2000e3f4    00000022     main.obj (.const:.string:$P$T0$1)
                  2000e416    00000002     provisioninglib.a : networkListHndl.obj (.const:.string:$P$T0$1)
                  2000e418    0000001c     simplelink_opt.a : device.obj (.const:$O1$$)
                  2000e434    00000018     driverlib.a : interrupt.obj (.const:g_pulDisRegs)
                  2000e44c    00000018                 : interrupt.obj (.const:g_pulEnRegs)
                  2000e464    00000018                 : interrupt.obj (.const:g_pulUnpendRegs)
                  2000e47c    00000018                 : spi.obj (.const:g_ulSPIDmaMaskMap)
                  2000e494    00000015     main.obj (.const:.string:$P$T6$7)
                  2000e4a9    00000003     provisioninglib.a : networkListHndl.obj (.const:.string:$P$T1$2)
                  2000e4ac    00000014     simplelink_opt.a : nonos.obj (.const:$P$T0$1)
                  2000e4c0    00000014     main.obj (.const:$P$T2$3)
                  2000e4d4    0000000c     main.obj (.const:$P$T4$5)
                  2000e4e0    0000000c     main.obj (.const:.string:$P$T3$4)
                  2000e4ec    00000009     main.obj (.const:.string:$P$T5$6)
                  2000e4f5    00000003     --HOLE-- [fill = 0]
                  2000e4f8    00000008     simplelink_opt.a : netcfg.obj (.const:$O1$$)
                  2000e500    00000005     main.obj (.const:.string:$P$T7$8)

.cinit     0    2000e508    00000070     
                  2000e508    0000004a     (.cinit..data.load) [load image, compression = lzss]
                  2000e552    00000002     --HOLE-- [fill = 0]
                  2000e554    0000000c     (__TI_handler_table)
                  2000e560    00000008     (.cinit..bss.load) [load image, compression = zero_init]
                  2000e568    00000010     (__TI_cinit_table)

.sysmem    0    20017000    00000800     UNINITIALIZED
                  20017000    00000010     rtsv7M4_T_le_eabi.lib : memory.c.obj (.sysmem)
                  20017010    000007f0     --HOLE--

.bss       0    20017800    0000040d     UNINITIALIZED
                  20017800    00000294     (.common:g_Networks)
                  20017a94    00000064     lab4_test.obj (.bss:g_ucRxBuff)
                  20017af8    00000064     lab4_test.obj (.bss:g_ucTxBuff)
                  20017b5c    0000002c     (.common:g_time)
                  20017b88    00000024     (.common:gDefaultDeviceName)
                  20017bac    00000024     (.common:g_ucConnectionSSID)
                  20017bd0    00000020     (.common:g_cNewProfileSsid)
                  20017bf0    00000008     (.common:g_ucConnectionBSSID)
                  20017bf8    00000005     (.common:g_ProvisioningCfg)
                  20017bfd    00000002     lab4_test.obj (.bss)
                  20017bff    00000001     provisioninglib.a : networkListHndl.obj (.bss)
                  20017c00    00000004     uart_if.obj (.bss)
                  20017c04    00000001     (.common:RxIrqCnt)
                  20017c05    00000001     (.common:g_EventRecvSyncObj)
                  20017c06    00000001     (.common:g_StopUDPBcast)
                  20017c07    00000001     (.common:g_bDeviceRestartIsRequired)
                  20017c08    00000001     (.common:g_cDummy)
                  20017c09    00000001     (.common:g_cNewProfileSsidLen)
                  20017c0a    00000001     (.common:g_ucLED1Pin)
                  20017c0b    00000001     (.common:g_ucLED2Pin)
                  20017c0c    00000001     (.common:g_ucLED3Pin)

.data      0    20017c10    00000280     UNINITIALIZED
                  20017c10    00000174     simplelink_opt.a : driver.obj (.data:$O1$$)
                  20017d84    00000054                      : cc_pal.obj (.data:$O1$$)
                  20017dd8    0000003c                      : nonos.obj (.data:g__SlNonOsCB)
                  20017e14    00000015     Adafruit_GFX.obj (.data)
                  20017e29    00000002     provisioninglib.a : cfg_confirm.obj (.data)
                  20017e2b    00000001     --HOLE--
                  20017e2c    00000014     gpio_if.obj (.data:ulReg)
                  20017e40    00000010     main.obj (.data)
                  20017e50    0000000c     gpio_if.obj (.data)
                  20017e5c    0000000b     provisioninglib.a : provisioning_logic.obj (.data)
                  20017e67    00000001     --HOLE--
                  20017e68    00000008     rtsv7M4_T_le_eabi.lib : _lock.c.obj (.data:$O1$$)
                  20017e70    00000008                           : memory.c.obj (.data:$O1$$)
                  20017e78    00000008     provisioninglib.a : networkListHndl.obj (.data)
                  20017e80    00000008     simplelink_opt.a : cc_pal.obj (.data)
                  20017e88    00000004     rtsv7M4_T_le_eabi.lib : errno.c.obj (.data)
                  20017e8c    00000004     simplelink_opt.a : driver.obj (.data)

.stack     0    2002f800    00000800     UNINITIALIZED
                  2002f800    00000004     rtsv7M4_T_le_eabi.lib : boot_cortex_m.c.obj (.stack)
                  2002f804    000007fc     --HOLE--

__llvm_prf_cnts 
*          0    20017000    00000000     UNINITIALIZED

MODULE SUMMARY

       Module                       code    ro data   rw data
       ------                       ----    -------   -------
    .\
       main.obj                     4768    205       104    
       Adafruit_GFX.obj             2688    1275      21     
       lab4_test.obj                1344    0         202    
       Adafruit_OLED.obj            1178    0         0      
       startup_ccs.obj              14      1024      0      
       gpio_if.obj                  920     0         35     
       i2c_if.obj                   692     0         0      
       uart_if.obj                  636     0         4      
       pin_mux_config.obj           280     0         0      
    +--+----------------------------+-------+---------+---------+
       Total:                       12520   2504      366    
                                                             
    C:/ti/CC3200SDK_1.5.0/cc3200-sdk/driverlib/ccs/Release/driverlib.a
       spi.obj                      1790    60        0      
       prcm.obj                     852     168       0      
       interrupt.obj                608     284       0      
       udma.obj                     604     0         0      
       pin.obj                      328     256       0      
       gpio.obj                     388     0         0      
       i2c.obj                      376     0         0      
       uart.obj                     306     0         0      
       timer.obj                    210     0         0      
       cpu.obj                      20      0         0      
       utils.obj                    6       0         0      
    +--+----------------------------+-------+---------+---------+
       Total:                       5488    768       0      
                                                             
    C:/ti/CC3200SDK_1.5.0/cc3200-sdk/simplelink/ccs/NON_OS/simplelink_opt.a
       driver.obj                   4730    192       378    
       cc_pal.obj                   1380    0         93     
       socket.obj                   1224    56        0      
       netapp.obj                   1020    36        0      
       wlan.obj                     912     48        0      
       device.obj                   894     28        0      
       nonos.obj                    228     20        60     
       netcfg.obj                   100     8         0      
    +--+----------------------------+-------+---------+---------+
       Total:                       10488   388       531    
                                                             
    C:/ti/CC3200SDK_1.5.0/cc3200-sdk/simplelink_extlib/provisioninglib/ccs/nonos/provisioninglib.a
       networkListHndl.obj          284     5         669    
       events_handler.obj           688     0         0      
       cfg_confirm.obj              120     0         2      
       provisioning_logic.obj       0       0         87     
    +--+----------------------------+-------+---------+---------+
       Total:                       1092    5         758    
                                                             
    C:\ti\ccs1020\ccs\tools\compiler\ti-cgt-arm_20.2.2.LTS\lib\rtsv7M4_T_le_eabi.lib
       _printfi.c.obj               4835    0         0      
       memory.c.obj                 900     0         8      
       fd_add_t2.asm.obj            438     0         0      
       fd_div_t2.asm.obj            310     0         0      
       fd_cmp_t2.asm.obj            268     0         0      
       ctype.c.obj                  0       257       0      
       fd_mul_t2.asm.obj            252     0         0      
       s_scalbn.c.obj               208     0         0      
       memcpy_t2.asm.obj            156     0         0      
       ull_div_t2.asm.obj           150     0         0      
       vsnprintf.c.obj              136     0         0      
       memset_t2.asm.obj            122     0         0      
       copy_decompress_lzss.c.obj   104     0         0      
       sprintf.c.obj                98      0         0      
       s_frexp.c.obj                92      0         0      
       _ltoa.c.obj                  84      0         0      
       atoi.c.obj                   76      0         0      
       fd_toi_t2.asm.obj            72      0         0      
       autoinit.c.obj               68      0         0      
       i_tofd_t2.asm.obj            46      0         0      
       memmov.c.obj                 40      0         0      
       boot_cortex_m.c.obj          36      0         0      
       memcmp.c.obj                 36      0         0      
       memccpy.c.obj                28      0         0      
       strchr.c.obj                 22      0         0      
       strcpy.c.obj                 20      0         0      
       strlen.c.obj                 20      0         0      
       wcslen.c.obj                 18      0         0      
       copy_decompress_none.c.obj   14      0         0      
       copy_zero_init.c.obj         12      0         0      
       errno.c.obj                  8       0         4      
       s_copysign.c.obj             12      0         0      
       _lock.c.obj                  2       0         8      
       exit.c.obj                   4       0         0      
       pre_init.c.obj               4       0         0      
       div0.asm.obj                 2       0         0      
    +--+----------------------------+-------+---------+---------+
       Total:                       8693    257       20     
                                                             
       Heap:                        0       0         2048   
       Stack:                       0       0         2048   
       Linker Generated:            0       110       0      
    +--+----------------------------+-------+---------+---------+
       Grand Total:                 38281   4032      5771   


LINKER GENERATED COPY TABLES

__TI_cinit_table @ 2000e568 records: 2, size/record: 8, table size: 16
	.data: load addr=2000e508, load size=0000004a bytes, run addr=20017c10, run size=00000280 bytes, compression=lzss
	.bss: load addr=2000e560, load size=00000008 bytes, run addr=20017800, run size=0000040d bytes, compression=zero_init


LINKER GENERATED HANDLER TABLE

__TI_handler_table @ 2000e554 records: 3, size/record: 4, table size: 12
	index: 0, handler: __TI_decompress_lzss
	index: 1, handler: __TI_decompress_none
	index: 2, handler: __TI_zero_init


GLOBAL SYMBOLS: SORTED ALPHABETICALLY BY Name 

address   name                                  
-------   ----                                  
20007135  Adafruit_Init                         
2000d9ab  C$$EXIT                               
2000d80f  CPUcpsie                              
20007fc5  ClearTerm                             
200072ab  Color565                              
20006d0f  DisplayBuffer                         
2000d1c9  DmaSpiSwIntHandler                    
20007fcf  Error                                 
2000cd25  GPIODirModeSet                        
2000d823  GPIOIntClear                          
2000d5cb  GPIOIntEnable                         
2000d3ad  GPIOIntRegister                       
2000b70d  GPIOIntTypeSet                        
2000d69b  GPIOPinRead                           
2000d32b  GPIOPinWrite                          
20007bf9  GPIO_IF_ConfigureNIntEnable           
20007c85  GPIO_IF_Get                           
20007bb3  GPIO_IF_GetPortNPin                   
20007975  GPIO_IF_LedConfigure                  
20007a67  GPIO_IF_LedOff                        
200079b3  GPIO_IF_LedOn                         
20007b1b  GPIO_IF_LedStatus                     
20007b85  GPIO_IF_LedToggle                     
20007c41  GPIO_IF_Set                           
20008007  GetCmd                                
2000d889  I2CMasterControl                      
2000d915  I2CMasterDataGet                      
2000d78b  I2CMasterDataPut                      
2000d7a1  I2CMasterEnable                       
2000cf7d  I2CMasterErr                          
2000b689  I2CMasterInitExpClk                   
2000d89b  I2CMasterIntClearEx                   
2000d6b3  I2CMasterIntEnableEx                  
2000d3cb  I2CMasterIntStatusEx                  
2000d2c5  I2CMasterSlaveAddrSet                 
2000d8ad  I2CMasterTimeoutSet                   
20007f6f  I2C_IF_Close                          
20007f09  I2C_IF_Open                           
20007e07  I2C_IF_Read                           
20007ec3  I2C_IF_ReadFrom                       
20007d57  I2C_IF_Write                          
20007f85  InitTerm                              
2000abfd  IntDisable                            
2000aca5  IntEnable                             
2000d965  IntMasterEnable                       
2000c179  IntPendClear                          
2000c3e1  IntPrioritySet                        
2000d34d  IntRegister                           
2000d1ed  IntUnregister                         
2000d839  IntVTableBaseSet                      
20006be1  MasterMain                            
20007fa3  Message                               
2000d8f5  NwpMaskInterrupt                      
2000cb89  NwpPowerOff                           
2000d0d9  NwpPowerOn                            
2000d461  NwpPrePowerOffTimout0                 
2000ccb5  NwpRegisterInterruptHandler           
2000d941  NwpUnMaskInterrupt                    
2000e204  OpcodeTranslateTable                  
2000604b  Outstr                                
20008ea9  PRCMCC3200MCUInit                     
2000d7b7  PRCMHIBRegRead                        
2000d7cd  PRCMHIBRegWrite                       
2000d101  PRCMPeripheralClkDisable              
2000cbc5  PRCMPeripheralClkEnable               
2000b235  PRCMPeripheralClockGet                
2000c1d1  PRCMPeripheralReset                   
2000cd5d  PRCMPeripheralStatusGet               
2000cfa9  PRCMSysResetCauseGet                  
2000b35d  PinConfigSet                          
2000c9c9  PinModeSet                            
200099ad  PinMuxConfig                          
2000ce61  PinTypeGPIO                           
2000d47d  PinTypeI2C                            
2000d5e5  PinTypeSPI                            
2000d5ff  PinTypeUART                           
20008145  Report                                
2000d931  ResetISR                              
20017c04  RxIrqCnt                              
2000d6cb  SPICSDisable                          
2000d6e3  SPICSEnable                           
2000adf5  SPIConfigSetExpClk                    
2000d36d  SPIDataGet                            
2000d059  SPIDataGetNonBlocking                 
2000d3e9  SPIDataPut                            
2000d6fb  SPIDisable                            
2000d619  SPIDmaDisable                         
2000d633  SPIDmaEnable                          
2000d713  SPIEnable                             
2000d64d  SPIFIFODisable                        
2000d667  SPIFIFOEnable                         
2000cd91  SPIFIFOLevelSet                       
2000c799  SPIIntClear                           
2000c5d5  SPIIntEnable                          
2000d407  SPIIntRegister                        
2000b791  SPIIntStatus                          
2000d681  SPIIntUnregister                      
2000d2e7  SPIReset                              
2000b3e5  SPITransfer                           
2000d309  SPIWordCountSet                       
200045d5  SimpleLinkGeneralEventHandler         
200045b1  SimpleLinkHttpServerCallback          
2000450f  SimpleLinkNetAppEventHandler          
200045f5  SimpleLinkSockEventHandler            
20004401  SimpleLinkWlanEventHandler            
20006c9f  SlaveMain                             
2000c8fd  TimerConfigure                        
2000d425  TimerEnable                           
2000c435  TimerGetCurrentTimestamp              
2000d083  TimerLoadSet                          
2000d0ad  TimerPrescaleSet                      
2000d499  TimerValueGet                         
200080ad  TrimSpace                             
2000d7e3  UARTCharGet                           
2000d4b5  UARTCharGetNonBlocking                
2000d443  UARTCharPut                           
2000d72b  UARTCharsAvail                        
2000b901  UARTConfigSetExpClk                   
2000ce91  UARTDisable                           
2000d211  UARTEnable                            
2000d9a1  UtilsDelay                            
2000e1cc  _SlActionLookupTable                  
2000c065  _SlDriverHandleError                  
2000cf21  _SlDrvBasicCmd                        
20009021  _SlDrvCmdOp                           
2000c229  _SlDrvCmdSend                         
20009179  _SlDrvDataReadOp                      
2000a0b5  _SlDrvDataWriteOp                     
2000bba5  _SlDrvDeviceEventHandler              
2000d38d  _SlDrvDispatchHttpServerEvents        
2000b06d  _SlDrvDriverCBDeinit                  
20009bd5  _SlDrvDriverCBInit                    
2000d4d1  _SlDrvGlobalObjUnLock                 
2000d38d  _SlDrvHandleHttpServerEvents          
2000d4ed  _SlDrvHandleNetAppEvents              
2000d509  _SlDrvHandleWlanEvents                
2000c7e1  _SlDrvIsTimeoutExpired                
2000d979  _SlDrvMemZero                         
2000b46d  _SlDrvMsgReadSpawnCtx                 
2000a9d5  _SlDrvNetAppEventHandler              
2000d743  _SlDrvObjLockWaitForever              
2000d8bf  _SlDrvObjUnLock                       
2000cdc5  _SlDrvProtectAsyncRespSetting         
2000d235  _SlDrvProtectionObjLockWaitForever    
2000d525  _SlDrvProtectionObjUnLock             
2000a5e1  _SlDrvReleasePoolObj                  
2000d981  _SlDrvResetCmdExt                     
2000c941  _SlDrvRxIrqHandler                    
2000d84d  _SlDrvStartMeasureTimeout             
2000d8d1  _SlDrvSyncObjSignal                   
2000d259  _SlDrvSyncObjWaitForever              
2000cdf9  _SlDrvSyncObjWaitTimeout              
2000a43d  _SlDrvWaitForPoolObj                  
2000e3c8  _SlNetAppSendTokenValueCmdCtrl        
2000d001  _SlNonOsMainLoopTask                  
2000b4f5  _SlNonOsSemGet                        
2000d989  _SlNonOsSemSet                        
2000d129  _SlNonOsSpawn                         
20030000  __STACK_END                           
00000800  __STACK_SIZE                          
00000800  __SYSMEM_SIZE                         
2000e568  __TI_CINIT_Base                       
2000e578  __TI_CINIT_Limit                      
2000e554  __TI_Handler_Table_Base               
2000e560  __TI_Handler_Table_Limit              
2000c985  __TI_auto_init_nobinit_nopinit        
2000bc79  __TI_decompress_lzss                  
2000d923  __TI_decompress_none                  
2000c489  __TI_ltoa                             
ffffffff  __TI_pprof_out_hndl                   
20006121  __TI_printfi                          
ffffffff  __TI_prof_data_size                   
ffffffff  __TI_prof_data_start                  
2000e508  __TI_static_base__                    
2000d959  __TI_zero_init                        
2000b57d  __aeabi_cdcmpeq                       
2000b57d  __aeabi_cdcmple                       
2000b603  __aeabi_cdrcmple                      
2000c871  __aeabi_d2iz                          
200089c3  __aeabi_dadd                          
200093f9  __aeabi_ddiv                          
20009dd5  __aeabi_dmul                          
200089b9  __aeabi_dsub                          
2000d991  __aeabi_errno_addr                    
2000cf4f  __aeabi_i2d                           
20008b6f  __aeabi_idiv0                         
20008b6f  __aeabi_ldiv0                         
2000b80d  __aeabi_memclr                        
2000b80d  __aeabi_memclr4                       
2000b80d  __aeabi_memclr8                       
2000af35  __aeabi_memcpy                        
2000af35  __aeabi_memcpy4                       
2000af35  __aeabi_memcpy8                       
2000b80f  __aeabi_memset                        
2000b80f  __aeabi_memset4                       
2000b80f  __aeabi_memset8                       
2000b19d  __aeabi_uldivmod                      
ffffffff  __binit__                             
ffffffff  __c_args__                            
UNDEFED   __mpu_init                            
2002f800  __stack                               
20017000  __start___llvm_prf_cnts               
20017000  __stop___llvm_prf_cnts                
2000d27d  _c_int00_noargs                       
2000deab  _ctypes_                              
20017e68  _lock                                 
2000754b  _nop                                  
2000c585  _sl_HandleAsync_Accept                
2000c4dd  _sl_HandleAsync_Connect               
2000bc11  _sl_HandleAsync_DnsGetHostByName      
2000bdb1  _sl_HandleAsync_DnsGetHostByService   
2000bacd  _sl_HandleAsync_InitComplete          
2000c005  _sl_HandleAsync_PingResponse          
2000ca09  _sl_HandleAsync_Select                
2000cc01  _sl_HandleAsync_Stop                  
2000c281  _sl_NetAppSendTokenValue              
20017000  _sys_memory                           
UNDEFED   _system_post_cinit                    
2000d9a7  _system_pre_init                      
20017e6c  _unlock                               
2000d9ab  abort                                 
20009cd5  aligned_alloc                         
2000c66d  atoi                                  
ffffffff  binit                                 
2000b889  cfgConfirmGetResult                   
2000d94d  copysign                              
2000d94d  copysignl                             
20017e14  cursor_x                              
20017e18  cursor_y                              
20005eff  drawChar                              
200056a1  drawCircle                            
200057d5  drawCircleHelper                      
20007455  drawFastHLine                         
200073b9  drawFastVLine                         
20005a1b  drawLine                              
200074f1  drawPixel                             
20005b07  drawRect                              
20005b55  drawRoundRect                         
20005cbd  drawTriangle                          
20017e88  errno                                 
200058f3  fillCircle                            
2000592d  fillCircleHelper                      
20007303  fillRect                              
20005c43  fillRoundRect                         
200072ed  fillScreen                            
20005cff  fillTriangle                          
2000a19d  free                                  
2000c0c1  frexp                                 
2000c0c1  frexpl                                
20017b88  gDefaultDeviceName                    
20017e2a  g_ConfigResult                        
20017c05  g_EventRecvSyncObj                    
20017e4c  g_Host                                
20017e64  g_IpObtainState                       
20017e78  g_NetListHandlingState                
20017800  g_Networks                            
20017bf8  g_ProvisioningCfg                     
20017c12  g_SlDeviceStatus                      
20017e80  g_SpiFd                               
20017c06  g_StopUDPBcast                        
20017e5c  g_UseProvisioningLibHandlers          
20017dd8  g__SlNonOsCB                          
20017c07  g_bDeviceRestartIsRequired            
20017c08  g_cDummy                              
20017bd0  g_cNewProfileSsid                     
20017c09  g_cNewProfileSsidLen                  
20017e29  g_cfgConfirmState                     
20017e60  g_libraryTimeout                      
20017c18  g_pCB                                 
20017e84  g_pHostIntHdl                         
20004000  g_pfnVectors                          
20017b5c  g_time                                
20017bf0  g_ucConnectionBSSID                   
20017bac  g_ucConnectionSSID                    
20017d84  g_ucDMAEnabled                        
20017d88  g_ucDinDout                           
20017c0a  g_ucLED1Pin                           
20017c0b  g_ucLED2Pin                           
20017c0c  g_ucLED3Pin                           
20017e79  g_ucNumNetworksInList                 
20017e5e  g_ucRxTokensBitMask                   
20017e5d  g_ucSlEventBitMask                    
20017e50  g_uiLED1Port                          
20017e54  g_uiLED2Port                          
20017e58  g_uiLED3Port                          
20017e48  g_ulGatewayIP                         
20017e44  g_ulPingPacketsRecv                   
20017e40  g_ulStatus                            
20007267  goTo                                  
200060ff  height                                
2000752f  invert                                
2000a6b1  ldexp                                 
2000a6b1  ldexpl                                
200050c9  main                                  
2000d999  malloc                                
20009cd5  memalign                              
2000d579  memccpy                               
2000d2a1  memcmp                                
2000af35  memcpy                                
2000d179  memmove                               
2000b815  memset                                
20009779  networksListHandleGetNetworkToken     
20017e8c  pPingCallBackFunc                     
20004fe9  printErrConvenience                   
2000a281  realloc                               
2000a6b1  scalbn                                
2000a6b1  scalbnl                               
20006097  setCursor                             
200060cf  setTextColor                          
200060af  setTextSize                           
200060e7  setTextWrap                           
2000cc3d  sl_Close                              
20009ac5  sl_Connect                            
2000b105  sl_DevGet                             
2000bce1  sl_DevSet                             
2000cced  sl_Htonl                              
2000ce2d  sl_Htons                              
2000a365  sl_NetAppDnsGetHostByName             
2000afd1  sl_NetAppMDNSRegisterUnregisterService
2000cef1  sl_NetAppMDNSUnRegisterService        
2000be15  sl_NetCfgSet                          
20008b71  sl_Provisioning_HttpServerEventHdl    
2000c2d9  sl_Provisioning_NetAppEventHdl        
2000ad4d  sl_Provisioning_WlanEventHdl          
2000be79  sl_Recv                               
2000a851  sl_Send                               
2000bb39  sl_SetSockOpt                         
2000c6b9  sl_Socket                             
2000a919  sl_Start                              
2000ae95  sl_Stop                               
20008635  sl_WlanConnect                        
2000d1a1  sl_WlanDisconnect                     
2000c11d  sl_WlanPolicySet                      
2000ca49  sl_WlanProfileDel                     
2000c331  sl_WlanRxFilterSet                    
2000bd49  sl_WlanSet                            
2000ca89  sl_WlanSetMode                        
2000b979  spi_Close                             
20009531  spi_Open                              
20008d21  spi_Read                              
20009ed1  spi_Write                             
2000cac9  sprintf                               
20006ec9  start_Game                            
2000d7f9  strchr                                
2000d861  strcpy                                
2000d875  strlen                                
20017e24  textbgcolor                           
20017e20  textcolor                             
20017e1c  textsize                              
2000c705  uDMAChannelAssign                     
2000bedd  uDMAChannelAttributeDisable           
2000bf41  uDMAChannelAttributeEnable            
2000cc79  uDMAChannelControlSet                 
2000d595  uDMAChannelEnable                     
20009fc5  uDMAChannelTransferSet                
2000cb09  vsnprintf                             
2000d8e3  wcslen                                
200060fb  width                                 
20017e28  wrap                                  
200070b1  writeCommand                          
200070f3  writeData                             


GLOBAL SYMBOLS: SORTED BY Symbol Address 

address   name                                  
-------   ----                                  
00000800  __STACK_SIZE                          
00000800  __SYSMEM_SIZE                         
20004000  g_pfnVectors                          
20004401  SimpleLinkWlanEventHandler            
2000450f  SimpleLinkNetAppEventHandler          
200045b1  SimpleLinkHttpServerCallback          
200045d5  SimpleLinkGeneralEventHandler         
200045f5  SimpleLinkSockEventHandler            
20004fe9  printErrConvenience                   
200050c9  main                                  
200056a1  drawCircle                            
200057d5  drawCircleHelper                      
200058f3  fillCircle                            
2000592d  fillCircleHelper                      
20005a1b  drawLine                              
20005b07  drawRect                              
20005b55  drawRoundRect                         
20005c43  fillRoundRect                         
20005cbd  drawTriangle                          
20005cff  fillTriangle                          
20005eff  drawChar                              
2000604b  Outstr                                
20006097  setCursor                             
200060af  setTextSize                           
200060cf  setTextColor                          
200060e7  setTextWrap                           
200060fb  width                                 
200060ff  height                                
20006121  __TI_printfi                          
20006be1  MasterMain                            
20006c9f  SlaveMain                             
20006d0f  DisplayBuffer                         
20006ec9  start_Game                            
200070b1  writeCommand                          
200070f3  writeData                             
20007135  Adafruit_Init                         
20007267  goTo                                  
200072ab  Color565                              
200072ed  fillScreen                            
20007303  fillRect                              
200073b9  drawFastVLine                         
20007455  drawFastHLine                         
200074f1  drawPixel                             
2000752f  invert                                
2000754b  _nop                                  
20007975  GPIO_IF_LedConfigure                  
200079b3  GPIO_IF_LedOn                         
20007a67  GPIO_IF_LedOff                        
20007b1b  GPIO_IF_LedStatus                     
20007b85  GPIO_IF_LedToggle                     
20007bb3  GPIO_IF_GetPortNPin                   
20007bf9  GPIO_IF_ConfigureNIntEnable           
20007c41  GPIO_IF_Set                           
20007c85  GPIO_IF_Get                           
20007d57  I2C_IF_Write                          
20007e07  I2C_IF_Read                           
20007ec3  I2C_IF_ReadFrom                       
20007f09  I2C_IF_Open                           
20007f6f  I2C_IF_Close                          
20007f85  InitTerm                              
20007fa3  Message                               
20007fc5  ClearTerm                             
20007fcf  Error                                 
20008007  GetCmd                                
200080ad  TrimSpace                             
20008145  Report                                
20008635  sl_WlanConnect                        
200089b9  __aeabi_dsub                          
200089c3  __aeabi_dadd                          
20008b6f  __aeabi_idiv0                         
20008b6f  __aeabi_ldiv0                         
20008b71  sl_Provisioning_HttpServerEventHdl    
20008d21  spi_Read                              
20008ea9  PRCMCC3200MCUInit                     
20009021  _SlDrvCmdOp                           
20009179  _SlDrvDataReadOp                      
200093f9  __aeabi_ddiv                          
20009531  spi_Open                              
20009779  networksListHandleGetNetworkToken     
200099ad  PinMuxConfig                          
20009ac5  sl_Connect                            
20009bd5  _SlDrvDriverCBInit                    
20009cd5  aligned_alloc                         
20009cd5  memalign                              
20009dd5  __aeabi_dmul                          
20009ed1  spi_Write                             
20009fc5  uDMAChannelTransferSet                
2000a0b5  _SlDrvDataWriteOp                     
2000a19d  free                                  
2000a281  realloc                               
2000a365  sl_NetAppDnsGetHostByName             
2000a43d  _SlDrvWaitForPoolObj                  
2000a5e1  _SlDrvReleasePoolObj                  
2000a6b1  ldexp                                 
2000a6b1  ldexpl                                
2000a6b1  scalbn                                
2000a6b1  scalbnl                               
2000a851  sl_Send                               
2000a919  sl_Start                              
2000a9d5  _SlDrvNetAppEventHandler              
2000abfd  IntDisable                            
2000aca5  IntEnable                             
2000ad4d  sl_Provisioning_WlanEventHdl          
2000adf5  SPIConfigSetExpClk                    
2000ae95  sl_Stop                               
2000af35  __aeabi_memcpy                        
2000af35  __aeabi_memcpy4                       
2000af35  __aeabi_memcpy8                       
2000af35  memcpy                                
2000afd1  sl_NetAppMDNSRegisterUnregisterService
2000b06d  _SlDrvDriverCBDeinit                  
2000b105  sl_DevGet                             
2000b19d  __aeabi_uldivmod                      
2000b235  PRCMPeripheralClockGet                
2000b35d  PinConfigSet                          
2000b3e5  SPITransfer                           
2000b46d  _SlDrvMsgReadSpawnCtx                 
2000b4f5  _SlNonOsSemGet                        
2000b57d  __aeabi_cdcmpeq                       
2000b57d  __aeabi_cdcmple                       
2000b603  __aeabi_cdrcmple                      
2000b689  I2CMasterInitExpClk                   
2000b70d  GPIOIntTypeSet                        
2000b791  SPIIntStatus                          
2000b80d  __aeabi_memclr                        
2000b80d  __aeabi_memclr4                       
2000b80d  __aeabi_memclr8                       
2000b80f  __aeabi_memset                        
2000b80f  __aeabi_memset4                       
2000b80f  __aeabi_memset8                       
2000b815  memset                                
2000b889  cfgConfirmGetResult                   
2000b901  UARTConfigSetExpClk                   
2000b979  spi_Close                             
2000bacd  _sl_HandleAsync_InitComplete          
2000bb39  sl_SetSockOpt                         
2000bba5  _SlDrvDeviceEventHandler              
2000bc11  _sl_HandleAsync_DnsGetHostByName      
2000bc79  __TI_decompress_lzss                  
2000bce1  sl_DevSet                             
2000bd49  sl_WlanSet                            
2000bdb1  _sl_HandleAsync_DnsGetHostByService   
2000be15  sl_NetCfgSet                          
2000be79  sl_Recv                               
2000bedd  uDMAChannelAttributeDisable           
2000bf41  uDMAChannelAttributeEnable            
2000c005  _sl_HandleAsync_PingResponse          
2000c065  _SlDriverHandleError                  
2000c0c1  frexp                                 
2000c0c1  frexpl                                
2000c11d  sl_WlanPolicySet                      
2000c179  IntPendClear                          
2000c1d1  PRCMPeripheralReset                   
2000c229  _SlDrvCmdSend                         
2000c281  _sl_NetAppSendTokenValue              
2000c2d9  sl_Provisioning_NetAppEventHdl        
2000c331  sl_WlanRxFilterSet                    
2000c3e1  IntPrioritySet                        
2000c435  TimerGetCurrentTimestamp              
2000c489  __TI_ltoa                             
2000c4dd  _sl_HandleAsync_Connect               
2000c585  _sl_HandleAsync_Accept                
2000c5d5  SPIIntEnable                          
2000c66d  atoi                                  
2000c6b9  sl_Socket                             
2000c705  uDMAChannelAssign                     
2000c799  SPIIntClear                           
2000c7e1  _SlDrvIsTimeoutExpired                
2000c871  __aeabi_d2iz                          
2000c8fd  TimerConfigure                        
2000c941  _SlDrvRxIrqHandler                    
2000c985  __TI_auto_init_nobinit_nopinit        
2000c9c9  PinModeSet                            
2000ca09  _sl_HandleAsync_Select                
2000ca49  sl_WlanProfileDel                     
2000ca89  sl_WlanSetMode                        
2000cac9  sprintf                               
2000cb09  vsnprintf                             
2000cb89  NwpPowerOff                           
2000cbc5  PRCMPeripheralClkEnable               
2000cc01  _sl_HandleAsync_Stop                  
2000cc3d  sl_Close                              
2000cc79  uDMAChannelControlSet                 
2000ccb5  NwpRegisterInterruptHandler           
2000cced  sl_Htonl                              
2000cd25  GPIODirModeSet                        
2000cd5d  PRCMPeripheralStatusGet               
2000cd91  SPIFIFOLevelSet                       
2000cdc5  _SlDrvProtectAsyncRespSetting         
2000cdf9  _SlDrvSyncObjWaitTimeout              
2000ce2d  sl_Htons                              
2000ce61  PinTypeGPIO                           
2000ce91  UARTDisable                           
2000cef1  sl_NetAppMDNSUnRegisterService        
2000cf21  _SlDrvBasicCmd                        
2000cf4f  __aeabi_i2d                           
2000cf7d  I2CMasterErr                          
2000cfa9  PRCMSysResetCauseGet                  
2000d001  _SlNonOsMainLoopTask                  
2000d059  SPIDataGetNonBlocking                 
2000d083  TimerLoadSet                          
2000d0ad  TimerPrescaleSet                      
2000d0d9  NwpPowerOn                            
2000d101  PRCMPeripheralClkDisable              
2000d129  _SlNonOsSpawn                         
2000d179  memmove                               
2000d1a1  sl_WlanDisconnect                     
2000d1c9  DmaSpiSwIntHandler                    
2000d1ed  IntUnregister                         
2000d211  UARTEnable                            
2000d235  _SlDrvProtectionObjLockWaitForever    
2000d259  _SlDrvSyncObjWaitForever              
2000d27d  _c_int00_noargs                       
2000d2a1  memcmp                                
2000d2c5  I2CMasterSlaveAddrSet                 
2000d2e7  SPIReset                              
2000d309  SPIWordCountSet                       
2000d32b  GPIOPinWrite                          
2000d34d  IntRegister                           
2000d36d  SPIDataGet                            
2000d38d  _SlDrvDispatchHttpServerEvents        
2000d38d  _SlDrvHandleHttpServerEvents          
2000d3ad  GPIOIntRegister                       
2000d3cb  I2CMasterIntStatusEx                  
2000d3e9  SPIDataPut                            
2000d407  SPIIntRegister                        
2000d425  TimerEnable                           
2000d443  UARTCharPut                           
2000d461  NwpPrePowerOffTimout0                 
2000d47d  PinTypeI2C                            
2000d499  TimerValueGet                         
2000d4b5  UARTCharGetNonBlocking                
2000d4d1  _SlDrvGlobalObjUnLock                 
2000d4ed  _SlDrvHandleNetAppEvents              
2000d509  _SlDrvHandleWlanEvents                
2000d525  _SlDrvProtectionObjUnLock             
2000d579  memccpy                               
2000d595  uDMAChannelEnable                     
2000d5cb  GPIOIntEnable                         
2000d5e5  PinTypeSPI                            
2000d5ff  PinTypeUART                           
2000d619  SPIDmaDisable                         
2000d633  SPIDmaEnable                          
2000d64d  SPIFIFODisable                        
2000d667  SPIFIFOEnable                         
2000d681  SPIIntUnregister                      
2000d69b  GPIOPinRead                           
2000d6b3  I2CMasterIntEnableEx                  
2000d6cb  SPICSDisable                          
2000d6e3  SPICSEnable                           
2000d6fb  SPIDisable                            
2000d713  SPIEnable                             
2000d72b  UARTCharsAvail                        
2000d743  _SlDrvObjLockWaitForever              
2000d78b  I2CMasterDataPut                      
2000d7a1  I2CMasterEnable                       
2000d7b7  PRCMHIBRegRead                        
2000d7cd  PRCMHIBRegWrite                       
2000d7e3  UARTCharGet                           
2000d7f9  strchr                                
2000d80f  CPUcpsie                              
2000d823  GPIOIntClear                          
2000d839  IntVTableBaseSet                      
2000d84d  _SlDrvStartMeasureTimeout             
2000d861  strcpy                                
2000d875  strlen                                
2000d889  I2CMasterControl                      
2000d89b  I2CMasterIntClearEx                   
2000d8ad  I2CMasterTimeoutSet                   
2000d8bf  _SlDrvObjUnLock                       
2000d8d1  _SlDrvSyncObjSignal                   
2000d8e3  wcslen                                
2000d8f5  NwpMaskInterrupt                      
2000d915  I2CMasterDataGet                      
2000d923  __TI_decompress_none                  
2000d931  ResetISR                              
2000d941  NwpUnMaskInterrupt                    
2000d94d  copysign                              
2000d94d  copysignl                             
2000d959  __TI_zero_init                        
2000d965  IntMasterEnable                       
2000d979  _SlDrvMemZero                         
2000d981  _SlDrvResetCmdExt                     
2000d989  _SlNonOsSemSet                        
2000d991  __aeabi_errno_addr                    
2000d999  malloc                                
2000d9a1  UtilsDelay                            
2000d9a7  _system_pre_init                      
2000d9ab  C$$EXIT                               
2000d9ab  abort                                 
2000deab  _ctypes_                              
2000e1cc  _SlActionLookupTable                  
2000e204  OpcodeTranslateTable                  
2000e3c8  _SlNetAppSendTokenValueCmdCtrl        
2000e508  __TI_static_base__                    
2000e554  __TI_Handler_Table_Base               
2000e560  __TI_Handler_Table_Limit              
2000e568  __TI_CINIT_Base                       
2000e578  __TI_CINIT_Limit                      
20017000  __start___llvm_prf_cnts               
20017000  __stop___llvm_prf_cnts                
20017000  _sys_memory                           
20017800  g_Networks                            
20017b5c  g_time                                
20017b88  gDefaultDeviceName                    
20017bac  g_ucConnectionSSID                    
20017bd0  g_cNewProfileSsid                     
20017bf0  g_ucConnectionBSSID                   
20017bf8  g_ProvisioningCfg                     
20017c04  RxIrqCnt                              
20017c05  g_EventRecvSyncObj                    
20017c06  g_StopUDPBcast                        
20017c07  g_bDeviceRestartIsRequired            
20017c08  g_cDummy                              
20017c09  g_cNewProfileSsidLen                  
20017c0a  g_ucLED1Pin                           
20017c0b  g_ucLED2Pin                           
20017c0c  g_ucLED3Pin                           
20017c12  g_SlDeviceStatus                      
20017c18  g_pCB                                 
20017d84  g_ucDMAEnabled                        
20017d88  g_ucDinDout                           
20017dd8  g__SlNonOsCB                          
20017e14  cursor_x                              
20017e18  cursor_y                              
20017e1c  textsize                              
20017e20  textcolor                             
20017e24  textbgcolor                           
20017e28  wrap                                  
20017e29  g_cfgConfirmState                     
20017e2a  g_ConfigResult                        
20017e40  g_ulStatus                            
20017e44  g_ulPingPacketsRecv                   
20017e48  g_ulGatewayIP                         
20017e4c  g_Host                                
20017e50  g_uiLED1Port                          
20017e54  g_uiLED2Port                          
20017e58  g_uiLED3Port                          
20017e5c  g_UseProvisioningLibHandlers          
20017e5d  g_ucSlEventBitMask                    
20017e5e  g_ucRxTokensBitMask                   
20017e60  g_libraryTimeout                      
20017e64  g_IpObtainState                       
20017e68  _lock                                 
20017e6c  _unlock                               
20017e78  g_NetListHandlingState                
20017e79  g_ucNumNetworksInList                 
20017e80  g_SpiFd                               
20017e84  g_pHostIntHdl                         
20017e88  errno                                 
20017e8c  pPingCallBackFunc                     
2002f800  __stack                               
20030000  __STACK_END                           
ffffffff  __TI_pprof_out_hndl                   
ffffffff  __TI_prof_data_size                   
ffffffff  __TI_prof_data_start                  
ffffffff  __binit__                             
ffffffff  __c_args__                            
ffffffff  binit                                 
UNDEFED   __mpu_init                            
UNDEFED   _system_post_cinit                    

[361 symbols]
