<?xml version="1.0" encoding="ISO-8859-1" ?>
<link_info>
   <banner>TI ARM Linker PC v20.2.2.LTS</banner>
   <copyright>Copyright (c) 1996-2018 Texas Instruments Incorporated</copyright>
   <link_time>0x6081032e</link_time>
   <link_errors>0x0</link_errors>
   <output_file>spi_demo.out</output_file>
   <entry_point>
      <name>_c_int00_noargs</name>
      <address>0x20007661</address>
   </entry_point>
   <input_file_list>
      <input_file id="fl-2">
         <path>.\</path>
         <kind>object</kind>
         <file>Adafruit_GFX.obj</file>
         <name>Adafruit_GFX.obj</name>
      </input_file>
      <input_file id="fl-3">
         <path>.\</path>
         <kind>object</kind>
         <file>Adafruit_OLED.obj</file>
         <name>Adafruit_OLED.obj</name>
      </input_file>
      <input_file id="fl-4">
         <path>.\</path>
         <kind>object</kind>
         <file>main.obj</file>
         <name>main.obj</name>
      </input_file>
      <input_file id="fl-5">
         <path>.\</path>
         <kind>object</kind>
         <file>pin_mux_config.obj</file>
         <name>pin_mux_config.obj</name>
      </input_file>
      <input_file id="fl-6">
         <path>.\</path>
         <kind>object</kind>
         <file>startup_ccs.obj</file>
         <name>startup_ccs.obj</name>
      </input_file>
      <input_file id="fl-7">
         <path>.\</path>
         <kind>object</kind>
         <file>test.obj</file>
         <name>test.obj</name>
      </input_file>
      <input_file id="fl-8">
         <path>.\</path>
         <kind>object</kind>
         <file>uart_if.obj</file>
         <name>uart_if.obj</name>
      </input_file>
      <input_file id="fl-d">
         <kind>object</kind>
         <file>&lt;internal&gt;</file>
         <name>&lt;internal&gt;</name>
      </input_file>
      <input_file id="fl-e">
         <path>C:\ti\CC3200SDK_1.5.0\cc3200-sdk\driverlib\ccs\Release\</path>
         <kind>archive</kind>
         <file>driverlib.a</file>
         <name>gpio.obj</name>
      </input_file>
      <input_file id="fl-f">
         <path>C:\ti\CC3200SDK_1.5.0\cc3200-sdk\driverlib\ccs\Release\</path>
         <kind>archive</kind>
         <file>driverlib.a</file>
         <name>interrupt.obj</name>
      </input_file>
      <input_file id="fl-10">
         <path>C:\ti\CC3200SDK_1.5.0\cc3200-sdk\driverlib\ccs\Release\</path>
         <kind>archive</kind>
         <file>driverlib.a</file>
         <name>pin.obj</name>
      </input_file>
      <input_file id="fl-11">
         <path>C:\ti\CC3200SDK_1.5.0\cc3200-sdk\driverlib\ccs\Release\</path>
         <kind>archive</kind>
         <file>driverlib.a</file>
         <name>prcm.obj</name>
      </input_file>
      <input_file id="fl-12">
         <path>C:\ti\CC3200SDK_1.5.0\cc3200-sdk\driverlib\ccs\Release\</path>
         <kind>archive</kind>
         <file>driverlib.a</file>
         <name>spi.obj</name>
      </input_file>
      <input_file id="fl-13">
         <path>C:\ti\CC3200SDK_1.5.0\cc3200-sdk\driverlib\ccs\Release\</path>
         <kind>archive</kind>
         <file>driverlib.a</file>
         <name>uart.obj</name>
      </input_file>
      <input_file id="fl-14">
         <path>C:\ti\CC3200SDK_1.5.0\cc3200-sdk\driverlib\ccs\Release\</path>
         <kind>archive</kind>
         <file>driverlib.a</file>
         <name>utils.obj</name>
      </input_file>
      <input_file id="fl-15">
         <path>C:\ti\CC3200SDK_1.5.0\cc3200-sdk\driverlib\ccs\Release\</path>
         <kind>archive</kind>
         <file>driverlib.a</file>
         <name>cpu.obj</name>
      </input_file>
      <input_file id="fl-16">
         <path>C:\ti\CC3200SDK_1.5.0\cc3200-sdk\driverlib\ccs\Release\</path>
         <kind>archive</kind>
         <file>driverlib.a</file>
         <name>flash.obj</name>
      </input_file>
      <input_file id="fl-cc">
         <path>C:\ti\ccs1020\ccs\tools\compiler\ti-cgt-arm_20.2.2.LTS\lib\</path>
         <kind>archive</kind>
         <file>rtsv7M4_T_le_eabi.lib</file>
         <name>vsnprintf.c.obj</name>
      </input_file>
      <input_file id="fl-cd">
         <path>C:\ti\ccs1020\ccs\tools\compiler\ti-cgt-arm_20.2.2.LTS\lib\</path>
         <kind>archive</kind>
         <file>rtsv7M4_T_le_eabi.lib</file>
         <name>memcpy_t2.asm.obj</name>
      </input_file>
      <input_file id="fl-ce">
         <path>C:\ti\ccs1020\ccs\tools\compiler\ti-cgt-arm_20.2.2.LTS\lib\</path>
         <kind>archive</kind>
         <file>rtsv7M4_T_le_eabi.lib</file>
         <name>ull_div_t2.asm.obj</name>
      </input_file>
      <input_file id="fl-cf">
         <path>C:\ti\ccs1020\ccs\tools\compiler\ti-cgt-arm_20.2.2.LTS\lib\</path>
         <kind>archive</kind>
         <file>rtsv7M4_T_le_eabi.lib</file>
         <name>copy_zero_init.c.obj</name>
      </input_file>
      <input_file id="fl-d0">
         <path>C:\ti\ccs1020\ccs\tools\compiler\ti-cgt-arm_20.2.2.LTS\lib\</path>
         <kind>archive</kind>
         <file>rtsv7M4_T_le_eabi.lib</file>
         <name>copy_decompress_none.c.obj</name>
      </input_file>
      <input_file id="fl-d1">
         <path>C:\ti\ccs1020\ccs\tools\compiler\ti-cgt-arm_20.2.2.LTS\lib\</path>
         <kind>archive</kind>
         <file>rtsv7M4_T_le_eabi.lib</file>
         <name>copy_decompress_lzss.c.obj</name>
      </input_file>
      <input_file id="fl-d2">
         <path>C:\ti\ccs1020\ccs\tools\compiler\ti-cgt-arm_20.2.2.LTS\lib\</path>
         <kind>archive</kind>
         <file>rtsv7M4_T_le_eabi.lib</file>
         <name>memmov.c.obj</name>
      </input_file>
      <input_file id="fl-d3">
         <path>C:\ti\ccs1020\ccs\tools\compiler\ti-cgt-arm_20.2.2.LTS\lib\</path>
         <kind>archive</kind>
         <file>rtsv7M4_T_le_eabi.lib</file>
         <name>memory.c.obj</name>
      </input_file>
      <input_file id="fl-d4">
         <path>C:\ti\ccs1020\ccs\tools\compiler\ti-cgt-arm_20.2.2.LTS\lib\</path>
         <kind>archive</kind>
         <file>rtsv7M4_T_le_eabi.lib</file>
         <name>strlen.c.obj</name>
      </input_file>
      <input_file id="fl-d5">
         <path>C:\ti\ccs1020\ccs\tools\compiler\ti-cgt-arm_20.2.2.LTS\lib\</path>
         <kind>archive</kind>
         <file>rtsv7M4_T_le_eabi.lib</file>
         <name>boot_cortex_m.c.obj</name>
      </input_file>
      <input_file id="fl-d6">
         <path>C:\ti\ccs1020\ccs\tools\compiler\ti-cgt-arm_20.2.2.LTS\lib\</path>
         <kind>archive</kind>
         <file>rtsv7M4_T_le_eabi.lib</file>
         <name>_printfi.c.obj</name>
      </input_file>
      <input_file id="fl-d7">
         <path>C:\ti\ccs1020\ccs\tools\compiler\ti-cgt-arm_20.2.2.LTS\lib\</path>
         <kind>archive</kind>
         <file>rtsv7M4_T_le_eabi.lib</file>
         <name>div0.asm.obj</name>
      </input_file>
      <input_file id="fl-d8">
         <path>C:\ti\ccs1020\ccs\tools\compiler\ti-cgt-arm_20.2.2.LTS\lib\</path>
         <kind>archive</kind>
         <file>rtsv7M4_T_le_eabi.lib</file>
         <name>fd_add_t2.asm.obj</name>
      </input_file>
      <input_file id="fl-d9">
         <path>C:\ti\ccs1020\ccs\tools\compiler\ti-cgt-arm_20.2.2.LTS\lib\</path>
         <kind>archive</kind>
         <file>rtsv7M4_T_le_eabi.lib</file>
         <name>fd_cmp_t2.asm.obj</name>
      </input_file>
      <input_file id="fl-da">
         <path>C:\ti\ccs1020\ccs\tools\compiler\ti-cgt-arm_20.2.2.LTS\lib\</path>
         <kind>archive</kind>
         <file>rtsv7M4_T_le_eabi.lib</file>
         <name>fd_div_t2.asm.obj</name>
      </input_file>
      <input_file id="fl-db">
         <path>C:\ti\ccs1020\ccs\tools\compiler\ti-cgt-arm_20.2.2.LTS\lib\</path>
         <kind>archive</kind>
         <file>rtsv7M4_T_le_eabi.lib</file>
         <name>fd_mul_t2.asm.obj</name>
      </input_file>
      <input_file id="fl-dc">
         <path>C:\ti\ccs1020\ccs\tools\compiler\ti-cgt-arm_20.2.2.LTS\lib\</path>
         <kind>archive</kind>
         <file>rtsv7M4_T_le_eabi.lib</file>
         <name>fd_toi_t2.asm.obj</name>
      </input_file>
      <input_file id="fl-dd">
         <path>C:\ti\ccs1020\ccs\tools\compiler\ti-cgt-arm_20.2.2.LTS\lib\</path>
         <kind>archive</kind>
         <file>rtsv7M4_T_le_eabi.lib</file>
         <name>i_tofd_t2.asm.obj</name>
      </input_file>
      <input_file id="fl-de">
         <path>C:\ti\ccs1020\ccs\tools\compiler\ti-cgt-arm_20.2.2.LTS\lib\</path>
         <kind>archive</kind>
         <file>rtsv7M4_T_le_eabi.lib</file>
         <name>memset_t2.asm.obj</name>
      </input_file>
      <input_file id="fl-df">
         <path>C:\ti\ccs1020\ccs\tools\compiler\ti-cgt-arm_20.2.2.LTS\lib\</path>
         <kind>archive</kind>
         <file>rtsv7M4_T_le_eabi.lib</file>
         <name>autoinit.c.obj</name>
      </input_file>
      <input_file id="fl-e0">
         <path>C:\ti\ccs1020\ccs\tools\compiler\ti-cgt-arm_20.2.2.LTS\lib\</path>
         <kind>archive</kind>
         <file>rtsv7M4_T_le_eabi.lib</file>
         <name>pre_init.c.obj</name>
      </input_file>
      <input_file id="fl-e1">
         <path>C:\ti\ccs1020\ccs\tools\compiler\ti-cgt-arm_20.2.2.LTS\lib\</path>
         <kind>archive</kind>
         <file>rtsv7M4_T_le_eabi.lib</file>
         <name>cpy_tbl.c.obj</name>
      </input_file>
      <input_file id="fl-e2">
         <path>C:\ti\ccs1020\ccs\tools\compiler\ti-cgt-arm_20.2.2.LTS\lib\</path>
         <kind>archive</kind>
         <file>rtsv7M4_T_le_eabi.lib</file>
         <name>exit.c.obj</name>
      </input_file>
      <input_file id="fl-e3">
         <path>C:\ti\ccs1020\ccs\tools\compiler\ti-cgt-arm_20.2.2.LTS\lib\</path>
         <kind>archive</kind>
         <file>rtsv7M4_T_le_eabi.lib</file>
         <name>_lock.c.obj</name>
      </input_file>
      <input_file id="fl-e4">
         <path>C:\ti\ccs1020\ccs\tools\compiler\ti-cgt-arm_20.2.2.LTS\lib\</path>
         <kind>archive</kind>
         <file>rtsv7M4_T_le_eabi.lib</file>
         <name>_ltoa.c.obj</name>
      </input_file>
      <input_file id="fl-e5">
         <path>C:\ti\ccs1020\ccs\tools\compiler\ti-cgt-arm_20.2.2.LTS\lib\</path>
         <kind>archive</kind>
         <file>rtsv7M4_T_le_eabi.lib</file>
         <name>args_main.c.obj</name>
      </input_file>
      <input_file id="fl-e6">
         <path>C:\ti\ccs1020\ccs\tools\compiler\ti-cgt-arm_20.2.2.LTS\lib\</path>
         <kind>archive</kind>
         <file>rtsv7M4_T_le_eabi.lib</file>
         <name>atoi.c.obj</name>
      </input_file>
      <input_file id="fl-e7">
         <path>C:\ti\ccs1020\ccs\tools\compiler\ti-cgt-arm_20.2.2.LTS\lib\</path>
         <kind>archive</kind>
         <file>rtsv7M4_T_le_eabi.lib</file>
         <name>ctype.c.obj</name>
      </input_file>
      <input_file id="fl-e8">
         <path>C:\ti\ccs1020\ccs\tools\compiler\ti-cgt-arm_20.2.2.LTS\lib\</path>
         <kind>archive</kind>
         <file>rtsv7M4_T_le_eabi.lib</file>
         <name>memccpy.c.obj</name>
      </input_file>
      <input_file id="fl-e9">
         <path>C:\ti\ccs1020\ccs\tools\compiler\ti-cgt-arm_20.2.2.LTS\lib\</path>
         <kind>archive</kind>
         <file>rtsv7M4_T_le_eabi.lib</file>
         <name>strchr.c.obj</name>
      </input_file>
      <input_file id="fl-ea">
         <path>C:\ti\ccs1020\ccs\tools\compiler\ti-cgt-arm_20.2.2.LTS\lib\</path>
         <kind>archive</kind>
         <file>rtsv7M4_T_le_eabi.lib</file>
         <name>errno.c.obj</name>
      </input_file>
      <input_file id="fl-eb">
         <path>C:\ti\ccs1020\ccs\tools\compiler\ti-cgt-arm_20.2.2.LTS\lib\</path>
         <kind>archive</kind>
         <file>rtsv7M4_T_le_eabi.lib</file>
         <name>s_frexp.c.obj</name>
      </input_file>
      <input_file id="fl-ec">
         <path>C:\ti\ccs1020\ccs\tools\compiler\ti-cgt-arm_20.2.2.LTS\lib\</path>
         <kind>archive</kind>
         <file>rtsv7M4_T_le_eabi.lib</file>
         <name>s_scalbn.c.obj</name>
      </input_file>
      <input_file id="fl-ed">
         <path>C:\ti\ccs1020\ccs\tools\compiler\ti-cgt-arm_20.2.2.LTS\lib\</path>
         <kind>archive</kind>
         <file>rtsv7M4_T_le_eabi.lib</file>
         <name>wcslen.c.obj</name>
      </input_file>
      <input_file id="fl-ee">
         <path>C:\ti\ccs1020\ccs\tools\compiler\ti-cgt-arm_20.2.2.LTS\lib\</path>
         <kind>archive</kind>
         <file>rtsv7M4_T_le_eabi.lib</file>
         <name>s_copysign.c.obj</name>
      </input_file>
   </input_file_list>
   <object_component_list>
      <object_component id="oc-12">
         <name>.intvecs</name>
         <load_address>0x20004000</load_address>
         <run_address>0x20004000</run_address>
         <size>0x400</size>
         <input_file_ref idref="fl-6"/>
      </object_component>
      <object_component id="oc-29a">
         <name>.text:__TI_printfi</name>
         <load_address>0x20004400</load_address>
         <run_address>0x20004400</run_address>
         <size>0xa4e</size>
         <input_file_ref idref="fl-d6"/>
      </object_component>
      <object_component id="oc-312">
         <name>.text:_nop</name>
         <load_address>0x20004e4e</load_address>
         <run_address>0x20004e4e</run_address>
         <size>0x2</size>
         <input_file_ref idref="fl-e3"/>
      </object_component>
      <object_component id="oc-97">
         <name>.text</name>
         <load_address>0x20004e50</load_address>
         <run_address>0x20004e50</run_address>
         <size>0x38c</size>
         <input_file_ref idref="fl-4"/>
      </object_component>
      <object_component id="oc-dd">
         <name>.text</name>
         <load_address>0x200051dc</load_address>
         <run_address>0x200051dc</run_address>
         <size>0x27c</size>
         <input_file_ref idref="fl-8"/>
      </object_component>
      <object_component id="oc-358">
         <name>.text:_pconv_a</name>
         <load_address>0x20005458</load_address>
         <run_address>0x20005458</run_address>
         <size>0x268</size>
         <input_file_ref idref="fl-d6"/>
      </object_component>
      <object_component id="oc-346">
         <name>.text:_pconv_g</name>
         <load_address>0x200056c0</load_address>
         <run_address>0x200056c0</run_address>
         <size>0x1cc</size>
         <input_file_ref idref="fl-d6"/>
      </object_component>
      <object_component id="oc-3cd">
         <name>.text</name>
         <load_address>0x2000588c</load_address>
         <run_address>0x2000588c</run_address>
         <size>0x1b6</size>
         <input_file_ref idref="fl-d8"/>
      </object_component>
      <object_component id="oc-423">
         <name>.text</name>
         <load_address>0x20005a42</load_address>
         <run_address>0x20005a42</run_address>
         <size>0x2</size>
         <input_file_ref idref="fl-d7"/>
      </object_component>
      <object_component id="oc-13d">
         <name>.text:PRCMCC3200MCUInit</name>
         <load_address>0x20005a44</load_address>
         <run_address>0x20005a44</run_address>
         <size>0x178</size>
         <input_file_ref idref="fl-11"/>
      </object_component>
      <object_component id="oc-352">
         <name>.text:_pconv_e</name>
         <load_address>0x20005bbc</load_address>
         <run_address>0x20005bbc</run_address>
         <size>0x13c</size>
         <input_file_ref idref="fl-d6"/>
      </object_component>
      <object_component id="oc-3b3">
         <name>.text</name>
         <load_address>0x20005cf8</load_address>
         <run_address>0x20005cf8</run_address>
         <size>0x136</size>
         <input_file_ref idref="fl-da"/>
      </object_component>
      <object_component id="oc-3df">
         <name>.text:fcvt</name>
         <load_address>0x20005e30</load_address>
         <run_address>0x20005e30</run_address>
         <size>0x120</size>
         <input_file_ref idref="fl-d6"/>
      </object_component>
      <object_component id="oc-2be">
         <name>.text:aligned_alloc</name>
         <load_address>0x20005f50</load_address>
         <run_address>0x20005f50</run_address>
         <size>0x100</size>
         <input_file_ref idref="fl-d3"/>
      </object_component>
      <object_component id="oc-143">
         <name>.text</name>
         <load_address>0x20006050</load_address>
         <run_address>0x20006050</run_address>
         <size>0xfc</size>
         <input_file_ref idref="fl-5"/>
      </object_component>
      <object_component id="oc-3ae">
         <name>.text</name>
         <load_address>0x2000614c</load_address>
         <run_address>0x2000614c</run_address>
         <size>0xfc</size>
         <input_file_ref idref="fl-db"/>
      </object_component>
      <object_component id="oc-1dd">
         <name>.text:free</name>
         <load_address>0x20006248</load_address>
         <run_address>0x20006248</run_address>
         <size>0xe4</size>
         <input_file_ref idref="fl-d3"/>
      </object_component>
      <object_component id="oc-1d7">
         <name>.text:realloc</name>
         <load_address>0x2000632c</load_address>
         <run_address>0x2000632c</run_address>
         <size>0xe4</size>
         <input_file_ref idref="fl-d3"/>
      </object_component>
      <object_component id="oc-203">
         <name>.text:SPITransfer32</name>
         <load_address>0x20006410</load_address>
         <run_address>0x20006410</run_address>
         <size>0xd0</size>
         <input_file_ref idref="fl-12"/>
      </object_component>
      <object_component id="oc-3f3">
         <name>.text:scalbn</name>
         <load_address>0x200064e0</load_address>
         <run_address>0x200064e0</run_address>
         <size>0xd0</size>
         <input_file_ref idref="fl-ec"/>
      </object_component>
      <object_component id="oc-1fd">
         <name>.text:SPITransfer16</name>
         <load_address>0x200065b0</load_address>
         <run_address>0x200065b0</run_address>
         <size>0xce</size>
         <input_file_ref idref="fl-12"/>
      </object_component>
      <object_component id="oc-1f7">
         <name>.text:SPITransfer8</name>
         <load_address>0x2000667e</load_address>
         <run_address>0x2000667e</run_address>
         <size>0xb8</size>
         <input_file_ref idref="fl-12"/>
      </object_component>
      <object_component id="oc-33b">
         <name>.text:_ltostr</name>
         <load_address>0x20006738</load_address>
         <run_address>0x20006738</run_address>
         <size>0xb1</size>
         <input_file_ref idref="fl-d6"/>
      </object_component>
      <object_component id="oc-137">
         <name>.text:IntEnable</name>
         <load_address>0x200067ec</load_address>
         <run_address>0x200067ec</run_address>
         <size>0xa8</size>
         <input_file_ref idref="fl-f"/>
      </object_component>
      <object_component id="oc-ef">
         <name>.text:SPIConfigSetExpClk</name>
         <load_address>0x20006894</load_address>
         <run_address>0x20006894</run_address>
         <size>0xa0</size>
         <input_file_ref idref="fl-12"/>
      </object_component>
      <object_component id="oc-3d">
         <name>.text</name>
         <load_address>0x20006934</load_address>
         <run_address>0x20006934</run_address>
         <size>0x9c</size>
         <input_file_ref idref="fl-cd"/>
      </object_component>
      <object_component id="oc-3a7">
         <name>.text</name>
         <load_address>0x200069d0</load_address>
         <run_address>0x200069d0</run_address>
         <size>0x96</size>
         <input_file_ref idref="fl-ce"/>
      </object_component>
      <object_component id="oc-e9">
         <name>.text:PRCMPeripheralClockGet</name>
         <load_address>0x20006a68</load_address>
         <run_address>0x20006a68</run_address>
         <size>0x94</size>
         <input_file_ref idref="fl-11"/>
      </object_component>
      <object_component id="oc-2fc">
         <name>.text:PinConfigSet</name>
         <load_address>0x20006afc</load_address>
         <run_address>0x20006afc</run_address>
         <size>0x88</size>
         <input_file_ref idref="fl-10"/>
      </object_component>
      <object_component id="oc-101">
         <name>.text:SPITransfer</name>
         <load_address>0x20006b84</load_address>
         <run_address>0x20006b84</run_address>
         <size>0x88</size>
         <input_file_ref idref="fl-12"/>
      </object_component>
      <object_component id="oc-341">
         <name>.text:__aeabi_cdcmple</name>
         <load_address>0x20006c0c</load_address>
         <run_address>0x20006c0c</run_address>
         <size>0x86</size>
         <input_file_ref idref="fl-d9"/>
      </object_component>
      <object_component id="oc-3b8">
         <name>.text:__aeabi_cdrcmple</name>
         <load_address>0x20006c92</load_address>
         <run_address>0x20006c92</run_address>
         <size>0x86</size>
         <input_file_ref idref="fl-d9"/>
      </object_component>
      <object_component id="oc-c5">
         <name>.text:SPIIntStatus</name>
         <load_address>0x20006d18</load_address>
         <run_address>0x20006d18</run_address>
         <size>0x7c</size>
         <input_file_ref idref="fl-12"/>
      </object_component>
      <object_component id="oc-8b">
         <name>.text</name>
         <load_address>0x20006d94</load_address>
         <run_address>0x20006d94</run_address>
         <size>0x7a</size>
         <input_file_ref idref="fl-de"/>
      </object_component>
      <object_component id="oc-1ad">
         <name>.text:UARTConfigSetExpClk</name>
         <load_address>0x20006e0e</load_address>
         <run_address>0x20006e0e</run_address>
         <size>0x76</size>
         <input_file_ref idref="fl-13"/>
      </object_component>
      <object_component id="oc-2cb">
         <name>.text:split</name>
         <load_address>0x20006e84</load_address>
         <run_address>0x20006e84</run_address>
         <size>0x70</size>
         <input_file_ref idref="fl-d3"/>
      </object_component>
      <object_component id="oc-3d8">
         <name>.text:_mcpy</name>
         <load_address>0x20006ef4</load_address>
         <run_address>0x20006ef4</run_address>
         <size>0x6e</size>
         <input_file_ref idref="fl-d6"/>
      </object_component>
      <object_component id="oc-15">
         <name>.text:decompress:lzss:__TI_decompress_lzss</name>
         <load_address>0x20006f62</load_address>
         <run_address>0x20006f62</run_address>
         <size>0x68</size>
         <input_file_ref idref="fl-d1"/>
      </object_component>
      <object_component id="oc-3ed">
         <name>.text:frexp</name>
         <load_address>0x20006fcc</load_address>
         <run_address>0x20006fcc</run_address>
         <size>0x5c</size>
         <input_file_ref idref="fl-eb"/>
      </object_component>
      <object_component id="oc-14f">
         <name>.text:PRCMPeripheralReset</name>
         <load_address>0x20007028</load_address>
         <run_address>0x20007028</run_address>
         <size>0x58</size>
         <input_file_ref idref="fl-11"/>
      </object_component>
      <object_component id="oc-34c">
         <name>.text:_pconv_f</name>
         <load_address>0x20007080</load_address>
         <run_address>0x20007080</run_address>
         <size>0x56</size>
         <input_file_ref idref="fl-d6"/>
      </object_component>
      <object_component id="oc-3c2">
         <name>.text:__TI_ltoa</name>
         <load_address>0x200070d6</load_address>
         <run_address>0x200070d6</run_address>
         <size>0x54</size>
         <input_file_ref idref="fl-e4"/>
      </object_component>
      <object_component id="oc-3d2">
         <name>.text:_ecpy</name>
         <load_address>0x2000712a</load_address>
         <run_address>0x2000712a</run_address>
         <size>0x52</size>
         <input_file_ref idref="fl-d6"/>
      </object_component>
      <object_component id="oc-125">
         <name>.text:SPIIntEnable</name>
         <load_address>0x2000717c</load_address>
         <run_address>0x2000717c</run_address>
         <size>0x4c</size>
         <input_file_ref idref="fl-12"/>
      </object_component>
      <object_component id="oc-20e">
         <name>.text:SPIIntNumberGet</name>
         <load_address>0x200071c8</load_address>
         <run_address>0x200071c8</run_address>
         <size>0x4c</size>
         <input_file_ref idref="fl-12"/>
      </object_component>
      <object_component id="oc-335">
         <name>.text:atoi</name>
         <load_address>0x20007214</load_address>
         <run_address>0x20007214</run_address>
         <size>0x4c</size>
         <input_file_ref idref="fl-e6"/>
      </object_component>
      <object_component id="oc-cb">
         <name>.text:SPIIntClear</name>
         <load_address>0x20007260</load_address>
         <run_address>0x20007260</run_address>
         <size>0x48</size>
         <input_file_ref idref="fl-12"/>
      </object_component>
      <object_component id="oc-3bd">
         <name>.text</name>
         <load_address>0x200072a8</load_address>
         <run_address>0x200072a8</run_address>
         <size>0x48</size>
         <input_file_ref idref="fl-dc"/>
      </object_component>
      <object_component id="oc-19d">
         <name>.text:SPIDmaMaskGet</name>
         <load_address>0x200072f0</load_address>
         <run_address>0x200072f0</run_address>
         <size>0x44</size>
         <input_file_ref idref="fl-12"/>
      </object_component>
      <object_component id="oc-16b">
         <name>.text:__TI_auto_init_nobinit_nopinit:__TI_auto_init_nobinit_nopinit</name>
         <load_address>0x20007334</load_address>
         <run_address>0x20007334</run_address>
         <size>0x44</size>
         <input_file_ref idref="fl-df"/>
      </object_component>
      <object_component id="oc-241">
         <name>.text:PinModeSet</name>
         <load_address>0x20007378</load_address>
         <run_address>0x20007378</run_address>
         <size>0x40</size>
         <input_file_ref idref="fl-10"/>
      </object_component>
      <object_component id="oc-1b3">
         <name>.text:vsnprintf</name>
         <load_address>0x200073b8</load_address>
         <run_address>0x200073b8</run_address>
         <size>0x40</size>
         <input_file_ref idref="fl-cc"/>
      </object_component>
      <object_component id="oc-3e5">
         <name>.text:_fcpy</name>
         <load_address>0x200073f8</load_address>
         <run_address>0x200073f8</run_address>
         <size>0x3e</size>
         <input_file_ref idref="fl-d6"/>
      </object_component>
      <object_component id="oc-149">
         <name>.text:PRCMPeripheralClkEnable</name>
         <load_address>0x20007438</load_address>
         <run_address>0x20007438</run_address>
         <size>0x3c</size>
         <input_file_ref idref="fl-11"/>
      </object_component>
      <object_component id="oc-24d">
         <name>.text:GPIODirModeSet</name>
         <load_address>0x20007474</load_address>
         <run_address>0x20007474</run_address>
         <size>0x36</size>
         <input_file_ref idref="fl-e"/>
      </object_component>
      <object_component id="oc-247">
         <name>.text:PinTypeGPIO</name>
         <load_address>0x200074aa</load_address>
         <run_address>0x200074aa</run_address>
         <size>0x30</size>
         <input_file_ref idref="fl-10"/>
      </object_component>
      <object_component id="oc-28d">
         <name>.text:UARTDisable</name>
         <load_address>0x200074dc</load_address>
         <run_address>0x200074dc</run_address>
         <size>0x30</size>
         <input_file_ref idref="fl-13"/>
      </object_component>
      <object_component id="oc-2a0">
         <name>.text:_outs</name>
         <load_address>0x2000750c</load_address>
         <run_address>0x2000750c</run_address>
         <size>0x30</size>
         <input_file_ref idref="fl-cc"/>
      </object_component>
      <object_component id="oc-3c8">
         <name>.text</name>
         <load_address>0x2000753c</load_address>
         <run_address>0x2000753c</run_address>
         <size>0x2e</size>
         <input_file_ref idref="fl-dd"/>
      </object_component>
      <object_component id="oc-228">
         <name>.text:PRCMSysResetCauseGet</name>
         <load_address>0x2000756c</load_address>
         <run_address>0x2000756c</run_address>
         <size>0x2c</size>
         <input_file_ref idref="fl-11"/>
      </object_component>
      <object_component id="oc-d7">
         <name>.text:SPIDataGetNonBlocking</name>
         <load_address>0x20007598</load_address>
         <run_address>0x20007598</run_address>
         <size>0x2a</size>
         <input_file_ref idref="fl-12"/>
      </object_component>
      <object_component id="oc-23a">
         <name>.text:PRCMPeripheralClkDisable</name>
         <load_address>0x200075c4</load_address>
         <run_address>0x200075c4</run_address>
         <size>0x28</size>
         <input_file_ref idref="fl-11"/>
      </object_component>
      <object_component id="oc-2d2">
         <name>.text:free_list_insert</name>
         <load_address>0x200075ec</load_address>
         <run_address>0x200075ec</run_address>
         <size>0x28</size>
         <input_file_ref idref="fl-d3"/>
      </object_component>
      <object_component id="oc-1cb">
         <name>.text:memmove</name>
         <load_address>0x20007614</load_address>
         <run_address>0x20007614</run_address>
         <size>0x28</size>
         <input_file_ref idref="fl-d2"/>
      </object_component>
      <object_component id="oc-293">
         <name>.text:UARTEnable</name>
         <load_address>0x2000763c</load_address>
         <run_address>0x2000763c</run_address>
         <size>0x24</size>
         <input_file_ref idref="fl-13"/>
      </object_component>
      <object_component id="oc-5b">
         <name>.text:_c_int00_noargs:_c_int00_noargs</name>
         <load_address>0x20007660</load_address>
         <run_address>0x20007660</run_address>
         <size>0x24</size>
         <input_file_ref idref="fl-d5"/>
      </object_component>
      <object_component id="oc-e3">
         <name>.text:SPIReset</name>
         <load_address>0x20007684</load_address>
         <run_address>0x20007684</run_address>
         <size>0x22</size>
         <input_file_ref idref="fl-12"/>
      </object_component>
      <object_component id="oc-214">
         <name>.text:IntRegister</name>
         <load_address>0x200076a8</load_address>
         <run_address>0x200076a8</run_address>
         <size>0x20</size>
         <input_file_ref idref="fl-f"/>
      </object_component>
      <object_component id="oc-113">
         <name>.text:SPIDataGet</name>
         <load_address>0x200076c8</load_address>
         <run_address>0x200076c8</run_address>
         <size>0x20</size>
         <input_file_ref idref="fl-12"/>
      </object_component>
      <object_component id="oc-d1">
         <name>.text:SPIDataPut</name>
         <load_address>0x200076e8</load_address>
         <run_address>0x200076e8</run_address>
         <size>0x1e</size>
         <input_file_ref idref="fl-12"/>
      </object_component>
      <object_component id="oc-11f">
         <name>.text:SPIIntRegister</name>
         <load_address>0x20007706</load_address>
         <run_address>0x20007706</run_address>
         <size>0x1e</size>
         <input_file_ref idref="fl-12"/>
      </object_component>
      <object_component id="oc-10d">
         <name>.text:UARTCharPut</name>
         <load_address>0x20007724</load_address>
         <run_address>0x20007724</run_address>
         <size>0x1e</size>
         <input_file_ref idref="fl-13"/>
      </object_component>
      <object_component id="oc-1bf">
         <name>.text:UARTCharGetNonBlocking</name>
         <load_address>0x20007742</load_address>
         <run_address>0x20007742</run_address>
         <size>0x1c</size>
         <input_file_ref idref="fl-13"/>
      </object_component>
      <object_component id="oc-49">
         <name>.text:decompress:ZI:__TI_zero_init_nomemset:__TI_zero_init_nomemset</name>
         <load_address>0x2000775e</load_address>
         <run_address>0x2000775e</run_address>
         <size>0x1c</size>
         <input_file_ref idref="fl-cf"/>
      </object_component>
      <object_component id="oc-2c5">
         <name>.text:free_list_remove</name>
         <load_address>0x2000777c</load_address>
         <run_address>0x2000777c</run_address>
         <size>0x1c</size>
         <input_file_ref idref="fl-d3"/>
      </object_component>
      <object_component id="oc-35e">
         <name>.text:memccpy</name>
         <load_address>0x20007798</load_address>
         <run_address>0x20007798</run_address>
         <size>0x1c</size>
         <input_file_ref idref="fl-e8"/>
      </object_component>
      <object_component id="oc-253">
         <name>.text:PinTypeSPI</name>
         <load_address>0x200077b4</load_address>
         <run_address>0x200077b4</run_address>
         <size>0x1a</size>
         <input_file_ref idref="fl-10"/>
      </object_component>
      <object_component id="oc-119">
         <name>.text:SPICSDisable</name>
         <load_address>0x200077ce</load_address>
         <run_address>0x200077ce</run_address>
         <size>0x18</size>
         <input_file_ref idref="fl-12"/>
      </object_component>
      <object_component id="oc-107">
         <name>.text:SPICSEnable</name>
         <load_address>0x200077e6</load_address>
         <run_address>0x200077e6</run_address>
         <size>0x18</size>
         <input_file_ref idref="fl-12"/>
      </object_component>
      <object_component id="oc-f5">
         <name>.text:SPIEnable</name>
         <load_address>0x200077fe</load_address>
         <run_address>0x200077fe</run_address>
         <size>0x18</size>
         <input_file_ref idref="fl-12"/>
      </object_component>
      <object_component id="oc-1b9">
         <name>.text:UARTCharsAvail</name>
         <load_address>0x20007816</load_address>
         <run_address>0x20007816</run_address>
         <size>0x18</size>
         <input_file_ref idref="fl-13"/>
      </object_component>
      <object_component id="oc-2a6">
         <name>.text:_outc</name>
         <load_address>0x2000782e</load_address>
         <run_address>0x2000782e</run_address>
         <size>0x18</size>
         <input_file_ref idref="fl-cc"/>
      </object_component>
      <object_component id="oc-22e">
         <name>.text:PRCMHIBRegRead</name>
         <load_address>0x20007846</load_address>
         <run_address>0x20007846</run_address>
         <size>0x16</size>
         <input_file_ref idref="fl-11"/>
      </object_component>
      <object_component id="oc-234">
         <name>.text:PRCMHIBRegWrite</name>
         <load_address>0x2000785c</load_address>
         <run_address>0x2000785c</run_address>
         <size>0x16</size>
         <input_file_ref idref="fl-11"/>
      </object_component>
      <object_component id="oc-fb">
         <name>.text:UARTCharGet</name>
         <load_address>0x20007872</load_address>
         <run_address>0x20007872</run_address>
         <size>0x16</size>
         <input_file_ref idref="fl-13"/>
      </object_component>
      <object_component id="oc-3f9">
         <name>.text:strchr</name>
         <load_address>0x20007888</load_address>
         <run_address>0x20007888</run_address>
         <size>0x16</size>
         <input_file_ref idref="fl-e9"/>
      </object_component>
      <object_component id="oc-21d">
         <name>.text:CPUcpsie</name>
         <load_address>0x2000789e</load_address>
         <run_address>0x2000789e</run_address>
         <size>0x14</size>
         <input_file_ref idref="fl-15"/>
      </object_component>
      <object_component id="oc-12b">
         <name>.text:IntVTableBaseSet</name>
         <load_address>0x200078b4</load_address>
         <run_address>0x200078b4</run_address>
         <size>0x14</size>
         <input_file_ref idref="fl-f"/>
      </object_component>
      <object_component id="oc-1c5">
         <name>.text:strlen</name>
         <load_address>0x200078c8</load_address>
         <run_address>0x200078c8</run_address>
         <size>0x14</size>
         <input_file_ref idref="fl-d4"/>
      </object_component>
      <object_component id="oc-364">
         <name>.text:wcslen</name>
         <load_address>0x200078dc</load_address>
         <run_address>0x200078dc</run_address>
         <size>0x12</size>
         <input_file_ref idref="fl-ed"/>
      </object_component>
      <object_component id="oc-1b">
         <name>.text:decompress:none:__TI_decompress_none</name>
         <load_address>0x200078ee</load_address>
         <run_address>0x200078ee</run_address>
         <size>0xe</size>
         <input_file_ref idref="fl-d0"/>
      </object_component>
      <object_component id="oc-29">
         <name>.text</name>
         <load_address>0x200078fc</load_address>
         <run_address>0x200078fc</run_address>
         <size>0xe</size>
         <input_file_ref idref="fl-6"/>
      </object_component>
      <object_component id="oc-43c">
         <name>.text:copysign</name>
         <load_address>0x2000790a</load_address>
         <run_address>0x2000790a</run_address>
         <size>0xc</size>
         <input_file_ref idref="fl-ee"/>
      </object_component>
      <object_component id="oc-131">
         <name>.text:IntMasterEnable</name>
         <load_address>0x20007916</load_address>
         <run_address>0x20007916</run_address>
         <size>0xa</size>
         <input_file_ref idref="fl-f"/>
      </object_component>
      <object_component id="oc-36a">
         <name>.text:__aeabi_errno_addr</name>
         <load_address>0x20007920</load_address>
         <run_address>0x20007920</run_address>
         <size>0x8</size>
         <input_file_ref idref="fl-ea"/>
      </object_component>
      <object_component id="oc-1d1">
         <name>.text:malloc</name>
         <load_address>0x20007928</load_address>
         <run_address>0x20007928</run_address>
         <size>0x8</size>
         <input_file_ref idref="fl-d3"/>
      </object_component>
      <object_component id="oc-2f4">
         <name>.text:UtilsDelay</name>
         <load_address>0x20007930</load_address>
         <run_address>0x20007930</run_address>
         <size>0x6</size>
         <input_file_ref idref="fl-14"/>
      </object_component>
      <object_component id="oc-91">
         <name>.text:_system_pre_init</name>
         <load_address>0x20007936</load_address>
         <run_address>0x20007936</run_address>
         <size>0x4</size>
         <input_file_ref idref="fl-e0"/>
      </object_component>
      <object_component id="oc-15f">
         <name>.text:abort:abort</name>
         <load_address>0x2000793a</load_address>
         <run_address>0x2000793a</run_address>
         <size>0x4</size>
         <input_file_ref idref="fl-e2"/>
      </object_component>
      <object_component id="oc-3a2">
         <name>.const:.string:_ctypes_</name>
         <load_address>0x20007940</load_address>
         <run_address>0x20007940</run_address>
         <size>0x101</size>
         <input_file_ref idref="fl-e7"/>
      </object_component>
      <object_component id="oc-2f8">
         <name>.const:g_ulPinToPadMap</name>
         <load_address>0x20007a44</load_address>
         <run_address>0x20007a44</run_address>
         <size>0x100</size>
         <input_file_ref idref="fl-10"/>
      </object_component>
      <object_component id="oc-25a">
         <name>.const:PRCM_PeriphRegsList</name>
         <load_address>0x20007b44</load_address>
         <run_address>0x20007b44</run_address>
         <size>0xa8</size>
         <input_file_ref idref="fl-11"/>
      </object_component>
      <object_component id="oc-2ea">
         <name>.const:g_ppulSPIIntMap</name>
         <load_address>0x20007bec</load_address>
         <run_address>0x20007bec</run_address>
         <size>0x24</size>
         <input_file_ref idref="fl-12"/>
      </object_component>
      <object_component id="oc-224">
         <name>.const:g_pulEnRegs</name>
         <load_address>0x20007c10</load_address>
         <run_address>0x20007c10</run_address>
         <size>0x18</size>
         <input_file_ref idref="fl-f"/>
      </object_component>
      <object_component id="oc-287">
         <name>.const:g_ulSPIDmaMaskMap</name>
         <load_address>0x20007c28</load_address>
         <run_address>0x20007c28</run_address>
         <size>0x18</size>
         <input_file_ref idref="fl-12"/>
      </object_component>
      <object_component id="oc-494">
         <name>.cinit..data.load</name>
         <load_address>0x20007c40</load_address>
         <run_address>0x20007c40</run_address>
         <size>0xd</size>
      </object_component>
      <object_component id="oc-492">
         <name>__TI_handler_table</name>
         <load_address>0x20007c50</load_address>
         <run_address>0x20007c50</run_address>
         <size>0xc</size>
      </object_component>
      <object_component id="oc-495">
         <name>.cinit..bss.load</name>
         <load_address>0x20007c60</load_address>
         <run_address>0x20007c60</run_address>
         <size>0x8</size>
      </object_component>
      <object_component id="oc-493">
         <name>__TI_cinit_table</name>
         <load_address>0x20007c68</load_address>
         <run_address>0x20007c68</run_address>
         <size>0x10</size>
      </object_component>
      <object_component id="oc-384">
         <name>.data:$O1$$</name>
         <load_address>0x200178d8</load_address>
         <run_address>0x200178d8</run_address>
         <size>0x8</size>
         <input_file_ref idref="fl-d3"/>
      </object_component>
      <object_component id="oc-26b">
         <name>.data:$O1$$</name>
         <load_address>0x200178d0</load_address>
         <run_address>0x200178d0</run_address>
         <size>0x8</size>
         <input_file_ref idref="fl-e3"/>
      </object_component>
      <object_component id="oc-409">
         <name>.data</name>
         <load_address>0x200178e0</load_address>
         <run_address>0x200178e0</run_address>
         <size>0x4</size>
         <input_file_ref idref="fl-ea"/>
      </object_component>
      <object_component id="oc-155">
         <name>.bss:g_ucTxBuff</name>
         <uninitialized>true</uninitialized>
         <run_address>0x20017864</run_address>
         <size>0x64</size>
         <input_file_ref idref="fl-4"/>
      </object_component>
      <object_component id="oc-15b">
         <name>.bss:g_ucRxBuff</name>
         <uninitialized>true</uninitialized>
         <run_address>0x20017800</run_address>
         <size>0x64</size>
         <input_file_ref idref="fl-4"/>
      </object_component>
      <object_component id="oc-158">
         <name>.bss</name>
         <uninitialized>true</uninitialized>
         <run_address>0x200178cc</run_address>
         <size>0x2</size>
         <input_file_ref idref="fl-4"/>
      </object_component>
      <object_component id="oc-1e3">
         <name>.bss</name>
         <uninitialized>true</uninitialized>
         <run_address>0x200178c8</run_address>
         <size>0x4</size>
         <input_file_ref idref="fl-8"/>
      </object_component>
      <object_component id="oc-23">
         <name>.sysmem</name>
         <uninitialized>true</uninitialized>
         <run_address>0x20017000</run_address>
         <size>0x10</size>
         <input_file_ref idref="fl-d3"/>
      </object_component>
      <object_component id="oc-498">
         <name>.sysmem</name>
         <uninitialized>true</uninitialized>
         <run_address>0x20017000</run_address>
         <size>0x0</size>
      </object_component>
      <object_component id="oc-26">
         <name>.stack</name>
         <uninitialized>true</uninitialized>
         <run_address>0x2002f800</run_address>
         <size>0x4</size>
         <input_file_ref idref="fl-d5"/>
      </object_component>
      <object_component id="oc-497">
         <name>.stack</name>
         <uninitialized>true</uninitialized>
         <run_address>0x2002f800</run_address>
         <size>0x0</size>
      </object_component>
      <object_component id="oc-38">
         <name>.debug_info</name>
         <load_address>0x0</load_address>
         <run_address>0x0</run_address>
         <size>0x84</size>
         <input_file_ref idref="fl-2"/>
      </object_component>
      <object_component id="oc-309">
         <name>.debug_info</name>
         <load_address>0x84</load_address>
         <run_address>0x84</run_address>
         <size>0x62</size>
         <input_file_ref idref="fl-3"/>
      </object_component>
      <object_component id="oc-1a4">
         <name>.debug_info</name>
         <load_address>0xe6</load_address>
         <run_address>0xe6</run_address>
         <size>0x2c</size>
         <input_file_ref idref="fl-3"/>
      </object_component>
      <object_component id="oc-bc">
         <name>.debug_info</name>
         <load_address>0x112</load_address>
         <run_address>0x112</run_address>
         <size>0x2c</size>
         <input_file_ref idref="fl-3"/>
      </object_component>
      <object_component id="oc-262">
         <name>.debug_info</name>
         <load_address>0x13e</load_address>
         <run_address>0x13e</run_address>
         <size>0x653</size>
         <input_file_ref idref="fl-4"/>
      </object_component>
      <object_component id="oc-156">
         <name>.debug_info</name>
         <load_address>0x791</load_address>
         <run_address>0x791</run_address>
         <size>0xce</size>
         <input_file_ref idref="fl-4"/>
      </object_component>
      <object_component id="oc-15c">
         <name>.debug_info</name>
         <load_address>0x85f</load_address>
         <run_address>0x85f</run_address>
         <size>0xce</size>
         <input_file_ref idref="fl-4"/>
      </object_component>
      <object_component id="oc-159">
         <name>.debug_info</name>
         <load_address>0x92d</load_address>
         <run_address>0x92d</run_address>
         <size>0xf6</size>
         <input_file_ref idref="fl-4"/>
      </object_component>
      <object_component id="oc-98">
         <name>.debug_info</name>
         <load_address>0xa23</load_address>
         <run_address>0xa23</run_address>
         <size>0x5ce</size>
         <input_file_ref idref="fl-4"/>
      </object_component>
      <object_component id="oc-145">
         <name>.debug_info</name>
         <load_address>0xff1</load_address>
         <run_address>0xff1</run_address>
         <size>0x331</size>
         <input_file_ref idref="fl-5"/>
      </object_component>
      <object_component id="oc-31">
         <name>.debug_info</name>
         <load_address>0x1322</load_address>
         <run_address>0x1322</run_address>
         <size>0x188</size>
         <input_file_ref idref="fl-6"/>
      </object_component>
      <object_component id="oc-13">
         <name>.debug_info</name>
         <load_address>0x14aa</load_address>
         <run_address>0x14aa</run_address>
         <size>0x107</size>
         <input_file_ref idref="fl-6"/>
      </object_component>
      <object_component id="oc-2a">
         <name>.debug_info</name>
         <load_address>0x15b1</load_address>
         <run_address>0x15b1</run_address>
         <size>0x428</size>
         <input_file_ref idref="fl-6"/>
      </object_component>
      <object_component id="oc-1e7">
         <name>.debug_info</name>
         <load_address>0x19d9</load_address>
         <run_address>0x19d9</run_address>
         <size>0x3a0</size>
         <input_file_ref idref="fl-8"/>
      </object_component>
      <object_component id="oc-1e4">
         <name>.debug_info</name>
         <load_address>0x1d79</load_address>
         <run_address>0x1d79</run_address>
         <size>0xd1</size>
         <input_file_ref idref="fl-8"/>
      </object_component>
      <object_component id="oc-de">
         <name>.debug_info</name>
         <load_address>0x1e4a</load_address>
         <run_address>0x1e4a</run_address>
         <size>0x637</size>
         <input_file_ref idref="fl-8"/>
      </object_component>
      <object_component id="oc-2dd">
         <name>.debug_info</name>
         <load_address>0x2481</load_address>
         <run_address>0x2481</run_address>
         <size>0x26b</size>
         <input_file_ref idref="fl-8"/>
      </object_component>
      <object_component id="oc-1ed">
         <name>.debug_info</name>
         <load_address>0x26ec</load_address>
         <run_address>0x26ec</run_address>
         <size>0x110</size>
         <input_file_ref idref="fl-8"/>
      </object_component>
      <object_component id="oc-2e2">
         <name>.debug_info</name>
         <load_address>0x27fc</load_address>
         <run_address>0x27fc</run_address>
         <size>0x2a4</size>
         <input_file_ref idref="fl-8"/>
      </object_component>
      <object_component id="oc-1e8">
         <name>.debug_info</name>
         <load_address>0x2aa0</load_address>
         <run_address>0x2aa0</run_address>
         <size>0x2c</size>
         <input_file_ref idref="fl-8"/>
      </object_component>
      <object_component id="oc-251">
         <name>.debug_info</name>
         <load_address>0x2acc</load_address>
         <run_address>0x2acc</run_address>
         <size>0x1dd</size>
         <input_file_ref idref="fl-e"/>
      </object_component>
      <object_component id="oc-2ef">
         <name>.debug_info</name>
         <load_address>0x2ca9</load_address>
         <run_address>0x2ca9</run_address>
         <size>0x201</size>
         <input_file_ref idref="fl-f"/>
      </object_component>
      <object_component id="oc-225">
         <name>.debug_info</name>
         <load_address>0x2eaa</load_address>
         <run_address>0x2eaa</run_address>
         <size>0xf4</size>
         <input_file_ref idref="fl-f"/>
      </object_component>
      <object_component id="oc-133">
         <name>.debug_info</name>
         <load_address>0x2f9e</load_address>
         <run_address>0x2f9e</run_address>
         <size>0x17c</size>
         <input_file_ref idref="fl-f"/>
      </object_component>
      <object_component id="oc-12c">
         <name>.debug_info</name>
         <load_address>0x311a</load_address>
         <run_address>0x311a</run_address>
         <size>0x1ae</size>
         <input_file_ref idref="fl-f"/>
      </object_component>
      <object_component id="oc-215">
         <name>.debug_info</name>
         <load_address>0x32c8</load_address>
         <run_address>0x32c8</run_address>
         <size>0x1f8</size>
         <input_file_ref idref="fl-f"/>
      </object_component>
      <object_component id="oc-139">
         <name>.debug_info</name>
         <load_address>0x34c0</load_address>
         <run_address>0x34c0</run_address>
         <size>0x19f</size>
         <input_file_ref idref="fl-f"/>
      </object_component>
      <object_component id="oc-391">
         <name>.debug_info</name>
         <load_address>0x365f</load_address>
         <run_address>0x365f</run_address>
         <size>0x14e</size>
         <input_file_ref idref="fl-10"/>
      </object_component>
      <object_component id="oc-2f9">
         <name>.debug_info</name>
         <load_address>0x37ad</load_address>
         <run_address>0x37ad</run_address>
         <size>0xf6</size>
         <input_file_ref idref="fl-10"/>
      </object_component>
      <object_component id="oc-242">
         <name>.debug_info</name>
         <load_address>0x38a3</load_address>
         <run_address>0x38a3</run_address>
         <size>0x1bf</size>
         <input_file_ref idref="fl-10"/>
      </object_component>
      <object_component id="oc-2fe">
         <name>.debug_info</name>
         <load_address>0x3a62</load_address>
         <run_address>0x3a62</run_address>
         <size>0x20d</size>
         <input_file_ref idref="fl-10"/>
      </object_component>
      <object_component id="oc-254">
         <name>.debug_info</name>
         <load_address>0x3c6f</load_address>
         <run_address>0x3c6f</run_address>
         <size>0x1d2</size>
         <input_file_ref idref="fl-10"/>
      </object_component>
      <object_component id="oc-249">
         <name>.debug_info</name>
         <load_address>0x3e41</load_address>
         <run_address>0x3e41</run_address>
         <size>0x222</size>
         <input_file_ref idref="fl-10"/>
      </object_component>
      <object_component id="oc-25f">
         <name>.debug_info</name>
         <load_address>0x4063</load_address>
         <run_address>0x4063</run_address>
         <size>0x25e</size>
         <input_file_ref idref="fl-11"/>
      </object_component>
      <object_component id="oc-25b">
         <name>.debug_info</name>
         <load_address>0x42c1</load_address>
         <run_address>0x42c1</run_address>
         <size>0xff</size>
         <input_file_ref idref="fl-11"/>
      </object_component>
      <object_component id="oc-22a">
         <name>.debug_info</name>
         <load_address>0x43c0</load_address>
         <run_address>0x43c0</run_address>
         <size>0x1a6</size>
         <input_file_ref idref="fl-11"/>
      </object_component>
      <object_component id="oc-14b">
         <name>.debug_info</name>
         <load_address>0x4566</load_address>
         <run_address>0x4566</run_address>
         <size>0x1eb</size>
         <input_file_ref idref="fl-11"/>
      </object_component>
      <object_component id="oc-23c">
         <name>.debug_info</name>
         <load_address>0x4751</load_address>
         <run_address>0x4751</run_address>
         <size>0x1ed</size>
         <input_file_ref idref="fl-11"/>
      </object_component>
      <object_component id="oc-eb">
         <name>.debug_info</name>
         <load_address>0x493e</load_address>
         <run_address>0x493e</run_address>
         <size>0x216</size>
         <input_file_ref idref="fl-11"/>
      </object_component>
      <object_component id="oc-151">
         <name>.debug_info</name>
         <load_address>0x4b54</load_address>
         <run_address>0x4b54</run_address>
         <size>0x1c0</size>
         <input_file_ref idref="fl-11"/>
      </object_component>
      <object_component id="oc-13e">
         <name>.debug_info</name>
         <load_address>0x4d14</load_address>
         <run_address>0x4d14</run_address>
         <size>0x283</size>
         <input_file_ref idref="fl-11"/>
      </object_component>
      <object_component id="oc-22f">
         <name>.debug_info</name>
         <load_address>0x4f97</load_address>
         <run_address>0x4f97</run_address>
         <size>0x1bf</size>
         <input_file_ref idref="fl-11"/>
      </object_component>
      <object_component id="oc-235">
         <name>.debug_info</name>
         <load_address>0x5156</load_address>
         <run_address>0x5156</run_address>
         <size>0x1d4</size>
         <input_file_ref idref="fl-11"/>
      </object_component>
      <object_component id="oc-1ac">
         <name>.debug_info</name>
         <load_address>0x532a</load_address>
         <run_address>0x532a</run_address>
         <size>0x232</size>
         <input_file_ref idref="fl-12"/>
      </object_component>
      <object_component id="oc-2eb">
         <name>.debug_info</name>
         <load_address>0x555c</load_address>
         <run_address>0x555c</run_address>
         <size>0xf6</size>
         <input_file_ref idref="fl-12"/>
      </object_component>
      <object_component id="oc-288">
         <name>.debug_info</name>
         <load_address>0x5652</load_address>
         <run_address>0x5652</run_address>
         <size>0xfa</size>
         <input_file_ref idref="fl-12"/>
      </object_component>
      <object_component id="oc-1f9">
         <name>.debug_info</name>
         <load_address>0x574c</load_address>
         <run_address>0x574c</run_address>
         <size>0x2dc</size>
         <input_file_ref idref="fl-12"/>
      </object_component>
      <object_component id="oc-200">
         <name>.debug_info</name>
         <load_address>0x5a28</load_address>
         <run_address>0x5a28</run_address>
         <size>0x2df</size>
         <input_file_ref idref="fl-12"/>
      </object_component>
      <object_component id="oc-206">
         <name>.debug_info</name>
         <load_address>0x5d07</load_address>
         <run_address>0x5d07</run_address>
         <size>0x2e1</size>
         <input_file_ref idref="fl-12"/>
      </object_component>
      <object_component id="oc-211">
         <name>.debug_info</name>
         <load_address>0x5fe8</load_address>
         <run_address>0x5fe8</run_address>
         <size>0x19c</size>
         <input_file_ref idref="fl-12"/>
      </object_component>
      <object_component id="oc-1a0">
         <name>.debug_info</name>
         <load_address>0x6184</load_address>
         <run_address>0x6184</run_address>
         <size>0x198</size>
         <input_file_ref idref="fl-12"/>
      </object_component>
      <object_component id="oc-f7">
         <name>.debug_info</name>
         <load_address>0x631c</load_address>
         <run_address>0x631c</run_address>
         <size>0x179</size>
         <input_file_ref idref="fl-12"/>
      </object_component>
      <object_component id="oc-e6">
         <name>.debug_info</name>
         <load_address>0x6495</load_address>
         <run_address>0x6495</run_address>
         <size>0x177</size>
         <input_file_ref idref="fl-12"/>
      </object_component>
      <object_component id="oc-f2">
         <name>.debug_info</name>
         <load_address>0x660c</load_address>
         <run_address>0x660c</run_address>
         <size>0x28e</size>
         <input_file_ref idref="fl-12"/>
      </object_component>
      <object_component id="oc-da">
         <name>.debug_info</name>
         <load_address>0x689a</load_address>
         <run_address>0x689a</run_address>
         <size>0x1de</size>
         <input_file_ref idref="fl-12"/>
      </object_component>
      <object_component id="oc-116">
         <name>.debug_info</name>
         <load_address>0x6a78</load_address>
         <run_address>0x6a78</run_address>
         <size>0x1aa</size>
         <input_file_ref idref="fl-12"/>
      </object_component>
      <object_component id="oc-d4">
         <name>.debug_info</name>
         <load_address>0x6c22</load_address>
         <run_address>0x6c22</run_address>
         <size>0x1a6</size>
         <input_file_ref idref="fl-12"/>
      </object_component>
      <object_component id="oc-121">
         <name>.debug_info</name>
         <load_address>0x6dc8</load_address>
         <run_address>0x6dc8</run_address>
         <size>0x20a</size>
         <input_file_ref idref="fl-12"/>
      </object_component>
      <object_component id="oc-127">
         <name>.debug_info</name>
         <load_address>0x6fd2</load_address>
         <run_address>0x6fd2</run_address>
         <size>0x1fc</size>
         <input_file_ref idref="fl-12"/>
      </object_component>
      <object_component id="oc-c7">
         <name>.debug_info</name>
         <load_address>0x71ce</load_address>
         <run_address>0x71ce</run_address>
         <size>0x218</size>
         <input_file_ref idref="fl-12"/>
      </object_component>
      <object_component id="oc-cc">
         <name>.debug_info</name>
         <load_address>0x73e6</load_address>
         <run_address>0x73e6</run_address>
         <size>0x1fa</size>
         <input_file_ref idref="fl-12"/>
      </object_component>
      <object_component id="oc-108">
         <name>.debug_info</name>
         <load_address>0x75e0</load_address>
         <run_address>0x75e0</run_address>
         <size>0x17d</size>
         <input_file_ref idref="fl-12"/>
      </object_component>
      <object_component id="oc-11b">
         <name>.debug_info</name>
         <load_address>0x775d</load_address>
         <run_address>0x775d</run_address>
         <size>0x17f</size>
         <input_file_ref idref="fl-12"/>
      </object_component>
      <object_component id="oc-103">
         <name>.debug_info</name>
         <load_address>0x78dc</load_address>
         <run_address>0x78dc</run_address>
         <size>0x289</size>
         <input_file_ref idref="fl-12"/>
      </object_component>
      <object_component id="oc-1af">
         <name>.debug_info</name>
         <load_address>0x7b65</load_address>
         <run_address>0x7b65</run_address>
         <size>0x25c</size>
         <input_file_ref idref="fl-13"/>
      </object_component>
      <object_component id="oc-295">
         <name>.debug_info</name>
         <load_address>0x7dc1</load_address>
         <run_address>0x7dc1</run_address>
         <size>0x17e</size>
         <input_file_ref idref="fl-13"/>
      </object_component>
      <object_component id="oc-28e">
         <name>.debug_info</name>
         <load_address>0x7f3f</load_address>
         <run_address>0x7f3f</run_address>
         <size>0x180</size>
         <input_file_ref idref="fl-13"/>
      </object_component>
      <object_component id="oc-1bb">
         <name>.debug_info</name>
         <load_address>0x80bf</load_address>
         <run_address>0x80bf</run_address>
         <size>0x18a</size>
         <input_file_ref idref="fl-13"/>
      </object_component>
      <object_component id="oc-1c1">
         <name>.debug_info</name>
         <load_address>0x8249</load_address>
         <run_address>0x8249</run_address>
         <size>0x19a</size>
         <input_file_ref idref="fl-13"/>
      </object_component>
      <object_component id="oc-fd">
         <name>.debug_info</name>
         <load_address>0x83e3</load_address>
         <run_address>0x83e3</run_address>
         <size>0x184</size>
         <input_file_ref idref="fl-13"/>
      </object_component>
      <object_component id="oc-10f">
         <name>.debug_info</name>
         <load_address>0x8567</load_address>
         <run_address>0x8567</run_address>
         <size>0x1ab</size>
         <input_file_ref idref="fl-13"/>
      </object_component>
      <object_component id="oc-21e">
         <name>.debug_info</name>
         <load_address>0x8712</load_address>
         <run_address>0x8712</run_address>
         <size>0x14e</size>
         <input_file_ref idref="fl-15"/>
      </object_component>
      <object_component id="oc-2ad">
         <name>.debug_info</name>
         <load_address>0x8860</load_address>
         <run_address>0x8860</run_address>
         <size>0x212</size>
         <input_file_ref idref="fl-cc"/>
      </object_component>
      <object_component id="oc-1b4">
         <name>.debug_info</name>
         <load_address>0x8a72</load_address>
         <run_address>0x8a72</run_address>
         <size>0x208</size>
         <input_file_ref idref="fl-cc"/>
      </object_component>
      <object_component id="oc-2a1">
         <name>.debug_info</name>
         <load_address>0x8c7a</load_address>
         <run_address>0x8c7a</run_address>
         <size>0x1c6</size>
         <input_file_ref idref="fl-cc"/>
      </object_component>
      <object_component id="oc-2aa">
         <name>.debug_info</name>
         <load_address>0x8e40</load_address>
         <run_address>0x8e40</run_address>
         <size>0x179</size>
         <input_file_ref idref="fl-cc"/>
      </object_component>
      <object_component id="oc-2ae">
         <name>.debug_info</name>
         <load_address>0x8fb9</load_address>
         <run_address>0x8fb9</run_address>
         <size>0x2c</size>
         <input_file_ref idref="fl-cc"/>
      </object_component>
      <object_component id="oc-2b3">
         <name>.debug_info</name>
         <load_address>0x8fe5</load_address>
         <run_address>0x8fe5</run_address>
         <size>0x69</size>
         <input_file_ref idref="fl-cc"/>
      </object_component>
      <object_component id="oc-3e">
         <name>.debug_info</name>
         <load_address>0x904e</load_address>
         <run_address>0x904e</run_address>
         <size>0x119</size>
         <input_file_ref idref="fl-cd"/>
      </object_component>
      <object_component id="oc-3a9">
         <name>.debug_info</name>
         <load_address>0x9167</load_address>
         <run_address>0x9167</run_address>
         <size>0x134</size>
         <input_file_ref idref="fl-ce"/>
      </object_component>
      <object_component id="oc-8a">
         <name>.debug_info</name>
         <load_address>0x929b</load_address>
         <run_address>0x929b</run_address>
         <size>0x1a6</size>
         <input_file_ref idref="fl-cf"/>
      </object_component>
      <object_component id="oc-4c">
         <name>.debug_info</name>
         <load_address>0x9441</load_address>
         <run_address>0x9441</run_address>
         <size>0x1d2</size>
         <input_file_ref idref="fl-cf"/>
      </object_component>
      <object_component id="oc-85">
         <name>.debug_info</name>
         <load_address>0x9613</load_address>
         <run_address>0x9613</run_address>
         <size>0x46</size>
         <input_file_ref idref="fl-cf"/>
      </object_component>
      <object_component id="oc-48">
         <name>.debug_info</name>
         <load_address>0x9659</load_address>
         <run_address>0x9659</run_address>
         <size>0x17a</size>
         <input_file_ref idref="fl-d0"/>
      </object_component>
      <object_component id="oc-1e">
         <name>.debug_info</name>
         <load_address>0x97d3</load_address>
         <run_address>0x97d3</run_address>
         <size>0x1ea</size>
         <input_file_ref idref="fl-d0"/>
      </object_component>
      <object_component id="oc-43">
         <name>.debug_info</name>
         <load_address>0x99bd</load_address>
         <run_address>0x99bd</run_address>
         <size>0x46</size>
         <input_file_ref idref="fl-d0"/>
      </object_component>
      <object_component id="oc-7d">
         <name>.debug_info</name>
         <load_address>0x9a03</load_address>
         <run_address>0x9a03</run_address>
         <size>0x2c</size>
         <input_file_ref idref="fl-d0"/>
      </object_component>
      <object_component id="oc-7b">
         <name>.debug_info</name>
         <load_address>0x9a2f</load_address>
         <run_address>0x9a2f</run_address>
         <size>0x170</size>
         <input_file_ref idref="fl-d1"/>
      </object_component>
      <object_component id="oc-17">
         <name>.debug_info</name>
         <load_address>0x9b9f</load_address>
         <run_address>0x9b9f</run_address>
         <size>0x250</size>
         <input_file_ref idref="fl-d1"/>
      </object_component>
      <object_component id="oc-33">
         <name>.debug_info</name>
         <load_address>0x9def</load_address>
         <run_address>0x9def</run_address>
         <size>0x60</size>
         <input_file_ref idref="fl-d1"/>
      </object_component>
      <object_component id="oc-b5">
         <name>.debug_info</name>
         <load_address>0x9e4f</load_address>
         <run_address>0x9e4f</run_address>
         <size>0x46</size>
         <input_file_ref idref="fl-d1"/>
      </object_component>
      <object_component id="oc-76">
         <name>.debug_info</name>
         <load_address>0x9e95</load_address>
         <run_address>0x9e95</run_address>
         <size>0x39</size>
         <input_file_ref idref="fl-d1"/>
      </object_component>
      <object_component id="oc-2bd">
         <name>.debug_info</name>
         <load_address>0x9ece</load_address>
         <run_address>0x9ece</run_address>
         <size>0x172</size>
         <input_file_ref idref="fl-d2"/>
      </object_component>
      <object_component id="oc-1cc">
         <name>.debug_info</name>
         <load_address>0xa040</load_address>
         <run_address>0xa040</run_address>
         <size>0x1a9</size>
         <input_file_ref idref="fl-d2"/>
      </object_component>
      <object_component id="oc-6f">
         <name>.debug_info</name>
         <load_address>0xa1e9</load_address>
         <run_address>0xa1e9</run_address>
         <size>0x284</size>
         <input_file_ref idref="fl-d3"/>
      </object_component>
      <object_component id="oc-24">
         <name>.debug_info</name>
         <load_address>0xa46d</load_address>
         <run_address>0xa46d</run_address>
         <size>0x10c</size>
         <input_file_ref idref="fl-d3"/>
      </object_component>
      <object_component id="oc-385">
         <name>.debug_info</name>
         <load_address>0xa579</load_address>
         <run_address>0xa579</run_address>
         <size>0x13f</size>
         <input_file_ref idref="fl-d3"/>
      </object_component>
      <object_component id="oc-1d3">
         <name>.debug_info</name>
         <load_address>0xa6b8</load_address>
         <run_address>0xa6b8</run_address>
         <size>0x168</size>
         <input_file_ref idref="fl-d3"/>
      </object_component>
      <object_component id="oc-2c6">
         <name>.debug_info</name>
         <load_address>0xa820</load_address>
         <run_address>0xa820</run_address>
         <size>0x18e</size>
         <input_file_ref idref="fl-d3"/>
      </object_component>
      <object_component id="oc-2d5">
         <name>.debug_info</name>
         <load_address>0xa9ae</load_address>
         <run_address>0xa9ae</run_address>
         <size>0x19f</size>
         <input_file_ref idref="fl-d3"/>
      </object_component>
      <object_component id="oc-1e0">
         <name>.debug_info</name>
         <load_address>0xab4d</load_address>
         <run_address>0xab4d</run_address>
         <size>0x203</size>
         <input_file_ref idref="fl-d3"/>
      </object_component>
      <object_component id="oc-2ce">
         <name>.debug_info</name>
         <load_address>0xad50</load_address>
         <run_address>0xad50</run_address>
         <size>0x1db</size>
         <input_file_ref idref="fl-d3"/>
      </object_component>
      <object_component id="oc-1da">
         <name>.debug_info</name>
         <load_address>0xaf2b</load_address>
         <run_address>0xaf2b</run_address>
         <size>0x26e</size>
         <input_file_ref idref="fl-d3"/>
      </object_component>
      <object_component id="oc-2c1">
         <name>.debug_info</name>
         <load_address>0xb199</load_address>
         <run_address>0xb199</run_address>
         <size>0x299</size>
         <input_file_ref idref="fl-d3"/>
      </object_component>
      <object_component id="oc-b0">
         <name>.debug_info</name>
         <load_address>0xb432</load_address>
         <run_address>0xb432</run_address>
         <size>0xb2</size>
         <input_file_ref idref="fl-d3"/>
      </object_component>
      <object_component id="oc-ab">
         <name>.debug_info</name>
         <load_address>0xb4e4</load_address>
         <run_address>0xb4e4</run_address>
         <size>0x2c</size>
         <input_file_ref idref="fl-d3"/>
      </object_component>
      <object_component id="oc-2bb">
         <name>.debug_info</name>
         <load_address>0xb510</load_address>
         <run_address>0xb510</run_address>
         <size>0x161</size>
         <input_file_ref idref="fl-d4"/>
      </object_component>
      <object_component id="oc-1c7">
         <name>.debug_info</name>
         <load_address>0xb671</load_address>
         <run_address>0xb671</run_address>
         <size>0x245</size>
         <input_file_ref idref="fl-d4"/>
      </object_component>
      <object_component id="oc-27">
         <name>.debug_info</name>
         <load_address>0xb8b6</load_address>
         <run_address>0xb8b6</run_address>
         <size>0x10b</size>
         <input_file_ref idref="fl-d5"/>
      </object_component>
      <object_component id="oc-5e">
         <name>.debug_info</name>
         <load_address>0xb9c1</load_address>
         <run_address>0xb9c1</run_address>
         <size>0x1a9</size>
         <input_file_ref idref="fl-d5"/>
      </object_component>
      <object_component id="oc-371">
         <name>.debug_info</name>
         <load_address>0xbb6a</load_address>
         <run_address>0xbb6a</run_address>
         <size>0x462</size>
         <input_file_ref idref="fl-d6"/>
      </object_component>
      <object_component id="oc-33d">
         <name>.debug_info</name>
         <load_address>0xbfcc</load_address>
         <run_address>0xbfcc</run_address>
         <size>0x21e</size>
         <input_file_ref idref="fl-d6"/>
      </object_component>
      <object_component id="oc-3d4">
         <name>.debug_info</name>
         <load_address>0xc1ea</load_address>
         <run_address>0xc1ea</run_address>
         <size>0x1b3</size>
         <input_file_ref idref="fl-d6"/>
      </object_component>
      <object_component id="oc-3da">
         <name>.debug_info</name>
         <load_address>0xc39d</load_address>
         <run_address>0xc39d</run_address>
         <size>0x21b</size>
         <input_file_ref idref="fl-d6"/>
      </object_component>
      <object_component id="oc-348">
         <name>.debug_info</name>
         <load_address>0xc5b8</load_address>
         <run_address>0xc5b8</run_address>
         <size>0x3bf</size>
         <input_file_ref idref="fl-d6"/>
      </object_component>
      <object_component id="oc-3e1">
         <name>.debug_info</name>
         <load_address>0xc977</load_address>
         <run_address>0xc977</run_address>
         <size>0x30b</size>
         <input_file_ref idref="fl-d6"/>
      </object_component>
      <object_component id="oc-3e7">
         <name>.debug_info</name>
         <load_address>0xcc82</load_address>
         <run_address>0xcc82</run_address>
         <size>0x215</size>
         <input_file_ref idref="fl-d6"/>
      </object_component>
      <object_component id="oc-34e">
         <name>.debug_info</name>
         <load_address>0xce97</load_address>
         <run_address>0xce97</run_address>
         <size>0x228</size>
         <input_file_ref idref="fl-d6"/>
      </object_component>
      <object_component id="oc-355">
         <name>.debug_info</name>
         <load_address>0xd0bf</load_address>
         <run_address>0xd0bf</run_address>
         <size>0x303</size>
         <input_file_ref idref="fl-d6"/>
      </object_component>
      <object_component id="oc-35a">
         <name>.debug_info</name>
         <load_address>0xd3c2</load_address>
         <run_address>0xd3c2</run_address>
         <size>0x4b4</size>
         <input_file_ref idref="fl-d6"/>
      </object_component>
      <object_component id="oc-29d">
         <name>.debug_info</name>
         <load_address>0xd876</load_address>
         <run_address>0xd876</run_address>
         <size>0x5f4</size>
         <input_file_ref idref="fl-d6"/>
      </object_component>
      <object_component id="oc-372">
         <name>.debug_info</name>
         <load_address>0xde6a</load_address>
         <run_address>0xde6a</run_address>
         <size>0x86</size>
         <input_file_ref idref="fl-d6"/>
      </object_component>
      <object_component id="oc-410">
         <name>.debug_info</name>
         <load_address>0xdef0</load_address>
         <run_address>0xdef0</run_address>
         <size>0x39</size>
         <input_file_ref idref="fl-d6"/>
      </object_component>
      <object_component id="oc-453">
         <name>.debug_info</name>
         <load_address>0xdf29</load_address>
         <run_address>0xdf29</run_address>
         <size>0xb6</size>
         <input_file_ref idref="fl-d6"/>
      </object_component>
      <object_component id="oc-415">
         <name>.debug_info</name>
         <load_address>0xdfdf</load_address>
         <run_address>0xdfdf</run_address>
         <size>0x46</size>
         <input_file_ref idref="fl-d6"/>
      </object_component>
      <object_component id="oc-377">
         <name>.debug_info</name>
         <load_address>0xe025</load_address>
         <run_address>0xe025</run_address>
         <size>0x46</size>
         <input_file_ref idref="fl-d6"/>
      </object_component>
      <object_component id="oc-426">
         <name>.debug_info</name>
         <load_address>0xe06b</load_address>
         <run_address>0xe06b</run_address>
         <size>0x115</size>
         <input_file_ref idref="fl-d7"/>
      </object_component>
      <object_component id="oc-3ce">
         <name>.debug_info</name>
         <load_address>0xe180</load_address>
         <run_address>0xe180</run_address>
         <size>0x14c</size>
         <input_file_ref idref="fl-d8"/>
      </object_component>
      <object_component id="oc-344">
         <name>.debug_info</name>
         <load_address>0xe2cc</load_address>
         <run_address>0xe2cc</run_address>
         <size>0x128</size>
         <input_file_ref idref="fl-d9"/>
      </object_component>
      <object_component id="oc-3bb">
         <name>.debug_info</name>
         <load_address>0xe3f4</load_address>
         <run_address>0xe3f4</run_address>
         <size>0x12a</size>
         <input_file_ref idref="fl-d9"/>
      </object_component>
      <object_component id="oc-3b5">
         <name>.debug_info</name>
         <load_address>0xe51e</load_address>
         <run_address>0xe51e</run_address>
         <size>0x13a</size>
         <input_file_ref idref="fl-da"/>
      </object_component>
      <object_component id="oc-3af">
         <name>.debug_info</name>
         <load_address>0xe658</load_address>
         <run_address>0xe658</run_address>
         <size>0x13a</size>
         <input_file_ref idref="fl-db"/>
      </object_component>
      <object_component id="oc-3bf">
         <name>.debug_info</name>
         <load_address>0xe792</load_address>
         <run_address>0xe792</run_address>
         <size>0x12e</size>
         <input_file_ref idref="fl-dc"/>
      </object_component>
      <object_component id="oc-3cb">
         <name>.debug_info</name>
         <load_address>0xe8c0</load_address>
         <run_address>0xe8c0</run_address>
         <size>0x12c</size>
         <input_file_ref idref="fl-dd"/>
      </object_component>
      <object_component id="oc-8e">
         <name>.debug_info</name>
         <load_address>0xe9ec</load_address>
         <run_address>0xe9ec</run_address>
         <size>0x147</size>
         <input_file_ref idref="fl-de"/>
      </object_component>
      <object_component id="oc-272">
         <name>.debug_info</name>
         <load_address>0xeb33</load_address>
         <run_address>0xeb33</run_address>
         <size>0x385</size>
         <input_file_ref idref="fl-df"/>
      </object_component>
      <object_component id="oc-16c">
         <name>.debug_info</name>
         <load_address>0xeeb8</load_address>
         <run_address>0xeeb8</run_address>
         <size>0x1a6</size>
         <input_file_ref idref="fl-df"/>
      </object_component>
      <object_component id="oc-320">
         <name>.debug_info</name>
         <load_address>0xf05e</load_address>
         <run_address>0xf05e</run_address>
         <size>0x39</size>
         <input_file_ref idref="fl-df"/>
      </object_component>
      <object_component id="oc-396">
         <name>.debug_info</name>
         <load_address>0xf097</load_address>
         <run_address>0xf097</run_address>
         <size>0x39</size>
         <input_file_ref idref="fl-df"/>
      </object_component>
      <object_component id="oc-325">
         <name>.debug_info</name>
         <load_address>0xf0d0</load_address>
         <run_address>0xf0d0</run_address>
         <size>0x39</size>
         <input_file_ref idref="fl-df"/>
      </object_component>
      <object_component id="oc-32a">
         <name>.debug_info</name>
         <load_address>0xf109</load_address>
         <run_address>0xf109</run_address>
         <size>0xcd</size>
         <input_file_ref idref="fl-df"/>
      </object_component>
      <object_component id="oc-92">
         <name>.debug_info</name>
         <load_address>0xf1d6</load_address>
         <run_address>0xf1d6</run_address>
         <size>0x153</size>
[...]
      </symbol>
      <symbol id="sm-3">
         <name>__TI_CINIT_Base</name>
         <value>0x20007c68</value>
      </symbol>
      <symbol id="sm-4">
         <name>__TI_CINIT_Limit</name>
         <value>0x20007c78</value>
      </symbol>
      <symbol id="sm-5">
         <name>__TI_Handler_Table_Base</name>
         <value>0x20007c50</value>
      </symbol>
      <symbol id="sm-6">
         <name>__TI_Handler_Table_Limit</name>
         <value>0x20007c5c</value>
      </symbol>
      <symbol id="sm-7">
         <name>binit</name>
         <value>0xffffffff</value>
      </symbol>
      <symbol id="sm-8">
         <name>__binit__</name>
         <value>0xffffffff</value>
      </symbol>
      <symbol id="sm-9">
         <name>__STACK_SIZE</name>
         <value>0x800</value>
      </symbol>
      <symbol id="sm-a">
         <name>__STACK_END</name>
         <value>0x20030000</value>
      </symbol>
      <symbol id="sm-b">
         <name>__SYSMEM_SIZE</name>
         <value>0x800</value>
      </symbol>
      <symbol id="sm-c">
         <name>__c_args__</name>
         <value>0xffffffff</value>
      </symbol>
      <symbol id="sm-d">
         <name>__TI_pprof_out_hndl</name>
         <value>0xffffffff</value>
      </symbol>
      <symbol id="sm-e">
         <name>__TI_prof_data_start</name>
         <value>0xffffffff</value>
      </symbol>
      <symbol id="sm-f">
         <name>__TI_prof_data_size</name>
         <value>0xffffffff</value>
      </symbol>
      <symbol id="sm-7f">
         <name>MasterMain</name>
         <value>0x20004ec1</value>
         <object_component_ref idref="oc-97"/>
      </symbol>
      <symbol id="sm-80">
         <name>main</name>
         <value>0x20004fef</value>
         <object_component_ref idref="oc-97"/>
      </symbol>
      <symbol id="sm-81">
         <name>SlaveMain</name>
         <value>0x20004f7f</value>
         <object_component_ref idref="oc-97"/>
      </symbol>
      <symbol id="sm-8d">
         <name>PinMuxConfig</name>
         <value>0x20006051</value>
         <object_component_ref idref="oc-143"/>
      </symbol>
      <symbol id="sm-ac">
         <name>ResetISR</name>
         <value>0x200078fd</value>
         <object_component_ref idref="oc-29"/>
      </symbol>
      <symbol id="sm-ad">
         <name>g_pfnVectors</name>
         <value>0x20004000</value>
         <object_component_ref idref="oc-12"/>
      </symbol>
      <symbol id="sm-ff">
         <name>GetCmd</name>
         <value>0x2000525f</value>
         <object_component_ref idref="oc-dd"/>
      </symbol>
      <symbol id="sm-100">
         <name>Message</name>
         <value>0x200051fb</value>
         <object_component_ref idref="oc-dd"/>
      </symbol>
      <symbol id="sm-101">
         <name>Report</name>
         <value>0x2000539d</value>
         <object_component_ref idref="oc-dd"/>
      </symbol>
      <symbol id="sm-102">
         <name>Error</name>
         <value>0x20005227</value>
         <object_component_ref idref="oc-dd"/>
      </symbol>
      <symbol id="sm-103">
         <name>InitTerm</name>
         <value>0x200051dd</value>
         <object_component_ref idref="oc-dd"/>
      </symbol>
      <symbol id="sm-104">
         <name>ClearTerm</name>
         <value>0x2000521d</value>
         <object_component_ref idref="oc-dd"/>
      </symbol>
      <symbol id="sm-105">
         <name>TrimSpace</name>
         <value>0x20005305</value>
         <object_component_ref idref="oc-dd"/>
      </symbol>
      <symbol id="sm-111">
         <name>GPIODirModeSet</name>
         <value>0x20007475</value>
         <object_component_ref idref="oc-24d"/>
      </symbol>
      <symbol id="sm-14a">
         <name>IntVTableBaseSet</name>
         <value>0x200078b5</value>
         <object_component_ref idref="oc-12b"/>
      </symbol>
      <symbol id="sm-14b">
         <name>IntEnable</name>
         <value>0x200067ed</value>
         <object_component_ref idref="oc-137"/>
      </symbol>
      <symbol id="sm-14c">
         <name>IntRegister</name>
         <value>0x200076a9</value>
         <object_component_ref idref="oc-214"/>
      </symbol>
      <symbol id="sm-14d">
         <name>IntMasterEnable</name>
         <value>0x20007917</value>
         <object_component_ref idref="oc-131"/>
      </symbol>
      <symbol id="sm-184">
         <name>PinTypeGPIO</name>
         <value>0x200074ab</value>
         <object_component_ref idref="oc-247"/>
      </symbol>
      <symbol id="sm-185">
         <name>PinConfigSet</name>
         <value>0x20006afd</value>
         <object_component_ref idref="oc-2fc"/>
      </symbol>
      <symbol id="sm-186">
         <name>PinTypeSPI</name>
         <value>0x200077b5</value>
         <object_component_ref idref="oc-253"/>
      </symbol>
      <symbol id="sm-187">
         <name>PinModeSet</name>
         <value>0x20007379</value>
         <object_component_ref idref="oc-241"/>
      </symbol>
      <symbol id="sm-20d">
         <name>PRCMPeripheralReset</name>
         <value>0x20007029</value>
         <object_component_ref idref="oc-14f"/>
      </symbol>
      <symbol id="sm-20e">
         <name>PRCMPeripheralClkEnable</name>
         <value>0x20007439</value>
         <object_component_ref idref="oc-149"/>
      </symbol>
      <symbol id="sm-20f">
         <name>PRCMPeripheralClockGet</name>
         <value>0x20006a69</value>
         <object_component_ref idref="oc-e9"/>
      </symbol>
      <symbol id="sm-210">
         <name>PRCMCC3200MCUInit</name>
         <value>0x20005a45</value>
         <object_component_ref idref="oc-13d"/>
      </symbol>
      <symbol id="sm-211">
         <name>PRCMHIBRegWrite</name>
         <value>0x2000785d</value>
         <object_component_ref idref="oc-234"/>
      </symbol>
      <symbol id="sm-212">
         <name>PRCMSysResetCauseGet</name>
         <value>0x2000756d</value>
         <object_component_ref idref="oc-228"/>
      </symbol>
      <symbol id="sm-213">
         <name>PRCMPeripheralClkDisable</name>
         <value>0x200075c5</value>
         <object_component_ref idref="oc-23a"/>
      </symbol>
      <symbol id="sm-214">
         <name>PRCMHIBRegRead</name>
         <value>0x20007847</value>
         <object_component_ref idref="oc-22e"/>
      </symbol>
      <symbol id="sm-305">
         <name>SPITransfer</name>
         <value>0x20006b85</value>
         <object_component_ref idref="oc-101"/>
      </symbol>
      <symbol id="sm-306">
         <name>SPICSEnable</name>
         <value>0x200077e7</value>
         <object_component_ref idref="oc-107"/>
      </symbol>
      <symbol id="sm-307">
         <name>SPIDataGetNonBlocking</name>
         <value>0x20007599</value>
         <object_component_ref idref="oc-d7"/>
      </symbol>
      <symbol id="sm-308">
         <name>SPIDataPut</name>
         <value>0x200076e9</value>
         <object_component_ref idref="oc-d1"/>
      </symbol>
      <symbol id="sm-309">
         <name>SPIEnable</name>
         <value>0x200077ff</value>
         <object_component_ref idref="oc-f5"/>
      </symbol>
      <symbol id="sm-30a">
         <name>SPIDataGet</name>
         <value>0x200076c9</value>
         <object_component_ref idref="oc-113"/>
      </symbol>
      <symbol id="sm-30b">
         <name>SPIConfigSetExpClk</name>
         <value>0x20006895</value>
         <object_component_ref idref="oc-ef"/>
      </symbol>
      <symbol id="sm-30c">
         <name>SPIIntRegister</name>
         <value>0x20007707</value>
         <object_component_ref idref="oc-11f"/>
      </symbol>
      <symbol id="sm-30d">
         <name>SPIReset</name>
         <value>0x20007685</value>
         <object_component_ref idref="oc-e3"/>
      </symbol>
      <symbol id="sm-30e">
         <name>SPIIntStatus</name>
         <value>0x20006d19</value>
         <object_component_ref idref="oc-c5"/>
      </symbol>
      <symbol id="sm-30f">
         <name>SPIIntEnable</name>
         <value>0x2000717d</value>
         <object_component_ref idref="oc-125"/>
      </symbol>
      <symbol id="sm-310">
         <name>SPIIntClear</name>
         <value>0x20007261</value>
         <object_component_ref idref="oc-cb"/>
      </symbol>
      <symbol id="sm-311">
         <name>SPICSDisable</name>
         <value>0x200077cf</value>
         <object_component_ref idref="oc-119"/>
      </symbol>
      <symbol id="sm-356">
         <name>UARTConfigSetExpClk</name>
         <value>0x20006e0f</value>
         <object_component_ref idref="oc-1ad"/>
      </symbol>
      <symbol id="sm-357">
         <name>UARTDisable</name>
         <value>0x200074dd</value>
         <object_component_ref idref="oc-28d"/>
      </symbol>
      <symbol id="sm-358">
         <name>UARTCharsAvail</name>
         <value>0x20007817</value>
         <object_component_ref idref="oc-1b9"/>
      </symbol>
      <symbol id="sm-359">
         <name>UARTCharGetNonBlocking</name>
         <value>0x20007743</value>
         <object_component_ref idref="oc-1bf"/>
      </symbol>
      <symbol id="sm-35a">
         <name>UARTCharPut</name>
         <value>0x20007725</value>
         <object_component_ref idref="oc-10d"/>
      </symbol>
      <symbol id="sm-35b">
         <name>UARTEnable</name>
         <value>0x2000763d</value>
         <object_component_ref idref="oc-293"/>
      </symbol>
      <symbol id="sm-35c">
         <name>UARTCharGet</name>
         <value>0x20007873</value>
         <object_component_ref idref="oc-fb"/>
      </symbol>
      <symbol id="sm-360">
         <name>UtilsDelay</name>
         <value>0x20007931</value>
         <object_component_ref idref="oc-2f4"/>
      </symbol>
      <symbol id="sm-36a">
         <name>CPUcpsie</name>
         <value>0x2000789f</value>
         <object_component_ref idref="oc-21d"/>
      </symbol>
      <symbol id="sm-39a">
         <name>vsnprintf</name>
         <value>0x200073b9</value>
         <object_component_ref idref="oc-1b3"/>
      </symbol>
      <symbol id="sm-3b5">
         <name>memcpy</name>
         <value>0x20006935</value>
         <object_component_ref idref="oc-3d"/>
      </symbol>
      <symbol id="sm-3b6">
         <name>__aeabi_memcpy</name>
         <value>0x20006935</value>
         <object_component_ref idref="oc-3d"/>
      </symbol>
      <symbol id="sm-3b7">
         <name>__aeabi_memcpy8</name>
         <value>0x20006935</value>
         <object_component_ref idref="oc-3d"/>
      </symbol>
      <symbol id="sm-3b8">
         <name>__aeabi_memcpy4</name>
         <value>0x20006935</value>
         <object_component_ref idref="oc-3d"/>
      </symbol>
      <symbol id="sm-3c5">
         <name>__aeabi_uldivmod</name>
         <value>0x200069d1</value>
         <object_component_ref idref="oc-3a7"/>
      </symbol>
      <symbol id="sm-3d9">
         <name>__TI_zero_init_nomemset</name>
         <value>0x2000775f</value>
         <object_component_ref idref="oc-49"/>
      </symbol>
      <symbol id="sm-3f0">
         <name>__TI_decompress_none</name>
         <value>0x200078ef</value>
         <object_component_ref idref="oc-1b"/>
      </symbol>
      <symbol id="sm-413">
         <name>__TI_decompress_lzss</name>
         <value>0x20006f63</value>
         <object_component_ref idref="oc-15"/>
      </symbol>
      <symbol id="sm-424">
         <name>memmove</name>
         <value>0x20007615</value>
         <object_component_ref idref="oc-1cb"/>
      </symbol>
      <symbol id="sm-4c2">
         <name>_sys_memory</name>
         <value>0x20017000</value>
         <object_component_ref idref="oc-23"/>
      </symbol>
      <symbol id="sm-4c3">
         <name>free</name>
         <value>0x20006249</value>
         <object_component_ref idref="oc-1dd"/>
      </symbol>
      <symbol id="sm-4c4">
         <name>realloc</name>
         <value>0x2000632d</value>
         <object_component_ref idref="oc-1d7"/>
      </symbol>
      <symbol id="sm-4c5">
         <name>memalign</name>
         <value>0x20005f51</value>
         <object_component_ref idref="oc-2be"/>
      </symbol>
      <symbol id="sm-4c6">
         <name>malloc</name>
         <value>0x20007929</value>
         <object_component_ref idref="oc-1d1"/>
      </symbol>
      <symbol id="sm-4c7">
         <name>aligned_alloc</name>
         <value>0x20005f51</value>
         <object_component_ref idref="oc-2be"/>
      </symbol>
      <symbol id="sm-4d5">
         <name>strlen</name>
         <value>0x200078c9</value>
         <object_component_ref idref="oc-1c5"/>
      </symbol>
      <symbol id="sm-4e7">
         <name>__stack</name>
         <value>0x2002f800</value>
         <object_component_ref idref="oc-26"/>
      </symbol>
      <symbol id="sm-4e8">
         <name>_c_int00_noargs</name>
         <value>0x20007661</value>
         <object_component_ref idref="oc-5b"/>
      </symbol>
      <symbol id="sm-64d">
         <name>__TI_printfi</name>
         <value>0x20004401</value>
         <object_component_ref idref="oc-29a"/>
      </symbol>
      <symbol id="sm-657">
         <name>__aeabi_idiv0</name>
         <value>0x20005a43</value>
         <object_component_ref idref="oc-423"/>
      </symbol>
      <symbol id="sm-658">
         <name>__aeabi_ldiv0</name>
         <value>0x20005a43</value>
         <object_component_ref idref="oc-423"/>
      </symbol>
      <symbol id="sm-66f">
         <name>__aeabi_dsub</name>
         <value>0x2000588d</value>
         <object_component_ref idref="oc-3cd"/>
      </symbol>
      <symbol id="sm-670">
         <name>__aeabi_dadd</name>
         <value>0x20005897</value>
         <object_component_ref idref="oc-3cd"/>
      </symbol>
      <symbol id="sm-692">
         <name>__aeabi_cdcmpeq</name>
         <value>0x20006c0d</value>
         <object_component_ref idref="oc-341"/>
      </symbol>
      <symbol id="sm-693">
         <name>__aeabi_cdcmple</name>
         <value>0x20006c0d</value>
         <object_component_ref idref="oc-341"/>
      </symbol>
      <symbol id="sm-694">
         <name>__aeabi_cdrcmple</name>
         <value>0x20006c93</value>
         <object_component_ref idref="oc-3b8"/>
      </symbol>
      <symbol id="sm-6a8">
         <name>__aeabi_ddiv</name>
         <value>0x20005cf9</value>
         <object_component_ref idref="oc-3b3"/>
      </symbol>
      <symbol id="sm-6b3">
         <name>__aeabi_dmul</name>
         <value>0x2000614d</value>
         <object_component_ref idref="oc-3ae"/>
      </symbol>
      <symbol id="sm-6bd">
         <name>__aeabi_d2iz</name>
         <value>0x200072a9</value>
         <object_component_ref idref="oc-3bd"/>
      </symbol>
      <symbol id="sm-6c7">
         <name>__aeabi_i2d</name>
         <value>0x2000753d</value>
         <object_component_ref idref="oc-3c8"/>
      </symbol>
      <symbol id="sm-6d6">
         <name>__aeabi_memset</name>
         <value>0x20006d97</value>
         <object_component_ref idref="oc-8b"/>
      </symbol>
      <symbol id="sm-6d7">
         <name>memset</name>
         <value>0x20006d9d</value>
         <object_component_ref idref="oc-8b"/>
      </symbol>
      <symbol id="sm-6d8">
         <name>__aeabi_memset8</name>
         <value>0x20006d97</value>
         <object_component_ref idref="oc-8b"/>
      </symbol>
      <symbol id="sm-6d9">
         <name>__aeabi_memset4</name>
         <value>0x20006d97</value>
         <object_component_ref idref="oc-8b"/>
      </symbol>
      <symbol id="sm-6da">
         <name>__aeabi_memclr8</name>
         <value>0x20006d95</value>
         <object_component_ref idref="oc-8b"/>
      </symbol>
      <symbol id="sm-6db">
         <name>__aeabi_memclr4</name>
         <value>0x20006d95</value>
         <object_component_ref idref="oc-8b"/>
      </symbol>
      <symbol id="sm-6dc">
         <name>__aeabi_memclr</name>
         <value>0x20006d95</value>
         <object_component_ref idref="oc-8b"/>
      </symbol>
      <symbol id="sm-704">
         <name>__TI_auto_init_nobinit_nopinit</name>
         <value>0x20007335</value>
         <object_component_ref idref="oc-16b"/>
      </symbol>
      <symbol id="sm-70e">
         <name>_system_pre_init</name>
         <value>0x20007937</value>
         <object_component_ref idref="oc-91"/>
      </symbol>
      <symbol id="sm-71a">
         <name>C$$EXIT</name>
         <value>0x2000793b</value>
         <object_component_ref idref="oc-15f"/>
      </symbol>
      <symbol id="sm-71b">
         <name>abort</name>
         <value>0x2000793b</value>
         <object_component_ref idref="oc-15f"/>
      </symbol>
      <symbol id="sm-730">
         <name>_nop</name>
         <value>0x20004e4f</value>
         <object_component_ref idref="oc-312"/>
      </symbol>
      <symbol id="sm-731">
         <name>_lock</name>
         <value>0x200178d0</value>
         <object_component_ref idref="oc-26b"/>
      </symbol>
      <symbol id="sm-732">
         <name>_unlock</name>
         <value>0x200178d4</value>
         <object_component_ref idref="oc-26b"/>
      </symbol>
      <symbol id="sm-741">
         <name>__TI_ltoa</name>
         <value>0x200070d7</value>
         <object_component_ref idref="oc-3c2"/>
      </symbol>
      <symbol id="sm-758">
         <name>atoi</name>
         <value>0x20007215</value>
         <object_component_ref idref="oc-335"/>
      </symbol>
      <symbol id="sm-763">
         <name>_ctypes_</name>
         <value>0x20007940</value>
         <object_component_ref idref="oc-3a2"/>
      </symbol>
      <symbol id="sm-773">
         <name>memccpy</name>
         <value>0x20007799</value>
         <object_component_ref idref="oc-35e"/>
      </symbol>
      <symbol id="sm-783">
         <name>strchr</name>
         <value>0x20007889</value>
         <object_component_ref idref="oc-3f9"/>
      </symbol>
      <symbol id="sm-799">
         <name>__aeabi_errno_addr</name>
         <value>0x20007921</value>
         <object_component_ref idref="oc-36a"/>
      </symbol>
      <symbol id="sm-79a">
         <name>errno</name>
         <value>0x200178e0</value>
         <object_component_ref idref="oc-409"/>
      </symbol>
      <symbol id="sm-7ba">
         <name>frexpl</name>
         <value>0x20006fcd</value>
         <object_component_ref idref="oc-3ed"/>
      </symbol>
      <symbol id="sm-7bb">
         <name>frexp</name>
         <value>0x20006fcd</value>
         <object_component_ref idref="oc-3ed"/>
      </symbol>
      <symbol id="sm-7d9">
         <name>scalbn</name>
         <value>0x200064e1</value>
         <object_component_ref idref="oc-3f3"/>
      </symbol>
      <symbol id="sm-7da">
         <name>scalbnl</name>
         <value>0x200064e1</value>
         <object_component_ref idref="oc-3f3"/>
      </symbol>
      <symbol id="sm-7db">
         <name>ldexpl</name>
         <value>0x200064e1</value>
         <object_component_ref idref="oc-3f3"/>
      </symbol>
      <symbol id="sm-7dc">
         <name>ldexp</name>
         <value>0x200064e1</value>
         <object_component_ref idref="oc-3f3"/>
      </symbol>
      <symbol id="sm-7f5">
         <name>wcslen</name>
         <value>0x200078dd</value>
         <object_component_ref idref="oc-364"/>
      </symbol>
      <symbol id="sm-7ff">
         <name>copysign</name>
         <value>0x2000790b</value>
         <object_component_ref idref="oc-43c"/>
      </symbol>
      <symbol id="sm-800">
         <name>copysignl</name>
         <value>0x2000790b</value>
         <object_component_ref idref="oc-43c"/>
      </symbol>
      <symbol id="sm-801">
         <name>__TI_static_base__</name>
         <value>0x20007c40</value>
      </symbol>
      <symbol id="sm-804">
         <name>__mpu_init</name>
         <value>0x0</value>
      </symbol>
      <symbol id="sm-805">
         <name>_system_post_cinit</name>
         <value>0x0</value>
      </symbol>
   </symbol_table>
   <title>Link successful</title>
</link_info>
