******************************************************************************
                  TI ARM Linker PC v20.2.2                     
******************************************************************************
>> Linked Wed Apr 21 22:01:34 2021

OUTPUT FILE NAME:   <spi_demo.out>
ENTRY POINT SYMBOL: "_c_int00_noargs"  address: 20007661


MEMORY CONFIGURATION

         name            origin    length      used     unused   attr    fill
----------------------  --------  ---------  --------  --------  ----  --------
  SRAM_CODE             20004000   00013000  00003c76  0000f38a  RW X
  SRAM_DATA             20017000   00019000  000010e2  00017f1e  RW X


SEGMENT ALLOCATION MAP

run origin  load origin   length   init length attrs members
----------  ----------- ---------- ----------- ----- -------
20004000    20004000    00003c78   00003c78    r-x
  20004000    20004000    00000400   00000400    r-- .intvecs
  20004400    20004400    0000353e   0000353e    r-x .text
  20007940    20007940    00000300   00000300    r-- .const
  20007c40    20007c40    00000038   00000038    r-- .cinit
20017000    20017000    000008e4   00000000    rw-
  20017000    20017000    00000800   00000000    rw- .sysmem
  20017800    20017800    000000ce   00000000    rw- .bss
  200178d0    200178d0    00000014   00000000    rw- .data
2002f800    2002f800    00000800   00000000    rw-
  2002f800    2002f800    00000800   00000000    rw- .stack


SECTION ALLOCATION MAP

 output                                  attributes/
section   page    origin      length       input sections
--------  ----  ----------  ----------   ----------------
.intvecs   0    20004000    00000400     
                  20004000    00000400     startup_ccs.obj (.intvecs)

.init_array 
*          0    20004000    00000000     UNINITIALIZED

.text      0    20004400    0000353e     
                  20004400    00000a4e     rtsv7M4_T_le_eabi.lib : _printfi.c.obj (.text:__TI_printfi)
                  20004e4e    00000002                           : _lock.c.obj (.text:_nop)
                  20004e50    0000038c     main.obj (.text)
                  200051dc    0000027c     uart_if.obj (.text)
                  20005458    00000268     rtsv7M4_T_le_eabi.lib : _printfi.c.obj (.text:_pconv_a)
                  200056c0    000001cc                           : _printfi.c.obj (.text:_pconv_g)
                  2000588c    000001b6                           : fd_add_t2.asm.obj (.text)
                  20005a42    00000002                           : div0.asm.obj (.text)
                  20005a44    00000178     driverlib.a : prcm.obj (.text:PRCMCC3200MCUInit)
                  20005bbc    0000013c     rtsv7M4_T_le_eabi.lib : _printfi.c.obj (.text:_pconv_e)
                  20005cf8    00000136                           : fd_div_t2.asm.obj (.text)
                  20005e2e    00000002     --HOLE-- [fill = 0]
                  20005e30    00000120                           : _printfi.c.obj (.text:fcvt)
                  20005f50    00000100                           : memory.c.obj (.text:aligned_alloc)
                  20006050    000000fc     pin_mux_config.obj (.text)
                  2000614c    000000fc     rtsv7M4_T_le_eabi.lib : fd_mul_t2.asm.obj (.text)
                  20006248    000000e4                           : memory.c.obj (.text:free)
                  2000632c    000000e4                           : memory.c.obj (.text:realloc)
                  20006410    000000d0     driverlib.a : spi.obj (.text:SPITransfer32)
                  200064e0    000000d0     rtsv7M4_T_le_eabi.lib : s_scalbn.c.obj (.text:scalbn)
                  200065b0    000000ce     driverlib.a : spi.obj (.text:SPITransfer16)
                  2000667e    000000b8                 : spi.obj (.text:SPITransfer8)
                  20006736    00000002     --HOLE-- [fill = 0]
                  20006738    000000b1     rtsv7M4_T_le_eabi.lib : _printfi.c.obj (.text:_ltostr)
                  200067e9    00000003     --HOLE-- [fill = 0]
                  200067ec    000000a8     driverlib.a : interrupt.obj (.text:IntEnable)
                  20006894    000000a0                 : spi.obj (.text:SPIConfigSetExpClk)
                  20006934    0000009c     rtsv7M4_T_le_eabi.lib : memcpy_t2.asm.obj (.text)
                  200069d0    00000096                           : ull_div_t2.asm.obj (.text)
                  20006a66    00000002     --HOLE-- [fill = 0]
                  20006a68    00000094     driverlib.a : prcm.obj (.text:PRCMPeripheralClockGet)
                  20006afc    00000088                 : pin.obj (.text:PinConfigSet)
                  20006b84    00000088                 : spi.obj (.text:SPITransfer)
                  20006c0c    00000086     rtsv7M4_T_le_eabi.lib : fd_cmp_t2.asm.obj (.text:__aeabi_cdcmple)
                  20006c92    00000086                           : fd_cmp_t2.asm.obj (.text:__aeabi_cdrcmple)
                  20006d18    0000007c     driverlib.a : spi.obj (.text:SPIIntStatus)
                  20006d94    0000007a     rtsv7M4_T_le_eabi.lib : memset_t2.asm.obj (.text)
                  20006e0e    00000076     driverlib.a : uart.obj (.text:UARTConfigSetExpClk)
                  20006e84    00000070     rtsv7M4_T_le_eabi.lib : memory.c.obj (.text:split)
                  20006ef4    0000006e                           : _printfi.c.obj (.text:_mcpy)
                  20006f62    00000068                           : copy_decompress_lzss.c.obj (.text:decompress:lzss:__TI_decompress_lzss)
                  20006fca    00000002     --HOLE-- [fill = 0]
                  20006fcc    0000005c                           : s_frexp.c.obj (.text:frexp)
                  20007028    00000058     driverlib.a : prcm.obj (.text:PRCMPeripheralReset)
                  20007080    00000056     rtsv7M4_T_le_eabi.lib : _printfi.c.obj (.text:_pconv_f)
                  200070d6    00000054                           : _ltoa.c.obj (.text:__TI_ltoa)
                  2000712a    00000052                           : _printfi.c.obj (.text:_ecpy)
                  2000717c    0000004c     driverlib.a : spi.obj (.text:SPIIntEnable)
                  200071c8    0000004c                 : spi.obj (.text:SPIIntNumberGet)
                  20007214    0000004c     rtsv7M4_T_le_eabi.lib : atoi.c.obj (.text:atoi)
                  20007260    00000048     driverlib.a : spi.obj (.text:SPIIntClear)
                  200072a8    00000048     rtsv7M4_T_le_eabi.lib : fd_toi_t2.asm.obj (.text)
                  200072f0    00000044     driverlib.a : spi.obj (.text:SPIDmaMaskGet)
                  20007334    00000044     rtsv7M4_T_le_eabi.lib : autoinit.c.obj (.text:__TI_auto_init_nobinit_nopinit:__TI_auto_init_nobinit_nopinit)
                  20007378    00000040     driverlib.a : pin.obj (.text:PinModeSet)
                  200073b8    00000040     rtsv7M4_T_le_eabi.lib : vsnprintf.c.obj (.text:vsnprintf)
                  200073f8    0000003e                           : _printfi.c.obj (.text:_fcpy)
                  20007436    00000002     --HOLE-- [fill = 0]
                  20007438    0000003c     driverlib.a : prcm.obj (.text:PRCMPeripheralClkEnable)
                  20007474    00000036                 : gpio.obj (.text:GPIODirModeSet)
                  200074aa    00000030                 : pin.obj (.text:PinTypeGPIO)
                  200074da    00000002     --HOLE-- [fill = 0]
                  200074dc    00000030                 : uart.obj (.text:UARTDisable)
                  2000750c    00000030     rtsv7M4_T_le_eabi.lib : vsnprintf.c.obj (.text:_outs)
                  2000753c    0000002e                           : i_tofd_t2.asm.obj (.text)
                  2000756a    00000002     --HOLE-- [fill = 0]
                  2000756c    0000002c     driverlib.a : prcm.obj (.text:PRCMSysResetCauseGet)
                  20007598    0000002a                 : spi.obj (.text:SPIDataGetNonBlocking)
                  200075c2    00000002     --HOLE-- [fill = 0]
                  200075c4    00000028                 : prcm.obj (.text:PRCMPeripheralClkDisable)
                  200075ec    00000028     rtsv7M4_T_le_eabi.lib : memory.c.obj (.text:free_list_insert)
                  20007614    00000028                           : memmov.c.obj (.text:memmove)
                  2000763c    00000024     driverlib.a : uart.obj (.text:UARTEnable)
                  20007660    00000024     rtsv7M4_T_le_eabi.lib : boot_cortex_m.c.obj (.text:_c_int00_noargs:_c_int00_noargs)
                  20007684    00000022     driverlib.a : spi.obj (.text:SPIReset)
                  200076a6    00000002     --HOLE-- [fill = 0]
                  200076a8    00000020                 : interrupt.obj (.text:IntRegister)
                  200076c8    00000020                 : spi.obj (.text:SPIDataGet)
                  200076e8    0000001e                 : spi.obj (.text:SPIDataPut)
                  20007706    0000001e                 : spi.obj (.text:SPIIntRegister)
                  20007724    0000001e                 : uart.obj (.text:UARTCharPut)
                  20007742    0000001c                 : uart.obj (.text:UARTCharGetNonBlocking)
                  2000775e    0000001c     rtsv7M4_T_le_eabi.lib : copy_zero_init.c.obj (.text:decompress:ZI:__TI_zero_init_nomemset:__TI_zero_init_nomemset)
                  2000777a    00000002     --HOLE-- [fill = 0]
                  2000777c    0000001c                           : memory.c.obj (.text:free_list_remove)
                  20007798    0000001c                           : memccpy.c.obj (.text:memccpy)
                  200077b4    0000001a     driverlib.a : pin.obj (.text:PinTypeSPI)
                  200077ce    00000018                 : spi.obj (.text:SPICSDisable)
                  200077e6    00000018                 : spi.obj (.text:SPICSEnable)
                  200077fe    00000018                 : spi.obj (.text:SPIEnable)
                  20007816    00000018                 : uart.obj (.text:UARTCharsAvail)
                  2000782e    00000018     rtsv7M4_T_le_eabi.lib : vsnprintf.c.obj (.text:_outc)
                  20007846    00000016     driverlib.a : prcm.obj (.text:PRCMHIBRegRead)
                  2000785c    00000016                 : prcm.obj (.text:PRCMHIBRegWrite)
                  20007872    00000016                 : uart.obj (.text:UARTCharGet)
                  20007888    00000016     rtsv7M4_T_le_eabi.lib : strchr.c.obj (.text:strchr)
                  2000789e    00000014     driverlib.a : cpu.obj (.text:CPUcpsie)
                  200078b2    00000002     --HOLE-- [fill = 0]
                  200078b4    00000014                 : interrupt.obj (.text:IntVTableBaseSet)
                  200078c8    00000014     rtsv7M4_T_le_eabi.lib : strlen.c.obj (.text:strlen)
                  200078dc    00000012                           : wcslen.c.obj (.text:wcslen)
                  200078ee    0000000e                           : copy_decompress_none.c.obj (.text:decompress:none:__TI_decompress_none)
                  200078fc    0000000e     startup_ccs.obj (.text)
                  2000790a    0000000c     rtsv7M4_T_le_eabi.lib : s_copysign.c.obj (.text:copysign)
                  20007916    0000000a     driverlib.a : interrupt.obj (.text:IntMasterEnable)
                  20007920    00000008     rtsv7M4_T_le_eabi.lib : errno.c.obj (.text:__aeabi_errno_addr)
                  20007928    00000008                           : memory.c.obj (.text:malloc)
                  20007930    00000006     driverlib.a : utils.obj (.text:UtilsDelay)
                  20007936    00000004     rtsv7M4_T_le_eabi.lib : pre_init.c.obj (.text:_system_pre_init)
                  2000793a    00000004                           : exit.c.obj (.text:abort:abort)

.const     0    20007940    00000300     
                  20007940    00000101     rtsv7M4_T_le_eabi.lib : ctype.c.obj (.const:.string:_ctypes_)
                  20007a41    00000003     --HOLE-- [fill = 0]
                  20007a44    00000100     driverlib.a : pin.obj (.const:g_ulPinToPadMap)
                  20007b44    000000a8                 : prcm.obj (.const:PRCM_PeriphRegsList)
                  20007bec    00000024                 : spi.obj (.const:g_ppulSPIIntMap)
                  20007c10    00000018                 : interrupt.obj (.const:g_pulEnRegs)
                  20007c28    00000018                 : spi.obj (.const:g_ulSPIDmaMaskMap)

.cinit     0    20007c40    00000038     
                  20007c40    0000000d     (.cinit..data.load) [load image, compression = lzss]
                  20007c4d    00000003     --HOLE-- [fill = 0]
                  20007c50    0000000c     (__TI_handler_table)
                  20007c5c    00000004     --HOLE-- [fill = 0]
                  20007c60    00000008     (.cinit..bss.load) [load image, compression = zero_init]
                  20007c68    00000010     (__TI_cinit_table)

.sysmem    0    20017000    00000800     UNINITIALIZED
                  20017000    00000010     rtsv7M4_T_le_eabi.lib : memory.c.obj (.sysmem)
                  20017010    000007f0     --HOLE--

.bss       0    20017800    000000ce     UNINITIALIZED
                  20017800    00000064     main.obj (.bss:g_ucRxBuff)
                  20017864    00000064     main.obj (.bss:g_ucTxBuff)
                  200178c8    00000004     uart_if.obj (.bss)
                  200178cc    00000002     main.obj (.bss)

.data      0    200178d0    00000014     UNINITIALIZED
                  200178d0    00000008     rtsv7M4_T_le_eabi.lib : _lock.c.obj (.data:$O1$$)
                  200178d8    00000008                           : memory.c.obj (.data:$O1$$)
                  200178e0    00000004                           : errno.c.obj (.data)

.stack     0    2002f800    00000800     UNINITIALIZED
                  2002f800    00000004     rtsv7M4_T_le_eabi.lib : boot_cortex_m.c.obj (.stack)
                  2002f804    000007fc     --HOLE--

__llvm_prf_cnts 
*          0    20017000    00000000     UNINITIALIZED

MODULE SUMMARY

       Module                       code    ro data   rw data
       ------                       ----    -------   -------
    .\
       main.obj                     908     0         202    
       startup_ccs.obj              14      1024      0      
       uart_if.obj                  636     0         4      
       pin_mux_config.obj           252     0         0      
    +--+----------------------------+-------+---------+---------+
       Total:                       1810    1024      206    
                                                             
    C:/ti/CC3200SDK_1.5.0/cc3200-sdk/driverlib/ccs/Release/driverlib.a
       spi.obj                      1550    60        0      
       prcm.obj                     800     168       0      
       pin.obj                      274     256       0      
       uart.obj                     306     0         0      
       interrupt.obj                230     24        0      
       gpio.obj                     54      0         0      
       cpu.obj                      20      0         0      
       utils.obj                    6       0         0      
    +--+----------------------------+-------+---------+---------+
       Total:                       3240    508       0      
                                                             
    C:\ti\ccs1020\ccs\tools\compiler\ti-cgt-arm_20.2.2.LTS\lib\rtsv7M4_T_le_eabi.lib
       _printfi.c.obj               4835    0         0      
       memory.c.obj                 900     0         8      
       fd_add_t2.asm.obj            438     0         0      
       fd_div_t2.asm.obj            310     0         0      
       fd_cmp_t2.asm.obj            268     0         0      
       ctype.c.obj                  0       257       0      
       fd_mul_t2.asm.obj            252     0         0      
       s_scalbn.c.obj               208     0         0      
       memcpy_t2.asm.obj            156     0         0      
       ull_div_t2.asm.obj           150     0         0      
       vsnprintf.c.obj              136     0         0      
       memset_t2.asm.obj            122     0         0      
       copy_decompress_lzss.c.obj   104     0         0      
       s_frexp.c.obj                92      0         0      
       _ltoa.c.obj                  84      0         0      
       atoi.c.obj                   76      0         0      
       fd_toi_t2.asm.obj            72      0         0      
       autoinit.c.obj               68      0         0      
       i_tofd_t2.asm.obj            46      0         0      
       memmov.c.obj                 40      0         0      
       boot_cortex_m.c.obj          36      0         0      
       copy_zero_init.c.obj         28      0         0      
       memccpy.c.obj                28      0         0      
       strchr.c.obj                 22      0         0      
       strlen.c.obj                 20      0         0      
       wcslen.c.obj                 18      0         0      
       copy_decompress_none.c.obj   14      0         0      
       errno.c.obj                  8       0         4      
       s_copysign.c.obj             12      0         0      
       _lock.c.obj                  2       0         8      
       exit.c.obj                   4       0         0      
       pre_init.c.obj               4       0         0      
       div0.asm.obj                 2       0         0      
    +--+----------------------------+-------+---------+---------+
       Total:                       8555    257       20     
                                                             
       Heap:                        0       0         2048   
       Stack:                       0       0         2048   
       Linker Generated:            0       49        0      
    +--+----------------------------+-------+---------+---------+
       Grand Total:                 13605   1838      4322   


LINKER GENERATED COPY TABLES

__TI_cinit_table @ 20007c68 records: 2, size/record: 8, table size: 16
	.data: load addr=20007c40, load size=0000000d bytes, run addr=200178d0, run size=00000014 bytes, compression=lzss
	.bss: load addr=20007c60, load size=00000008 bytes, run addr=20017800, run size=000000ce bytes, compression=zero_init


LINKER GENERATED HANDLER TABLE

__TI_handler_table @ 20007c50 records: 3, size/record: 4, table size: 12
	index: 0, handler: __TI_decompress_lzss
	index: 1, handler: __TI_decompress_none
	index: 2, handler: __TI_zero_init


GLOBAL SYMBOLS: SORTED ALPHABETICALLY BY Name 

address   name                          
-------   ----                          
2000793b  C$$EXIT                       
2000789f  CPUcpsie                      
2000521d  ClearTerm                     
20005227  Error                         
20007475  GPIODirModeSet                
2000525f  GetCmd                        
200051dd  InitTerm                      
200067ed  IntEnable                     
20007917  IntMasterEnable               
200076a9  IntRegister                   
200078b5  IntVTableBaseSet              
20004ec1  MasterMain                    
200051fb  Message                       
20005a45  PRCMCC3200MCUInit             
20007847  PRCMHIBRegRead                
2000785d  PRCMHIBRegWrite               
200075c5  PRCMPeripheralClkDisable      
20007439  PRCMPeripheralClkEnable       
20006a69  PRCMPeripheralClockGet        
20007029  PRCMPeripheralReset           
2000756d  PRCMSysResetCauseGet          
20006afd  PinConfigSet                  
20007379  PinModeSet                    
20006051  PinMuxConfig                  
200074ab  PinTypeGPIO                   
200077b5  PinTypeSPI                    
2000539d  Report                        
200078fd  ResetISR                      
200077cf  SPICSDisable                  
200077e7  SPICSEnable                   
20006895  SPIConfigSetExpClk            
200076c9  SPIDataGet                    
20007599  SPIDataGetNonBlocking         
200076e9  SPIDataPut                    
200077ff  SPIEnable                     
20007261  SPIIntClear                   
2000717d  SPIIntEnable                  
20007707  SPIIntRegister                
20006d19  SPIIntStatus                  
20007685  SPIReset                      
20006b85  SPITransfer                   
20004f7f  SlaveMain                     
20005305  TrimSpace                     
20007873  UARTCharGet                   
20007743  UARTCharGetNonBlocking        
20007725  UARTCharPut                   
20007817  UARTCharsAvail                
20006e0f  UARTConfigSetExpClk           
200074dd  UARTDisable                   
2000763d  UARTEnable                    
20007931  UtilsDelay                    
20030000  __STACK_END                   
00000800  __STACK_SIZE                  
00000800  __SYSMEM_SIZE                 
20007c68  __TI_CINIT_Base               
20007c78  __TI_CINIT_Limit              
20007c50  __TI_Handler_Table_Base       
20007c5c  __TI_Handler_Table_Limit      
20007335  __TI_auto_init_nobinit_nopinit
20006f63  __TI_decompress_lzss          
200078ef  __TI_decompress_none          
200070d7  __TI_ltoa                     
ffffffff  __TI_pprof_out_hndl           
20004401  __TI_printfi                  
ffffffff  __TI_prof_data_size           
ffffffff  __TI_prof_data_start          
20007c40  __TI_static_base__            
2000775f  __TI_zero_init_nomemset       
20006c0d  __aeabi_cdcmpeq               
20006c0d  __aeabi_cdcmple               
20006c93  __aeabi_cdrcmple              
200072a9  __aeabi_d2iz                  
20005897  __aeabi_dadd                  
20005cf9  __aeabi_ddiv                  
2000614d  __aeabi_dmul                  
2000588d  __aeabi_dsub                  
20007921  __aeabi_errno_addr            
2000753d  __aeabi_i2d                   
20005a43  __aeabi_idiv0                 
20005a43  __aeabi_ldiv0                 
20006d95  __aeabi_memclr                
20006d95  __aeabi_memclr4               
20006d95  __aeabi_memclr8               
20006935  __aeabi_memcpy                
20006935  __aeabi_memcpy4               
20006935  __aeabi_memcpy8               
20006d97  __aeabi_memset                
20006d97  __aeabi_memset4               
20006d97  __aeabi_memset8               
200069d1  __aeabi_uldivmod              
ffffffff  __binit__                     
ffffffff  __c_args__                    
UNDEFED   __mpu_init                    
2002f800  __stack                       
20017000  __start___llvm_prf_cnts       
20017000  __stop___llvm_prf_cnts        
20007661  _c_int00_noargs               
20007940  _ctypes_                      
200178d0  _lock                         
20004e4f  _nop                          
20017000  _sys_memory                   
UNDEFED   _system_post_cinit            
20007937  _system_pre_init              
200178d4  _unlock                       
2000793b  abort                         
20005f51  aligned_alloc                 
20007215  atoi                          
ffffffff  binit                         
2000790b  copysign                      
2000790b  copysignl                     
200178e0  errno                         
20006249  free                          
20006fcd  frexp                         
20006fcd  frexpl                        
20004000  g_pfnVectors                  
200064e1  ldexp                         
200064e1  ldexpl                        
20004fef  main                          
20007929  malloc                        
20005f51  memalign                      
20007799  memccpy                       
20006935  memcpy                        
20007615  memmove                       
20006d9d  memset                        
2000632d  realloc                       
200064e1  scalbn                        
200064e1  scalbnl                       
20007889  strchr                        
200078c9  strlen                        
200073b9  vsnprintf                     
200078dd  wcslen                        


GLOBAL SYMBOLS: SORTED BY Symbol Address 

address   name                          
-------   ----                          
00000800  __STACK_SIZE                  
00000800  __SYSMEM_SIZE                 
20004000  g_pfnVectors                  
20004401  __TI_printfi                  
20004e4f  _nop                          
20004ec1  MasterMain                    
20004f7f  SlaveMain                     
20004fef  main                          
200051dd  InitTerm                      
200051fb  Message                       
2000521d  ClearTerm                     
20005227  Error                         
2000525f  GetCmd                        
20005305  TrimSpace                     
2000539d  Report                        
2000588d  __aeabi_dsub                  
20005897  __aeabi_dadd                  
20005a43  __aeabi_idiv0                 
20005a43  __aeabi_ldiv0                 
20005a45  PRCMCC3200MCUInit             
20005cf9  __aeabi_ddiv                  
20005f51  aligned_alloc                 
20005f51  memalign                      
20006051  PinMuxConfig                  
2000614d  __aeabi_dmul                  
20006249  free                          
2000632d  realloc                       
200064e1  ldexp                         
200064e1  ldexpl                        
200064e1  scalbn                        
200064e1  scalbnl                       
200067ed  IntEnable                     
20006895  SPIConfigSetExpClk            
20006935  __aeabi_memcpy                
20006935  __aeabi_memcpy4               
20006935  __aeabi_memcpy8               
20006935  memcpy                        
200069d1  __aeabi_uldivmod              
20006a69  PRCMPeripheralClockGet        
20006afd  PinConfigSet                  
20006b85  SPITransfer                   
20006c0d  __aeabi_cdcmpeq               
20006c0d  __aeabi_cdcmple               
20006c93  __aeabi_cdrcmple              
20006d19  SPIIntStatus                  
20006d95  __aeabi_memclr                
20006d95  __aeabi_memclr4               
20006d95  __aeabi_memclr8               
20006d97  __aeabi_memset                
20006d97  __aeabi_memset4               
20006d97  __aeabi_memset8               
20006d9d  memset                        
20006e0f  UARTConfigSetExpClk           
20006f63  __TI_decompress_lzss          
20006fcd  frexp                         
20006fcd  frexpl                        
20007029  PRCMPeripheralReset           
200070d7  __TI_ltoa                     
2000717d  SPIIntEnable                  
20007215  atoi                          
20007261  SPIIntClear                   
200072a9  __aeabi_d2iz                  
20007335  __TI_auto_init_nobinit_nopinit
20007379  PinModeSet                    
200073b9  vsnprintf                     
20007439  PRCMPeripheralClkEnable       
20007475  GPIODirModeSet                
200074ab  PinTypeGPIO                   
200074dd  UARTDisable                   
2000753d  __aeabi_i2d                   
2000756d  PRCMSysResetCauseGet          
20007599  SPIDataGetNonBlocking         
200075c5  PRCMPeripheralClkDisable      
20007615  memmove                       
2000763d  UARTEnable                    
20007661  _c_int00_noargs               
20007685  SPIReset                      
200076a9  IntRegister                   
200076c9  SPIDataGet                    
200076e9  SPIDataPut                    
20007707  SPIIntRegister                
20007725  UARTCharPut                   
20007743  UARTCharGetNonBlocking        
2000775f  __TI_zero_init_nomemset       
20007799  memccpy                       
200077b5  PinTypeSPI                    
200077cf  SPICSDisable                  
200077e7  SPICSEnable                   
200077ff  SPIEnable                     
20007817  UARTCharsAvail                
20007847  PRCMHIBRegRead                
2000785d  PRCMHIBRegWrite               
20007873  UARTCharGet                   
20007889  strchr                        
2000789f  CPUcpsie                      
200078b5  IntVTableBaseSet              
200078c9  strlen                        
200078dd  wcslen                        
200078ef  __TI_decompress_none          
200078fd  ResetISR                      
2000790b  copysign                      
2000790b  copysignl                     
20007917  IntMasterEnable               
20007921  __aeabi_errno_addr            
20007929  malloc                        
20007931  UtilsDelay                    
20007937  _system_pre_init              
2000793b  C$$EXIT                       
2000793b  abort                         
20007940  _ctypes_                      
20007c40  __TI_static_base__            
20007c50  __TI_Handler_Table_Base       
20007c5c  __TI_Handler_Table_Limit      
20007c68  __TI_CINIT_Base               
20007c78  __TI_CINIT_Limit              
20017000  __start___llvm_prf_cnts       
20017000  __stop___llvm_prf_cnts        
20017000  _sys_memory                   
200178d0  _lock                         
200178d4  _unlock                       
200178e0  errno                         
2002f800  __stack                       
20030000  __STACK_END                   
ffffffff  __TI_pprof_out_hndl           
ffffffff  __TI_prof_data_size           
ffffffff  __TI_prof_data_start          
ffffffff  __binit__                     
ffffffff  __c_args__                    
ffffffff  binit                         
UNDEFED   __mpu_init                    
UNDEFED   _system_post_cinit            

[131 symbols]
