******************************************************************************
                  TI ARM Linker PC v20.2.2                     
******************************************************************************
>> Linked Sun May  2 18:34:10 2021

OUTPUT FILE NAME:   <lab2.out>
ENTRY POINT SYMBOL: "_c_int00_noargs"  address: 20008eb5


MEMORY CONFIGURATION

         name            origin    length      used     unused   attr    fill
----------------------  --------  ---------  --------  --------  ----  --------
  SRAM_CODE             20004000   00013000  000059f2  0000d60e  RW X
  SRAM_DATA             20017000   00019000  000010fa  00017f06  RW X


SEGMENT ALLOCATION MAP

run origin  load origin   length   init length attrs members
----------  ----------- ---------- ----------- ----- -------
20004000    20004000    000059f8   000059f8    r-x
  20004000    20004000    00000400   00000400    r-- .intvecs
  20004400    20004400    00004db2   00004db2    r-x .text
  200091b4    200091b4    000007f8   000007f8    r-- .const
  200099b0    200099b0    00000048   00000048    r-- .cinit
20017000    20017000    000008fc   00000000    rw-
  20017000    20017000    00000800   00000000    rw- .sysmem
  20017800    20017800    000000ce   00000000    rw- .bss
  200178d0    200178d0    0000002c   00000000    rw- .data
2002f800    2002f800    00000800   00000000    rw-
  2002f800    2002f800    00000800   00000000    rw- .stack


SECTION ALLOCATION MAP

 output                                  attributes/
section   page    origin      length       input sections
--------  ----  ----------  ----------   ----------------
.intvecs   0    20004000    00000400     
                  20004000    00000400     startup_ccs.obj (.intvecs)

.init_array 
*          0    20004000    00000000     UNINITIALIZED

.text      0    20004400    00004db2     
                  20004400    00000a80     Adafruit_GFX.obj (.text)
                  20004e80    00000a4e     rtsv7M4_T_le_eabi.lib : _printfi.c.obj (.text:__TI_printfi)
                  200058ce    00000952     test.obj (.text)
                  20006220    00000492     Adafruit_OLED.obj (.text)
                  200066b2    00000002     rtsv7M4_T_le_eabi.lib : _lock.c.obj (.text:_nop)
                  200066b4    0000037c     main.obj (.text)
                  20006a30    0000027c     uart_if.obj (.text)
                  20006cac    00000268     rtsv7M4_T_le_eabi.lib : _printfi.c.obj (.text:_pconv_a)
                  20006f14    000001cc                           : _printfi.c.obj (.text:_pconv_g)
                  200070e0    000001b6                           : fd_add_t2.asm.obj (.text)
                  20007296    00000002                           : div0.asm.obj (.text)
                  20007298    00000178     driverlib.a : prcm.obj (.text:PRCMCC3200MCUInit)
                  20007410    0000013c     rtsv7M4_T_le_eabi.lib : _printfi.c.obj (.text:_pconv_e)
                  2000754c    00000136                           : fd_div_t2.asm.obj (.text)
                  20007682    00000002     --HOLE-- [fill = 0]
                  20007684    00000120                           : _printfi.c.obj (.text:fcvt)
                  200077a4    00000100                           : memory.c.obj (.text:aligned_alloc)
                  200078a4    000000fc     pin_mux_config.obj (.text)
                  200079a0    000000fc     rtsv7M4_T_le_eabi.lib : fd_mul_t2.asm.obj (.text)
                  20007a9c    000000e4                           : memory.c.obj (.text:free)
                  20007b80    000000e4                           : memory.c.obj (.text:realloc)
                  20007c64    000000d0     driverlib.a : spi.obj (.text:SPITransfer32)
                  20007d34    000000d0     rtsv7M4_T_le_eabi.lib : s_scalbn.c.obj (.text:scalbn)
                  20007e04    000000ce     driverlib.a : spi.obj (.text:SPITransfer16)
                  20007ed2    000000b8                 : spi.obj (.text:SPITransfer8)
                  20007f8a    00000002     --HOLE-- [fill = 0]
                  20007f8c    000000b1     rtsv7M4_T_le_eabi.lib : _printfi.c.obj (.text:_ltostr)
                  2000803d    00000003     --HOLE-- [fill = 0]
                  20008040    000000a8     driverlib.a : interrupt.obj (.text:IntEnable)
                  200080e8    000000a0                 : spi.obj (.text:SPIConfigSetExpClk)
                  20008188    0000009c     rtsv7M4_T_le_eabi.lib : memcpy_t2.asm.obj (.text)
                  20008224    00000096                           : ull_div_t2.asm.obj (.text)
                  200082ba    00000002     --HOLE-- [fill = 0]
                  200082bc    00000094     driverlib.a : prcm.obj (.text:PRCMPeripheralClockGet)
                  20008350    00000088                 : pin.obj (.text:PinConfigSet)
                  200083d8    00000088                 : spi.obj (.text:SPITransfer)
                  20008460    00000086     rtsv7M4_T_le_eabi.lib : fd_cmp_t2.asm.obj (.text:__aeabi_cdcmple)
                  200084e6    00000086                           : fd_cmp_t2.asm.obj (.text:__aeabi_cdrcmple)
                  2000856c    0000007c     driverlib.a : spi.obj (.text:SPIIntStatus)
                  200085e8    0000007a     rtsv7M4_T_le_eabi.lib : memset_t2.asm.obj (.text)
                  20008662    00000076     driverlib.a : uart.obj (.text:UARTConfigSetExpClk)
                  200086d8    00000070     rtsv7M4_T_le_eabi.lib : memory.c.obj (.text:split)
                  20008748    0000006e                           : _printfi.c.obj (.text:_mcpy)
                  200087b6    00000068                           : copy_decompress_lzss.c.obj (.text:decompress:lzss:__TI_decompress_lzss)
                  2000881e    00000002     --HOLE-- [fill = 0]
                  20008820    0000005c                           : s_frexp.c.obj (.text:frexp)
                  2000887c    00000058     driverlib.a : prcm.obj (.text:PRCMPeripheralReset)
                  200088d4    00000056     rtsv7M4_T_le_eabi.lib : _printfi.c.obj (.text:_pconv_f)
                  2000892a    00000054                           : _ltoa.c.obj (.text:__TI_ltoa)
                  2000897e    00000052                           : _printfi.c.obj (.text:_ecpy)
                  200089d0    0000004c     driverlib.a : spi.obj (.text:SPIIntEnable)
                  20008a1c    0000004c                 : spi.obj (.text:SPIIntNumberGet)
                  20008a68    0000004c     rtsv7M4_T_le_eabi.lib : atoi.c.obj (.text:atoi)
                  20008ab4    00000048     driverlib.a : spi.obj (.text:SPIIntClear)
                  20008afc    00000048     rtsv7M4_T_le_eabi.lib : fd_toi_t2.asm.obj (.text)
                  20008b44    00000044     driverlib.a : spi.obj (.text:SPIDmaMaskGet)
                  20008b88    00000044     rtsv7M4_T_le_eabi.lib : autoinit.c.obj (.text:__TI_auto_init_nobinit_nopinit:__TI_auto_init_nobinit_nopinit)
                  20008bcc    00000040     driverlib.a : pin.obj (.text:PinModeSet)
                  20008c0c    00000040     rtsv7M4_T_le_eabi.lib : vsnprintf.c.obj (.text:vsnprintf)
                  20008c4c    0000003e                           : _printfi.c.obj (.text:_fcpy)
                  20008c8a    00000002     --HOLE-- [fill = 0]
                  20008c8c    0000003c     driverlib.a : prcm.obj (.text:PRCMPeripheralClkEnable)
                  20008cc8    00000036                 : gpio.obj (.text:GPIODirModeSet)
                  20008cfe    00000030                 : pin.obj (.text:PinTypeGPIO)
                  20008d2e    00000002     --HOLE-- [fill = 0]
                  20008d30    00000030                 : uart.obj (.text:UARTDisable)
                  20008d60    00000030     rtsv7M4_T_le_eabi.lib : vsnprintf.c.obj (.text:_outs)
                  20008d90    0000002e                           : i_tofd_t2.asm.obj (.text)
                  20008dbe    00000002     --HOLE-- [fill = 0]
                  20008dc0    0000002c     driverlib.a : prcm.obj (.text:PRCMSysResetCauseGet)
                  20008dec    0000002a                 : spi.obj (.text:SPIDataGetNonBlocking)
                  20008e16    00000002     --HOLE-- [fill = 0]
                  20008e18    00000028                 : prcm.obj (.text:PRCMPeripheralClkDisable)
                  20008e40    00000028     rtsv7M4_T_le_eabi.lib : memory.c.obj (.text:free_list_insert)
                  20008e68    00000028                           : memmov.c.obj (.text:memmove)
                  20008e90    00000024     driverlib.a : uart.obj (.text:UARTEnable)
                  20008eb4    00000024     rtsv7M4_T_le_eabi.lib : boot_cortex_m.c.obj (.text:_c_int00_noargs:_c_int00_noargs)
                  20008ed8    00000022     driverlib.a : spi.obj (.text:SPIReset)
                  20008efa    00000020                 : gpio.obj (.text:GPIOPinWrite)
                  20008f1a    00000002     --HOLE-- [fill = 0]
                  20008f1c    00000020                 : interrupt.obj (.text:IntRegister)
                  20008f3c    00000020                 : spi.obj (.text:SPIDataGet)
                  20008f5c    0000001e                 : spi.obj (.text:SPIDataPut)
                  20008f7a    0000001e                 : spi.obj (.text:SPIIntRegister)
                  20008f98    0000001e                 : uart.obj (.text:UARTCharPut)
                  20008fb6    0000001c                 : uart.obj (.text:UARTCharGetNonBlocking)
                  20008fd2    0000001c     rtsv7M4_T_le_eabi.lib : copy_zero_init.c.obj (.text:decompress:ZI:__TI_zero_init_nomemset:__TI_zero_init_nomemset)
                  20008fee    00000002     --HOLE-- [fill = 0]
                  20008ff0    0000001c                           : memory.c.obj (.text:free_list_remove)
                  2000900c    0000001c                           : memccpy.c.obj (.text:memccpy)
                  20009028    0000001a     driverlib.a : pin.obj (.text:PinTypeSPI)
                  20009042    00000018                 : spi.obj (.text:SPICSDisable)
                  2000905a    00000018                 : spi.obj (.text:SPICSEnable)
                  20009072    00000018                 : spi.obj (.text:SPIEnable)
                  2000908a    00000018                 : uart.obj (.text:UARTCharsAvail)
                  200090a2    00000018     rtsv7M4_T_le_eabi.lib : vsnprintf.c.obj (.text:_outc)
                  200090ba    00000016     driverlib.a : prcm.obj (.text:PRCMHIBRegRead)
                  200090d0    00000016                 : prcm.obj (.text:PRCMHIBRegWrite)
                  200090e6    00000016                 : uart.obj (.text:UARTCharGet)
                  200090fc    00000016     rtsv7M4_T_le_eabi.lib : strchr.c.obj (.text:strchr)
                  20009112    00000014     driverlib.a : cpu.obj (.text:CPUcpsie)
                  20009126    00000002     --HOLE-- [fill = 0]
                  20009128    00000014                 : interrupt.obj (.text:IntVTableBaseSet)
                  2000913c    00000014     rtsv7M4_T_le_eabi.lib : strlen.c.obj (.text:strlen)
                  20009150    00000012                           : wcslen.c.obj (.text:wcslen)
                  20009162    0000000e                           : copy_decompress_none.c.obj (.text:decompress:none:__TI_decompress_none)
                  20009170    0000000e     startup_ccs.obj (.text)
                  2000917e    0000000c     rtsv7M4_T_le_eabi.lib : s_copysign.c.obj (.text:copysign)
                  2000918a    0000000a     driverlib.a : interrupt.obj (.text:IntMasterEnable)
                  20009194    00000008     rtsv7M4_T_le_eabi.lib : errno.c.obj (.text:__aeabi_errno_addr)
                  2000919c    00000008                           : memory.c.obj (.text:malloc)
                  200091a4    00000006     driverlib.a : utils.obj (.text:UtilsDelay)
                  200091aa    00000004     rtsv7M4_T_le_eabi.lib : pre_init.c.obj (.text:_system_pre_init)
                  200091ae    00000004                           : exit.c.obj (.text:abort:abort)

.const     0    200091b4    000007f8     
                  200091b4    000004fb     Adafruit_GFX.obj (.const:.string:font)
                  200096af    00000101     rtsv7M4_T_le_eabi.lib : ctype.c.obj (.const:.string:_ctypes_)
                  200097b0    00000100     driverlib.a : pin.obj (.const:g_ulPinToPadMap)
                  200098b0    000000a8                 : prcm.obj (.const:PRCM_PeriphRegsList)
                  20009958    00000024                 : spi.obj (.const:g_ppulSPIIntMap)
                  2000997c    00000018                 : interrupt.obj (.const:g_pulEnRegs)
                  20009994    00000018                 : spi.obj (.const:g_ulSPIDmaMaskMap)

.cinit     0    200099b0    00000048     
                  200099b0    00000020     (.cinit..data.load) [load image, compression = lzss]
                  200099d0    0000000c     (__TI_handler_table)
                  200099dc    00000004     --HOLE-- [fill = 0]
                  200099e0    00000008     (.cinit..bss.load) [load image, compression = zero_init]
                  200099e8    00000010     (__TI_cinit_table)

.sysmem    0    20017000    00000800     UNINITIALIZED
                  20017000    00000010     rtsv7M4_T_le_eabi.lib : memory.c.obj (.sysmem)
                  20017010    000007f0     --HOLE--

.bss       0    20017800    000000ce     UNINITIALIZED
                  20017800    00000064     main.obj (.bss:g_ucRxBuff)
                  20017864    00000064     main.obj (.bss:g_ucTxBuff)
                  200178c8    00000004     uart_if.obj (.bss)
                  200178cc    00000002     main.obj (.bss)

.data      0    200178d0    0000002c     UNINITIALIZED
                  200178d0    00000015     Adafruit_GFX.obj (.data)
                  200178e5    00000003     --HOLE--
                  200178e8    00000008     rtsv7M4_T_le_eabi.lib : _lock.c.obj (.data:$O1$$)
                  200178f0    00000008                           : memory.c.obj (.data:$O1$$)
                  200178f8    00000004                           : errno.c.obj (.data)

.stack     0    2002f800    00000800     UNINITIALIZED
                  2002f800    00000004     rtsv7M4_T_le_eabi.lib : boot_cortex_m.c.obj (.stack)
                  2002f804    000007fc     --HOLE--

__llvm_prf_cnts 
*          0    20017000    00000000     UNINITIALIZED

MODULE SUMMARY

       Module                       code    ro data   rw data
       ------                       ----    -------   -------
    .\
       Adafruit_GFX.obj             2688    1275      21     
       test.obj                     2386    0         0      
       Adafruit_OLED.obj            1170    0         0      
       main.obj                     892     0         202    
       startup_ccs.obj              14      1024      0      
       uart_if.obj                  636     0         4      
       pin_mux_config.obj           252     0         0      
    +--+----------------------------+-------+---------+---------+
       Total:                       8038    2299      227    
                                                             
    C:/ti/CC3200SDK_1.5.0/cc3200-sdk/driverlib/ccs/Release/driverlib.a
       spi.obj                      1550    60        0      
       prcm.obj                     800     168       0      
       pin.obj                      274     256       0      
       uart.obj                     306     0         0      
       interrupt.obj                230     24        0      
       gpio.obj                     86      0         0      
       cpu.obj                      20      0         0      
       utils.obj                    6       0         0      
    +--+----------------------------+-------+---------+---------+
       Total:                       3272    508       0      
                                                             
    C:\ti\ccs1020\ccs\tools\compiler\ti-cgt-arm_20.2.2.LTS\lib\rtsv7M4_T_le_eabi.lib
       _printfi.c.obj               4835    0         0      
       memory.c.obj                 900     0         8      
       fd_add_t2.asm.obj            438     0         0      
       fd_div_t2.asm.obj            310     0         0      
       fd_cmp_t2.asm.obj            268     0         0      
       ctype.c.obj                  0       257       0      
       fd_mul_t2.asm.obj            252     0         0      
       s_scalbn.c.obj               208     0         0      
       memcpy_t2.asm.obj            156     0         0      
       ull_div_t2.asm.obj           150     0         0      
       vsnprintf.c.obj              136     0         0      
       memset_t2.asm.obj            122     0         0      
       copy_decompress_lzss.c.obj   104     0         0      
       s_frexp.c.obj                92      0         0      
       _ltoa.c.obj                  84      0         0      
       atoi.c.obj                   76      0         0      
       fd_toi_t2.asm.obj            72      0         0      
       autoinit.c.obj               68      0         0      
       i_tofd_t2.asm.obj            46      0         0      
       memmov.c.obj                 40      0         0      
       boot_cortex_m.c.obj          36      0         0      
       copy_zero_init.c.obj         28      0         0      
       memccpy.c.obj                28      0         0      
       strchr.c.obj                 22      0         0      
       strlen.c.obj                 20      0         0      
       wcslen.c.obj                 18      0         0      
       copy_decompress_none.c.obj   14      0         0      
       errno.c.obj                  8       0         4      
       s_copysign.c.obj             12      0         0      
       _lock.c.obj                  2       0         8      
       exit.c.obj                   4       0         0      
       pre_init.c.obj               4       0         0      
       div0.asm.obj                 2       0         0      
    +--+----------------------------+-------+---------+---------+
       Total:                       8555    257       20     
                                                             
       Heap:                        0       0         2048   
       Stack:                       0       0         2048   
       Linker Generated:            0       68        0      
    +--+----------------------------+-------+---------+---------+
       Grand Total:                 19865   3132      4343   


LINKER GENERATED COPY TABLES

__TI_cinit_table @ 200099e8 records: 2, size/record: 8, table size: 16
	.data: load addr=200099b0, load size=00000020 bytes, run addr=200178d0, run size=0000002c bytes, compression=lzss
	.bss: load addr=200099e0, load size=00000008 bytes, run addr=20017800, run size=000000ce bytes, compression=zero_init


LINKER GENERATED HANDLER TABLE

__TI_handler_table @ 200099d0 records: 3, size/record: 4, table size: 12
	index: 0, handler: __TI_decompress_lzss
	index: 1, handler: __TI_decompress_none
	index: 2, handler: __TI_zero_init


GLOBAL SYMBOLS: SORTED ALPHABETICALLY BY Name 

address   name                          
-------   ----                          
2000629d  Adafruit_Init                 
200091af  C$$EXIT                       
20009113  CPUcpsie                      
20006a71  ClearTerm                     
20006413  Color565                      
20006a7b  Error                         
20008cc9  GPIODirModeSet                
20008efb  GPIOPinWrite                  
20006ab3  GetCmd                        
20006a31  InitTerm                      
20008041  IntEnable                     
2000918b  IntMasterEnable               
20008f1d  IntRegister                   
20009129  IntVTableBaseSet              
20006725  MasterMain                    
20006a4f  Message                       
20004dab  Outstr                        
20007299  PRCMCC3200MCUInit             
200090bb  PRCMHIBRegRead                
200090d1  PRCMHIBRegWrite               
20008e19  PRCMPeripheralClkDisable      
20008c8d  PRCMPeripheralClkEnable       
200082bd  PRCMPeripheralClockGet        
2000887d  PRCMPeripheralReset           
20008dc1  PRCMSysResetCauseGet          
20008351  PinConfigSet                  
20008bcd  PinModeSet                    
200078a5  PinMuxConfig                  
20008cff  PinTypeGPIO                   
20009029  PinTypeSPI                    
20006bf1  Report                        
20009171  ResetISR                      
20009043  SPICSDisable                  
2000905b  SPICSEnable                   
200080e9  SPIConfigSetExpClk            
20008f3d  SPIDataGet                    
20008ded  SPIDataGetNonBlocking         
20008f5d  SPIDataPut                    
20009073  SPIEnable                     
20008ab5  SPIIntClear                   
200089d1  SPIIntEnable                  
20008f7b  SPIIntRegister                
2000856d  SPIIntStatus                  
20008ed9  SPIReset                      
200083d9  SPITransfer                   
200067e3  SlaveMain                     
20006b59  TrimSpace                     
200090e7  UARTCharGet                   
20008fb7  UARTCharGetNonBlocking        
20008f99  UARTCharPut                   
2000908b  UARTCharsAvail                
20008663  UARTConfigSetExpClk           
20008d31  UARTDisable                   
20008e91  UARTEnable                    
200091a5  UtilsDelay                    
20030000  __STACK_END                   
00000800  __STACK_SIZE                  
00000800  __SYSMEM_SIZE                 
200099e8  __TI_CINIT_Base               
200099f8  __TI_CINIT_Limit              
200099d0  __TI_Handler_Table_Base       
200099dc  __TI_Handler_Table_Limit      
20008b89  __TI_auto_init_nobinit_nopinit
200087b7  __TI_decompress_lzss          
20009163  __TI_decompress_none          
2000892b  __TI_ltoa                     
ffffffff  __TI_pprof_out_hndl           
20004e81  __TI_printfi                  
ffffffff  __TI_prof_data_size           
ffffffff  __TI_prof_data_start          
200099b0  __TI_static_base__            
20008fd3  __TI_zero_init_nomemset       
20008461  __aeabi_cdcmpeq               
20008461  __aeabi_cdcmple               
200084e7  __aeabi_cdrcmple              
20008afd  __aeabi_d2iz                  
200070eb  __aeabi_dadd                  
2000754d  __aeabi_ddiv                  
200079a1  __aeabi_dmul                  
200070e1  __aeabi_dsub                  
20009195  __aeabi_errno_addr            
20008d91  __aeabi_i2d                   
20007297  __aeabi_idiv0                 
20007297  __aeabi_ldiv0                 
200085e9  __aeabi_memclr                
200085e9  __aeabi_memclr4               
200085e9  __aeabi_memclr8               
20008189  __aeabi_memcpy                
20008189  __aeabi_memcpy4               
20008189  __aeabi_memcpy8               
200085eb  __aeabi_memset                
200085eb  __aeabi_memset4               
200085eb  __aeabi_memset8               
20008225  __aeabi_uldivmod              
ffffffff  __binit__                     
ffffffff  __c_args__                    
UNDEFED   __mpu_init                    
2002f800  __stack                       
20017000  __start___llvm_prf_cnts       
20017000  __stop___llvm_prf_cnts        
20008eb5  _c_int00_noargs               
200096af  _ctypes_                      
200178e8  _lock                         
200066b3  _nop                          
20017000  _sys_memory                   
UNDEFED   _system_post_cinit            
200091ab  _system_pre_init              
200178ec  _unlock                       
200091af  abort                         
200077a5  aligned_alloc                 
20008a69  atoi                          
ffffffff  binit                         
2000917f  copysign                      
2000917f  copysignl                     
200178d0  cursor_x                      
200178d4  cursor_y                      
20005b0f  delay                         
20004c5f  drawChar                      
20004401  drawCircle                    
20004535  drawCircleHelper              
200065bd  drawFastHLine                 
20006521  drawFastVLine                 
2000477b  drawLine                      
20006659  drawPixel                     
20004867  drawRect                      
200048b5  drawRoundRect                 
20004a1d  drawTriangle                  
200178f8  errno                         
20004653  fillCircle                    
2000468d  fillCircleHelper              
2000646b  fillRect                      
200049a3  fillRoundRect                 
20006455  fillScreen                    
20004a5f  fillTriangle                  
20007a9d  free                          
20008821  frexp                         
20008821  frexpl                        
20004000  g_pfnVectors                  
200063cf  goTo                          
20004e5f  height                        
20006697  invert                        
20006081  lcdTestPattern                
20006151  lcdTestPattern2               
20007d35  ldexp                         
20007d35  ldexpl                        
20006853  main                          
2000919d  malloc                        
200077a5  memalign                      
2000900d  memccpy                       
20008189  memcpy                        
20008e69  memmove                       
200085f1  memset                        
200058cf  print_Characters              
2000592d  print_Lab                     
20005a29  print_Name                    
20007b81  realloc                       
20007d35  scalbn                        
20007d35  scalbnl                       
20004df7  setCursor                     
20004e2f  setTextColor                  
20004e0f  setTextSize                   
20004e47  setTextWrap                   
200090fd  strchr                        
2000913d  strlen                        
20005d45  testdrawcircles               
20005bb5  testdrawrects                 
20005b43  testfastlines                 
20005cd3  testfillcircles               
20005c15  testfillrects                 
20005eb3  testlines                     
20005e41  testroundrects                
20005dbf  testtriangles                 
200178e0  textbgcolor                   
200178dc  textcolor                     
200178d8  textsize                      
20008c0d  vsnprintf                     
20009151  wcslen                        
20004e5b  width                         
200178e4  wrap                          
20006221  writeCommand                  
2000625f  writeData                     


GLOBAL SYMBOLS: SORTED BY Symbol Address 

address   name                          
-------   ----                          
00000800  __STACK_SIZE                  
00000800  __SYSMEM_SIZE                 
20004000  g_pfnVectors                  
20004401  drawCircle                    
20004535  drawCircleHelper              
20004653  fillCircle                    
2000468d  fillCircleHelper              
2000477b  drawLine                      
20004867  drawRect                      
200048b5  drawRoundRect                 
200049a3  fillRoundRect                 
20004a1d  drawTriangle                  
20004a5f  fillTriangle                  
20004c5f  drawChar                      
20004dab  Outstr                        
20004df7  setCursor                     
20004e0f  setTextSize                   
20004e2f  setTextColor                  
20004e47  setTextWrap                   
20004e5b  width                         
20004e5f  height                        
20004e81  __TI_printfi                  
200058cf  print_Characters              
2000592d  print_Lab                     
20005a29  print_Name                    
20005b0f  delay                         
20005b43  testfastlines                 
20005bb5  testdrawrects                 
20005c15  testfillrects                 
20005cd3  testfillcircles               
20005d45  testdrawcircles               
20005dbf  testtriangles                 
20005e41  testroundrects                
20005eb3  testlines                     
20006081  lcdTestPattern                
20006151  lcdTestPattern2               
20006221  writeCommand                  
2000625f  writeData                     
2000629d  Adafruit_Init                 
200063cf  goTo                          
20006413  Color565                      
20006455  fillScreen                    
2000646b  fillRect                      
20006521  drawFastVLine                 
200065bd  drawFastHLine                 
20006659  drawPixel                     
20006697  invert                        
200066b3  _nop                          
20006725  MasterMain                    
200067e3  SlaveMain                     
20006853  main                          
20006a31  InitTerm                      
20006a4f  Message                       
20006a71  ClearTerm                     
20006a7b  Error                         
20006ab3  GetCmd                        
20006b59  TrimSpace                     
20006bf1  Report                        
200070e1  __aeabi_dsub                  
200070eb  __aeabi_dadd                  
20007297  __aeabi_idiv0                 
20007297  __aeabi_ldiv0                 
20007299  PRCMCC3200MCUInit             
2000754d  __aeabi_ddiv                  
200077a5  aligned_alloc                 
200077a5  memalign                      
200078a5  PinMuxConfig                  
200079a1  __aeabi_dmul                  
20007a9d  free                          
20007b81  realloc                       
20007d35  ldexp                         
20007d35  ldexpl                        
20007d35  scalbn                        
20007d35  scalbnl                       
20008041  IntEnable                     
200080e9  SPIConfigSetExpClk            
20008189  __aeabi_memcpy                
20008189  __aeabi_memcpy4               
20008189  __aeabi_memcpy8               
20008189  memcpy                        
20008225  __aeabi_uldivmod              
200082bd  PRCMPeripheralClockGet        
20008351  PinConfigSet                  
200083d9  SPITransfer                   
20008461  __aeabi_cdcmpeq               
20008461  __aeabi_cdcmple               
200084e7  __aeabi_cdrcmple              
2000856d  SPIIntStatus                  
200085e9  __aeabi_memclr                
200085e9  __aeabi_memclr4               
200085e9  __aeabi_memclr8               
200085eb  __aeabi_memset                
200085eb  __aeabi_memset4               
200085eb  __aeabi_memset8               
200085f1  memset                        
20008663  UARTConfigSetExpClk           
200087b7  __TI_decompress_lzss          
20008821  frexp                         
20008821  frexpl                        
2000887d  PRCMPeripheralReset           
2000892b  __TI_ltoa                     
200089d1  SPIIntEnable                  
20008a69  atoi                          
20008ab5  SPIIntClear                   
20008afd  __aeabi_d2iz                  
20008b89  __TI_auto_init_nobinit_nopinit
20008bcd  PinModeSet                    
20008c0d  vsnprintf                     
20008c8d  PRCMPeripheralClkEnable       
20008cc9  GPIODirModeSet                
20008cff  PinTypeGPIO                   
20008d31  UARTDisable                   
20008d91  __aeabi_i2d                   
20008dc1  PRCMSysResetCauseGet          
20008ded  SPIDataGetNonBlocking         
20008e19  PRCMPeripheralClkDisable      
20008e69  memmove                       
20008e91  UARTEnable                    
20008eb5  _c_int00_noargs               
20008ed9  SPIReset                      
20008efb  GPIOPinWrite                  
20008f1d  IntRegister                   
20008f3d  SPIDataGet                    
20008f5d  SPIDataPut                    
20008f7b  SPIIntRegister                
20008f99  UARTCharPut                   
20008fb7  UARTCharGetNonBlocking        
20008fd3  __TI_zero_init_nomemset       
2000900d  memccpy                       
20009029  PinTypeSPI                    
20009043  SPICSDisable                  
2000905b  SPICSEnable                   
20009073  SPIEnable                     
2000908b  UARTCharsAvail                
200090bb  PRCMHIBRegRead                
200090d1  PRCMHIBRegWrite               
200090e7  UARTCharGet                   
200090fd  strchr                        
20009113  CPUcpsie                      
20009129  IntVTableBaseSet              
2000913d  strlen                        
20009151  wcslen                        
20009163  __TI_decompress_none          
20009171  ResetISR                      
2000917f  copysign                      
2000917f  copysignl                     
2000918b  IntMasterEnable               
20009195  __aeabi_errno_addr            
2000919d  malloc                        
200091a5  UtilsDelay                    
200091ab  _system_pre_init              
200091af  C$$EXIT                       
200091af  abort                         
200096af  _ctypes_                      
200099b0  __TI_static_base__            
200099d0  __TI_Handler_Table_Base       
200099dc  __TI_Handler_Table_Limit      
200099e8  __TI_CINIT_Base               
200099f8  __TI_CINIT_Limit              
20017000  __start___llvm_prf_cnts       
20017000  __stop___llvm_prf_cnts        
20017000  _sys_memory                   
200178d0  cursor_x                      
200178d4  cursor_y                      
200178d8  textsize                      
200178dc  textcolor                     
200178e0  textbgcolor                   
200178e4  wrap                          
200178e8  _lock                         
200178ec  _unlock                       
200178f8  errno                         
2002f800  __stack                       
20030000  __STACK_END                   
ffffffff  __TI_pprof_out_hndl           
ffffffff  __TI_prof_data_size           
ffffffff  __TI_prof_data_start          
ffffffff  __binit__                     
ffffffff  __c_args__                    
ffffffff  binit                         
UNDEFED   __mpu_init                    
UNDEFED   _system_post_cinit            

[181 symbols]
