<?xml version="1.0" encoding="ISO-8859-1" ?>
<link_info>
   <banner>TI ARM Linker PC v20.2.2.LTS</banner>
   <copyright>Copyright (c) 1996-2018 Texas Instruments Incorporated</copyright>
   <link_time>0x608f5312</link_time>
   <link_errors>0x0</link_errors>
   <output_file>lab2.out</output_file>
   <entry_point>
      <name>_c_int00_noargs</name>
      <address>0x20008eb5</address>
   </entry_point>
   <input_file_list>
      <input_file id="fl-2">
         <path>.\</path>
         <kind>object</kind>
         <file>Adafruit_GFX.obj</file>
         <name>Adafruit_GFX.obj</name>
      </input_file>
      <input_file id="fl-3">
         <path>.\</path>
         <kind>object</kind>
         <file>Adafruit_OLED.obj</file>
         <name>Adafruit_OLED.obj</name>
      </input_file>
      <input_file id="fl-4">
         <path>.\</path>
         <kind>object</kind>
         <file>main.obj</file>
         <name>main.obj</name>
      </input_file>
      <input_file id="fl-5">
         <path>.\</path>
         <kind>object</kind>
         <file>pin_mux_config.obj</file>
         <name>pin_mux_config.obj</name>
      </input_file>
      <input_file id="fl-6">
         <path>.\</path>
         <kind>object</kind>
         <file>startup_ccs.obj</file>
         <name>startup_ccs.obj</name>
      </input_file>
      <input_file id="fl-7">
         <path>.\</path>
         <kind>object</kind>
         <file>test.obj</file>
         <name>test.obj</name>
      </input_file>
      <input_file id="fl-8">
         <path>.\</path>
         <kind>object</kind>
         <file>uart_if.obj</file>
         <name>uart_if.obj</name>
      </input_file>
      <input_file id="fl-d">
         <kind>object</kind>
         <file>&lt;internal&gt;</file>
         <name>&lt;internal&gt;</name>
      </input_file>
      <input_file id="fl-e">
         <path>C:\ti\CC3200SDK_1.5.0\cc3200-sdk\driverlib\ccs\Release\</path>
         <kind>archive</kind>
         <file>driverlib.a</file>
         <name>gpio.obj</name>
      </input_file>
      <input_file id="fl-f">
         <path>C:\ti\CC3200SDK_1.5.0\cc3200-sdk\driverlib\ccs\Release\</path>
         <kind>archive</kind>
         <file>driverlib.a</file>
         <name>interrupt.obj</name>
      </input_file>
      <input_file id="fl-10">
         <path>C:\ti\CC3200SDK_1.5.0\cc3200-sdk\driverlib\ccs\Release\</path>
         <kind>archive</kind>
         <file>driverlib.a</file>
         <name>pin.obj</name>
      </input_file>
      <input_file id="fl-11">
         <path>C:\ti\CC3200SDK_1.5.0\cc3200-sdk\driverlib\ccs\Release\</path>
         <kind>archive</kind>
         <file>driverlib.a</file>
         <name>prcm.obj</name>
      </input_file>
      <input_file id="fl-12">
         <path>C:\ti\CC3200SDK_1.5.0\cc3200-sdk\driverlib\ccs\Release\</path>
         <kind>archive</kind>
         <file>driverlib.a</file>
         <name>spi.obj</name>
      </input_file>
      <input_file id="fl-13">
         <path>C:\ti\CC3200SDK_1.5.0\cc3200-sdk\driverlib\ccs\Release\</path>
         <kind>archive</kind>
         <file>driverlib.a</file>
         <name>uart.obj</name>
      </input_file>
      <input_file id="fl-14">
         <path>C:\ti\CC3200SDK_1.5.0\cc3200-sdk\driverlib\ccs\Release\</path>
         <kind>archive</kind>
         <file>driverlib.a</file>
         <name>utils.obj</name>
      </input_file>
      <input_file id="fl-15">
         <path>C:\ti\CC3200SDK_1.5.0\cc3200-sdk\driverlib\ccs\Release\</path>
         <kind>archive</kind>
         <file>driverlib.a</file>
         <name>cpu.obj</name>
      </input_file>
      <input_file id="fl-16">
         <path>C:\ti\CC3200SDK_1.5.0\cc3200-sdk\driverlib\ccs\Release\</path>
         <kind>archive</kind>
         <file>driverlib.a</file>
         <name>flash.obj</name>
      </input_file>
      <input_file id="fl-cc">
         <path>C:\ti\ccs1020\ccs\tools\compiler\ti-cgt-arm_20.2.2.LTS\lib\</path>
         <kind>archive</kind>
         <file>rtsv7M4_T_le_eabi.lib</file>
         <name>vsnprintf.c.obj</name>
      </input_file>
      <input_file id="fl-cd">
         <path>C:\ti\ccs1020\ccs\tools\compiler\ti-cgt-arm_20.2.2.LTS\lib\</path>
         <kind>archive</kind>
         <file>rtsv7M4_T_le_eabi.lib</file>
         <name>memcpy_t2.asm.obj</name>
      </input_file>
      <input_file id="fl-ce">
         <path>C:\ti\ccs1020\ccs\tools\compiler\ti-cgt-arm_20.2.2.LTS\lib\</path>
         <kind>archive</kind>
         <file>rtsv7M4_T_le_eabi.lib</file>
         <name>ull_div_t2.asm.obj</name>
      </input_file>
      <input_file id="fl-cf">
         <path>C:\ti\ccs1020\ccs\tools\compiler\ti-cgt-arm_20.2.2.LTS\lib\</path>
         <kind>archive</kind>
         <file>rtsv7M4_T_le_eabi.lib</file>
         <name>copy_zero_init.c.obj</name>
      </input_file>
      <input_file id="fl-d0">
         <path>C:\ti\ccs1020\ccs\tools\compiler\ti-cgt-arm_20.2.2.LTS\lib\</path>
         <kind>archive</kind>
         <file>rtsv7M4_T_le_eabi.lib</file>
         <name>copy_decompress_none.c.obj</name>
      </input_file>
      <input_file id="fl-d1">
         <path>C:\ti\ccs1020\ccs\tools\compiler\ti-cgt-arm_20.2.2.LTS\lib\</path>
         <kind>archive</kind>
         <file>rtsv7M4_T_le_eabi.lib</file>
         <name>copy_decompress_lzss.c.obj</name>
      </input_file>
      <input_file id="fl-d2">
         <path>C:\ti\ccs1020\ccs\tools\compiler\ti-cgt-arm_20.2.2.LTS\lib\</path>
         <kind>archive</kind>
         <file>rtsv7M4_T_le_eabi.lib</file>
         <name>memmov.c.obj</name>
      </input_file>
      <input_file id="fl-d3">
         <path>C:\ti\ccs1020\ccs\tools\compiler\ti-cgt-arm_20.2.2.LTS\lib\</path>
         <kind>archive</kind>
         <file>rtsv7M4_T_le_eabi.lib</file>
         <name>memory.c.obj</name>
      </input_file>
      <input_file id="fl-d4">
         <path>C:\ti\ccs1020\ccs\tools\compiler\ti-cgt-arm_20.2.2.LTS\lib\</path>
         <kind>archive</kind>
         <file>rtsv7M4_T_le_eabi.lib</file>
         <name>strlen.c.obj</name>
      </input_file>
      <input_file id="fl-d5">
         <path>C:\ti\ccs1020\ccs\tools\compiler\ti-cgt-arm_20.2.2.LTS\lib\</path>
         <kind>archive</kind>
         <file>rtsv7M4_T_le_eabi.lib</file>
         <name>boot_cortex_m.c.obj</name>
      </input_file>
      <input_file id="fl-d6">
         <path>C:\ti\ccs1020\ccs\tools\compiler\ti-cgt-arm_20.2.2.LTS\lib\</path>
         <kind>archive</kind>
         <file>rtsv7M4_T_le_eabi.lib</file>
         <name>_printfi.c.obj</name>
      </input_file>
      <input_file id="fl-d7">
         <path>C:\ti\ccs1020\ccs\tools\compiler\ti-cgt-arm_20.2.2.LTS\lib\</path>
         <kind>archive</kind>
         <file>rtsv7M4_T_le_eabi.lib</file>
         <name>div0.asm.obj</name>
      </input_file>
      <input_file id="fl-d8">
         <path>C:\ti\ccs1020\ccs\tools\compiler\ti-cgt-arm_20.2.2.LTS\lib\</path>
         <kind>archive</kind>
         <file>rtsv7M4_T_le_eabi.lib</file>
         <name>fd_add_t2.asm.obj</name>
      </input_file>
      <input_file id="fl-d9">
         <path>C:\ti\ccs1020\ccs\tools\compiler\ti-cgt-arm_20.2.2.LTS\lib\</path>
         <kind>archive</kind>
         <file>rtsv7M4_T_le_eabi.lib</file>
         <name>fd_cmp_t2.asm.obj</name>
      </input_file>
      <input_file id="fl-da">
         <path>C:\ti\ccs1020\ccs\tools\compiler\ti-cgt-arm_20.2.2.LTS\lib\</path>
         <kind>archive</kind>
         <file>rtsv7M4_T_le_eabi.lib</file>
         <name>fd_div_t2.asm.obj</name>
      </input_file>
      <input_file id="fl-db">
         <path>C:\ti\ccs1020\ccs\tools\compiler\ti-cgt-arm_20.2.2.LTS\lib\</path>
         <kind>archive</kind>
         <file>rtsv7M4_T_le_eabi.lib</file>
         <name>fd_mul_t2.asm.obj</name>
      </input_file>
      <input_file id="fl-dc">
         <path>C:\ti\ccs1020\ccs\tools\compiler\ti-cgt-arm_20.2.2.LTS\lib\</path>
         <kind>archive</kind>
         <file>rtsv7M4_T_le_eabi.lib</file>
         <name>fd_toi_t2.asm.obj</name>
      </input_file>
      <input_file id="fl-dd">
         <path>C:\ti\ccs1020\ccs\tools\compiler\ti-cgt-arm_20.2.2.LTS\lib\</path>
         <kind>archive</kind>
         <file>rtsv7M4_T_le_eabi.lib</file>
         <name>i_tofd_t2.asm.obj</name>
      </input_file>
      <input_file id="fl-de">
         <path>C:\ti\ccs1020\ccs\tools\compiler\ti-cgt-arm_20.2.2.LTS\lib\</path>
         <kind>archive</kind>
         <file>rtsv7M4_T_le_eabi.lib</file>
         <name>memset_t2.asm.obj</name>
      </input_file>
      <input_file id="fl-df">
         <path>C:\ti\ccs1020\ccs\tools\compiler\ti-cgt-arm_20.2.2.LTS\lib\</path>
         <kind>archive</kind>
         <file>rtsv7M4_T_le_eabi.lib</file>
         <name>autoinit.c.obj</name>
      </input_file>
      <input_file id="fl-e0">
         <path>C:\ti\ccs1020\ccs\tools\compiler\ti-cgt-arm_20.2.2.LTS\lib\</path>
         <kind>archive</kind>
         <file>rtsv7M4_T_le_eabi.lib</file>
         <name>pre_init.c.obj</name>
      </input_file>
      <input_file id="fl-e1">
         <path>C:\ti\ccs1020\ccs\tools\compiler\ti-cgt-arm_20.2.2.LTS\lib\</path>
         <kind>archive</kind>
         <file>rtsv7M4_T_le_eabi.lib</file>
         <name>cpy_tbl.c.obj</name>
      </input_file>
      <input_file id="fl-e2">
         <path>C:\ti\ccs1020\ccs\tools\compiler\ti-cgt-arm_20.2.2.LTS\lib\</path>
         <kind>archive</kind>
         <file>rtsv7M4_T_le_eabi.lib</file>
         <name>exit.c.obj</name>
      </input_file>
      <input_file id="fl-e3">
         <path>C:\ti\ccs1020\ccs\tools\compiler\ti-cgt-arm_20.2.2.LTS\lib\</path>
         <kind>archive</kind>
         <file>rtsv7M4_T_le_eabi.lib</file>
         <name>_lock.c.obj</name>
      </input_file>
      <input_file id="fl-e4">
         <path>C:\ti\ccs1020\ccs\tools\compiler\ti-cgt-arm_20.2.2.LTS\lib\</path>
         <kind>archive</kind>
         <file>rtsv7M4_T_le_eabi.lib</file>
         <name>_ltoa.c.obj</name>
      </input_file>
      <input_file id="fl-e5">
         <path>C:\ti\ccs1020\ccs\tools\compiler\ti-cgt-arm_20.2.2.LTS\lib\</path>
         <kind>archive</kind>
         <file>rtsv7M4_T_le_eabi.lib</file>
         <name>args_main.c.obj</name>
      </input_file>
      <input_file id="fl-e6">
         <path>C:\ti\ccs1020\ccs\tools\compiler\ti-cgt-arm_20.2.2.LTS\lib\</path>
         <kind>archive</kind>
         <file>rtsv7M4_T_le_eabi.lib</file>
         <name>atoi.c.obj</name>
      </input_file>
      <input_file id="fl-e7">
         <path>C:\ti\ccs1020\ccs\tools\compiler\ti-cgt-arm_20.2.2.LTS\lib\</path>
         <kind>archive</kind>
         <file>rtsv7M4_T_le_eabi.lib</file>
         <name>ctype.c.obj</name>
      </input_file>
      <input_file id="fl-e8">
         <path>C:\ti\ccs1020\ccs\tools\compiler\ti-cgt-arm_20.2.2.LTS\lib\</path>
         <kind>archive</kind>
         <file>rtsv7M4_T_le_eabi.lib</file>
         <name>memccpy.c.obj</name>
      </input_file>
      <input_file id="fl-e9">
         <path>C:\ti\ccs1020\ccs\tools\compiler\ti-cgt-arm_20.2.2.LTS\lib\</path>
         <kind>archive</kind>
         <file>rtsv7M4_T_le_eabi.lib</file>
         <name>strchr.c.obj</name>
      </input_file>
      <input_file id="fl-ea">
         <path>C:\ti\ccs1020\ccs\tools\compiler\ti-cgt-arm_20.2.2.LTS\lib\</path>
         <kind>archive</kind>
         <file>rtsv7M4_T_le_eabi.lib</file>
         <name>errno.c.obj</name>
      </input_file>
      <input_file id="fl-eb">
         <path>C:\ti\ccs1020\ccs\tools\compiler\ti-cgt-arm_20.2.2.LTS\lib\</path>
         <kind>archive</kind>
         <file>rtsv7M4_T_le_eabi.lib</file>
         <name>s_frexp.c.obj</name>
      </input_file>
      <input_file id="fl-ec">
         <path>C:\ti\ccs1020\ccs\tools\compiler\ti-cgt-arm_20.2.2.LTS\lib\</path>
         <kind>archive</kind>
         <file>rtsv7M4_T_le_eabi.lib</file>
         <name>s_scalbn.c.obj</name>
      </input_file>
      <input_file id="fl-ed">
         <path>C:\ti\ccs1020\ccs\tools\compiler\ti-cgt-arm_20.2.2.LTS\lib\</path>
         <kind>archive</kind>
         <file>rtsv7M4_T_le_eabi.lib</file>
         <name>wcslen.c.obj</name>
      </input_file>
      <input_file id="fl-ee">
         <path>C:\ti\ccs1020\ccs\tools\compiler\ti-cgt-arm_20.2.2.LTS\lib\</path>
         <kind>archive</kind>
         <file>rtsv7M4_T_le_eabi.lib</file>
         <name>s_copysign.c.obj</name>
      </input_file>
   </input_file_list>
   <object_component_list>
      <object_component id="oc-12">
         <name>.intvecs</name>
         <load_address>0x20004000</load_address>
         <run_address>0x20004000</run_address>
         <size>0x400</size>
         <input_file_ref idref="fl-6"/>
      </object_component>
      <object_component id="oc-272">
         <name>.text</name>
         <load_address>0x20004400</load_address>
         <run_address>0x20004400</run_address>
         <size>0xa80</size>
         <input_file_ref idref="fl-2"/>
      </object_component>
      <object_component id="oc-2b3">
         <name>.text:__TI_printfi</name>
         <load_address>0x20004e80</load_address>
         <run_address>0x20004e80</run_address>
         <size>0xa4e</size>
         <input_file_ref idref="fl-d6"/>
      </object_component>
      <object_component id="oc-155">
         <name>.text</name>
         <load_address>0x200058ce</load_address>
         <run_address>0x200058ce</run_address>
         <size>0x952</size>
         <input_file_ref idref="fl-7"/>
      </object_component>
      <object_component id="oc-14f">
         <name>.text</name>
         <load_address>0x20006220</load_address>
         <run_address>0x20006220</run_address>
         <size>0x492</size>
         <input_file_ref idref="fl-3"/>
      </object_component>
      <object_component id="oc-331">
         <name>.text:_nop</name>
         <load_address>0x200066b2</load_address>
         <run_address>0x200066b2</run_address>
         <size>0x2</size>
         <input_file_ref idref="fl-e3"/>
      </object_component>
      <object_component id="oc-97">
         <name>.text</name>
         <load_address>0x200066b4</load_address>
         <run_address>0x200066b4</run_address>
         <size>0x37c</size>
         <input_file_ref idref="fl-4"/>
      </object_component>
      <object_component id="oc-dd">
         <name>.text</name>
         <load_address>0x20006a30</load_address>
         <run_address>0x20006a30</run_address>
         <size>0x27c</size>
         <input_file_ref idref="fl-8"/>
      </object_component>
      <object_component id="oc-377">
         <name>.text:_pconv_a</name>
         <load_address>0x20006cac</load_address>
         <run_address>0x20006cac</run_address>
         <size>0x268</size>
         <input_file_ref idref="fl-d6"/>
      </object_component>
      <object_component id="oc-365">
         <name>.text:_pconv_g</name>
         <load_address>0x20006f14</load_address>
         <run_address>0x20006f14</run_address>
         <size>0x1cc</size>
         <input_file_ref idref="fl-d6"/>
      </object_component>
      <object_component id="oc-3f9">
         <name>.text</name>
         <load_address>0x200070e0</load_address>
         <run_address>0x200070e0</run_address>
         <size>0x1b6</size>
         <input_file_ref idref="fl-d8"/>
      </object_component>
      <object_component id="oc-44f">
         <name>.text</name>
         <load_address>0x20007296</load_address>
         <run_address>0x20007296</run_address>
         <size>0x2</size>
         <input_file_ref idref="fl-d7"/>
      </object_component>
      <object_component id="oc-13d">
         <name>.text:PRCMCC3200MCUInit</name>
         <load_address>0x20007298</load_address>
         <run_address>0x20007298</run_address>
         <size>0x178</size>
         <input_file_ref idref="fl-11"/>
      </object_component>
      <object_component id="oc-371">
         <name>.text:_pconv_e</name>
         <load_address>0x20007410</load_address>
         <run_address>0x20007410</run_address>
         <size>0x13c</size>
         <input_file_ref idref="fl-d6"/>
      </object_component>
      <object_component id="oc-3df">
         <name>.text</name>
         <load_address>0x2000754c</load_address>
         <run_address>0x2000754c</run_address>
         <size>0x136</size>
         <input_file_ref idref="fl-da"/>
      </object_component>
      <object_component id="oc-40b">
         <name>.text:fcvt</name>
         <load_address>0x20007684</load_address>
         <run_address>0x20007684</run_address>
         <size>0x120</size>
         <input_file_ref idref="fl-d6"/>
      </object_component>
      <object_component id="oc-2d7">
         <name>.text:aligned_alloc</name>
         <load_address>0x200077a4</load_address>
         <run_address>0x200077a4</run_address>
         <size>0x100</size>
         <input_file_ref idref="fl-d3"/>
      </object_component>
      <object_component id="oc-143">
         <name>.text</name>
         <load_address>0x200078a4</load_address>
         <run_address>0x200078a4</run_address>
         <size>0xfc</size>
         <input_file_ref idref="fl-5"/>
      </object_component>
      <object_component id="oc-3da">
         <name>.text</name>
         <load_address>0x200079a0</load_address>
         <run_address>0x200079a0</run_address>
         <size>0xfc</size>
         <input_file_ref idref="fl-db"/>
      </object_component>
      <object_component id="oc-1e3">
         <name>.text:free</name>
         <load_address>0x20007a9c</load_address>
         <run_address>0x20007a9c</run_address>
         <size>0xe4</size>
         <input_file_ref idref="fl-d3"/>
      </object_component>
      <object_component id="oc-1dd">
         <name>.text:realloc</name>
         <load_address>0x20007b80</load_address>
         <run_address>0x20007b80</run_address>
         <size>0xe4</size>
         <input_file_ref idref="fl-d3"/>
      </object_component>
      <object_component id="oc-209">
         <name>.text:SPITransfer32</name>
         <load_address>0x20007c64</load_address>
         <run_address>0x20007c64</run_address>
         <size>0xd0</size>
         <input_file_ref idref="fl-12"/>
      </object_component>
      <object_component id="oc-41f">
         <name>.text:scalbn</name>
         <load_address>0x20007d34</load_address>
         <run_address>0x20007d34</run_address>
         <size>0xd0</size>
         <input_file_ref idref="fl-ec"/>
      </object_component>
      <object_component id="oc-203">
         <name>.text:SPITransfer16</name>
         <load_address>0x20007e04</load_address>
         <run_address>0x20007e04</run_address>
         <size>0xce</size>
         <input_file_ref idref="fl-12"/>
      </object_component>
      <object_component id="oc-1fd">
         <name>.text:SPITransfer8</name>
         <load_address>0x20007ed2</load_address>
         <run_address>0x20007ed2</run_address>
         <size>0xb8</size>
         <input_file_ref idref="fl-12"/>
      </object_component>
      <object_component id="oc-35a">
         <name>.text:_ltostr</name>
         <load_address>0x20007f8c</load_address>
         <run_address>0x20007f8c</run_address>
         <size>0xb1</size>
         <input_file_ref idref="fl-d6"/>
      </object_component>
      <object_component id="oc-137">
         <name>.text:IntEnable</name>
         <load_address>0x20008040</load_address>
         <run_address>0x20008040</run_address>
         <size>0xa8</size>
         <input_file_ref idref="fl-f"/>
      </object_component>
      <object_component id="oc-ef">
         <name>.text:SPIConfigSetExpClk</name>
         <load_address>0x200080e8</load_address>
         <run_address>0x200080e8</run_address>
         <size>0xa0</size>
         <input_file_ref idref="fl-12"/>
      </object_component>
      <object_component id="oc-3d">
         <name>.text</name>
         <load_address>0x20008188</load_address>
         <run_address>0x20008188</run_address>
         <size>0x9c</size>
         <input_file_ref idref="fl-cd"/>
      </object_component>
      <object_component id="oc-3d3">
         <name>.text</name>
         <load_address>0x20008224</load_address>
         <run_address>0x20008224</run_address>
         <size>0x96</size>
         <input_file_ref idref="fl-ce"/>
      </object_component>
      <object_component id="oc-e9">
         <name>.text:PRCMPeripheralClockGet</name>
         <load_address>0x200082bc</load_address>
         <run_address>0x200082bc</run_address>
         <size>0x94</size>
         <input_file_ref idref="fl-11"/>
      </object_component>
      <object_component id="oc-317">
         <name>.text:PinConfigSet</name>
         <load_address>0x20008350</load_address>
         <run_address>0x20008350</run_address>
         <size>0x88</size>
         <input_file_ref idref="fl-10"/>
      </object_component>
      <object_component id="oc-101">
         <name>.text:SPITransfer</name>
         <load_address>0x200083d8</load_address>
         <run_address>0x200083d8</run_address>
         <size>0x88</size>
         <input_file_ref idref="fl-12"/>
      </object_component>
      <object_component id="oc-360">
         <name>.text:__aeabi_cdcmple</name>
         <load_address>0x20008460</load_address>
         <run_address>0x20008460</run_address>
         <size>0x86</size>
         <input_file_ref idref="fl-d9"/>
      </object_component>
      <object_component id="oc-3e4">
         <name>.text:__aeabi_cdrcmple</name>
         <load_address>0x200084e6</load_address>
         <run_address>0x200084e6</run_address>
         <size>0x86</size>
         <input_file_ref idref="fl-d9"/>
      </object_component>
      <object_component id="oc-c5">
         <name>.text:SPIIntStatus</name>
         <load_address>0x2000856c</load_address>
         <run_address>0x2000856c</run_address>
         <size>0x7c</size>
         <input_file_ref idref="fl-12"/>
      </object_component>
      <object_component id="oc-8b">
         <name>.text</name>
         <load_address>0x200085e8</load_address>
         <run_address>0x200085e8</run_address>
         <size>0x7a</size>
         <input_file_ref idref="fl-de"/>
      </object_component>
      <object_component id="oc-1b3">
         <name>.text:UARTConfigSetExpClk</name>
         <load_address>0x20008662</load_address>
         <run_address>0x20008662</run_address>
         <size>0x76</size>
         <input_file_ref idref="fl-13"/>
      </object_component>
      <object_component id="oc-2e4">
         <name>.text:split</name>
         <load_address>0x200086d8</load_address>
         <run_address>0x200086d8</run_address>
         <size>0x70</size>
         <input_file_ref idref="fl-d3"/>
      </object_component>
      <object_component id="oc-404">
         <name>.text:_mcpy</name>
         <load_address>0x20008748</load_address>
         <run_address>0x20008748</run_address>
         <size>0x6e</size>
         <input_file_ref idref="fl-d6"/>
      </object_component>
      <object_component id="oc-15">
         <name>.text:decompress:lzss:__TI_decompress_lzss</name>
         <load_address>0x200087b6</load_address>
         <run_address>0x200087b6</run_address>
         <size>0x68</size>
         <input_file_ref idref="fl-d1"/>
      </object_component>
      <object_component id="oc-419">
         <name>.text:frexp</name>
         <load_address>0x20008820</load_address>
         <run_address>0x20008820</run_address>
         <size>0x5c</size>
         <input_file_ref idref="fl-eb"/>
      </object_component>
      <object_component id="oc-240">
         <name>.text:PRCMPeripheralReset</name>
         <load_address>0x2000887c</load_address>
         <run_address>0x2000887c</run_address>
         <size>0x58</size>
         <input_file_ref idref="fl-11"/>
      </object_component>
      <object_component id="oc-36b">
         <name>.text:_pconv_f</name>
         <load_address>0x200088d4</load_address>
         <run_address>0x200088d4</run_address>
         <size>0x56</size>
         <input_file_ref idref="fl-d6"/>
      </object_component>
      <object_component id="oc-3ee">
         <name>.text:__TI_ltoa</name>
         <load_address>0x2000892a</load_address>
         <run_address>0x2000892a</run_address>
         <size>0x54</size>
         <input_file_ref idref="fl-e4"/>
      </object_component>
      <object_component id="oc-3fe">
         <name>.text:_ecpy</name>
         <load_address>0x2000897e</load_address>
         <run_address>0x2000897e</run_address>
         <size>0x52</size>
         <input_file_ref idref="fl-d6"/>
      </object_component>
      <object_component id="oc-125">
         <name>.text:SPIIntEnable</name>
         <load_address>0x200089d0</load_address>
         <run_address>0x200089d0</run_address>
         <size>0x4c</size>
         <input_file_ref idref="fl-12"/>
      </object_component>
      <object_component id="oc-214">
         <name>.text:SPIIntNumberGet</name>
         <load_address>0x20008a1c</load_address>
         <run_address>0x20008a1c</run_address>
         <size>0x4c</size>
         <input_file_ref idref="fl-12"/>
      </object_component>
      <object_component id="oc-354">
         <name>.text:atoi</name>
         <load_address>0x20008a68</load_address>
         <run_address>0x20008a68</run_address>
         <size>0x4c</size>
         <input_file_ref idref="fl-e6"/>
      </object_component>
      <object_component id="oc-cb">
         <name>.text:SPIIntClear</name>
         <load_address>0x20008ab4</load_address>
         <run_address>0x20008ab4</run_address>
         <size>0x48</size>
         <input_file_ref idref="fl-12"/>
      </object_component>
      <object_component id="oc-3e9">
         <name>.text</name>
         <load_address>0x20008afc</load_address>
         <run_address>0x20008afc</run_address>
         <size>0x48</size>
         <input_file_ref idref="fl-dc"/>
      </object_component>
      <object_component id="oc-1a3">
         <name>.text:SPIDmaMaskGet</name>
         <load_address>0x20008b44</load_address>
         <run_address>0x20008b44</run_address>
         <size>0x44</size>
         <input_file_ref idref="fl-12"/>
      </object_component>
      <object_component id="oc-171">
         <name>.text:__TI_auto_init_nobinit_nopinit:__TI_auto_init_nobinit_nopinit</name>
         <load_address>0x20008b88</load_address>
         <run_address>0x20008b88</run_address>
         <size>0x44</size>
         <input_file_ref idref="fl-df"/>
      </object_component>
      <object_component id="oc-24d">
         <name>.text:PinModeSet</name>
         <load_address>0x20008bcc</load_address>
         <run_address>0x20008bcc</run_address>
         <size>0x40</size>
         <input_file_ref idref="fl-10"/>
      </object_component>
      <object_component id="oc-1b9">
         <name>.text:vsnprintf</name>
         <load_address>0x20008c0c</load_address>
         <run_address>0x20008c0c</run_address>
         <size>0x40</size>
         <input_file_ref idref="fl-cc"/>
      </object_component>
      <object_component id="oc-411">
         <name>.text:_fcpy</name>
         <load_address>0x20008c4c</load_address>
         <run_address>0x20008c4c</run_address>
         <size>0x3e</size>
         <input_file_ref idref="fl-d6"/>
      </object_component>
      <object_component id="oc-149">
         <name>.text:PRCMPeripheralClkEnable</name>
         <load_address>0x20008c8c</load_address>
         <run_address>0x20008c8c</run_address>
         <size>0x3c</size>
         <input_file_ref idref="fl-11"/>
      </object_component>
      <object_component id="oc-259">
         <name>.text:GPIODirModeSet</name>
         <load_address>0x20008cc8</load_address>
         <run_address>0x20008cc8</run_address>
         <size>0x36</size>
         <input_file_ref idref="fl-e"/>
      </object_component>
      <object_component id="oc-253">
         <name>.text:PinTypeGPIO</name>
         <load_address>0x20008cfe</load_address>
         <run_address>0x20008cfe</run_address>
         <size>0x30</size>
         <input_file_ref idref="fl-10"/>
      </object_component>
      <object_component id="oc-2a6">
         <name>.text:UARTDisable</name>
         <load_address>0x20008d30</load_address>
         <run_address>0x20008d30</run_address>
         <size>0x30</size>
         <input_file_ref idref="fl-13"/>
      </object_component>
      <object_component id="oc-2b9">
         <name>.text:_outs</name>
         <load_address>0x20008d60</load_address>
         <run_address>0x20008d60</run_address>
         <size>0x30</size>
         <input_file_ref idref="fl-cc"/>
      </object_component>
      <object_component id="oc-3f4">
         <name>.text</name>
         <load_address>0x20008d90</load_address>
         <run_address>0x20008d90</run_address>
         <size>0x2e</size>
         <input_file_ref idref="fl-dd"/>
      </object_component>
      <object_component id="oc-22e">
         <name>.text:PRCMSysResetCauseGet</name>
         <load_address>0x20008dc0</load_address>
         <run_address>0x20008dc0</run_address>
         <size>0x2c</size>
         <input_file_ref idref="fl-11"/>
      </object_component>
      <object_component id="oc-d7">
         <name>.text:SPIDataGetNonBlocking</name>
         <load_address>0x20008dec</load_address>
         <run_address>0x20008dec</run_address>
         <size>0x2a</size>
         <input_file_ref idref="fl-12"/>
      </object_component>
      <object_component id="oc-246">
         <name>.text:PRCMPeripheralClkDisable</name>
         <load_address>0x20008e18</load_address>
         <run_address>0x20008e18</run_address>
         <size>0x28</size>
         <input_file_ref idref="fl-11"/>
      </object_component>
      <object_component id="oc-2eb">
         <name>.text:free_list_insert</name>
         <load_address>0x20008e40</load_address>
         <run_address>0x20008e40</run_address>
         <size>0x28</size>
         <input_file_ref idref="fl-d3"/>
      </object_component>
      <object_component id="oc-1d1">
         <name>.text:memmove</name>
         <load_address>0x20008e68</load_address>
         <run_address>0x20008e68</run_address>
         <size>0x28</size>
         <input_file_ref idref="fl-d2"/>
      </object_component>
      <object_component id="oc-2ac">
         <name>.text:UARTEnable</name>
         <load_address>0x20008e90</load_address>
         <run_address>0x20008e90</run_address>
         <size>0x24</size>
         <input_file_ref idref="fl-13"/>
      </object_component>
      <object_component id="oc-5b">
         <name>.text:_c_int00_noargs:_c_int00_noargs</name>
         <load_address>0x20008eb4</load_address>
         <run_address>0x20008eb4</run_address>
         <size>0x24</size>
         <input_file_ref idref="fl-d5"/>
      </object_component>
      <object_component id="oc-e3">
         <name>.text:SPIReset</name>
         <load_address>0x20008ed8</load_address>
         <run_address>0x20008ed8</run_address>
         <size>0x22</size>
         <input_file_ref idref="fl-12"/>
      </object_component>
      <object_component id="oc-26a">
         <name>.text:GPIOPinWrite</name>
         <load_address>0x20008efa</load_address>
         <run_address>0x20008efa</run_address>
         <size>0x20</size>
         <input_file_ref idref="fl-e"/>
      </object_component>
      <object_component id="oc-21a">
         <name>.text:IntRegister</name>
         <load_address>0x20008f1c</load_address>
         <run_address>0x20008f1c</run_address>
         <size>0x20</size>
         <input_file_ref idref="fl-f"/>
      </object_component>
      <object_component id="oc-113">
         <name>.text:SPIDataGet</name>
         <load_address>0x20008f3c</load_address>
         <run_address>0x20008f3c</run_address>
         <size>0x20</size>
         <input_file_ref idref="fl-12"/>
      </object_component>
      <object_component id="oc-d1">
         <name>.text:SPIDataPut</name>
         <load_address>0x20008f5c</load_address>
         <run_address>0x20008f5c</run_address>
         <size>0x1e</size>
         <input_file_ref idref="fl-12"/>
      </object_component>
      <object_component id="oc-11f">
         <name>.text:SPIIntRegister</name>
         <load_address>0x20008f7a</load_address>
         <run_address>0x20008f7a</run_address>
         <size>0x1e</size>
         <input_file_ref idref="fl-12"/>
      </object_component>
      <object_component id="oc-10d">
         <name>.text:UARTCharPut</name>
         <load_address>0x20008f98</load_address>
         <run_address>0x20008f98</run_address>
         <size>0x1e</size>
         <input_file_ref idref="fl-13"/>
      </object_component>
      <object_component id="oc-1c5">
         <name>.text:UARTCharGetNonBlocking</name>
         <load_address>0x20008fb6</load_address>
         <run_address>0x20008fb6</run_address>
         <size>0x1c</size>
         <input_file_ref idref="fl-13"/>
      </object_component>
      <object_component id="oc-49">
         <name>.text:decompress:ZI:__TI_zero_init_nomemset:__TI_zero_init_nomemset</name>
         <load_address>0x20008fd2</load_address>
         <run_address>0x20008fd2</run_address>
         <size>0x1c</size>
         <input_file_ref idref="fl-cf"/>
      </object_component>
      <object_component id="oc-2de">
         <name>.text:free_list_remove</name>
         <load_address>0x20008ff0</load_address>
         <run_address>0x20008ff0</run_address>
         <size>0x1c</size>
         <input_file_ref idref="fl-d3"/>
      </object_component>
      <object_component id="oc-37d">
         <name>.text:memccpy</name>
         <load_address>0x2000900c</load_address>
         <run_address>0x2000900c</run_address>
         <size>0x1c</size>
         <input_file_ref idref="fl-e8"/>
      </object_component>
      <object_component id="oc-25f">
         <name>.text:PinTypeSPI</name>
         <load_address>0x20009028</load_address>
         <run_address>0x20009028</run_address>
         <size>0x1a</size>
         <input_file_ref idref="fl-10"/>
      </object_component>
      <object_component id="oc-119">
         <name>.text:SPICSDisable</name>
         <load_address>0x20009042</load_address>
         <run_address>0x20009042</run_address>
         <size>0x18</size>
         <input_file_ref idref="fl-12"/>
      </object_component>
      <object_component id="oc-107">
         <name>.text:SPICSEnable</name>
         <load_address>0x2000905a</load_address>
         <run_address>0x2000905a</run_address>
         <size>0x18</size>
         <input_file_ref idref="fl-12"/>
      </object_component>
      <object_component id="oc-f5">
         <name>.text:SPIEnable</name>
         <load_address>0x20009072</load_address>
         <run_address>0x20009072</run_address>
         <size>0x18</size>
         <input_file_ref idref="fl-12"/>
      </object_component>
      <object_component id="oc-1bf">
         <name>.text:UARTCharsAvail</name>
         <load_address>0x2000908a</load_address>
         <run_address>0x2000908a</run_address>
         <size>0x18</size>
         <input_file_ref idref="fl-13"/>
      </object_component>
      <object_component id="oc-2bf">
         <name>.text:_outc</name>
         <load_address>0x200090a2</load_address>
         <run_address>0x200090a2</run_address>
         <size>0x18</size>
         <input_file_ref idref="fl-cc"/>
      </object_component>
      <object_component id="oc-234">
         <name>.text:PRCMHIBRegRead</name>
         <load_address>0x200090ba</load_address>
         <run_address>0x200090ba</run_address>
         <size>0x16</size>
         <input_file_ref idref="fl-11"/>
      </object_component>
      <object_component id="oc-23a">
         <name>.text:PRCMHIBRegWrite</name>
         <load_address>0x200090d0</load_address>
         <run_address>0x200090d0</run_address>
         <size>0x16</size>
         <input_file_ref idref="fl-11"/>
      </object_component>
      <object_component id="oc-fb">
         <name>.text:UARTCharGet</name>
         <load_address>0x200090e6</load_address>
         <run_address>0x200090e6</run_address>
         <size>0x16</size>
         <input_file_ref idref="fl-13"/>
      </object_component>
      <object_component id="oc-425">
         <name>.text:strchr</name>
         <load_address>0x200090fc</load_address>
         <run_address>0x200090fc</run_address>
         <size>0x16</size>
         <input_file_ref idref="fl-e9"/>
      </object_component>
      <object_component id="oc-223">
         <name>.text:CPUcpsie</name>
         <load_address>0x20009112</load_address>
         <run_address>0x20009112</run_address>
         <size>0x14</size>
         <input_file_ref idref="fl-15"/>
      </object_component>
      <object_component id="oc-12b">
         <name>.text:IntVTableBaseSet</name>
         <load_address>0x20009128</load_address>
         <run_address>0x20009128</run_address>
         <size>0x14</size>
         <input_file_ref idref="fl-f"/>
      </object_component>
      <object_component id="oc-1cb">
         <name>.text:strlen</name>
         <load_address>0x2000913c</load_address>
         <run_address>0x2000913c</run_address>
         <size>0x14</size>
         <input_file_ref idref="fl-d4"/>
      </object_component>
      <object_component id="oc-383">
         <name>.text:wcslen</name>
         <load_address>0x20009150</load_address>
         <run_address>0x20009150</run_address>
         <size>0x12</size>
         <input_file_ref idref="fl-ed"/>
      </object_component>
      <object_component id="oc-1b">
         <name>.text:decompress:none:__TI_decompress_none</name>
         <load_address>0x20009162</load_address>
         <run_address>0x20009162</run_address>
         <size>0xe</size>
         <input_file_ref idref="fl-d0"/>
      </object_component>
      <object_component id="oc-29">
         <name>.text</name>
         <load_address>0x20009170</load_address>
         <run_address>0x20009170</run_address>
         <size>0xe</size>
         <input_file_ref idref="fl-6"/>
      </object_component>
      <object_component id="oc-468">
         <name>.text:copysign</name>
         <load_address>0x2000917e</load_address>
         <run_address>0x2000917e</run_address>
         <size>0xc</size>
         <input_file_ref idref="fl-ee"/>
      </object_component>
      <object_component id="oc-131">
         <name>.text:IntMasterEnable</name>
         <load_address>0x2000918a</load_address>
         <run_address>0x2000918a</run_address>
         <size>0xa</size>
         <input_file_ref idref="fl-f"/>
      </object_component>
      <object_component id="oc-389">
         <name>.text:__aeabi_errno_addr</name>
         <load_address>0x20009194</load_address>
         <run_address>0x20009194</run_address>
         <size>0x8</size>
         <input_file_ref idref="fl-ea"/>
      </object_component>
      <object_component id="oc-1d7">
         <name>.text:malloc</name>
         <load_address>0x2000919c</load_address>
         <run_address>0x2000919c</run_address>
         <size>0x8</size>
         <input_file_ref idref="fl-d3"/>
      </object_component>
      <object_component id="oc-30d">
         <name>.text:UtilsDelay</name>
         <load_address>0x200091a4</load_address>
         <run_address>0x200091a4</run_address>
         <size>0x6</size>
         <input_file_ref idref="fl-14"/>
      </object_component>
      <object_component id="oc-91">
         <name>.text:_system_pre_init</name>
         <load_address>0x200091aa</load_address>
         <run_address>0x200091aa</run_address>
         <size>0x4</size>
         <input_file_ref idref="fl-e0"/>
      </object_component>
      <object_component id="oc-165">
         <name>.text:abort:abort</name>
         <load_address>0x200091ae</load_address>
         <run_address>0x200091ae</run_address>
         <size>0x4</size>
         <input_file_ref idref="fl-e2"/>
      </object_component>
      <object_component id="oc-325">
         <name>.const:.string:font</name>
         <load_address>0x200091b4</load_address>
         <run_address>0x200091b4</run_address>
         <size>0x4fb</size>
         <input_file_ref idref="fl-2"/>
      </object_component>
      <object_component id="oc-3ce">
         <name>.const:.string:_ctypes_</name>
         <load_address>0x200096af</load_address>
         <run_address>0x200096af</run_address>
         <size>0x101</size>
         <input_file_ref idref="fl-e7"/>
      </object_component>
      <object_component id="oc-313">
         <name>.const:g_ulPinToPadMap</name>
         <load_address>0x200097b0</load_address>
         <run_address>0x200097b0</run_address>
         <size>0x100</size>
         <input_file_ref idref="fl-10"/>
      </object_component>
      <object_component id="oc-266">
         <name>.const:PRCM_PeriphRegsList</name>
         <load_address>0x200098b0</load_address>
         <run_address>0x200098b0</run_address>
         <size>0xa8</size>
         <input_file_ref idref="fl-11"/>
      </object_component>
      <object_component id="oc-303">
         <name>.const:g_ppulSPIIntMap</name>
         <load_address>0x20009958</load_address>
         <run_address>0x20009958</run_address>
         <size>0x24</size>
         <input_file_ref idref="fl-12"/>
      </object_component>
      <object_component id="oc-22a">
         <name>.const:g_pulEnRegs</name>
         <load_address>0x2000997c</load_address>
         <run_address>0x2000997c</run_address>
         <size>0x18</size>
         <input_file_ref idref="fl-f"/>
      </object_component>
      <object_component id="oc-2a0">
         <name>.const:g_ulSPIDmaMaskMap</name>
         <load_address>0x20009994</load_address>
         <run_address>0x20009994</run_address>
         <size>0x18</size>
         <input_file_ref idref="fl-12"/>
      </object_component>
      <object_component id="oc-4c0">
         <name>.cinit..data.load</name>
         <load_address>0x200099b0</load_address>
         <run_address>0x200099b0</run_address>
         <size>0x20</size>
      </object_component>
      <object_component id="oc-4be">
         <name>__TI_handler_table</name>
         <load_address>0x200099d0</load_address>
         <run_address>0x200099d0</run_address>
         <size>0xc</size>
      </object_component>
      <object_component id="oc-4c1">
         <name>.cinit..bss.load</name>
         <load_address>0x200099e0</load_address>
         <run_address>0x200099e0</run_address>
         <size>0x8</size>
      </object_component>
      <object_component id="oc-4bf">
         <name>__TI_cinit_table</name>
         <load_address>0x200099e8</load_address>
         <run_address>0x200099e8</run_address>
         <size>0x10</size>
      </object_component>
      <object_component id="oc-328">
         <name>.data</name>
         <load_address>0x200178d0</load_address>
         <run_address>0x200178d0</run_address>
         <size>0x15</size>
         <input_file_ref idref="fl-2"/>
      </object_component>
      <object_component id="oc-3a3">
         <name>.data:$O1$$</name>
         <load_address>0x200178f0</load_address>
         <run_address>0x200178f0</run_address>
         <size>0x8</size>
         <input_file_ref idref="fl-d3"/>
      </object_component>
      <object_component id="oc-284">
         <name>.data:$O1$$</name>
         <load_address>0x200178e8</load_address>
         <run_address>0x200178e8</run_address>
         <size>0x8</size>
         <input_file_ref idref="fl-e3"/>
      </object_component>
      <object_component id="oc-435">
         <name>.data</name>
         <load_address>0x200178f8</load_address>
         <run_address>0x200178f8</run_address>
         <size>0x4</size>
         <input_file_ref idref="fl-ea"/>
      </object_component>
      <object_component id="oc-15b">
         <name>.bss:g_ucTxBuff</name>
         <uninitialized>true</uninitialized>
         <run_address>0x20017864</run_address>
         <size>0x64</size>
         <input_file_ref idref="fl-4"/>
      </object_component>
      <object_component id="oc-161">
         <name>.bss:g_ucRxBuff</name>
         <uninitialized>true</uninitialized>
         <run_address>0x20017800</run_address>
         <size>0x64</size>
         <input_file_ref idref="fl-4"/>
      </object_component>
      <object_component id="oc-15e">
         <name>.bss</name>
         <uninitialized>true</uninitialized>
         <run_address>0x200178cc</run_address>
         <size>0x2</size>
         <input_file_ref idref="fl-4"/>
      </object_component>
      <object_component id="oc-1e9">
         <name>.bss</name>
         <uninitialized>true</uninitialized>
         <run_address>0x200178c8</run_address>
         <size>0x4</size>
         <input_file_ref idref="fl-8"/>
      </object_component>
      <object_component id="oc-23">
         <name>.sysmem</name>
         <uninitialized>true</uninitialized>
         <run_address>0x20017000</run_address>
         <size>0x10</size>
         <input_file_ref idref="fl-d3"/>
      </object_component>
      <object_component id="oc-4c4">
         <name>.sysmem</name>
         <uninitialized>true</uninitialized>
         <run_address>0x20017000</run_address>
         <size>0x0</size>
      </object_component>
      <object_component id="oc-26">
         <name>.stack</name>
         <uninitialized>true</uninitialized>
         <run_address>0x2002f800</run_address>
         <size>0x4</size>
         <input_file_ref idref="fl-d5"/>
      </object_component>
      <object_component id="oc-4c3">
         <name>.stack</name>
         <uninitialized>true</uninitialized>
         <run_address>0x2002f800</run_address>
         <size>0x0</size>
      </object_component>
      <object_component id="oc-32c">
         <name>.debug_info</name>
         <load_address>0x0</load_address>
         <run_address>0x0</run_address>
         <size>0x214</size>
         <input_file_ref idref="fl-2"/>
      </object_component>
      <object_component id="oc-326">
         <name>.debug_info</name>
         <load_address>0x214</load_address>
         <run_address>0x214</run_address>
         <size>0xc6</size>
         <input_file_ref idref="fl-2"/>
      </object_component>
      <object_component id="oc-329">
         <name>.debug_info</name>
         <load_address>0x2da</load_address>
         <run_address>0x2da</run_address>
         <size>0x174</size>
         <input_file_ref idref="fl-2"/>
      </object_component>
      <object_component id="oc-276">
         <name>.debug_info</name>
         <load_address>0x44e</load_address>
         <run_address>0x44e</run_address>
         <size>0x1532</size>
         <input_file_ref idref="fl-2"/>
      </object_component>
      <object_component id="oc-38">
         <name>.debug_info</name>
         <load_address>0x1980</load_address>
         <run_address>0x1980</run_address>
         <size>0x84</size>
         <input_file_ref idref="fl-2"/>
      </object_component>
      <object_component id="oc-271">
         <name>.debug_info</name>
         <load_address>0x1a04</load_address>
         <run_address>0x1a04</run_address>
         <size>0x1e5</size>
         <input_file_ref idref="fl-3"/>
      </object_component>
      <object_component id="oc-150">
         <name>.debug_info</name>
         <load_address>0x1be9</load_address>
         <run_address>0x1be9</run_address>
         <size>0xe27</size>
         <input_file_ref idref="fl-3"/>
      </object_component>
      <object_component id="oc-3b0">
         <name>.debug_info</name>
         <load_address>0x2a10</load_address>
         <run_address>0x2a10</run_address>
         <size>0x62</size>
         <input_file_ref idref="fl-3"/>
      </object_component>
      <object_component id="oc-1aa">
         <name>.debug_info</name>
         <load_address>0x2a72</load_address>
         <run_address>0x2a72</run_address>
         <size>0x2c</size>
         <input_file_ref idref="fl-3"/>
      </object_component>
      <object_component id="oc-bc">
         <name>.debug_info</name>
         <load_address>0x2a9e</load_address>
         <run_address>0x2a9e</run_address>
         <size>0x2c</size>
         <input_file_ref idref="fl-3"/>
      </object_component>
      <object_component id="oc-27b">
         <name>.debug_info</name>
         <load_address>0x2aca</load_address>
         <run_address>0x2aca</run_address>
         <size>0x83c</size>
         <input_file_ref idref="fl-4"/>
      </object_component>
      <object_component id="oc-15c">
         <name>.debug_info</name>
         <load_address>0x3306</load_address>
         <run_address>0x3306</run_address>
         <size>0xca</size>
         <input_file_ref idref="fl-4"/>
      </object_component>
      <object_component id="oc-162">
         <name>.debug_info</name>
         <load_address>0x33d0</load_address>
         <run_address>0x33d0</run_address>
         <size>0xca</size>
         <input_file_ref idref="fl-4"/>
      </object_component>
      <object_component id="oc-15f">
         <name>.debug_info</name>
         <load_address>0x349a</load_address>
         <run_address>0x349a</run_address>
         <size>0xf2</size>
         <input_file_ref idref="fl-4"/>
      </object_component>
      <object_component id="oc-98">
         <name>.debug_info</name>
         <load_address>0x358c</load_address>
         <run_address>0x358c</run_address>
         <size>0x6b9</size>
         <input_file_ref idref="fl-4"/>
      </object_component>
      <object_component id="oc-144">
         <name>.debug_info</name>
         <load_address>0x3c45</load_address>
         <run_address>0x3c45</run_address>
         <size>0x32d</size>
         <input_file_ref idref="fl-5"/>
      </object_component>
      <object_component id="oc-31">
         <name>.debug_info</name>
         <load_address>0x3f72</load_address>
         <run_address>0x3f72</run_address>
         <size>0x184</size>
         <input_file_ref idref="fl-6"/>
      </object_component>
      <object_component id="oc-13">
         <name>.debug_info</name>
         <load_address>0x40f6</load_address>
         <run_address>0x40f6</run_address>
         <size>0x103</size>
         <input_file_ref idref="fl-6"/>
      </object_component>
      <object_component id="oc-2c">
         <name>.debug_info</name>
         <load_address>0x41f9</load_address>
         <run_address>0x41f9</run_address>
         <size>0x424</size>
         <input_file_ref idref="fl-6"/>
      </object_component>
      <object_component id="oc-156">
         <name>.debug_info</name>
         <load_address>0x461d</load_address>
         <run_address>0x461d</run_address>
         <size>0x1017</size>
         <input_file_ref idref="fl-7"/>
      </object_component>
      <object_component id="oc-1ed">
         <name>.debug_info</name>
         <load_address>0x5634</load_address>
         <run_address>0x5634</run_address>
         <size>0x39c</size>
         <input_file_ref idref="fl-8"/>
      </object_component>
      <object_component id="oc-1ea">
         <name>.debug_info</name>
         <load_address>0x59d0</load_address>
         <run_address>0x59d0</run_address>
         <size>0xcd</size>
         <input_file_ref idref="fl-8"/>
      </object_component>
      <object_component id="oc-de">
         <name>.debug_info</name>
         <load_address>0x5a9d</load_address>
         <run_address>0x5a9d</run_address>
         <size>0x633</size>
         <input_file_ref idref="fl-8"/>
      </object_component>
      <object_component id="oc-2f6">
         <name>.debug_info</name>
         <load_address>0x60d0</load_address>
         <run_address>0x60d0</run_address>
         <size>0x26b</size>
         <input_file_ref idref="fl-8"/>
      </object_component>
      <object_component id="oc-1f3">
         <name>.debug_info</name>
         <load_address>0x633b</load_address>
         <run_address>0x633b</run_address>
         <size>0x110</size>
         <input_file_ref idref="fl-8"/>
      </object_component>
      <object_component id="oc-2fb">
         <name>.debug_info</name>
         <load_address>0x644b</load_address>
         <run_address>0x644b</run_address>
         <size>0x2a4</size>
         <input_file_ref idref="fl-8"/>
      </object_component>
      <object_component id="oc-1ee">
         <name>.debug_info</name>
         <load_address>0x66ef</load_address>
         <run_address>0x66ef</run_address>
         <size>0x2c</size>
         <input_file_ref idref="fl-8"/>
      </object_component>
      <object_component id="oc-25d">
         <name>.debug_info</name>
         <load_address>0x671b</load_address>
         <run_address>0x671b</run_address>
         <size>0x1dd</size>
         <input_file_ref idref="fl-e"/>
      </object_component>
      <object_component id="oc-26b">
         <name>.debug_info</name>
         <load_address>0x68f8</load_address>
         <run_address>0x68f8</run_address>
         <size>0x1d4</size>
         <input_file_ref idref="fl-e"/>
      </object_component>
      <object_component id="oc-308">
         <name>.debug_info</name>
         <load_address>0x6acc</load_address>
         <run_address>0x6acc</run_address>
         <size>0x201</size>
         <input_file_ref idref="fl-f"/>
      </object_component>
      <object_component id="oc-22b">
         <name>.debug_info</name>
         <load_address>0x6ccd</load_address>
         <run_address>0x6ccd</run_address>
         <size>0xf4</size>
         <input_file_ref idref="fl-f"/>
      </object_component>
      <object_component id="oc-133">
         <name>.debug_info</name>
         <load_address>0x6dc1</load_address>
         <run_address>0x6dc1</run_address>
         <size>0x17c</size>
         <input_file_ref idref="fl-f"/>
      </object_component>
      <object_component id="oc-12e">
         <name>.debug_info</name>
         <load_address>0x6f3d</load_address>
         <run_address>0x6f3d</run_address>
         <size>0x1ae</size>
         <input_file_ref idref="fl-f"/>
      </object_component>
      <object_component id="oc-21b">
         <name>.debug_info</name>
         <load_address>0x70eb</load_address>
         <run_address>0x70eb</run_address>
         <size>0x1f8</size>
         <input_file_ref idref="fl-f"/>
      </object_component>
      <object_component id="oc-138">
         <name>.debug_info</name>
         <load_address>0x72e3</load_address>
         <run_address>0x72e3</run_address>
         <size>0x19f</size>
         <input_file_ref idref="fl-f"/>
      </object_component>
      <object_component id="oc-3b7">
         <name>.debug_info</name>
         <load_address>0x7482</load_address>
         <run_address>0x7482</run_address>
         <size>0x14e</size>
         <input_file_ref idref="fl-10"/>
      </object_component>
      <object_component id="oc-314">
         <name>.debug_info</name>
         <load_address>0x75d0</load_address>
         <run_address>0x75d0</run_address>
         <size>0xf6</size>
         <input_file_ref idref="fl-10"/>
      </object_component>
      <object_component id="oc-24f">
         <name>.debug_info</name>
         <load_address>0x76c6</load_address>
         <run_address>0x76c6</run_address>
         <size>0x1bf</size>
         <input_file_ref idref="fl-10"/>
      </object_component>
      <object_component id="oc-319">
         <name>.debug_info</name>
         <load_address>0x7885</load_address>
         <run_address>0x7885</run_address>
         <size>0x20d</size>
         <input_file_ref idref="fl-10"/>
      </object_component>
      <object_component id="oc-261">
         <name>.debug_info</name>
         <load_address>0x7a92</load_address>
         <run_address>0x7a92</run_address>
         <size>0x1d2</size>
         <input_file_ref idref="fl-10"/>
      </object_component>
      <object_component id="oc-256">
         <name>.debug_info</name>
         <load_address>0x7c64</load_address>
         <run_address>0x7c64</run_address>
         <size>0x222</size>
         <input_file_ref idref="fl-10"/>
      </object_component>
      <object_component id="oc-311">
         <name>.debug_info</name>
         <load_address>0x7e86</load_address>
         <run_address>0x7e86</run_address>
         <size>0x25e</size>
         <input_file_ref idref="fl-11"/>
      </object_component>
      <object_component id="oc-267">
         <name>.debug_info</name>
         <load_address>0x80e4</load_address>
         <run_address>0x80e4</run_address>
         <size>0xff</size>
         <input_file_ref idref="fl-11"/>
      </object_component>
      <object_component id="oc-22f">
         <name>.debug_info</name>
         <load_address>0x81e3</load_address>
         <run_address>0x81e3</run_address>
         <size>0x1a6</size>
         <input_file_ref idref="fl-11"/>
      </object_component>
      <object_component id="oc-14a">
         <name>.debug_info</name>
         <load_address>0x8389</load_address>
         <run_address>0x8389</run_address>
         <size>0x1eb</size>
         <input_file_ref idref="fl-11"/>
      </object_component>
      <object_component id="oc-247">
         <name>.debug_info</name>
         <load_address>0x8574</load_address>
         <run_address>0x8574</run_address>
         <size>0x1ed</size>
         <input_file_ref idref="fl-11"/>
      </object_component>
      <object_component id="oc-ea">
         <name>.debug_info</name>
         <load_address>0x8761</load_address>
         <run_address>0x8761</run_address>
         <size>0x216</size>
         <input_file_ref idref="fl-11"/>
      </object_component>
      <object_component id="oc-241">
         <name>.debug_info</name>
         <load_address>0x8977</load_address>
         <run_address>0x8977</run_address>
         <size>0x1c0</size>
         <input_file_ref idref="fl-11"/>
      </object_component>
      <object_component id="oc-13e">
         <name>.debug_info</name>
         <load_address>0x8b37</load_address>
         <run_address>0x8b37</run_address>
         <size>0x283</size>
         <input_file_ref idref="fl-11"/>
      </object_component>
      <object_component id="oc-235">
         <name>.debug_info</name>
         <load_address>0x8dba</load_address>
         <run_address>0x8dba</run_address>
         <size>0x1bf</size>
         <input_file_ref idref="fl-11"/>
      </object_component>
      <object_component id="oc-23b">
         <name>.debug_info</name>
         <load_address>0x8f79</load_address>
         <run_address>0x8f79</run_address>
         <size>0x1d4</size>
         <input_file_ref idref="fl-11"/>
      </object_component>
      <object_component id="oc-1b2">
         <name>.debug_info</name>
         <load_address>0x914d</load_address>
         <run_address>0x914d</run_address>
         <size>0x232</size>
         <input_file_ref idref="fl-12"/>
      </object_component>
      <object_component id="oc-304">
         <name>.debug_info</name>
         <load_address>0x937f</load_address>
         <run_address>0x937f</run_address>
         <size>0xf6</size>
         <input_file_ref idref="fl-12"/>
      </object_component>
      <object_component id="oc-2a1">
         <name>.debug_info</name>
         <load_address>0x9475</load_address>
         <run_address>0x9475</run_address>
         <size>0xfa</size>
         <input_file_ref idref="fl-12"/>
      </object_component>
      <object_component id="oc-201">
         <name>.debug_info</name>
         <load_address>0x956f</load_address>
         <run_address>0x956f</run_address>
         <size>0x2dc</size>
         <input_file_ref idref="fl-12"/>
      </object_component>
      <object_component id="oc-207">
         <name>.debug_info</name>
         <load_address>0x984b</load_address>
         <run_address>0x984b</run_address>
         <size>0x2df</size>
         <input_file_ref idref="fl-12"/>
      </object_component>
      <object_component id="oc-20d">
         <name>.debug_info</name>
         <load_address>0x9b2a</load_address>
         <run_address>0x9b2a</run_address>
         <size>0x2e1</size>
         <input_file_ref idref="fl-12"/>
      </object_component>
      <object_component id="oc-218">
         <name>.debug_info</name>
         <load_address>0x9e0b</load_address>
         <run_address>0x9e0b</run_address>
         <size>0x19c</size>
         <input_file_ref idref="fl-12"/>
      </object_component>
      <object_component id="oc-1a7">
         <name>.debug_info</name>
         <load_address>0x9fa7</load_address>
         <run_address>0x9fa7</run_address>
         <size>0x198</size>
         <input_file_ref idref="fl-12"/>
      </object_component>
      <object_component id="oc-f9">
         <name>.debug_info</name>
         <load_address>0xa13f</load_address>
         <run_address>0xa13f</run_address>
         <size>0x179</size>
         <input_file_ref idref="fl-12"/>
      </object_component>
      <object_component id="oc-e7">
         <name>.debug_info</name>
         <load_address>0xa2b8</load_address>
         <run_address>0xa2b8</run_address>
         <size>0x177</size>
         <input_file_ref idref="fl-12"/>
      </object_component>
      <object_component id="oc-f3">
         <name>.debug_info</name>
         <load_address>0xa42f</load_address>
         <run_address>0xa42f</run_address>
         <size>0x28e</size>
         <input_file_ref idref="fl-12"/>
      </object_component>
      <object_component id="oc-db">
         <name>.debug_info</name>
         <load_address>0xa6bd</load_address>
         <run_address>0xa6bd</run_address>
         <size>0x1de</size>
         <input_file_ref idref="fl-12"/>
      </object_component>
      <object_component id="oc-117">
         <name>.debug_info</name>
         <load_address>0xa89b</load_address>
         <run_address>0xa89b</run_address>
         <size>0x1aa</size>
         <input_file_ref idref="fl-12"/>
      </object_component>
      <object_component id="oc-d4">
         <name>.debug_info</name>
         <load_address>0xaa45</load_address>
         <run_address>0xaa45</run_address>
         <size>0x1a6</size>
         <input_file_ref idref="fl-12"/>
      </object_component>
      <object_component id="oc-122">
         <name>.debug_info</name>
         <load_address>0xabeb</load_address>
         <run_address>0xabeb</run_address>
         <size>0x20a</size>
         <input_file_ref idref="fl-12"/>
      </object_component>
      <object_component id="oc-127">
         <name>.debug_info</name>
         <load_address>0xadf5</load_address>
         <run_address>0xadf5</run_address>
         <size>0x1fc</size>
         <input_file_ref idref="fl-12"/>
      </object_component>
      <object_component id="oc-c8">
         <name>.debug_info</name>
         <load_address>0xaff1</load_address>
         <run_address>0xaff1</run_address>
         <size>0x218</size>
         <input_file_ref idref="fl-12"/>
      </object_component>
      <object_component id="oc-ce">
         <name>.debug_info</name>
         <load_address>0xb209</load_address>
         <run_address>0xb209</run_address>
         <size>0x1fa</size>
         <input_file_ref idref="fl-12"/>
      </object_component>
      <object_component id="oc-10a">
         <name>.debug_info</name>
         <load_address>0xb403</load_address>
         <run_address>0xb403</run_address>
         <size>0x17d</size>
         <input_file_ref idref="fl-12"/>
      </object_component>
      <object_component id="oc-11c">
         <name>.debug_info</name>
         <load_address>0xb580</load_address>
         <run_address>0xb580</run_address>
         <size>0x17f</size>
         <input_file_ref idref="fl-12"/>
      </object_component>
      <object_component id="oc-104">
         <name>.debug_info</name>
         <load_address>0xb6ff</load_address>
         <run_address>0xb6ff</run_address>
         <size>0x289</size>
         <input_file_ref idref="fl-12"/>
      </object_component>
      <object_component id="oc-1b4">
         <name>.debug_info</name>
         <load_address>0xb988</load_address>
         <run_address>0xb988</run_address>
         <size>0x25c</size>
         <input_file_ref idref="fl-13"/>
      </object_component>
      <object_component id="oc-2ad">
         <name>.debug_info</name>
         <load_address>0xbbe4</load_address>
         <run_address>0xbbe4</run_address>
         <size>0x17e</size>
         <input_file_ref idref="fl-13"/>
      </object_component>
      <object_component id="oc-2a7">
         <name>.debug_info</name>
         <load_address>0xbd62</load_address>
         <run_address>0xbd62</run_address>
         <size>0x180</size>
         <input_file_ref idref="fl-13"/>
      </object_component>
      <object_component id="oc-1c0">
         <name>.debug_info</name>
         <load_address>0xbee2</load_address>
         <run_address>0xbee2</run_address>
         <size>0x18a</size>
         <input_file_ref idref="fl-13"/>
      </object_component>
      <object_component id="oc-1c6">
         <name>.debug_info</name>
         <load_address>0xc06c</load_address>
         <run_address>0xc06c</run_address>
         <size>0x19a</size>
         <input_file_ref idref="fl-13"/>
      </object_component>
      <object_component id="oc-fc">
         <name>.debug_info</name>
         <load_address>0xc206</load_address>
         <run_address>0xc206</run_address>
         <size>0x184</size>
         <input_file_ref idref="fl-13"/>
      </object_component>
      <object_component id="oc-10e">
         <name>.debug_info</name>
         <load_address>0xc38a</load_address>
         <run_address>0xc38a</run_address>
         <size>0x1ab</size>
         <input_file_ref idref="fl-13"/>
      </object_component>
      <object_component id="oc-225">
         <name>.debug_info</name>
         <load_address>0xc535</load_address>
         <run_address>0xc535</run_address>
         <size>0x14e</size>
         <input_file_ref idref="fl-15"/>
      </object_component>
      <object_component id="oc-2c6">
         <name>.debug_info</name>
         <load_address>0xc683</load_address>
         <run_address>0xc683</run_address>
         <size>0x212</size>
         <input_file_ref idref="fl-cc"/>
      </object_component>
      <object_component id="oc-1bb">
         <name>.debug_info</name>
         <load_address>0xc895</load_address>
         <run_address>0xc895</run_address>
         <size>0x208</size>
         <input_file_ref idref="fl-cc"/>
      </object_component>
      <object_component id="oc-2bb">
         <name>.debug_info</name>
         <load_address>0xca9d</load_address>
         <run_address>0xca9d</run_address>
         <size>0x1c6</size>
         <input_file_ref idref="fl-cc"/>
      </object_component>
      <object_component id="oc-2c0">
         <name>.debug_info</name>
         <load_address>0xcc63</load_address>
         <run_address>0xcc63</run_address>
         <size>0x179</size>
         <input_file_ref idref="fl-cc"/>
      </object_component>
      <object_component id="oc-2c7">
         <name>.debug_info</name>
         <load_address>0xcddc</load_address>
         <run_address>0xcddc</run_address>
         <size>0x2c</size>
         <input_file_ref idref="fl-cc"/>
      </object_component>
      <object_component id="oc-2cc">
         <name>.debug_info</name>
         <load_address>0xce08</load_address>
         <run_address>0xce08</run_address>
         <size>0x69</size>
         <input_file_ref idref="fl-cc"/>
      </object_component>
      <object_component id="oc-3e">
         <name>.debug_info</name>
         <load_address>0xce71</load_address>
         <run_address>0xce71</run_address>
         <size>0x119</size>
         <input_file_ref idref="fl-cd"/>
      </object_component>
      <object_component id="oc-3d4">
         <name>.debug_info</name>
         <load_address>0xcf8a</load_address>
         <run_address>0xcf8a</run_address>
         <size>0x134</size>
         <input_file_ref idref="fl-ce"/>
      </object_component>
      <object_component id="oc-8a">
         <name>.debug_info</name>
         <load_address>0xd0be</load_address>
         <run_address>0xd0be</run_address>
         <size>0x1a6</size>
         <input_file_ref idref="fl-cf"/>
      </object_component>
      <object_component id="oc-4b">
         <name>.debug_info</name>
         <load_address>0xd264</load_address>
         <run_address>0xd264</run_address>
         <size>0x1d2</size>
         <input_file_ref idref="fl-cf"/>
      </object_component>
      <object_component id="oc-85">
         <name>.debug_info</name>
         <load_address>0xd436</load_address>
         <run_address>0xd436</run_address>
         <size>0x46</size>
         <input_file_ref idref="fl-cf"/>
      </object_component>
      <object_component id="oc-48">
         <name>.debug_info</name>
         <load_address>0xd47c</load_address>
         <run_address>0xd47c</run_address>
         <size>0x17a</size>
         <input_file_ref idref="fl-d0"/>
      </object_component>
      <object_component id="oc-1d">
         <name>.debug_info</name>
         <load_address>0xd5f6</load_address>
         <run_address>0xd5f6</run_address>
         <size>0x1ea</size>
         <input_file_ref idref="fl-d0"/>
      </object_component>
      <object_component id="oc-43">
         <name>.debug_info</name>
         <load_address>0xd7e0</load_address>
         <run_address>0xd7e0</run_address>
         <size>0x46</size>
         <input_file_ref idref="fl-d0"/>
      </object_component>
      <object_component id="oc-7d">
         <name>.debug_info</name>
         <load_address>0xd826</load_address>
         <run_address>0xd826</run_address>
         <size>0x2c</size>
         <input_file_ref idref="fl-d0"/>
      </object_component>
      <object_component id="oc-7b">
         <name>.debug_info</name>
         <load_address>0xd852</load_address>
         <run_address>0xd852</run_address>
         <size>0x170</size>
         <input_file_ref idref="fl-d1"/>
      </object_component>
      <object_component id="oc-19">
         <name>.debug_info</name>
         <load_address>0xd9c2</load_address>
         <run_address>0xd9c2</run_address>
         <size>0x250</size>
         <input_file_ref idref="fl-d1"/>
      </object_component>
      <object_component id="oc-33">
         <name>.debug_info</name>
         <load_address>0xdc12</load_address>
         <run_address>0xdc12</run_address>
         <size>0x60</size>
         <input_file_ref idref="fl-d1"/>
      </object_component>
      <object_component id="oc-b5">
         <name>.debug_info</name>
         <load_address>0xdc72</load_address>
         <run_address>0xdc72</run_address>
         <size>0x46</size>
         <input_file_ref idref="fl-d1"/>
      </object_component>
      <object_component id="oc-76">
         <name>.debug_info</name>
         <load_address>0xdcb8</load_address>
         <run_address>0xdcb8</run_address>
         <size>0x39</size>
         <input_file_ref idref="fl-d1"/>
      </object_component>
      <object_component id="oc-2d6">
         <name>.debug_info</name>
         <load_address>0xdcf1</load_address>
         <run_address>0xdcf1</run_address>
         <size>0x172</size>
         <input_file_ref idref="fl-d2"/>
      </object_component>
      <object_component id="oc-1d3">
         <name>.debug_info</name>
         <load_address>0xde63</load_address>
         <run_address>0xde63</run_address>
         <size>0x1a9</size>
         <input_file_ref idref="fl-d2"/>
      </object_component>
      <object_component id="oc-6f">
         <name>.debug_info</name>
         <load_address>0xe00c</load_address>
         <run_address>0xe00c</run_address>
         <size>0x284</size>
         <input_file_ref idref="fl-d3"/>
      </object_component>
      <object_component id="oc-24">
         <name>.debug_info</name>
         <load_address>0xe290</load_address>
         <run_address>0xe290</run_address>
         <size>0x10c</size>
         <input_file_ref idref="fl-d3"/>
      </object_component>
      <object_component id="oc-3a4">
         <name>.debug_info</name>
         <load_address>0xe39c</load_address>
         <run_address>0xe39c</run_address>
         <size>0x13f</size>
         <input_file_ref idref="fl-d3"/>
      </object_component>
      <object_component id="oc-1d8">
         <name>.debug_info</name>
         <load_address>0xe4db</load_address>
         <run_address>0xe4db</run_address>
         <size>0x168</size>
         <input_file_ref idref="fl-d3"/>
      </object_component>
      <object_component id="oc-2df">
         <name>.debug_info</name>
         <load_address>0xe643</load_address>
         <run_address>0xe643</run_address>
         <size>0x18e</size>
         <input_file_ref idref="fl-d3"/>
      </object_component>
      <object_component id="oc-2ec">
         <name>.debug_info</name>
         <load_address>0xe7d1</load_address>
         <run_address>0xe7d1</run_address>
         <size>0x19f</size>
         <input_file_ref idref="fl-d3"/>
      </object_component>
      <object_component id="oc-1e4">
         <name>.debug_info</name>
         <load_address>0xe970</load_address>
         <run_address>0xe970</run_address>
         <size>0x203</size>
         <input_file_ref idref="fl-d3"/>
      </object_component>
      <object_component id="oc-2e5">
         <name>.debug_info</name>
         <load_address>0xeb73</load_address>
         <run_address>0xeb73</run_address>
         <size>0x1db</size>
         <input_file_ref idref="fl-d3"/>
      </object_component>
      <object_component id="oc-1de">
         <name>.debug_info</name>
         <load_address>0xed4e</load_address>
         <run_address>0xed4e</run_address>
         <size>0x26e</size>
         <input_file_ref idref="fl-d3"/>
      </object_component>
      <object_component id="oc-2d9">
         <name>.debug_info</name>
         <load_address>0xefbc</load_address>
         <run_address>0xefbc</run_address>
         <size>0x299</size>
         <input_file_ref idref="fl-d3"/>
      </object_component>
      <object_component id="oc-b0">
         <name>.debug_info</name>
         <load_address>0xf255</load_address>
         <run_address>0xf255</run_address>
         <size>0xb2</size>
         <input_file_ref idref="fl-d3"/>
      </object_component>
      <object_component id="oc-ab">
         <name>.debug_info</name>
         <load_address>0xf307</load_address>
         <run_address>0xf307</run_address>
         <size>0x2c</size>
         <input_file_ref idref="fl-d3"/>
      </object_component>
      <object_component id="oc-2d4">
         <name>.debug_info</name>
         <load_address>0xf333</load_address>
         <run_address>0xf333</run_address>
         <size>0x161</size>
         <input_file_ref idref="fl-d4"/>
      </object_component>
      <object_component id="oc-1ce">
         <name>.debug_info</name>
         <load_address>0xf494</load_address>
         <run_address>0xf494</run_address>
         <size>0x245</size>
         <input_file_ref idref="fl-d4"/>
      </object_component>
      <object_component id="oc-27">
         <name>.debug_info</name>
         <load_address>0xf6d9</load_address>
         <run_address>0xf6d9</run_address>
         <size>0x10b</size>
         <input_file_ref idref="fl-d5"/>
      </object_component>
      <object_component id="oc-5c">
         <name>.debug_info</name>
         <load_address>0xf7e4</load_address>
         <run_address>0xf7e4</run_address>
         <size>0x1a9</size>
         <input_file_ref idref="fl-d5"/>
      </object_component>
      <object_component id="oc-390">
         <name>.debug_info</name>
         <load_address>0xf98d</load_address>
         <run_address>0xf98d</run_address>
         <size>0x462</size>
         <input_file_ref idref="fl-d6"/>
      </object_component>
      <object_component id="oc-35b">
         <name>.debug_info</name>
         <load_address>0xfdef</load_address>
         <run_address>0xfdef</run_address>
         <size>0x21e</size>
         <input_file_ref idref="fl-d6"/>
      </object_component>
      <object_component id="oc-3ff">
         <name>.debug_info</name>
         <load_address>0x1000d</load_address>
         <run_address>0x1000d</run_address>
         <size>0x1b3</size>
         <input_file_ref idref="fl-d6"/>
      </object_component>
      <object_component id="oc-405">
         <name>.debug_info</name>
         <load_address>0x101c0</load_address>
         <run_address>0x101c0</run_address>
         <size>0x21b</size>
         <input_file_ref idref="fl-d6"/>
      </object_component>
      <object_component id="oc-367">
         <name>.debug_info</name>
         <load_address>0x103db</load_address>
         <run_address>0x103db</run_address>
         <size>0x3bf</size>
         <input_file_ref idref="fl-d6"/>
      </object_component>
      <object_component id="oc-40d">
         <name>.debug_info</name>
         <load_address>0x1079a</load_address>
         <run_address>0x1079a</run_address>
         <size>0x30b</size>
         <input_file_ref idref="fl-d6"/>
      </object_component>
      <object_component id="oc-413">
         <name>.debug_info</name>
         <load_address>0x10aa5</load_address>
         <run_address>0x10aa5</run_address>
         <size>0x215</size>
         <input_file_ref idref="fl-d6"/>
      </object_component>
      <object_component id="oc-36d">
         <name>.debug_info</name>
         <load_address>0x10cba</load_address>
         <run_address>0x10cba</run_address>
         <size>0x228</size>
         <input_file_ref idref="fl-d6"/>
      </object_component>
      <object_component id="oc-373">
         <name>.debug_info</name>
         <load_address>0x10ee2</load_address>
         <run_address>0x10ee2</run_address>
         <size>0x303</size>
         <input_file_ref idref="fl-d6"/>
      </object_component>
      <object_component id="oc-378">
         <name>.debug_info</name>
         <load_address>0x111e5</load_address>
         <run_address>0x111e5</run_address>
         <size>0x4b4</size>
         <input_file_ref idref="fl-d6"/>
      </object_component>
      <object_component id="oc-2b5">
         <name>.debug_info</name>
         <load_address>0x11699</load_address>
         <run_address>0x11699</run_address>
         <size>0x5f4</size>
         <input_file_ref idref="fl-d6"/>
      </object_component>
      <object_component id="oc-391">
         <name>.debug_info</name>
         <load_address>0x11c8d</load_address>
         <run_address>0x11c8d</run_address>
         <size>0x86</size>
         <input_file_ref idref="fl-d6"/>
      </object_component>
      <object_component id="oc-43c">
         <name>.debug_info</name>
         <load_address>0x11d13</load_address>
         <run_address>0x11d13</run_address>
         <size>0x39</size>
         <input_file_ref idref="fl-d6"/>
      </object_component>
      <object_component id="oc-47f">
         <name>.debug_info</name>
         <load_address>0x11d4c</load_address>
         <run_address>0x11d4c</run_address>
         <size>0xb6</size>
         <input_file_ref idref="fl-d6"/>
      </object_component>
      <object_component id="oc-441">
         <name>.debug_info</name>
         <load_address>0x11e02</load_address>
         <run_address>0x11e02</run_address>
         <size>0x46</size>
         <input_file_ref idref="fl-d6"/>
      </object_component>
      <object_component id="oc-396">
         <name>.debug_info</name>
         <load_address>0x11e48</load_address>
         <run_address>0x11e48</run_address>
         <size>0x46</size>
         <input_file_ref idref="fl-d6"/>
      </object_component>
      <object_component id="oc-450">
         <name>.debug_info</name>
         <load_address>0x11e8e</load_address>
         <run_address>0x11e8e</run_address>
         <size>0x115</size>
         <input_file_ref idref="fl-d7"/>
      </object_component>
      <object_component id="oc-3fa">
         <name>.debug_info</name>
         <load_address>0x11fa3</load_address>
[...]
      </symbol>
      <symbol id="sm-1c9">
         <name>testroundrects</name>
         <value>0x20005e41</value>
         <object_component_ref idref="oc-155"/>
      </symbol>
      <symbol id="sm-1ca">
         <name>testdrawcircles</name>
         <value>0x20005d45</value>
         <object_component_ref idref="oc-155"/>
      </symbol>
      <symbol id="sm-1cb">
         <name>testlines</name>
         <value>0x20005eb3</value>
         <object_component_ref idref="oc-155"/>
      </symbol>
      <symbol id="sm-1cc">
         <name>testfastlines</name>
         <value>0x20005b43</value>
         <object_component_ref idref="oc-155"/>
      </symbol>
      <symbol id="sm-1cd">
         <name>lcdTestPattern</name>
         <value>0x20006081</value>
         <object_component_ref idref="oc-155"/>
      </symbol>
      <symbol id="sm-1ce">
         <name>delay</name>
         <value>0x20005b0f</value>
         <object_component_ref idref="oc-155"/>
      </symbol>
      <symbol id="sm-1cf">
         <name>lcdTestPattern2</name>
         <value>0x20006151</value>
         <object_component_ref idref="oc-155"/>
      </symbol>
      <symbol id="sm-1d0">
         <name>testtriangles</name>
         <value>0x20005dbf</value>
         <object_component_ref idref="oc-155"/>
      </symbol>
      <symbol id="sm-1d1">
         <name>testfillrects</name>
         <value>0x20005c15</value>
         <object_component_ref idref="oc-155"/>
      </symbol>
      <symbol id="sm-1d2">
         <name>testdrawrects</name>
         <value>0x20005bb5</value>
         <object_component_ref idref="oc-155"/>
      </symbol>
      <symbol id="sm-1d3">
         <name>print_Name</name>
         <value>0x20005a29</value>
         <object_component_ref idref="oc-155"/>
      </symbol>
      <symbol id="sm-1d4">
         <name>testfillcircles</name>
         <value>0x20005cd3</value>
         <object_component_ref idref="oc-155"/>
      </symbol>
      <symbol id="sm-1d5">
         <name>print_Characters</name>
         <value>0x200058cf</value>
         <object_component_ref idref="oc-155"/>
      </symbol>
      <symbol id="sm-1d6">
         <name>print_Lab</name>
         <value>0x2000592d</value>
         <object_component_ref idref="oc-155"/>
      </symbol>
      <symbol id="sm-227">
         <name>GetCmd</name>
         <value>0x20006ab3</value>
         <object_component_ref idref="oc-dd"/>
      </symbol>
      <symbol id="sm-228">
         <name>Message</name>
         <value>0x20006a4f</value>
         <object_component_ref idref="oc-dd"/>
      </symbol>
      <symbol id="sm-229">
         <name>Report</name>
         <value>0x20006bf1</value>
         <object_component_ref idref="oc-dd"/>
      </symbol>
      <symbol id="sm-22a">
         <name>Error</name>
         <value>0x20006a7b</value>
         <object_component_ref idref="oc-dd"/>
      </symbol>
      <symbol id="sm-22b">
         <name>InitTerm</name>
         <value>0x20006a31</value>
         <object_component_ref idref="oc-dd"/>
      </symbol>
      <symbol id="sm-22c">
         <name>ClearTerm</name>
         <value>0x20006a71</value>
         <object_component_ref idref="oc-dd"/>
      </symbol>
      <symbol id="sm-22d">
         <name>TrimSpace</name>
         <value>0x20006b59</value>
         <object_component_ref idref="oc-dd"/>
      </symbol>
      <symbol id="sm-241">
         <name>GPIODirModeSet</name>
         <value>0x20008cc9</value>
         <object_component_ref idref="oc-259"/>
      </symbol>
      <symbol id="sm-242">
         <name>GPIOPinWrite</name>
         <value>0x20008efb</value>
         <object_component_ref idref="oc-26a"/>
      </symbol>
      <symbol id="sm-27b">
         <name>IntVTableBaseSet</name>
         <value>0x20009129</value>
         <object_component_ref idref="oc-12b"/>
      </symbol>
      <symbol id="sm-27c">
         <name>IntEnable</name>
         <value>0x20008041</value>
         <object_component_ref idref="oc-137"/>
      </symbol>
      <symbol id="sm-27d">
         <name>IntRegister</name>
         <value>0x20008f1d</value>
         <object_component_ref idref="oc-21a"/>
      </symbol>
      <symbol id="sm-27e">
         <name>IntMasterEnable</name>
         <value>0x2000918b</value>
         <object_component_ref idref="oc-131"/>
      </symbol>
      <symbol id="sm-2b5">
         <name>PinTypeGPIO</name>
         <value>0x20008cff</value>
         <object_component_ref idref="oc-253"/>
      </symbol>
      <symbol id="sm-2b6">
         <name>PinConfigSet</name>
         <value>0x20008351</value>
         <object_component_ref idref="oc-317"/>
      </symbol>
      <symbol id="sm-2b7">
         <name>PinTypeSPI</name>
         <value>0x20009029</value>
         <object_component_ref idref="oc-25f"/>
      </symbol>
      <symbol id="sm-2b8">
         <name>PinModeSet</name>
         <value>0x20008bcd</value>
         <object_component_ref idref="oc-24d"/>
      </symbol>
      <symbol id="sm-33e">
         <name>PRCMPeripheralReset</name>
         <value>0x2000887d</value>
         <object_component_ref idref="oc-240"/>
      </symbol>
      <symbol id="sm-33f">
         <name>PRCMPeripheralClkEnable</name>
         <value>0x20008c8d</value>
         <object_component_ref idref="oc-149"/>
      </symbol>
      <symbol id="sm-340">
         <name>PRCMPeripheralClockGet</name>
         <value>0x200082bd</value>
         <object_component_ref idref="oc-e9"/>
      </symbol>
      <symbol id="sm-341">
         <name>PRCMCC3200MCUInit</name>
         <value>0x20007299</value>
         <object_component_ref idref="oc-13d"/>
      </symbol>
      <symbol id="sm-342">
         <name>PRCMHIBRegWrite</name>
         <value>0x200090d1</value>
         <object_component_ref idref="oc-23a"/>
      </symbol>
      <symbol id="sm-343">
         <name>PRCMSysResetCauseGet</name>
         <value>0x20008dc1</value>
         <object_component_ref idref="oc-22e"/>
      </symbol>
      <symbol id="sm-344">
         <name>PRCMPeripheralClkDisable</name>
         <value>0x20008e19</value>
         <object_component_ref idref="oc-246"/>
      </symbol>
      <symbol id="sm-345">
         <name>PRCMHIBRegRead</name>
         <value>0x200090bb</value>
         <object_component_ref idref="oc-234"/>
      </symbol>
      <symbol id="sm-436">
         <name>SPITransfer</name>
         <value>0x200083d9</value>
         <object_component_ref idref="oc-101"/>
      </symbol>
      <symbol id="sm-437">
         <name>SPICSEnable</name>
         <value>0x2000905b</value>
         <object_component_ref idref="oc-107"/>
      </symbol>
      <symbol id="sm-438">
         <name>SPIDataGetNonBlocking</name>
         <value>0x20008ded</value>
         <object_component_ref idref="oc-d7"/>
      </symbol>
      <symbol id="sm-439">
         <name>SPIDataPut</name>
         <value>0x20008f5d</value>
         <object_component_ref idref="oc-d1"/>
      </symbol>
      <symbol id="sm-43a">
         <name>SPIEnable</name>
         <value>0x20009073</value>
         <object_component_ref idref="oc-f5"/>
      </symbol>
      <symbol id="sm-43b">
         <name>SPIDataGet</name>
         <value>0x20008f3d</value>
         <object_component_ref idref="oc-113"/>
      </symbol>
      <symbol id="sm-43c">
         <name>SPIConfigSetExpClk</name>
         <value>0x200080e9</value>
         <object_component_ref idref="oc-ef"/>
      </symbol>
      <symbol id="sm-43d">
         <name>SPIIntRegister</name>
         <value>0x20008f7b</value>
         <object_component_ref idref="oc-11f"/>
      </symbol>
      <symbol id="sm-43e">
         <name>SPIReset</name>
         <value>0x20008ed9</value>
         <object_component_ref idref="oc-e3"/>
      </symbol>
      <symbol id="sm-43f">
         <name>SPIIntStatus</name>
         <value>0x2000856d</value>
         <object_component_ref idref="oc-c5"/>
      </symbol>
      <symbol id="sm-440">
         <name>SPIIntEnable</name>
         <value>0x200089d1</value>
         <object_component_ref idref="oc-125"/>
      </symbol>
      <symbol id="sm-441">
         <name>SPIIntClear</name>
         <value>0x20008ab5</value>
         <object_component_ref idref="oc-cb"/>
      </symbol>
      <symbol id="sm-442">
         <name>SPICSDisable</name>
         <value>0x20009043</value>
         <object_component_ref idref="oc-119"/>
      </symbol>
      <symbol id="sm-487">
         <name>UARTConfigSetExpClk</name>
         <value>0x20008663</value>
         <object_component_ref idref="oc-1b3"/>
      </symbol>
      <symbol id="sm-488">
         <name>UARTDisable</name>
         <value>0x20008d31</value>
         <object_component_ref idref="oc-2a6"/>
      </symbol>
      <symbol id="sm-489">
         <name>UARTCharsAvail</name>
         <value>0x2000908b</value>
         <object_component_ref idref="oc-1bf"/>
      </symbol>
      <symbol id="sm-48a">
         <name>UARTCharGetNonBlocking</name>
         <value>0x20008fb7</value>
         <object_component_ref idref="oc-1c5"/>
      </symbol>
      <symbol id="sm-48b">
         <name>UARTCharPut</name>
         <value>0x20008f99</value>
         <object_component_ref idref="oc-10d"/>
      </symbol>
      <symbol id="sm-48c">
         <name>UARTEnable</name>
         <value>0x20008e91</value>
         <object_component_ref idref="oc-2ac"/>
      </symbol>
      <symbol id="sm-48d">
         <name>UARTCharGet</name>
         <value>0x200090e7</value>
         <object_component_ref idref="oc-fb"/>
      </symbol>
      <symbol id="sm-491">
         <name>UtilsDelay</name>
         <value>0x200091a5</value>
         <object_component_ref idref="oc-30d"/>
      </symbol>
      <symbol id="sm-49b">
         <name>CPUcpsie</name>
         <value>0x20009113</value>
         <object_component_ref idref="oc-223"/>
      </symbol>
      <symbol id="sm-4cb">
         <name>vsnprintf</name>
         <value>0x20008c0d</value>
         <object_component_ref idref="oc-1b9"/>
      </symbol>
      <symbol id="sm-4e6">
         <name>memcpy</name>
         <value>0x20008189</value>
         <object_component_ref idref="oc-3d"/>
      </symbol>
      <symbol id="sm-4e7">
         <name>__aeabi_memcpy</name>
         <value>0x20008189</value>
         <object_component_ref idref="oc-3d"/>
      </symbol>
      <symbol id="sm-4e8">
         <name>__aeabi_memcpy8</name>
         <value>0x20008189</value>
         <object_component_ref idref="oc-3d"/>
      </symbol>
      <symbol id="sm-4e9">
         <name>__aeabi_memcpy4</name>
         <value>0x20008189</value>
         <object_component_ref idref="oc-3d"/>
      </symbol>
      <symbol id="sm-4f6">
         <name>__aeabi_uldivmod</name>
         <value>0x20008225</value>
         <object_component_ref idref="oc-3d3"/>
      </symbol>
      <symbol id="sm-50a">
         <name>__TI_zero_init_nomemset</name>
         <value>0x20008fd3</value>
         <object_component_ref idref="oc-49"/>
      </symbol>
      <symbol id="sm-521">
         <name>__TI_decompress_none</name>
         <value>0x20009163</value>
         <object_component_ref idref="oc-1b"/>
      </symbol>
      <symbol id="sm-544">
         <name>__TI_decompress_lzss</name>
         <value>0x200087b7</value>
         <object_component_ref idref="oc-15"/>
      </symbol>
      <symbol id="sm-555">
         <name>memmove</name>
         <value>0x20008e69</value>
         <object_component_ref idref="oc-1d1"/>
      </symbol>
      <symbol id="sm-5f3">
         <name>_sys_memory</name>
         <value>0x20017000</value>
         <object_component_ref idref="oc-23"/>
      </symbol>
      <symbol id="sm-5f4">
         <name>free</name>
         <value>0x20007a9d</value>
         <object_component_ref idref="oc-1e3"/>
      </symbol>
      <symbol id="sm-5f5">
         <name>realloc</name>
         <value>0x20007b81</value>
         <object_component_ref idref="oc-1dd"/>
      </symbol>
      <symbol id="sm-5f6">
         <name>memalign</name>
         <value>0x200077a5</value>
         <object_component_ref idref="oc-2d7"/>
      </symbol>
      <symbol id="sm-5f7">
         <name>malloc</name>
         <value>0x2000919d</value>
         <object_component_ref idref="oc-1d7"/>
      </symbol>
      <symbol id="sm-5f8">
         <name>aligned_alloc</name>
         <value>0x200077a5</value>
         <object_component_ref idref="oc-2d7"/>
      </symbol>
      <symbol id="sm-606">
         <name>strlen</name>
         <value>0x2000913d</value>
         <object_component_ref idref="oc-1cb"/>
      </symbol>
      <symbol id="sm-618">
         <name>__stack</name>
         <value>0x2002f800</value>
         <object_component_ref idref="oc-26"/>
      </symbol>
      <symbol id="sm-619">
         <name>_c_int00_noargs</name>
         <value>0x20008eb5</value>
         <object_component_ref idref="oc-5b"/>
      </symbol>
      <symbol id="sm-77e">
         <name>__TI_printfi</name>
         <value>0x20004e81</value>
         <object_component_ref idref="oc-2b3"/>
      </symbol>
      <symbol id="sm-788">
         <name>__aeabi_idiv0</name>
         <value>0x20007297</value>
         <object_component_ref idref="oc-44f"/>
      </symbol>
      <symbol id="sm-789">
         <name>__aeabi_ldiv0</name>
         <value>0x20007297</value>
         <object_component_ref idref="oc-44f"/>
      </symbol>
      <symbol id="sm-7a0">
         <name>__aeabi_dsub</name>
         <value>0x200070e1</value>
         <object_component_ref idref="oc-3f9"/>
      </symbol>
      <symbol id="sm-7a1">
         <name>__aeabi_dadd</name>
         <value>0x200070eb</value>
         <object_component_ref idref="oc-3f9"/>
      </symbol>
      <symbol id="sm-7c3">
         <name>__aeabi_cdcmpeq</name>
         <value>0x20008461</value>
         <object_component_ref idref="oc-360"/>
      </symbol>
      <symbol id="sm-7c4">
         <name>__aeabi_cdcmple</name>
         <value>0x20008461</value>
         <object_component_ref idref="oc-360"/>
      </symbol>
      <symbol id="sm-7c5">
         <name>__aeabi_cdrcmple</name>
         <value>0x200084e7</value>
         <object_component_ref idref="oc-3e4"/>
      </symbol>
      <symbol id="sm-7d9">
         <name>__aeabi_ddiv</name>
         <value>0x2000754d</value>
         <object_component_ref idref="oc-3df"/>
      </symbol>
      <symbol id="sm-7e4">
         <name>__aeabi_dmul</name>
         <value>0x200079a1</value>
         <object_component_ref idref="oc-3da"/>
      </symbol>
      <symbol id="sm-7ee">
         <name>__aeabi_d2iz</name>
         <value>0x20008afd</value>
         <object_component_ref idref="oc-3e9"/>
      </symbol>
      <symbol id="sm-7f8">
         <name>__aeabi_i2d</name>
         <value>0x20008d91</value>
         <object_component_ref idref="oc-3f4"/>
      </symbol>
      <symbol id="sm-807">
         <name>__aeabi_memset</name>
         <value>0x200085eb</value>
         <object_component_ref idref="oc-8b"/>
      </symbol>
      <symbol id="sm-808">
         <name>memset</name>
         <value>0x200085f1</value>
         <object_component_ref idref="oc-8b"/>
      </symbol>
      <symbol id="sm-809">
         <name>__aeabi_memset8</name>
         <value>0x200085eb</value>
         <object_component_ref idref="oc-8b"/>
      </symbol>
      <symbol id="sm-80a">
         <name>__aeabi_memset4</name>
         <value>0x200085eb</value>
         <object_component_ref idref="oc-8b"/>
      </symbol>
      <symbol id="sm-80b">
         <name>__aeabi_memclr8</name>
         <value>0x200085e9</value>
         <object_component_ref idref="oc-8b"/>
      </symbol>
      <symbol id="sm-80c">
         <name>__aeabi_memclr4</name>
         <value>0x200085e9</value>
         <object_component_ref idref="oc-8b"/>
      </symbol>
      <symbol id="sm-80d">
         <name>__aeabi_memclr</name>
         <value>0x200085e9</value>
         <object_component_ref idref="oc-8b"/>
      </symbol>
      <symbol id="sm-835">
         <name>__TI_auto_init_nobinit_nopinit</name>
         <value>0x20008b89</value>
         <object_component_ref idref="oc-171"/>
      </symbol>
      <symbol id="sm-83f">
         <name>_system_pre_init</name>
         <value>0x200091ab</value>
         <object_component_ref idref="oc-91"/>
      </symbol>
      <symbol id="sm-84b">
         <name>C$$EXIT</name>
         <value>0x200091af</value>
         <object_component_ref idref="oc-165"/>
      </symbol>
      <symbol id="sm-84c">
         <name>abort</name>
         <value>0x200091af</value>
         <object_component_ref idref="oc-165"/>
      </symbol>
      <symbol id="sm-861">
         <name>_nop</name>
         <value>0x200066b3</value>
         <object_component_ref idref="oc-331"/>
      </symbol>
      <symbol id="sm-862">
         <name>_lock</name>
         <value>0x200178e8</value>
         <object_component_ref idref="oc-284"/>
      </symbol>
      <symbol id="sm-863">
         <name>_unlock</name>
         <value>0x200178ec</value>
         <object_component_ref idref="oc-284"/>
      </symbol>
      <symbol id="sm-872">
         <name>__TI_ltoa</name>
         <value>0x2000892b</value>
         <object_component_ref idref="oc-3ee"/>
      </symbol>
      <symbol id="sm-889">
         <name>atoi</name>
         <value>0x20008a69</value>
         <object_component_ref idref="oc-354"/>
      </symbol>
      <symbol id="sm-894">
         <name>_ctypes_</name>
         <value>0x200096af</value>
         <object_component_ref idref="oc-3ce"/>
      </symbol>
      <symbol id="sm-8a4">
         <name>memccpy</name>
         <value>0x2000900d</value>
         <object_component_ref idref="oc-37d"/>
      </symbol>
      <symbol id="sm-8b4">
         <name>strchr</name>
         <value>0x200090fd</value>
         <object_component_ref idref="oc-425"/>
      </symbol>
      <symbol id="sm-8ca">
         <name>__aeabi_errno_addr</name>
         <value>0x20009195</value>
         <object_component_ref idref="oc-389"/>
      </symbol>
      <symbol id="sm-8cb">
         <name>errno</name>
         <value>0x200178f8</value>
         <object_component_ref idref="oc-435"/>
      </symbol>
      <symbol id="sm-8eb">
         <name>frexpl</name>
         <value>0x20008821</value>
         <object_component_ref idref="oc-419"/>
      </symbol>
      <symbol id="sm-8ec">
         <name>frexp</name>
         <value>0x20008821</value>
         <object_component_ref idref="oc-419"/>
      </symbol>
      <symbol id="sm-90a">
         <name>scalbn</name>
         <value>0x20007d35</value>
         <object_component_ref idref="oc-41f"/>
      </symbol>
      <symbol id="sm-90b">
         <name>scalbnl</name>
         <value>0x20007d35</value>
         <object_component_ref idref="oc-41f"/>
      </symbol>
      <symbol id="sm-90c">
         <name>ldexpl</name>
         <value>0x20007d35</value>
         <object_component_ref idref="oc-41f"/>
      </symbol>
      <symbol id="sm-90d">
         <name>ldexp</name>
         <value>0x20007d35</value>
         <object_component_ref idref="oc-41f"/>
      </symbol>
      <symbol id="sm-926">
         <name>wcslen</name>
         <value>0x20009151</value>
         <object_component_ref idref="oc-383"/>
      </symbol>
      <symbol id="sm-930">
         <name>copysign</name>
         <value>0x2000917f</value>
         <object_component_ref idref="oc-468"/>
      </symbol>
      <symbol id="sm-931">
         <name>copysignl</name>
         <value>0x2000917f</value>
         <object_component_ref idref="oc-468"/>
      </symbol>
      <symbol id="sm-932">
         <name>__TI_static_base__</name>
         <value>0x200099b0</value>
      </symbol>
      <symbol id="sm-935">
         <name>__mpu_init</name>
         <value>0x0</value>
      </symbol>
      <symbol id="sm-936">
         <name>_system_post_cinit</name>
         <value>0x0</value>
      </symbol>
   </symbol_table>
   <title>Link successful</title>
</link_info>
