<?xml version="1.0" encoding="ISO-8859-1" ?>
<link_info>
   <banner>TI ARM Linker PC v20.2.2.LTS</banner>
   <copyright>Copyright (c) 1996-2018 Texas Instruments Incorporated</copyright>
   <link_time>0x60ad4bf6</link_time>
   <link_errors>0x0</link_errors>
   <output_file>lab3.out</output_file>
   <entry_point>
      <name>_c_int00_noargs</name>
      <address>0x20008a75</address>
   </entry_point>
   <input_file_list>
      <input_file id="fl-2">
         <path>.\</path>
         <kind>object</kind>
         <file>Adafruit_GFX.obj</file>
         <name>Adafruit_GFX.obj</name>
      </input_file>
      <input_file id="fl-3">
         <path>.\</path>
         <kind>object</kind>
         <file>Adafruit_OLED.obj</file>
         <name>Adafruit_OLED.obj</name>
      </input_file>
      <input_file id="fl-4">
         <path>.\</path>
         <kind>object</kind>
         <file>i2c_if.obj</file>
         <name>i2c_if.obj</name>
      </input_file>
      <input_file id="fl-5">
         <path>.\</path>
         <kind>object</kind>
         <file>main.obj</file>
         <name>main.obj</name>
      </input_file>
      <input_file id="fl-6">
         <path>.\</path>
         <kind>object</kind>
         <file>pin_mux_config.obj</file>
         <name>pin_mux_config.obj</name>
      </input_file>
      <input_file id="fl-7">
         <path>.\</path>
         <kind>object</kind>
         <file>startup_ccs.obj</file>
         <name>startup_ccs.obj</name>
      </input_file>
      <input_file id="fl-8">
         <path>.\</path>
         <kind>object</kind>
         <file>test.obj</file>
         <name>test.obj</name>
      </input_file>
      <input_file id="fl-9">
         <path>.\</path>
         <kind>object</kind>
         <file>uart_if.obj</file>
         <name>uart_if.obj</name>
      </input_file>
      <input_file id="fl-e">
         <kind>object</kind>
         <file>&lt;internal&gt;</file>
         <name>&lt;internal&gt;</name>
      </input_file>
      <input_file id="fl-f">
         <path>C:\ti\CC3200SDK_1.5.0\cc3200-sdk\driverlib\ccs\Release\</path>
         <kind>archive</kind>
         <file>driverlib.a</file>
         <name>gpio.obj</name>
      </input_file>
      <input_file id="fl-10">
         <path>C:\ti\CC3200SDK_1.5.0\cc3200-sdk\driverlib\ccs\Release\</path>
         <kind>archive</kind>
         <file>driverlib.a</file>
         <name>i2c.obj</name>
      </input_file>
      <input_file id="fl-11">
         <path>C:\ti\CC3200SDK_1.5.0\cc3200-sdk\driverlib\ccs\Release\</path>
         <kind>archive</kind>
         <file>driverlib.a</file>
         <name>interrupt.obj</name>
      </input_file>
      <input_file id="fl-12">
         <path>C:\ti\CC3200SDK_1.5.0\cc3200-sdk\driverlib\ccs\Release\</path>
         <kind>archive</kind>
         <file>driverlib.a</file>
         <name>pin.obj</name>
      </input_file>
      <input_file id="fl-13">
         <path>C:\ti\CC3200SDK_1.5.0\cc3200-sdk\driverlib\ccs\Release\</path>
         <kind>archive</kind>
         <file>driverlib.a</file>
         <name>prcm.obj</name>
      </input_file>
      <input_file id="fl-14">
         <path>C:\ti\CC3200SDK_1.5.0\cc3200-sdk\driverlib\ccs\Release\</path>
         <kind>archive</kind>
         <file>driverlib.a</file>
         <name>spi.obj</name>
      </input_file>
      <input_file id="fl-15">
         <path>C:\ti\CC3200SDK_1.5.0\cc3200-sdk\driverlib\ccs\Release\</path>
         <kind>archive</kind>
         <file>driverlib.a</file>
         <name>uart.obj</name>
      </input_file>
      <input_file id="fl-16">
         <path>C:\ti\CC3200SDK_1.5.0\cc3200-sdk\driverlib\ccs\Release\</path>
         <kind>archive</kind>
         <file>driverlib.a</file>
         <name>utils.obj</name>
      </input_file>
      <input_file id="fl-17">
         <path>C:\ti\CC3200SDK_1.5.0\cc3200-sdk\driverlib\ccs\Release\</path>
         <kind>archive</kind>
         <file>driverlib.a</file>
         <name>cpu.obj</name>
      </input_file>
      <input_file id="fl-18">
         <path>C:\ti\CC3200SDK_1.5.0\cc3200-sdk\driverlib\ccs\Release\</path>
         <kind>archive</kind>
         <file>driverlib.a</file>
         <name>flash.obj</name>
      </input_file>
      <input_file id="fl-ce">
         <path>C:\ti\ccs1020\ccs\tools\compiler\ti-cgt-arm_20.2.2.LTS\lib\</path>
         <kind>archive</kind>
         <file>rtsv7M4_T_le_eabi.lib</file>
         <name>vsnprintf.c.obj</name>
      </input_file>
      <input_file id="fl-cf">
         <path>C:\ti\ccs1020\ccs\tools\compiler\ti-cgt-arm_20.2.2.LTS\lib\</path>
         <kind>archive</kind>
         <file>rtsv7M4_T_le_eabi.lib</file>
         <name>memcpy_t2.asm.obj</name>
      </input_file>
      <input_file id="fl-d0">
         <path>C:\ti\ccs1020\ccs\tools\compiler\ti-cgt-arm_20.2.2.LTS\lib\</path>
         <kind>archive</kind>
         <file>rtsv7M4_T_le_eabi.lib</file>
         <name>ull_div_t2.asm.obj</name>
      </input_file>
      <input_file id="fl-d1">
         <path>C:\ti\ccs1020\ccs\tools\compiler\ti-cgt-arm_20.2.2.LTS\lib\</path>
         <kind>archive</kind>
         <file>rtsv7M4_T_le_eabi.lib</file>
         <name>copy_zero_init.c.obj</name>
      </input_file>
      <input_file id="fl-d2">
         <path>C:\ti\ccs1020\ccs\tools\compiler\ti-cgt-arm_20.2.2.LTS\lib\</path>
         <kind>archive</kind>
         <file>rtsv7M4_T_le_eabi.lib</file>
         <name>copy_decompress_none.c.obj</name>
      </input_file>
      <input_file id="fl-d3">
         <path>C:\ti\ccs1020\ccs\tools\compiler\ti-cgt-arm_20.2.2.LTS\lib\</path>
         <kind>archive</kind>
         <file>rtsv7M4_T_le_eabi.lib</file>
         <name>copy_decompress_lzss.c.obj</name>
      </input_file>
      <input_file id="fl-d4">
         <path>C:\ti\ccs1020\ccs\tools\compiler\ti-cgt-arm_20.2.2.LTS\lib\</path>
         <kind>archive</kind>
         <file>rtsv7M4_T_le_eabi.lib</file>
         <name>memmov.c.obj</name>
      </input_file>
      <input_file id="fl-d5">
         <path>C:\ti\ccs1020\ccs\tools\compiler\ti-cgt-arm_20.2.2.LTS\lib\</path>
         <kind>archive</kind>
         <file>rtsv7M4_T_le_eabi.lib</file>
         <name>memory.c.obj</name>
      </input_file>
      <input_file id="fl-d6">
         <path>C:\ti\ccs1020\ccs\tools\compiler\ti-cgt-arm_20.2.2.LTS\lib\</path>
         <kind>archive</kind>
         <file>rtsv7M4_T_le_eabi.lib</file>
         <name>strlen.c.obj</name>
      </input_file>
      <input_file id="fl-d7">
         <path>C:\ti\ccs1020\ccs\tools\compiler\ti-cgt-arm_20.2.2.LTS\lib\</path>
         <kind>archive</kind>
         <file>rtsv7M4_T_le_eabi.lib</file>
         <name>boot_cortex_m.c.obj</name>
      </input_file>
      <input_file id="fl-d8">
         <path>C:\ti\ccs1020\ccs\tools\compiler\ti-cgt-arm_20.2.2.LTS\lib\</path>
         <kind>archive</kind>
         <file>rtsv7M4_T_le_eabi.lib</file>
         <name>_printfi.c.obj</name>
      </input_file>
      <input_file id="fl-d9">
         <path>C:\ti\ccs1020\ccs\tools\compiler\ti-cgt-arm_20.2.2.LTS\lib\</path>
         <kind>archive</kind>
         <file>rtsv7M4_T_le_eabi.lib</file>
         <name>div0.asm.obj</name>
      </input_file>
      <input_file id="fl-da">
         <path>C:\ti\ccs1020\ccs\tools\compiler\ti-cgt-arm_20.2.2.LTS\lib\</path>
         <kind>archive</kind>
         <file>rtsv7M4_T_le_eabi.lib</file>
         <name>fd_add_t2.asm.obj</name>
      </input_file>
      <input_file id="fl-db">
         <path>C:\ti\ccs1020\ccs\tools\compiler\ti-cgt-arm_20.2.2.LTS\lib\</path>
         <kind>archive</kind>
         <file>rtsv7M4_T_le_eabi.lib</file>
         <name>fd_cmp_t2.asm.obj</name>
      </input_file>
      <input_file id="fl-dc">
         <path>C:\ti\ccs1020\ccs\tools\compiler\ti-cgt-arm_20.2.2.LTS\lib\</path>
         <kind>archive</kind>
         <file>rtsv7M4_T_le_eabi.lib</file>
         <name>fd_div_t2.asm.obj</name>
      </input_file>
      <input_file id="fl-dd">
         <path>C:\ti\ccs1020\ccs\tools\compiler\ti-cgt-arm_20.2.2.LTS\lib\</path>
         <kind>archive</kind>
         <file>rtsv7M4_T_le_eabi.lib</file>
         <name>fd_mul_t2.asm.obj</name>
      </input_file>
      <input_file id="fl-de">
         <path>C:\ti\ccs1020\ccs\tools\compiler\ti-cgt-arm_20.2.2.LTS\lib\</path>
         <kind>archive</kind>
         <file>rtsv7M4_T_le_eabi.lib</file>
         <name>fd_toi_t2.asm.obj</name>
      </input_file>
      <input_file id="fl-df">
         <path>C:\ti\ccs1020\ccs\tools\compiler\ti-cgt-arm_20.2.2.LTS\lib\</path>
         <kind>archive</kind>
         <file>rtsv7M4_T_le_eabi.lib</file>
         <name>i_tofd_t2.asm.obj</name>
      </input_file>
      <input_file id="fl-e0">
         <path>C:\ti\ccs1020\ccs\tools\compiler\ti-cgt-arm_20.2.2.LTS\lib\</path>
         <kind>archive</kind>
         <file>rtsv7M4_T_le_eabi.lib</file>
         <name>memset_t2.asm.obj</name>
      </input_file>
      <input_file id="fl-e1">
         <path>C:\ti\ccs1020\ccs\tools\compiler\ti-cgt-arm_20.2.2.LTS\lib\</path>
         <kind>archive</kind>
         <file>rtsv7M4_T_le_eabi.lib</file>
         <name>autoinit.c.obj</name>
      </input_file>
      <input_file id="fl-e2">
         <path>C:\ti\ccs1020\ccs\tools\compiler\ti-cgt-arm_20.2.2.LTS\lib\</path>
         <kind>archive</kind>
         <file>rtsv7M4_T_le_eabi.lib</file>
         <name>pre_init.c.obj</name>
      </input_file>
      <input_file id="fl-e3">
         <path>C:\ti\ccs1020\ccs\tools\compiler\ti-cgt-arm_20.2.2.LTS\lib\</path>
         <kind>archive</kind>
         <file>rtsv7M4_T_le_eabi.lib</file>
         <name>cpy_tbl.c.obj</name>
      </input_file>
      <input_file id="fl-e4">
         <path>C:\ti\ccs1020\ccs\tools\compiler\ti-cgt-arm_20.2.2.LTS\lib\</path>
         <kind>archive</kind>
         <file>rtsv7M4_T_le_eabi.lib</file>
         <name>exit.c.obj</name>
      </input_file>
      <input_file id="fl-e5">
         <path>C:\ti\ccs1020\ccs\tools\compiler\ti-cgt-arm_20.2.2.LTS\lib\</path>
         <kind>archive</kind>
         <file>rtsv7M4_T_le_eabi.lib</file>
         <name>_lock.c.obj</name>
      </input_file>
      <input_file id="fl-e6">
         <path>C:\ti\ccs1020\ccs\tools\compiler\ti-cgt-arm_20.2.2.LTS\lib\</path>
         <kind>archive</kind>
         <file>rtsv7M4_T_le_eabi.lib</file>
         <name>_ltoa.c.obj</name>
      </input_file>
      <input_file id="fl-e7">
         <path>C:\ti\ccs1020\ccs\tools\compiler\ti-cgt-arm_20.2.2.LTS\lib\</path>
         <kind>archive</kind>
         <file>rtsv7M4_T_le_eabi.lib</file>
         <name>args_main.c.obj</name>
      </input_file>
      <input_file id="fl-e8">
         <path>C:\ti\ccs1020\ccs\tools\compiler\ti-cgt-arm_20.2.2.LTS\lib\</path>
         <kind>archive</kind>
         <file>rtsv7M4_T_le_eabi.lib</file>
         <name>atoi.c.obj</name>
      </input_file>
      <input_file id="fl-e9">
         <path>C:\ti\ccs1020\ccs\tools\compiler\ti-cgt-arm_20.2.2.LTS\lib\</path>
         <kind>archive</kind>
         <file>rtsv7M4_T_le_eabi.lib</file>
         <name>ctype.c.obj</name>
      </input_file>
      <input_file id="fl-ea">
         <path>C:\ti\ccs1020\ccs\tools\compiler\ti-cgt-arm_20.2.2.LTS\lib\</path>
         <kind>archive</kind>
         <file>rtsv7M4_T_le_eabi.lib</file>
         <name>memccpy.c.obj</name>
      </input_file>
      <input_file id="fl-eb">
         <path>C:\ti\ccs1020\ccs\tools\compiler\ti-cgt-arm_20.2.2.LTS\lib\</path>
         <kind>archive</kind>
         <file>rtsv7M4_T_le_eabi.lib</file>
         <name>strchr.c.obj</name>
      </input_file>
      <input_file id="fl-ec">
         <path>C:\ti\ccs1020\ccs\tools\compiler\ti-cgt-arm_20.2.2.LTS\lib\</path>
         <kind>archive</kind>
         <file>rtsv7M4_T_le_eabi.lib</file>
         <name>errno.c.obj</name>
      </input_file>
      <input_file id="fl-ed">
         <path>C:\ti\ccs1020\ccs\tools\compiler\ti-cgt-arm_20.2.2.LTS\lib\</path>
         <kind>archive</kind>
         <file>rtsv7M4_T_le_eabi.lib</file>
         <name>s_frexp.c.obj</name>
      </input_file>
      <input_file id="fl-ee">
         <path>C:\ti\ccs1020\ccs\tools\compiler\ti-cgt-arm_20.2.2.LTS\lib\</path>
         <kind>archive</kind>
         <file>rtsv7M4_T_le_eabi.lib</file>
         <name>s_scalbn.c.obj</name>
      </input_file>
      <input_file id="fl-ef">
         <path>C:\ti\ccs1020\ccs\tools\compiler\ti-cgt-arm_20.2.2.LTS\lib\</path>
         <kind>archive</kind>
         <file>rtsv7M4_T_le_eabi.lib</file>
         <name>wcslen.c.obj</name>
      </input_file>
      <input_file id="fl-f0">
         <path>C:\ti\ccs1020\ccs\tools\compiler\ti-cgt-arm_20.2.2.LTS\lib\</path>
         <kind>archive</kind>
         <file>rtsv7M4_T_le_eabi.lib</file>
         <name>s_copysign.c.obj</name>
      </input_file>
   </input_file_list>
   <object_component_list>
      <object_component id="oc-12">
         <name>.intvecs</name>
         <load_address>0x20004000</load_address>
         <run_address>0x20004000</run_address>
         <size>0x400</size>
         <input_file_ref idref="fl-7"/>
      </object_component>
      <object_component id="oc-16a">
         <name>.text</name>
         <load_address>0x20004400</load_address>
         <run_address>0x20004400</run_address>
         <size>0xa80</size>
         <input_file_ref idref="fl-2"/>
      </object_component>
      <object_component id="oc-30d">
         <name>.text:__TI_printfi</name>
         <load_address>0x20004e80</load_address>
         <run_address>0x20004e80</run_address>
         <size>0xa4e</size>
         <input_file_ref idref="fl-d8"/>
      </object_component>
      <object_component id="oc-3a4">
         <name>.text:_nop</name>
         <load_address>0x200058ce</load_address>
         <run_address>0x200058ce</run_address>
         <size>0x2</size>
         <input_file_ref idref="fl-e5"/>
      </object_component>
      <object_component id="oc-97">
         <name>.text</name>
         <load_address>0x200058d0</load_address>
         <run_address>0x200058d0</run_address>
         <size>0x514</size>
         <input_file_ref idref="fl-5"/>
      </object_component>
      <object_component id="oc-15e">
         <name>.text</name>
         <load_address>0x20005de4</load_address>
         <run_address>0x20005de4</run_address>
         <size>0x49a</size>
         <input_file_ref idref="fl-3"/>
      </object_component>
      <object_component id="oc-4bb">
         <name>.text</name>
         <load_address>0x2000627e</load_address>
         <run_address>0x2000627e</run_address>
         <size>0x2</size>
         <input_file_ref idref="fl-d9"/>
      </object_component>
      <object_component id="oc-164">
         <name>.text</name>
         <load_address>0x20006280</load_address>
         <run_address>0x20006280</run_address>
         <size>0x2b4</size>
         <input_file_ref idref="fl-4"/>
      </object_component>
      <object_component id="oc-dd">
         <name>.text</name>
         <load_address>0x20006534</load_address>
         <run_address>0x20006534</run_address>
         <size>0x27c</size>
         <input_file_ref idref="fl-9"/>
      </object_component>
      <object_component id="oc-3ea">
         <name>.text:_pconv_a</name>
         <load_address>0x200067b0</load_address>
         <run_address>0x200067b0</run_address>
         <size>0x268</size>
         <input_file_ref idref="fl-d8"/>
      </object_component>
      <object_component id="oc-3d8">
         <name>.text:_pconv_g</name>
         <load_address>0x20006a18</load_address>
         <run_address>0x20006a18</run_address>
         <size>0x1cc</size>
         <input_file_ref idref="fl-d8"/>
      </object_component>
      <object_component id="oc-464">
         <name>.text</name>
         <load_address>0x20006be4</load_address>
         <run_address>0x20006be4</run_address>
         <size>0x1b6</size>
         <input_file_ref idref="fl-da"/>
      </object_component>
      <object_component id="oc-13d">
         <name>.text:PRCMCC3200MCUInit</name>
         <load_address>0x20006d9c</load_address>
         <run_address>0x20006d9c</run_address>
         <size>0x178</size>
         <input_file_ref idref="fl-13"/>
      </object_component>
      <object_component id="oc-3e4">
         <name>.text:_pconv_e</name>
         <load_address>0x20006f14</load_address>
         <run_address>0x20006f14</run_address>
         <size>0x13c</size>
         <input_file_ref idref="fl-d8"/>
      </object_component>
      <object_component id="oc-44a">
         <name>.text</name>
         <load_address>0x20007050</load_address>
         <run_address>0x20007050</run_address>
         <size>0x136</size>
         <input_file_ref idref="fl-dc"/>
      </object_component>
      <object_component id="oc-476">
         <name>.text:fcvt</name>
         <load_address>0x20007188</load_address>
         <run_address>0x20007188</run_address>
         <size>0x120</size>
         <input_file_ref idref="fl-d8"/>
      </object_component>
      <object_component id="oc-14c">
         <name>.text</name>
         <load_address>0x200072a8</load_address>
         <run_address>0x200072a8</run_address>
         <size>0x108</size>
         <input_file_ref idref="fl-6"/>
      </object_component>
      <object_component id="oc-331">
         <name>.text:aligned_alloc</name>
         <load_address>0x200073b0</load_address>
         <run_address>0x200073b0</run_address>
         <size>0x100</size>
         <input_file_ref idref="fl-d5"/>
      </object_component>
      <object_component id="oc-445">
         <name>.text</name>
         <load_address>0x200074b0</load_address>
         <run_address>0x200074b0</run_address>
         <size>0xfc</size>
         <input_file_ref idref="fl-dd"/>
      </object_component>
      <object_component id="oc-1f0">
         <name>.text:free</name>
         <load_address>0x200075ac</load_address>
         <run_address>0x200075ac</run_address>
         <size>0xe4</size>
         <input_file_ref idref="fl-d5"/>
      </object_component>
      <object_component id="oc-1ea">
         <name>.text:realloc</name>
         <load_address>0x20007690</load_address>
         <run_address>0x20007690</run_address>
         <size>0xe4</size>
         <input_file_ref idref="fl-d5"/>
      </object_component>
      <object_component id="oc-216">
         <name>.text:SPITransfer32</name>
         <load_address>0x20007774</load_address>
         <run_address>0x20007774</run_address>
         <size>0xd0</size>
         <input_file_ref idref="fl-14"/>
      </object_component>
      <object_component id="oc-48a">
         <name>.text:scalbn</name>
         <load_address>0x20007844</load_address>
         <run_address>0x20007844</run_address>
         <size>0xd0</size>
         <input_file_ref idref="fl-ee"/>
      </object_component>
      <object_component id="oc-210">
         <name>.text:SPITransfer16</name>
         <load_address>0x20007914</load_address>
         <run_address>0x20007914</run_address>
         <size>0xce</size>
         <input_file_ref idref="fl-14"/>
      </object_component>
      <object_component id="oc-20a">
         <name>.text:SPITransfer8</name>
         <load_address>0x200079e2</load_address>
         <run_address>0x200079e2</run_address>
         <size>0xb8</size>
         <input_file_ref idref="fl-14"/>
      </object_component>
      <object_component id="oc-3cd">
         <name>.text:_ltostr</name>
         <load_address>0x20007a9c</load_address>
         <run_address>0x20007a9c</run_address>
         <size>0xb1</size>
         <input_file_ref idref="fl-d8"/>
      </object_component>
      <object_component id="oc-137">
         <name>.text:IntEnable</name>
         <load_address>0x20007b50</load_address>
         <run_address>0x20007b50</run_address>
         <size>0xa8</size>
         <input_file_ref idref="fl-11"/>
      </object_component>
      <object_component id="oc-ef">
         <name>.text:SPIConfigSetExpClk</name>
         <load_address>0x20007bf8</load_address>
         <run_address>0x20007bf8</run_address>
         <size>0xa0</size>
         <input_file_ref idref="fl-14"/>
      </object_component>
      <object_component id="oc-3d">
         <name>.text</name>
         <load_address>0x20007c98</load_address>
         <run_address>0x20007c98</run_address>
         <size>0x9c</size>
         <input_file_ref idref="fl-cf"/>
      </object_component>
      <object_component id="oc-43e">
         <name>.text</name>
         <load_address>0x20007d34</load_address>
         <run_address>0x20007d34</run_address>
         <size>0x96</size>
         <input_file_ref idref="fl-d0"/>
      </object_component>
      <object_component id="oc-e9">
         <name>.text:PRCMPeripheralClockGet</name>
         <load_address>0x20007dcc</load_address>
         <run_address>0x20007dcc</run_address>
         <size>0x94</size>
         <input_file_ref idref="fl-13"/>
      </object_component>
      <object_component id="oc-36f">
         <name>.text:PinConfigSet</name>
         <load_address>0x20007e60</load_address>
         <run_address>0x20007e60</run_address>
         <size>0x88</size>
         <input_file_ref idref="fl-12"/>
      </object_component>
      <object_component id="oc-101">
         <name>.text:SPITransfer</name>
         <load_address>0x20007ee8</load_address>
         <run_address>0x20007ee8</run_address>
         <size>0x88</size>
         <input_file_ref idref="fl-14"/>
      </object_component>
      <object_component id="oc-3d3">
         <name>.text:__aeabi_cdcmple</name>
         <load_address>0x20007f70</load_address>
         <run_address>0x20007f70</run_address>
         <size>0x86</size>
         <input_file_ref idref="fl-db"/>
      </object_component>
      <object_component id="oc-44f">
         <name>.text:__aeabi_cdrcmple</name>
         <load_address>0x20007ff6</load_address>
         <run_address>0x20007ff6</run_address>
         <size>0x86</size>
         <input_file_ref idref="fl-db"/>
      </object_component>
      <object_component id="oc-2c3">
         <name>.text:I2CMasterInitExpClk</name>
         <load_address>0x2000807c</load_address>
         <run_address>0x2000807c</run_address>
         <size>0x84</size>
         <input_file_ref idref="fl-10"/>
      </object_component>
      <object_component id="oc-c5">
         <name>.text:SPIIntStatus</name>
         <load_address>0x20008100</load_address>
         <run_address>0x20008100</run_address>
         <size>0x7c</size>
         <input_file_ref idref="fl-14"/>
      </object_component>
      <object_component id="oc-8b">
         <name>.text</name>
         <load_address>0x2000817c</load_address>
         <run_address>0x2000817c</run_address>
         <size>0x7a</size>
         <input_file_ref idref="fl-e0"/>
      </object_component>
      <object_component id="oc-1c0">
         <name>.text:UARTConfigSetExpClk</name>
         <load_address>0x200081f6</load_address>
         <run_address>0x200081f6</run_address>
         <size>0x76</size>
         <input_file_ref idref="fl-15"/>
      </object_component>
      <object_component id="oc-33e">
         <name>.text:split</name>
         <load_address>0x2000826c</load_address>
         <run_address>0x2000826c</run_address>
         <size>0x70</size>
         <input_file_ref idref="fl-d5"/>
      </object_component>
      <object_component id="oc-46f">
         <name>.text:_mcpy</name>
         <load_address>0x200082dc</load_address>
         <run_address>0x200082dc</run_address>
         <size>0x6e</size>
         <input_file_ref idref="fl-d8"/>
      </object_component>
      <object_component id="oc-15">
         <name>.text:decompress:lzss:__TI_decompress_lzss</name>
         <load_address>0x2000834a</load_address>
         <run_address>0x2000834a</run_address>
         <size>0x68</size>
         <input_file_ref idref="fl-d3"/>
      </object_component>
      <object_component id="oc-484">
         <name>.text:frexp</name>
         <load_address>0x200083b4</load_address>
         <run_address>0x200083b4</run_address>
         <size>0x5c</size>
         <input_file_ref idref="fl-ed"/>
      </object_component>
      <object_component id="oc-158">
         <name>.text:PRCMPeripheralReset</name>
         <load_address>0x20008410</load_address>
         <run_address>0x20008410</run_address>
         <size>0x58</size>
         <input_file_ref idref="fl-13"/>
      </object_component>
      <object_component id="oc-3de">
         <name>.text:_pconv_f</name>
         <load_address>0x20008468</load_address>
         <run_address>0x20008468</run_address>
         <size>0x56</size>
         <input_file_ref idref="fl-d8"/>
      </object_component>
      <object_component id="oc-459">
         <name>.text:__TI_ltoa</name>
         <load_address>0x200084be</load_address>
         <run_address>0x200084be</run_address>
         <size>0x54</size>
         <input_file_ref idref="fl-e6"/>
      </object_component>
      <object_component id="oc-469">
         <name>.text:_ecpy</name>
         <load_address>0x20008512</load_address>
         <run_address>0x20008512</run_address>
         <size>0x52</size>
         <input_file_ref idref="fl-d8"/>
      </object_component>
      <object_component id="oc-125">
         <name>.text:SPIIntEnable</name>
         <load_address>0x20008564</load_address>
         <run_address>0x20008564</run_address>
         <size>0x4c</size>
         <input_file_ref idref="fl-14"/>
      </object_component>
      <object_component id="oc-221">
         <name>.text:SPIIntNumberGet</name>
         <load_address>0x200085b0</load_address>
         <run_address>0x200085b0</run_address>
         <size>0x4c</size>
         <input_file_ref idref="fl-14"/>
      </object_component>
      <object_component id="oc-3c7">
         <name>.text:atoi</name>
         <load_address>0x200085fc</load_address>
         <run_address>0x200085fc</run_address>
         <size>0x4c</size>
         <input_file_ref idref="fl-e8"/>
      </object_component>
      <object_component id="oc-cb">
         <name>.text:SPIIntClear</name>
         <load_address>0x20008648</load_address>
         <run_address>0x20008648</run_address>
         <size>0x48</size>
         <input_file_ref idref="fl-14"/>
      </object_component>
      <object_component id="oc-454">
         <name>.text</name>
         <load_address>0x20008690</load_address>
         <run_address>0x20008690</run_address>
         <size>0x48</size>
         <input_file_ref idref="fl-de"/>
      </object_component>
      <object_component id="oc-1b0">
         <name>.text:SPIDmaMaskGet</name>
         <load_address>0x200086d8</load_address>
         <run_address>0x200086d8</run_address>
         <size>0x44</size>
         <input_file_ref idref="fl-14"/>
      </object_component>
      <object_component id="oc-17e">
         <name>.text:__TI_auto_init_nobinit_nopinit:__TI_auto_init_nobinit_nopinit</name>
         <load_address>0x2000871c</load_address>
         <run_address>0x2000871c</run_address>
         <size>0x44</size>
         <input_file_ref idref="fl-e1"/>
      </object_component>
      <object_component id="oc-25a">
         <name>.text:PinModeSet</name>
         <load_address>0x20008760</load_address>
         <run_address>0x20008760</run_address>
         <size>0x40</size>
         <input_file_ref idref="fl-12"/>
      </object_component>
      <object_component id="oc-1c6">
         <name>.text:vsnprintf</name>
         <load_address>0x200087a0</load_address>
         <run_address>0x200087a0</run_address>
         <size>0x40</size>
         <input_file_ref idref="fl-ce"/>
      </object_component>
      <object_component id="oc-47c">
         <name>.text:_fcpy</name>
         <load_address>0x200087e0</load_address>
         <run_address>0x200087e0</run_address>
         <size>0x3e</size>
         <input_file_ref idref="fl-d8"/>
      </object_component>
      <object_component id="oc-152">
         <name>.text:PRCMPeripheralClkEnable</name>
         <load_address>0x20008820</load_address>
         <run_address>0x20008820</run_address>
         <size>0x3c</size>
         <input_file_ref idref="fl-13"/>
      </object_component>
      <object_component id="oc-266">
         <name>.text:GPIODirModeSet</name>
         <load_address>0x2000885c</load_address>
         <run_address>0x2000885c</run_address>
         <size>0x36</size>
         <input_file_ref idref="fl-f"/>
      </object_component>
      <object_component id="oc-260">
         <name>.text:PinTypeGPIO</name>
         <load_address>0x20008892</load_address>
         <run_address>0x20008892</run_address>
         <size>0x30</size>
         <input_file_ref idref="fl-12"/>
      </object_component>
      <object_component id="oc-300">
         <name>.text:UARTDisable</name>
         <load_address>0x200088c4</load_address>
         <run_address>0x200088c4</run_address>
         <size>0x30</size>
         <input_file_ref idref="fl-15"/>
      </object_component>
      <object_component id="oc-313">
         <name>.text:_outs</name>
         <load_address>0x200088f4</load_address>
         <run_address>0x200088f4</run_address>
         <size>0x30</size>
         <input_file_ref idref="fl-ce"/>
      </object_component>
      <object_component id="oc-45f">
         <name>.text</name>
         <load_address>0x20008924</load_address>
         <run_address>0x20008924</run_address>
         <size>0x2e</size>
         <input_file_ref idref="fl-df"/>
      </object_component>
      <object_component id="oc-29f">
         <name>.text:I2CMasterErr</name>
         <load_address>0x20008952</load_address>
         <run_address>0x20008952</run_address>
         <size>0x2c</size>
         <input_file_ref idref="fl-10"/>
      </object_component>
      <object_component id="oc-23b">
         <name>.text:PRCMSysResetCauseGet</name>
         <load_address>0x20008980</load_address>
         <run_address>0x20008980</run_address>
         <size>0x2c</size>
         <input_file_ref idref="fl-13"/>
      </object_component>
      <object_component id="oc-d7">
         <name>.text:SPIDataGetNonBlocking</name>
         <load_address>0x200089ac</load_address>
         <run_address>0x200089ac</run_address>
         <size>0x2a</size>
         <input_file_ref idref="fl-14"/>
      </object_component>
      <object_component id="oc-24d">
         <name>.text:PRCMPeripheralClkDisable</name>
         <load_address>0x200089d8</load_address>
         <run_address>0x200089d8</run_address>
         <size>0x28</size>
         <input_file_ref idref="fl-13"/>
      </object_component>
      <object_component id="oc-345">
         <name>.text:free_list_insert</name>
         <load_address>0x20008a00</load_address>
         <run_address>0x20008a00</run_address>
         <size>0x28</size>
         <input_file_ref idref="fl-d5"/>
      </object_component>
      <object_component id="oc-1de">
         <name>.text:memmove</name>
         <load_address>0x20008a28</load_address>
         <run_address>0x20008a28</run_address>
         <size>0x28</size>
         <input_file_ref idref="fl-d4"/>
      </object_component>
      <object_component id="oc-306">
         <name>.text:UARTEnable</name>
         <load_address>0x20008a50</load_address>
         <run_address>0x20008a50</run_address>
         <size>0x24</size>
         <input_file_ref idref="fl-15"/>
      </object_component>
      <object_component id="oc-5b">
         <name>.text:_c_int00_noargs:_c_int00_noargs</name>
         <load_address>0x20008a74</load_address>
         <run_address>0x20008a74</run_address>
         <size>0x24</size>
         <input_file_ref idref="fl-d7"/>
      </object_component>
      <object_component id="oc-2a5">
         <name>.text:I2CMasterSlaveAddrSet</name>
         <load_address>0x20008a98</load_address>
         <run_address>0x20008a98</run_address>
         <size>0x22</size>
         <input_file_ref idref="fl-10"/>
      </object_component>
      <object_component id="oc-e3">
         <name>.text:SPIReset</name>
         <load_address>0x20008aba</load_address>
         <run_address>0x20008aba</run_address>
         <size>0x22</size>
         <input_file_ref idref="fl-14"/>
      </object_component>
      <object_component id="oc-27f">
         <name>.text:GPIOPinWrite</name>
         <load_address>0x20008adc</load_address>
         <run_address>0x20008adc</run_address>
         <size>0x20</size>
         <input_file_ref idref="fl-f"/>
      </object_component>
      <object_component id="oc-227">
         <name>.text:IntRegister</name>
         <load_address>0x20008afc</load_address>
         <run_address>0x20008afc</run_address>
         <size>0x20</size>
         <input_file_ref idref="fl-11"/>
      </object_component>
      <object_component id="oc-113">
         <name>.text:SPIDataGet</name>
         <load_address>0x20008b1c</load_address>
         <run_address>0x20008b1c</run_address>
         <size>0x20</size>
         <input_file_ref idref="fl-14"/>
      </object_component>
      <object_component id="oc-287">
         <name>.text:I2CMasterIntStatusEx</name>
         <load_address>0x20008b3c</load_address>
         <run_address>0x20008b3c</run_address>
         <size>0x1e</size>
         <input_file_ref idref="fl-10"/>
      </object_component>
      <object_component id="oc-d1">
         <name>.text:SPIDataPut</name>
         <load_address>0x20008b5a</load_address>
         <run_address>0x20008b5a</run_address>
         <size>0x1e</size>
         <input_file_ref idref="fl-14"/>
      </object_component>
      <object_component id="oc-11f">
         <name>.text:SPIIntRegister</name>
         <load_address>0x20008b78</load_address>
         <run_address>0x20008b78</run_address>
         <size>0x1e</size>
         <input_file_ref idref="fl-14"/>
      </object_component>
      <object_component id="oc-10d">
         <name>.text:UARTCharPut</name>
         <load_address>0x20008b96</load_address>
         <run_address>0x20008b96</run_address>
         <size>0x1e</size>
         <input_file_ref idref="fl-15"/>
      </object_component>
      <object_component id="oc-26c">
         <name>.text:PinTypeI2C</name>
         <load_address>0x20008bb4</load_address>
         <run_address>0x20008bb4</run_address>
         <size>0x1c</size>
         <input_file_ref idref="fl-12"/>
      </object_component>
      <object_component id="oc-1d2">
         <name>.text:UARTCharGetNonBlocking</name>
         <load_address>0x20008bd0</load_address>
         <run_address>0x20008bd0</run_address>
         <size>0x1c</size>
         <input_file_ref idref="fl-15"/>
      </object_component>
      <object_component id="oc-49">
         <name>.text:decompress:ZI:__TI_zero_init_nomemset:__TI_zero_init_nomemset</name>
         <load_address>0x20008bec</load_address>
         <run_address>0x20008bec</run_address>
         <size>0x1c</size>
         <input_file_ref idref="fl-d1"/>
      </object_component>
      <object_component id="oc-338">
         <name>.text:free_list_remove</name>
         <load_address>0x20008c08</load_address>
         <run_address>0x20008c08</run_address>
         <size>0x1c</size>
         <input_file_ref idref="fl-d5"/>
      </object_component>
      <object_component id="oc-3f0">
         <name>.text:memccpy</name>
         <load_address>0x20008c24</load_address>
         <run_address>0x20008c24</run_address>
         <size>0x1c</size>
         <input_file_ref idref="fl-ea"/>
      </object_component>
      <object_component id="oc-272">
         <name>.text:PinTypeSPI</name>
         <load_address>0x20008c40</load_address>
         <run_address>0x20008c40</run_address>
         <size>0x1a</size>
         <input_file_ref idref="fl-12"/>
      </object_component>
      <object_component id="oc-2bd">
         <name>.text:I2CMasterIntEnableEx</name>
         <load_address>0x20008c5a</load_address>
         <run_address>0x20008c5a</run_address>
         <size>0x18</size>
         <input_file_ref idref="fl-10"/>
      </object_component>
      <object_component id="oc-119">
         <name>.text:SPICSDisable</name>
         <load_address>0x20008c72</load_address>
         <run_address>0x20008c72</run_address>
         <size>0x18</size>
         <input_file_ref idref="fl-14"/>
      </object_component>
      <object_component id="oc-107">
         <name>.text:SPICSEnable</name>
         <load_address>0x20008c8a</load_address>
         <run_address>0x20008c8a</run_address>
         <size>0x18</size>
         <input_file_ref idref="fl-14"/>
      </object_component>
      <object_component id="oc-f5">
         <name>.text:SPIEnable</name>
         <load_address>0x20008ca2</load_address>
         <run_address>0x20008ca2</run_address>
         <size>0x18</size>
         <input_file_ref idref="fl-14"/>
      </object_component>
      <object_component id="oc-1cc">
         <name>.text:UARTCharsAvail</name>
         <load_address>0x20008cba</load_address>
         <run_address>0x20008cba</run_address>
         <size>0x18</size>
         <input_file_ref idref="fl-15"/>
      </object_component>
      <object_component id="oc-319">
         <name>.text:_outc</name>
         <load_address>0x20008cd2</load_address>
         <run_address>0x20008cd2</run_address>
         <size>0x18</size>
         <input_file_ref idref="fl-ce"/>
      </object_component>
      <object_component id="oc-2ab">
         <name>.text:I2CMasterDataPut</name>
         <load_address>0x20008cea</load_address>
         <run_address>0x20008cea</run_address>
         <size>0x16</size>
         <input_file_ref idref="fl-10"/>
      </object_component>
      <object_component id="oc-2b7">
         <name>.text:I2CMasterEnable</name>
         <load_address>0x20008d00</load_address>
         <run_address>0x20008d00</run_address>
         <size>0x16</size>
         <input_file_ref idref="fl-10"/>
      </object_component>
      <object_component id="oc-241">
         <name>.text:PRCMHIBRegRead</name>
         <load_address>0x20008d16</load_address>
         <run_address>0x20008d16</run_address>
         <size>0x16</size>
         <input_file_ref idref="fl-13"/>
      </object_component>
      <object_component id="oc-247">
         <name>.text:PRCMHIBRegWrite</name>
         <load_address>0x20008d2c</load_address>
         <run_address>0x20008d2c</run_address>
         <size>0x16</size>
         <input_file_ref idref="fl-13"/>
      </object_component>
      <object_component id="oc-fb">
         <name>.text:UARTCharGet</name>
         <load_address>0x20008d42</load_address>
         <run_address>0x20008d42</run_address>
         <size>0x16</size>
         <input_file_ref idref="fl-15"/>
      </object_component>
      <object_component id="oc-490">
         <name>.text:strchr</name>
         <load_address>0x20008d58</load_address>
         <run_address>0x20008d58</run_address>
         <size>0x16</size>
         <input_file_ref idref="fl-eb"/>
      </object_component>
      <object_component id="oc-230">
         <name>.text:CPUcpsie</name>
         <load_address>0x20008d6e</load_address>
         <run_address>0x20008d6e</run_address>
         <size>0x14</size>
         <input_file_ref idref="fl-17"/>
      </object_component>
      <object_component id="oc-12b">
         <name>.text:IntVTableBaseSet</name>
         <load_address>0x20008d84</load_address>
         <run_address>0x20008d84</run_address>
         <size>0x14</size>
         <input_file_ref idref="fl-11"/>
      </object_component>
      <object_component id="oc-1d8">
         <name>.text:strlen</name>
         <load_address>0x20008d98</load_address>
         <run_address>0x20008d98</run_address>
         <size>0x14</size>
         <input_file_ref idref="fl-d6"/>
      </object_component>
      <object_component id="oc-299">
         <name>.text:I2CMasterControl</name>
         <load_address>0x20008dac</load_address>
         <run_address>0x20008dac</run_address>
         <size>0x12</size>
         <input_file_ref idref="fl-10"/>
      </object_component>
      <object_component id="oc-28d">
         <name>.text:I2CMasterIntClearEx</name>
         <load_address>0x20008dbe</load_address>
         <run_address>0x20008dbe</run_address>
         <size>0x12</size>
         <input_file_ref idref="fl-10"/>
      </object_component>
      <object_component id="oc-293">
         <name>.text:I2CMasterTimeoutSet</name>
         <load_address>0x20008dd0</load_address>
         <run_address>0x20008dd0</run_address>
         <size>0x12</size>
         <input_file_ref idref="fl-10"/>
      </object_component>
      <object_component id="oc-3f6">
         <name>.text:wcslen</name>
         <load_address>0x20008de2</load_address>
         <run_address>0x20008de2</run_address>
         <size>0x12</size>
         <input_file_ref idref="fl-ef"/>
      </object_component>
      <object_component id="oc-2b1">
         <name>.text:I2CMasterDataGet</name>
         <load_address>0x20008df4</load_address>
         <run_address>0x20008df4</run_address>
         <size>0xe</size>
         <input_file_ref idref="fl-10"/>
      </object_component>
      <object_component id="oc-1b">
         <name>.text:decompress:none:__TI_decompress_none</name>
         <load_address>0x20008e02</load_address>
         <run_address>0x20008e02</run_address>
         <size>0xe</size>
         <input_file_ref idref="fl-d2"/>
      </object_component>
      <object_component id="oc-29">
         <name>.text</name>
         <load_address>0x20008e10</load_address>
         <run_address>0x20008e10</run_address>
         <size>0xe</size>
         <input_file_ref idref="fl-7"/>
      </object_component>
      <object_component id="oc-4d4">
         <name>.text:copysign</name>
         <load_address>0x20008e1e</load_address>
         <run_address>0x20008e1e</run_address>
         <size>0xc</size>
         <input_file_ref idref="fl-f0"/>
      </object_component>
      <object_component id="oc-131">
         <name>.text:IntMasterEnable</name>
         <load_address>0x20008e2a</load_address>
         <run_address>0x20008e2a</run_address>
         <size>0xa</size>
         <input_file_ref idref="fl-11"/>
      </object_component>
      <object_component id="oc-3fc">
         <name>.text:__aeabi_errno_addr</name>
         <load_address>0x20008e34</load_address>
         <run_address>0x20008e34</run_address>
         <size>0x8</size>
         <input_file_ref idref="fl-ec"/>
      </object_component>
      <object_component id="oc-1e4">
         <name>.text:malloc</name>
         <load_address>0x20008e3c</load_address>
         <run_address>0x20008e3c</run_address>
         <size>0x8</size>
         <input_file_ref idref="fl-d5"/>
      </object_component>
      <object_component id="oc-367">
         <name>.text:UtilsDelay</name>
         <load_address>0x20008e44</load_address>
         <run_address>0x20008e44</run_address>
         <size>0x6</size>
         <input_file_ref idref="fl-16"/>
      </object_component>
      <object_component id="oc-91">
         <name>.text:_system_pre_init</name>
         <load_address>0x20008e4a</load_address>
         <run_address>0x20008e4a</run_address>
         <size>0x4</size>
         <input_file_ref idref="fl-e2"/>
      </object_component>
      <object_component id="oc-172">
         <name>.text:abort:abort</name>
         <load_address>0x20008e4e</load_address>
         <run_address>0x20008e4e</run_address>
         <size>0x4</size>
         <input_file_ref idref="fl-e4"/>
      </object_component>
      <object_component id="oc-2d0">
         <name>.const:.string:font</name>
         <load_address>0x20008e54</load_address>
         <run_address>0x20008e54</run_address>
         <size>0x4fb</size>
         <input_file_ref idref="fl-2"/>
      </object_component>
      <object_component id="oc-439">
         <name>.const:.string:_ctypes_</name>
         <load_address>0x2000934f</load_address>
         <run_address>0x2000934f</run_address>
         <size>0x101</size>
         <input_file_ref idref="fl-e9"/>
      </object_component>
      <object_component id="oc-36b">
         <name>.const:g_ulPinToPadMap</name>
         <load_address>0x20009450</load_address>
         <run_address>0x20009450</run_address>
         <size>0x100</size>
         <input_file_ref idref="fl-12"/>
      </object_component>
      <object_component id="oc-279">
         <name>.const:PRCM_PeriphRegsList</name>
         <load_address>0x20009550</load_address>
         <run_address>0x20009550</run_address>
         <size>0xa8</size>
         <input_file_ref idref="fl-13"/>
      </object_component>
      <object_component id="oc-35d">
         <name>.const:g_ppulSPIIntMap</name>
         <load_address>0x200095f8</load_address>
         <run_address>0x200095f8</run_address>
         <size>0x24</size>
         <input_file_ref idref="fl-14"/>
      </object_component>
      <object_component id="oc-237">
         <name>.const:g_pulEnRegs</name>
         <load_address>0x2000961c</load_address>
         <run_address>0x2000961c</run_address>
         <size>0x18</size>
         <input_file_ref idref="fl-11"/>
      </object_component>
      <object_component id="oc-2fa">
         <name>.const:g_ulSPIDmaMaskMap</name>
         <load_address>0x20009634</load_address>
         <run_address>0x20009634</run_address>
         <size>0x18</size>
         <input_file_ref idref="fl-14"/>
      </object_component>
      <object_component id="oc-533">
         <name>.cinit..data.load</name>
         <load_address>0x20009650</load_address>
         <run_address>0x20009650</run_address>
         <size>0x20</size>
      </object_component>
      <object_component id="oc-531">
         <name>__TI_handler_table</name>
         <load_address>0x20009670</load_address>
         <run_address>0x20009670</run_address>
         <size>0xc</size>
      </object_component>
      <object_component id="oc-534">
         <name>.cinit..bss.load</name>
         <load_address>0x20009680</load_address>
         <run_address>0x20009680</run_address>
         <size>0x8</size>
      </object_component>
      <object_component id="oc-532">
         <name>__TI_cinit_table</name>
         <load_address>0x20009688</load_address>
         <run_address>0x20009688</run_address>
         <size>0x10</size>
      </object_component>
      <object_component id="oc-2d3">
         <name>.data</name>
         <load_address>0x200178d0</load_address>
         <run_address>0x200178d0</run_address>
         <size>0x15</size>
         <input_file_ref idref="fl-2"/>
      </object_component>
      <object_component id="oc-416">
         <name>.data:$O1$$</name>
         <load_address>0x200178f0</load_address>
         <run_address>0x200178f0</run_address>
         <size>0x8</size>
         <input_file_ref idref="fl-d5"/>
      </object_component>
      <object_component id="oc-2de">
         <name>.data:$O1$$</name>
         <load_address>0x200178e8</load_address>
         <run_address>0x200178e8</run_address>
         <size>0x8</size>
         <input_file_ref idref="fl-e5"/>
      </object_component>
      <object_component id="oc-4a0">
         <name>.data</name>
         <load_address>0x200178f8</load_address>
         <run_address>0x200178f8</run_address>
         <size>0x4</size>
         <input_file_ref idref="fl-ec"/>
      </object_component>
      <object_component id="oc-143">
         <name>.bss:g_ucTxBuff</name>
         <uninitialized>true</uninitialized>
         <run_address>0x20017864</run_address>
         <size>0x64</size>
         <input_file_ref idref="fl-5"/>
      </object_component>
      <object_component id="oc-149">
         <name>.bss:g_ucRxBuff</name>
         <uninitialized>true</uninitialized>
         <run_address>0x20017800</run_address>
         <size>0x64</size>
         <input_file_ref idref="fl-5"/>
      </object_component>
      <object_component id="oc-146">
         <name>.bss</name>
         <uninitialized>true</uninitialized>
         <run_address>0x200178cc</run_address>
         <size>0x2</size>
         <input_file_ref idref="fl-5"/>
      </object_component>
      <object_component id="oc-1f6">
         <name>.bss</name>
         <uninitialized>true</uninitialized>
         <run_address>0x200178c8</run_address>
         <size>0x4</size>
         <input_file_ref idref="fl-9"/>
      </object_component>
      <object_component id="oc-23">
         <name>.sysmem</name>
         <uninitialized>true</uninitialized>
         <run_address>0x20017000</run_address>
         <size>0x10</size>
         <input_file_ref idref="fl-d5"/>
      </object_component>
      <object_component id="oc-537">
         <name>.sysmem</name>
         <uninitialized>true</uninitialized>
         <run_address>0x20017000</run_address>
         <size>0x0</size>
      </object_component>
      <object_component id="oc-26">
         <name>.stack</name>
         <uninitialized>true</uninitialized>
         <run_address>0x2002f800</run_address>
         <size>0x4</size>
         <input_file_ref idref="fl-d7"/>
      </object_component>
      <object_component id="oc-536">
         <name>.stack</name>
         <uninitialized>true</uninitialized>
         <run_address>0x2002f800</run_address>
         <size>0x0</size>
      </object_component>
      <object_component id="oc-2d7">
         <name>.debug_info</name>
         <load_address>0x0</load_address>
         <run_address>0x0</run_address>
         <size>0x214</size>
         <input_file_ref idref="fl-2"/>
      </object_component>
      <object_component id="oc-2d1">
         <name>.debug_info</name>
         <load_address>0x214</load_address>
         <run_address>0x214</run_address>
         <size>0xc6</size>
         <input_file_ref idref="fl-2"/>
      </object_component>
      <object_component id="oc-2d4">
         <name>.debug_info</name>
         <load_address>0x2da</load_address>
         <run_address>0x2da</run_address>
         <size>0x174</size>
         <input_file_ref idref="fl-2"/>
      </object_component>
      <object_component id="oc-16e">
         <name>.debug_info</name>
         <load_address>0x44e</load_address>
         <run_address>0x44e</run_address>
         <size>0x1532</size>
         <input_file_ref idref="fl-2"/>
      </object_component>
      <object_component id="oc-38">
         <name>.debug_info</name>
         <load_address>0x1980</load_address>
         <run_address>0x1980</run_address>
         <size>0x84</size>
         <input_file_ref idref="fl-2"/>
      </object_component>
      <object_component id="oc-286">
         <name>.debug_info</name>
         <load_address>0x1a04</load_address>
         <run_address>0x1a04</run_address>
         <size>0x1e5</size>
         <input_file_ref idref="fl-3"/>
      </object_component>
      <object_component id="oc-161">
         <name>.debug_info</name>
         <load_address>0x1be9</load_address>
         <run_address>0x1be9</run_address>
         <size>0xe27</size>
         <input_file_ref idref="fl-3"/>
      </object_component>
      <object_component id="oc-37d">
         <name>.debug_info</name>
         <load_address>0x2a10</load_address>
         <run_address>0x2a10</run_address>
         <size>0x62</size>
         <input_file_ref idref="fl-3"/>
      </object_component>
      <object_component id="oc-1b7">
         <name>.debug_info</name>
         <load_address>0x2a72</load_address>
         <run_address>0x2a72</run_address>
         <size>0x2c</size>
         <input_file_ref idref="fl-3"/>
      </object_component>
      <object_component id="oc-bc">
         <name>.debug_info</name>
         <load_address>0x2a9e</load_address>
         <run_address>0x2a9e</run_address>
         <size>0x2c</size>
         <input_file_ref idref="fl-3"/>
      </object_component>
      <object_component id="oc-2cf">
         <name>.debug_info</name>
         <load_address>0x2aca</load_address>
         <run_address>0x2aca</run_address>
         <size>0x4af</size>
         <input_file_ref idref="fl-4"/>
      </object_component>
      <object_component id="oc-165">
         <name>.debug_info</name>
         <load_address>0x2f79</load_address>
         <run_address>0x2f79</run_address>
         <size>0x9e1</size>
         <input_file_ref idref="fl-4"/>
      </object_component>
      <object_component id="oc-350">
         <name>.debug_info</name>
         <load_address>0x395a</load_address>
         <run_address>0x395a</run_address>
         <size>0x26b</size>
         <input_file_ref idref="fl-4"/>
      </object_component>
      <object_component id="oc-200">
         <name>.debug_info</name>
         <load_address>0x3bc5</load_address>
         <run_address>0x3bc5</run_address>
         <size>0x110</size>
         <input_file_ref idref="fl-4"/>
      </object_component>
      <object_component id="oc-2ca">
         <name>.debug_info</name>
         <load_address>0x3cd5</load_address>
         <run_address>0x3cd5</run_address>
         <size>0x8b</size>
         <input_file_ref idref="fl-4"/>
      </object_component>
      <object_component id="oc-355">
         <name>.debug_info</name>
         <load_address>0x3d60</load_address>
         <run_address>0x3d60</run_address>
         <size>0x2a4</size>
         <input_file_ref idref="fl-4"/>
      </object_component>
      <object_component id="oc-397">
         <name>.debug_info</name>
         <load_address>0x4004</load_address>
         <run_address>0x4004</run_address>
         <size>0xbb</size>
         <input_file_ref idref="fl-4"/>
      </object_component>
      <object_component id="oc-171">
         <name>.debug_info</name>
         <load_address>0x40bf</load_address>
         <run_address>0x40bf</run_address>
         <size>0x796</size>
         <input_file_ref idref="fl-5"/>
      </object_component>
      <object_component id="oc-144">
         <name>.debug_info</name>
         <load_address>0x4855</load_address>
         <run_address>0x4855</run_address>
         <size>0xca</size>
         <input_file_ref idref="fl-5"/>
      </object_component>
      <object_component id="oc-14a">
         <name>.debug_info</name>
         <load_address>0x491f</load_address>
         <run_address>0x491f</run_address>
         <size>0xca</size>
         <input_file_ref idref="fl-5"/>
      </object_component>
      <object_component id="oc-147">
         <name>.debug_info</name>
         <load_address>0x49e9</load_address>
         <run_address>0x49e9</run_address>
         <size>0xf2</size>
         <input_file_ref idref="fl-5"/>
      </object_component>
      <object_component id="oc-98">
         <name>.debug_info</name>
         <load_address>0x4adb</load_address>
         <run_address>0x4adb</run_address>
         <size>0x8e5</size>
         <input_file_ref idref="fl-5"/>
      </object_component>
      <object_component id="oc-14d">
         <name>.debug_info</name>
         <load_address>0x53c0</load_address>
         <run_address>0x53c0</run_address>
         <size>0x34b</size>
         <input_file_ref idref="fl-6"/>
      </object_component>
      <object_component id="oc-31">
         <name>.debug_info</name>
         <load_address>0x570b</load_address>
         <run_address>0x570b</run_address>
         <size>0x184</size>
         <input_file_ref idref="fl-7"/>
      </object_component>
      <object_component id="oc-13">
         <name>.debug_info</name>
         <load_address>0x588f</load_address>
         <run_address>0x588f</run_address>
         <size>0x103</size>
         <input_file_ref idref="fl-7"/>
      </object_component>
      <object_component id="oc-2d">
         <name>.debug_info</name>
         <load_address>0x5992</load_address>
         <run_address>0x5992</run_address>
         <size>0x424</size>
         <input_file_ref idref="fl-7"/>
      </object_component>
      <object_component id="oc-1fa">
         <name>.debug_info</name>
         <load_address>0x5db6</load_address>
         <run_address>0x5db6</run_address>
         <size>0x39c</size>
         <input_file_ref idref="fl-9"/>
      </object_component>
      <object_component id="oc-1f7">
         <name>.debug_info</name>
         <load_address>0x6152</load_address>
         <run_address>0x6152</run_address>
         <size>0xcd</size>
         <input_file_ref idref="fl-9"/>
      </object_component>
      <object_component id="oc-de">
         <name>.debug_info</name>
         <load_address>0x621f</load_address>
         <run_address>0x621f</run_address>
         <size>0x633</size>
         <input_file_ref idref="fl-9"/>
      </object_component>
      <object_component id="oc-1fb">
         <name>.debug_info</name>
         <load_address>0x6852</load_address>
         <run_address>0x6852</run_address>
         <size>0x2c</size>
         <input_file_ref idref="fl-9"/>
      </object_component>
      <object_component id="oc-268">
         <name>.debug_info</name>
         <load_address>0x687e</load_address>
         <run_address>0x687e</run_address>
         <size>0x1dd</size>
         <input_file_ref idref="fl-f"/>
      </object_component>
      <object_component id="oc-280">
         <name>.debug_info</name>
         <load_address>0x6a5b</load_address>
         <run_address>0x6a5b</run_address>
         <size>0x1d4</size>
         <input_file_ref idref="fl-f"/>
      </object_component>
      <object_component id="oc-4b5">
         <name>.debug_info</name>
         <load_address>0x6c2f</load_address>
         <run_address>0x6c2f</run_address>
         <size>0x220</size>
         <input_file_ref idref="fl-10"/>
      </object_component>
      <object_component id="oc-2c4">
         <name>.debug_info</name>
         <load_address>0x6e4f</load_address>
         <run_address>0x6e4f</run_address>
         <size>0x242</size>
         <input_file_ref idref="fl-10"/>
      </object_component>
      <object_component id="oc-2b8">
         <name>.debug_info</name>
         <load_address>0x7091</load_address>
         <run_address>0x7091</run_address>
         <size>0x18d</size>
         <input_file_ref idref="fl-10"/>
      </object_component>
      <object_component id="oc-2be">
         <name>.debug_info</name>
         <load_address>0x721e</load_address>
         <run_address>0x721e</run_address>
         <size>0x1da</size>
         <input_file_ref idref="fl-10"/>
      </object_component>
      <object_component id="oc-288">
         <name>.debug_info</name>
         <load_address>0x73f8</load_address>
         <run_address>0x73f8</run_address>
         <size>0x1ca</size>
         <input_file_ref idref="fl-10"/>
      </object_component>
      <object_component id="oc-28e">
         <name>.debug_info</name>
         <load_address>0x75c2</load_address>
         <run_address>0x75c2</run_address>
         <size>0x1d8</size>
         <input_file_ref idref="fl-10"/>
      </object_component>
      <object_component id="oc-2a6">
         <name>.debug_info</name>
         <load_address>0x779a</load_address>
         <run_address>0x779a</run_address>
         <size>0x20f</size>
         <input_file_ref idref="fl-10"/>
      </object_component>
      <object_component id="oc-29a">
         <name>.debug_info</name>
         <load_address>0x79a9</load_address>
         <run_address>0x79a9</run_address>
         <size>0x1be</size>
         <input_file_ref idref="fl-10"/>
      </object_component>
      <object_component id="oc-2a0">
         <name>.debug_info</name>
         <load_address>0x7b67</load_address>
         <run_address>0x7b67</run_address>
         <size>0x1a3</size>
         <input_file_ref idref="fl-10"/>
      </object_component>
      <object_component id="oc-2ac">
         <name>.debug_info</name>
         <load_address>0x7d0a</load_address>
         <run_address>0x7d0a</run_address>
         <size>0x1be</size>
         <input_file_ref idref="fl-10"/>
      </object_component>
      <object_component id="oc-2b2">
         <name>.debug_info</name>
         <load_address>0x7ec8</load_address>
         <run_address>0x7ec8</run_address>
         <size>0x193</size>
         <input_file_ref idref="fl-10"/>
      </object_component>
      <object_component id="oc-294">
         <name>.debug_info</name>
         <load_address>0x805b</load_address>
         <run_address>0x805b</run_address>
         <size>0x1cc</size>
         <input_file_ref idref="fl-10"/>
      </object_component>
      <object_component id="oc-4f2">
         <name>.debug_info</name>
         <load_address>0x8227</load_address>
         <run_address>0x8227</run_address>
         <size>0x26b</size>
         <input_file_ref idref="fl-10"/>
      </object_component>
      <object_component id="oc-425">
         <name>.debug_info</name>
         <load_address>0x8492</load_address>
         <run_address>0x8492</run_address>
         <size>0x297</size>
         <input_file_ref idref="fl-10"/>
      </object_component>
      <object_component id="oc-386">
         <name>.debug_info</name>
         <load_address>0x8729</load_address>
         <run_address>0x8729</run_address>
         <size>0xbb</size>
         <input_file_ref idref="fl-10"/>
      </object_component>
      <object_component id="oc-362">
         <name>.debug_info</name>
         <load_address>0x87e4</load_address>
         <run_address>0x87e4</run_address>
         <size>0x201</size>
         <input_file_ref idref="fl-11"/>
      </object_component>
      <object_component id="oc-238">
         <name>.debug_info</name>
         <load_address>0x89e5</load_address>
         <run_address>0x89e5</run_address>
         <size>0xf4</size>
         <input_file_ref idref="fl-11"/>
      </object_component>
      <object_component id="oc-134">
         <name>.debug_info</name>
         <load_address>0x8ad9</load_address>
         <run_address>0x8ad9</run_address>
         <size>0x17c</size>
         <input_file_ref idref="fl-11"/>
      </object_component>
      <object_component id="oc-12d">
         <name>.debug_info</name>
         <load_address>0x8c55</load_address>
         <run_address>0x8c55</run_address>
         <size>0x1ae</size>
         <input_file_ref idref="fl-11"/>
      </object_component>
      <object_component id="oc-229">
         <name>.debug_info</name>
         <load_address>0x8e03</load_address>
         <run_address>0x8e03</run_address>
         <size>0x1f8</size>
         <input_file_ref idref="fl-11"/>
      </object_component>
      <object_component id="oc-138">
         <name>.debug_info</name>
         <load_address>0x8ffb</load_address>
         <run_address>0x8ffb</run_address>
         <size>0x19f</size>
         <input_file_ref idref="fl-11"/>
      </object_component>
      <object_component id="oc-423">
         <name>.debug_info</name>
         <load_address>0x919a</load_address>
         <run_address>0x919a</run_address>
         <size>0x14e</size>
         <input_file_ref idref="fl-12"/>
      </object_component>
      <object_component id="oc-36c">
         <name>.debug_info</name>
         <load_address>0x92e8</load_address>
         <run_address>0x92e8</run_address>
         <size>0xf6</size>
         <input_file_ref idref="fl-12"/>
      </object_component>
      <object_component id="oc-25c">
         <name>.debug_info</name>
         <load_address>0x93de</load_address>
         <run_address>0x93de</run_address>
         <size>0x1bf</size>
         <input_file_ref idref="fl-12"/>
      </object_component>
      <object_component id="oc-371">
         <name>.debug_info</name>
         <load_address>0x959d</load_address>
         <run_address>0x959d</run_address>
         <size>0x20d</size>
         <input_file_ref idref="fl-12"/>
      </object_component>
      <object_component id="oc-26d">
         <name>.debug_info</name>
         <load_address>0x97aa</load_address>
         <run_address>0x97aa</run_address>
         <size>0x1d2</size>
         <input_file_ref idref="fl-12"/>
      </object_component>
      <object_component id="oc-274">
         <name>.debug_info</name>
         <load_address>0x997c</load_address>
         <run_address>0x997c</run_address>
         <size>0x1d2</size>
         <input_file_ref idref="fl-12"/>
      </object_component>
      <object_component id="oc-262">
         <name>.debug_info</name>
         <load_address>0x9b4e</load_address>
         <run_address>0x9b4e</run_address>
         <size>0x222</size>
         <input_file_ref idref="fl-12"/>
      </object_component>
      <object_component id="oc-27e">
         <name>.debug_info</name>
         <load_address>0x9d70</load_address>
         <run_address>0x9d70</run_address>
         <size>0x25e</size>
         <input_file_ref idref="fl-13"/>
      </object_component>
      <object_component id="oc-27a">
         <name>.debug_info</name>
         <load_address>0x9fce</load_address>
         <run_address>0x9fce</run_address>
         <size>0xff</size>
         <input_file_ref idref="fl-13"/>
      </object_component>
      <object_component id="oc-23d">
         <name>.debug_info</name>
         <load_address>0xa0cd</load_address>
         <run_address>0xa0cd</run_address>
         <size>0x1a6</size>
         <input_file_ref idref="fl-13"/>
      </object_component>
      <object_component id="oc-154">
         <name>.debug_info</name>
         <load_address>0xa273</load_address>
         <run_address>0xa273</run_address>
         <size>0x1eb</size>
         <input_file_ref idref="fl-13"/>
      </object_component>
      <object_component id="oc-24f">
         <name>.debug_info</name>
         <load_address>0xa45e</load_address>
         <run_address>0xa45e</run_address>
         <size>0x1ed</size>
         <input_file_ref idref="fl-13"/>
      </object_component>
      <object_component id="oc-eb">
         <name>.debug_info</name>
         <load_address>0xa64b</load_address>
         <run_address>0xa64b</run_address>
         <size>0x216</size>
         <input_file_ref idref="fl-13"/>
      </object_component>
      <object_component id="oc-15a">
         <name>.debug_info</name>
         <load_address>0xa861</load_address>
         <run_address>0xa861</run_address>
         <size>0x1c0</size>
         <input_file_ref idref="fl-13"/>
      </object_component>
      <object_component id="oc-13e">
         <name>.debug_info</name>
         <load_address>0xaa21</load_address>
         <run_address>0xaa21</run_address>
         <size>0x283</size>
         <input_file_ref idref="fl-13"/>
      </object_component>
      <object_component id="oc-242">
         <name>.debug_info</name>
         <load_address>0xaca4</load_address>
         <run_address>0xaca4</run_address>
         <size>0x1bf</size>
         <input_file_ref idref="fl-13"/>
      </object_component>
      <object_component id="oc-248">
         <name>.debug_info</name>
         <load_address>0xae63</load_address>
         <run_address>0xae63</run_address>
         <size>0x1d4</size>
         <input_file_ref idref="fl-13"/>
      </object_component>
      <object_component id="oc-1bf">
         <name>.debug_info</name>
         <load_address>0xb037</load_address>
         <run_address>0xb037</run_address>
         <size>0x232</size>
         <input_file_ref idref="fl-14"/>
      </object_component>
      <object_component id="oc-35e">
         <name>.debug_info</name>
         <load_address>0xb269</load_address>
         <run_address>0xb269</run_address>
         <size>0xf6</size>
         <input_file_ref idref="fl-14"/>
      </object_component>
      <object_component id="oc-2fb">
         <name>.debug_info</name>
         <load_address>0xb35f</load_address>
         <run_address>0xb35f</run_address>
         <size>0xfa</size>
         <input_file_ref idref="fl-14"/>
      </object_component>
      <object_component id="oc-20d">
         <name>.debug_info</name>
         <load_address>0xb459</load_address>
         <run_address>0xb459</run_address>
         <size>0x2dc</size>
         <input_file_ref idref="fl-14"/>
      </object_component>
      <object_component id="oc-213">
         <name>.debug_info</name>
         <load_address>0xb735</load_address>
         <run_address>0xb735</run_address>
         <size>0x2df</size>
         <input_file_ref idref="fl-14"/>
      </object_component>
      <object_component id="oc-219">
         <name>.debug_info</name>
         <load_address>0xba14</load_address>
         <run_address>0xba14</run_address>
         <size>0x2e1</size>
         <input_file_ref idref="fl-14"/>
      </object_component>
      <object_component id="oc-224">
         <name>.debug_info</name>
         <load_address>0xbcf5</load_address>
         <run_address>0xbcf5</run_address>
         <size>0x19c</size>
         <input_file_ref idref="fl-14"/>
      </object_component>
      <object_component id="oc-1b3">
         <name>.debug_info</name>
         <load_address>0xbe91</load_address>
         <run_address>0xbe91</run_address>
         <size>0x198</size>
         <input_file_ref idref="fl-14"/>
      </object_component>
      <object_component id="oc-f8">
         <name>.debug_info</name>
         <load_address>0xc029</load_address>
         <run_address>0xc029</run_address>
         <size>0x179</size>
         <input_file_ref idref="fl-14"/>
      </object_component>
      <object_component id="oc-e6">
         <name>.debug_info</name>
         <load_address>0xc1a2</load_address>
         <run_address>0xc1a2</run_address>
         <size>0x177</size>
         <input_file_ref idref="fl-14"/>
      </object_component>
      <object_component id="oc-f1">
         <name>.debug_info</name>
         <load_address>0xc319</load_address>
         <run_address>0xc319</run_address>
         <size>0x28e</size>
         <input_file_ref idref="fl-14"/>
      </object_component>
      <object_component id="oc-d9">
         <name>.debug_info</name>
         <load_address>0xc5a7</load_address>
         <run_address>0xc5a7</run_address>
         <size>0x1de</size>
         <input_file_ref idref="fl-14"/>
      </object_component>
      <object_component id="oc-115">
         <name>.debug_info</name>
         <load_address>0xc785</load_address>
         <run_address>0xc785</run_address>
         <size>0x1aa</size>
         <input_file_ref idref="fl-14"/>
      </object_component>
      <object_component id="oc-d4">
         <name>.debug_info</name>
         <load_address>0xc92f</load_address>
         <run_address>0xc92f</run_address>
         <size>0x1a6</size>
         <input_file_ref idref="fl-14"/>
      </object_component>
      <object_component id="oc-121">
         <name>.debug_info</name>
         <load_address>0xcad5</load_address>
         <run_address>0xcad5</run_address>
         <size>0x20a</size>
         <input_file_ref idref="fl-14"/>
      </object_component>
      <object_component id="oc-127">
         <name>.debug_info</name>
         <load_address>0xccdf</load_address>
         <run_address>0xccdf</run_address>
         <size>0x1fc</size>
         <input_file_ref idref="fl-14"/>
      </object_component>
      <object_component id="oc-c8">
         <name>.debug_info</name>
         <load_address>0xcedb</load_address>
         <run_address>0xcedb</run_address>
         <size>0x218</size>
         <input_file_ref idref="fl-14"/>
      </object_component>
      <object_component id="oc-ce">
         <name>.debug_info</name>
         <load_address>0xd0f3</load_address>
         <run_address>0xd0f3</run_address>
         <size>0x1fa</size>
         <input_file_ref idref="fl-14"/>
      </object_component>
      <object_component id="oc-109">
         <name>.debug_info</name>
         <load_address>0xd2ed</load_address>
         <run_address>0xd2ed</run_address>
         <size>0x17d</size>
         <input_file_ref idref="fl-14"/>
      </object_component>
      <object_component id="oc-11a">
         <name>.debug_info</name>
         <load_address>0xd46a</load_address>
         <run_address>0xd46a</run_address>
         <size>0x17f</size>
         <input_file_ref idref="fl-14"/>
      </object_component>
      <object_component id="oc-102">
         <name>.debug_info</name>
         <load_address>0xd5e9</load_address>
         <run_address>0xd5e9</run_address>
         <size>0x289</size>
         <input_file_ref idref="fl-14"/>
      </object_component>
      <object_component id="oc-1c2">
         <name>.debug_info</name>
         <load_address>0xd872</load_address>
         <run_address>0xd872</run_address>
         <size>0x25c</size>
         <input_file_ref idref="fl-15"/>
      </object_component>
      <object_component id="oc-308">
         <name>.debug_info</name>
         <load_address>0xdace</load_address>
         <run_address>0xdace</run_address>
         <size>0x17e</size>
         <input_file_ref idref="fl-15"/>
      </object_component>
      <object_component id="oc-302">
         <name>.debug_info</name>
         <load_address>0xdc4c</load_address>
         <run_address>0xdc4c</run_address>
         <size>0x180</size>
         <input_file_ref idref="fl-15"/>
      </object_component>
      <object_component id="oc-1ce">
         <name>.debug_info</name>
         <load_address>0xddcc</load_address>
         <run_address>0xddcc</run_address>
         <size>0x18a</size>
         <input_file_ref idref="fl-15"/>
      </object_component>
      <object_component id="oc-1d5">
         <name>.debug_info</name>
         <load_address>0xdf56</load_address>
         <run_address>0xdf56</run_address>
         <size>0x19a</size>
         <input_file_ref idref="fl-15"/>
      </object_component>
      <object_component id="oc-fe">
         <name>.debug_info</name>
         <load_address>0xe0f0</load_address>
         <run_address>0xe0f0</run_address>
         <size>0x184</size>
         <input_file_ref idref="fl-15"/>
      </object_component>
      <object_component id="oc-10f">
         <name>.debug_info</name>
         <load_address>0xe274</load_address>
         <run_address>0xe274</run_address>
         <size>0x1ab</size>
         <input_file_ref idref="fl-15"/>
      </object_component>
      <object_component id="oc-231">
         <name>.debug_info</name>
         <load_address>0xe41f</load_address>
         <run_address>0xe41f</run_address>
         <size>0x14e</size>
         <input_file_ref idref="fl-17"/>
      </object_component>
      <object_component id="oc-320">
         <name>.debug_info</name>
         <load_address>0xe56d</load_address>
         <run_address>0xe56d</run_address>
         <size>0x212</size>
         <input_file_ref idref="fl-ce"/>
      </object_component>
      <object_component id="oc-1c8">
         <name>.debug_info</name>
         <load_address>0xe77f</load_address>
         <run_address>0xe77f</run_address>
         <size>0x208</size>
         <input_file_ref idref="fl-ce"/>
      </object_component>
      <object_component id="oc-316">
         <name>.debug_info</name>
         <load_address>0xe987</load_address>
         <run_address>0xe987</run_address>
         <size>0x1c6</size>
         <input_file_ref idref="fl-ce"/>
      </object_component>
      <object_component id="oc-31b">
         <name>.debug_info</name>
         <load_address>0xeb4d</load_address>
         <run_address>0xeb4d</run_address>
         <size>0x179</size>
         <input_file_ref idref="fl-ce"/>
      </object_component>
      <object_component id="oc-321">
         <name>.debug_info</name>
         <load_address>0xecc6</load_address>
         <run_address>0xecc6</run_address>
         <size>0x2c</size>
         <input_file_ref idref="fl-ce"/>
      </object_component>
      <object_component id="oc-326">
         <name>.debug_info</name>
         <load_address>0xecf2</load_address>
         <run_address>0xecf2</run_address>
         <size>0x69</size>
         <input_file_ref idref="fl-ce"/>
      </object_component>
      <object_component id="oc-3e">
         <name>.debug_info</name>
         <load_address>0xed5b</load_address>
         <run_address>0xed5b</run_address>
         <size>0x119</size>
         <input_file_ref idref="fl-cf"/>
      </object_component>
      <object_component id="oc-43f">
         <name>.debug_info</name>
         <load_address>0xee74</load_address>
         <run_address>0xee74</run_address>
         <size>0x134</size>
         <input_file_ref idref="fl-d0"/>
      </object_component>
      <object_component id="oc-8a">
         <name>.debug_info</name>
         <load_address>0xefa8</load_address>
         <run_address>0xefa8</run_address>
         <size>0x1a6</size>
         <input_file_ref idref="fl-d1"/>
      </object_component>
      <object_component id="oc-4d">
         <name>.debug_info</name>
         <load_address>0xf14e</load_address>
         <run_address>0xf14e</run_address>
         <size>0x1d2</size>
         <input_file_ref idref="fl-d1"/>
      </object_component>
      <object_component id="oc-85">
         <name>.debug_info</name>
         <load_address>0xf320</load_address>
         <run_address>0xf320</run_address>
         <size>0x46</size>
         <input_file_ref idref="fl-d1"/>
      </object_component>
      <object_component id="oc-48">
         <name>.debug_info</name>
         <load_address>0xf366</load_address>
         <run_address>0xf366</run_address>
         <size>0x17a</size>
         <input_file_ref idref="fl-d2"/>
      </object_component>
      <object_component id="oc-1e">
         <name>.debug_info</name>
         <load_address>0xf4e0</load_address>
         <run_address>0xf4e0</run_address>
         <size>0x1ea</size>
         <input_file_ref idref="fl-d2"/>
      </object_component>
      <object_component id="oc-43">
         <name>.debug_info</name>
         <load_address>0xf6ca</load_address>
         <run_address>0xf6ca</run_address>
         <size>0x46</size>
         <input_file_ref idref="fl-d2"/>
      </object_component>
      <object_component id="oc-7d">
         <name>.debug_info</name>
         <load_address>0xf710</load_address>
         <run_address>0xf710</run_address>
         <size>0x2c</size>
         <input_file_ref idref="fl-d2"/>
      </object_component>
      <object_component id="oc-7b">
         <name>.debug_info</name>
         <load_address>0xf73c</load_address>
         <run_address>0xf73c</run_address>
         <size>0x170</size>
         <input_file_ref idref="fl-d3"/>
      </object_component>
      <object_component id="oc-16">
         <name>.debug_info</name>
         <load_address>0xf8ac</load_address>
         <run_address>0xf8ac</run_address>
         <size>0x250</size>
         <input_file_ref idref="fl-d3"/>
      </object_component>
      <object_component id="oc-33">
         <name>.debug_info</name>
         <load_address>0xfafc</load_address>
         <run_address>0xfafc</run_address>
         <size>0x60</size>
         <input_file_ref idref="fl-d3"/>
      </object_component>
      <object_component id="oc-b5">
         <name>.debug_info</name>
         <load_address>0xfb5c</load_address>
         <run_address>0xfb5c</run_address>
         <size>0x46</size>
         <input_file_ref idref="fl-d3"/>
      </object_component>
      <object_component id="oc-76">
         <name>.debug_info</name>
         <load_address>0xfba2</load_address>
         <run_address>0xfba2</run_address>
         <size>0x39</size>
         <input_file_ref idref="fl-d3"/>
      </object_component>
      <object_component id="oc-330">
         <name>.debug_info</name>
         <load_address>0xfbdb</load_address>
         <run_address>0xfbdb</run_address>
         <size>0x172</size>
         <input_file_ref idref="fl-d4"/>
      </object_component>
      <object_component id="oc-1e1">
         <name>.debug_info</name>
         <load_address>0xfd4d</load_address>
         <run_address>0xfd4d</run_address>
         <size>0x1a9</size>
         <input_file_ref idref="fl-d4"/>
      </object_component>
      <object_component id="oc-6f">
[...]
         <name>ResetISR</name>
         <value>0x20008e11</value>
         <object_component_ref idref="oc-29"/>
      </symbol>
      <symbol id="sm-1db">
         <name>g_pfnVectors</name>
         <value>0x20004000</value>
         <object_component_ref idref="oc-12"/>
      </symbol>
      <symbol id="sm-21e">
         <name>GetCmd</name>
         <value>0x200065b7</value>
         <object_component_ref idref="oc-dd"/>
      </symbol>
      <symbol id="sm-21f">
         <name>Message</name>
         <value>0x20006553</value>
         <object_component_ref idref="oc-dd"/>
      </symbol>
      <symbol id="sm-220">
         <name>Report</name>
         <value>0x200066f5</value>
         <object_component_ref idref="oc-dd"/>
      </symbol>
      <symbol id="sm-221">
         <name>Error</name>
         <value>0x2000657f</value>
         <object_component_ref idref="oc-dd"/>
      </symbol>
      <symbol id="sm-222">
         <name>InitTerm</name>
         <value>0x20006535</value>
         <object_component_ref idref="oc-dd"/>
      </symbol>
      <symbol id="sm-223">
         <name>ClearTerm</name>
         <value>0x20006575</value>
         <object_component_ref idref="oc-dd"/>
      </symbol>
      <symbol id="sm-224">
         <name>TrimSpace</name>
         <value>0x2000665d</value>
         <object_component_ref idref="oc-dd"/>
      </symbol>
      <symbol id="sm-238">
         <name>GPIODirModeSet</name>
         <value>0x2000885d</value>
         <object_component_ref idref="oc-266"/>
      </symbol>
      <symbol id="sm-239">
         <name>GPIOPinWrite</name>
         <value>0x20008add</value>
         <object_component_ref idref="oc-27f"/>
      </symbol>
      <symbol id="sm-2b2">
         <name>I2CMasterDataPut</name>
         <value>0x20008ceb</value>
         <object_component_ref idref="oc-2ab"/>
      </symbol>
      <symbol id="sm-2b3">
         <name>I2CMasterInitExpClk</name>
         <value>0x2000807d</value>
         <object_component_ref idref="oc-2c3"/>
      </symbol>
      <symbol id="sm-2b4">
         <name>I2CMasterIntClearEx</name>
         <value>0x20008dbf</value>
         <object_component_ref idref="oc-28d"/>
      </symbol>
      <symbol id="sm-2b5">
         <name>I2CMasterSlaveAddrSet</name>
         <value>0x20008a99</value>
         <object_component_ref idref="oc-2a5"/>
      </symbol>
      <symbol id="sm-2b6">
         <name>I2CMasterDataGet</name>
         <value>0x20008df5</value>
         <object_component_ref idref="oc-2b1"/>
      </symbol>
      <symbol id="sm-2b7">
         <name>I2CMasterIntEnableEx</name>
         <value>0x20008c5b</value>
         <object_component_ref idref="oc-2bd"/>
      </symbol>
      <symbol id="sm-2b8">
         <name>I2CMasterErr</name>
         <value>0x20008953</value>
         <object_component_ref idref="oc-29f"/>
      </symbol>
      <symbol id="sm-2b9">
         <name>I2CMasterTimeoutSet</name>
         <value>0x20008dd1</value>
         <object_component_ref idref="oc-293"/>
      </symbol>
      <symbol id="sm-2ba">
         <name>I2CMasterControl</name>
         <value>0x20008dad</value>
         <object_component_ref idref="oc-299"/>
      </symbol>
      <symbol id="sm-2bb">
         <name>I2CMasterEnable</name>
         <value>0x20008d01</value>
         <object_component_ref idref="oc-2b7"/>
      </symbol>
      <symbol id="sm-2bc">
         <name>I2CMasterIntStatusEx</name>
         <value>0x20008b3d</value>
         <object_component_ref idref="oc-287"/>
      </symbol>
      <symbol id="sm-2f5">
         <name>IntVTableBaseSet</name>
         <value>0x20008d85</value>
         <object_component_ref idref="oc-12b"/>
      </symbol>
      <symbol id="sm-2f6">
         <name>IntEnable</name>
         <value>0x20007b51</value>
         <object_component_ref idref="oc-137"/>
      </symbol>
      <symbol id="sm-2f7">
         <name>IntRegister</name>
         <value>0x20008afd</value>
         <object_component_ref idref="oc-227"/>
      </symbol>
      <symbol id="sm-2f8">
         <name>IntMasterEnable</name>
         <value>0x20008e2b</value>
         <object_component_ref idref="oc-131"/>
      </symbol>
      <symbol id="sm-337">
         <name>PinTypeI2C</name>
         <value>0x20008bb5</value>
         <object_component_ref idref="oc-26c"/>
      </symbol>
      <symbol id="sm-338">
         <name>PinTypeGPIO</name>
         <value>0x20008893</value>
         <object_component_ref idref="oc-260"/>
      </symbol>
      <symbol id="sm-339">
         <name>PinConfigSet</name>
         <value>0x20007e61</value>
         <object_component_ref idref="oc-36f"/>
      </symbol>
      <symbol id="sm-33a">
         <name>PinTypeSPI</name>
         <value>0x20008c41</value>
         <object_component_ref idref="oc-272"/>
      </symbol>
      <symbol id="sm-33b">
         <name>PinModeSet</name>
         <value>0x20008761</value>
         <object_component_ref idref="oc-25a"/>
      </symbol>
      <symbol id="sm-3c1">
         <name>PRCMPeripheralReset</name>
         <value>0x20008411</value>
         <object_component_ref idref="oc-158"/>
      </symbol>
      <symbol id="sm-3c2">
         <name>PRCMPeripheralClkEnable</name>
         <value>0x20008821</value>
         <object_component_ref idref="oc-152"/>
      </symbol>
      <symbol id="sm-3c3">
         <name>PRCMPeripheralClockGet</name>
         <value>0x20007dcd</value>
         <object_component_ref idref="oc-e9"/>
      </symbol>
      <symbol id="sm-3c4">
         <name>PRCMCC3200MCUInit</name>
         <value>0x20006d9d</value>
         <object_component_ref idref="oc-13d"/>
      </symbol>
      <symbol id="sm-3c5">
         <name>PRCMHIBRegWrite</name>
         <value>0x20008d2d</value>
         <object_component_ref idref="oc-247"/>
      </symbol>
      <symbol id="sm-3c6">
         <name>PRCMSysResetCauseGet</name>
         <value>0x20008981</value>
         <object_component_ref idref="oc-23b"/>
      </symbol>
      <symbol id="sm-3c7">
         <name>PRCMPeripheralClkDisable</name>
         <value>0x200089d9</value>
         <object_component_ref idref="oc-24d"/>
      </symbol>
      <symbol id="sm-3c8">
         <name>PRCMHIBRegRead</name>
         <value>0x20008d17</value>
         <object_component_ref idref="oc-241"/>
      </symbol>
      <symbol id="sm-4b9">
         <name>SPITransfer</name>
         <value>0x20007ee9</value>
         <object_component_ref idref="oc-101"/>
      </symbol>
      <symbol id="sm-4ba">
         <name>SPICSEnable</name>
         <value>0x20008c8b</value>
         <object_component_ref idref="oc-107"/>
      </symbol>
      <symbol id="sm-4bb">
         <name>SPIDataGetNonBlocking</name>
         <value>0x200089ad</value>
         <object_component_ref idref="oc-d7"/>
      </symbol>
      <symbol id="sm-4bc">
         <name>SPIDataPut</name>
         <value>0x20008b5b</value>
         <object_component_ref idref="oc-d1"/>
      </symbol>
      <symbol id="sm-4bd">
         <name>SPIEnable</name>
         <value>0x20008ca3</value>
         <object_component_ref idref="oc-f5"/>
      </symbol>
      <symbol id="sm-4be">
         <name>SPIDataGet</name>
         <value>0x20008b1d</value>
         <object_component_ref idref="oc-113"/>
      </symbol>
      <symbol id="sm-4bf">
         <name>SPIConfigSetExpClk</name>
         <value>0x20007bf9</value>
         <object_component_ref idref="oc-ef"/>
      </symbol>
      <symbol id="sm-4c0">
         <name>SPIIntRegister</name>
         <value>0x20008b79</value>
         <object_component_ref idref="oc-11f"/>
      </symbol>
      <symbol id="sm-4c1">
         <name>SPIReset</name>
         <value>0x20008abb</value>
         <object_component_ref idref="oc-e3"/>
      </symbol>
      <symbol id="sm-4c2">
         <name>SPIIntStatus</name>
         <value>0x20008101</value>
         <object_component_ref idref="oc-c5"/>
      </symbol>
      <symbol id="sm-4c3">
         <name>SPIIntEnable</name>
         <value>0x20008565</value>
         <object_component_ref idref="oc-125"/>
      </symbol>
      <symbol id="sm-4c4">
         <name>SPIIntClear</name>
         <value>0x20008649</value>
         <object_component_ref idref="oc-cb"/>
      </symbol>
      <symbol id="sm-4c5">
         <name>SPICSDisable</name>
         <value>0x20008c73</value>
         <object_component_ref idref="oc-119"/>
      </symbol>
      <symbol id="sm-50a">
         <name>UARTConfigSetExpClk</name>
         <value>0x200081f7</value>
         <object_component_ref idref="oc-1c0"/>
      </symbol>
      <symbol id="sm-50b">
         <name>UARTDisable</name>
         <value>0x200088c5</value>
         <object_component_ref idref="oc-300"/>
      </symbol>
      <symbol id="sm-50c">
         <name>UARTCharsAvail</name>
         <value>0x20008cbb</value>
         <object_component_ref idref="oc-1cc"/>
      </symbol>
      <symbol id="sm-50d">
         <name>UARTCharGetNonBlocking</name>
         <value>0x20008bd1</value>
         <object_component_ref idref="oc-1d2"/>
      </symbol>
      <symbol id="sm-50e">
         <name>UARTCharPut</name>
         <value>0x20008b97</value>
         <object_component_ref idref="oc-10d"/>
      </symbol>
      <symbol id="sm-50f">
         <name>UARTEnable</name>
         <value>0x20008a51</value>
         <object_component_ref idref="oc-306"/>
      </symbol>
      <symbol id="sm-510">
         <name>UARTCharGet</name>
         <value>0x20008d43</value>
         <object_component_ref idref="oc-fb"/>
      </symbol>
      <symbol id="sm-514">
         <name>UtilsDelay</name>
         <value>0x20008e45</value>
         <object_component_ref idref="oc-367"/>
      </symbol>
      <symbol id="sm-51e">
         <name>CPUcpsie</name>
         <value>0x20008d6f</value>
         <object_component_ref idref="oc-230"/>
      </symbol>
      <symbol id="sm-54e">
         <name>vsnprintf</name>
         <value>0x200087a1</value>
         <object_component_ref idref="oc-1c6"/>
      </symbol>
      <symbol id="sm-569">
         <name>memcpy</name>
         <value>0x20007c99</value>
         <object_component_ref idref="oc-3d"/>
      </symbol>
      <symbol id="sm-56a">
         <name>__aeabi_memcpy</name>
         <value>0x20007c99</value>
         <object_component_ref idref="oc-3d"/>
      </symbol>
      <symbol id="sm-56b">
         <name>__aeabi_memcpy8</name>
         <value>0x20007c99</value>
         <object_component_ref idref="oc-3d"/>
      </symbol>
      <symbol id="sm-56c">
         <name>__aeabi_memcpy4</name>
         <value>0x20007c99</value>
         <object_component_ref idref="oc-3d"/>
      </symbol>
      <symbol id="sm-579">
         <name>__aeabi_uldivmod</name>
         <value>0x20007d35</value>
         <object_component_ref idref="oc-43e"/>
      </symbol>
      <symbol id="sm-58d">
         <name>__TI_zero_init_nomemset</name>
         <value>0x20008bed</value>
         <object_component_ref idref="oc-49"/>
      </symbol>
      <symbol id="sm-5a4">
         <name>__TI_decompress_none</name>
         <value>0x20008e03</value>
         <object_component_ref idref="oc-1b"/>
      </symbol>
      <symbol id="sm-5c7">
         <name>__TI_decompress_lzss</name>
         <value>0x2000834b</value>
         <object_component_ref idref="oc-15"/>
      </symbol>
      <symbol id="sm-5d8">
         <name>memmove</name>
         <value>0x20008a29</value>
         <object_component_ref idref="oc-1de"/>
      </symbol>
      <symbol id="sm-676">
         <name>_sys_memory</name>
         <value>0x20017000</value>
         <object_component_ref idref="oc-23"/>
      </symbol>
      <symbol id="sm-677">
         <name>free</name>
         <value>0x200075ad</value>
         <object_component_ref idref="oc-1f0"/>
      </symbol>
      <symbol id="sm-678">
         <name>realloc</name>
         <value>0x20007691</value>
         <object_component_ref idref="oc-1ea"/>
      </symbol>
      <symbol id="sm-679">
         <name>memalign</name>
         <value>0x200073b1</value>
         <object_component_ref idref="oc-331"/>
      </symbol>
      <symbol id="sm-67a">
         <name>malloc</name>
         <value>0x20008e3d</value>
         <object_component_ref idref="oc-1e4"/>
      </symbol>
      <symbol id="sm-67b">
         <name>aligned_alloc</name>
         <value>0x200073b1</value>
         <object_component_ref idref="oc-331"/>
      </symbol>
      <symbol id="sm-689">
         <name>strlen</name>
         <value>0x20008d99</value>
         <object_component_ref idref="oc-1d8"/>
      </symbol>
      <symbol id="sm-69b">
         <name>__stack</name>
         <value>0x2002f800</value>
         <object_component_ref idref="oc-26"/>
      </symbol>
      <symbol id="sm-69c">
         <name>_c_int00_noargs</name>
         <value>0x20008a75</value>
         <object_component_ref idref="oc-5b"/>
      </symbol>
      <symbol id="sm-801">
         <name>__TI_printfi</name>
         <value>0x20004e81</value>
         <object_component_ref idref="oc-30d"/>
      </symbol>
      <symbol id="sm-80b">
         <name>__aeabi_idiv0</name>
         <value>0x2000627f</value>
         <object_component_ref idref="oc-4bb"/>
      </symbol>
      <symbol id="sm-80c">
         <name>__aeabi_ldiv0</name>
         <value>0x2000627f</value>
         <object_component_ref idref="oc-4bb"/>
      </symbol>
      <symbol id="sm-823">
         <name>__aeabi_dsub</name>
         <value>0x20006be5</value>
         <object_component_ref idref="oc-464"/>
      </symbol>
      <symbol id="sm-824">
         <name>__aeabi_dadd</name>
         <value>0x20006bef</value>
         <object_component_ref idref="oc-464"/>
      </symbol>
      <symbol id="sm-846">
         <name>__aeabi_cdcmpeq</name>
         <value>0x20007f71</value>
         <object_component_ref idref="oc-3d3"/>
      </symbol>
      <symbol id="sm-847">
         <name>__aeabi_cdcmple</name>
         <value>0x20007f71</value>
         <object_component_ref idref="oc-3d3"/>
      </symbol>
      <symbol id="sm-848">
         <name>__aeabi_cdrcmple</name>
         <value>0x20007ff7</value>
         <object_component_ref idref="oc-44f"/>
      </symbol>
      <symbol id="sm-85c">
         <name>__aeabi_ddiv</name>
         <value>0x20007051</value>
         <object_component_ref idref="oc-44a"/>
      </symbol>
      <symbol id="sm-867">
         <name>__aeabi_dmul</name>
         <value>0x200074b1</value>
         <object_component_ref idref="oc-445"/>
      </symbol>
      <symbol id="sm-871">
         <name>__aeabi_d2iz</name>
         <value>0x20008691</value>
         <object_component_ref idref="oc-454"/>
      </symbol>
      <symbol id="sm-87b">
         <name>__aeabi_i2d</name>
         <value>0x20008925</value>
         <object_component_ref idref="oc-45f"/>
      </symbol>
      <symbol id="sm-88a">
         <name>__aeabi_memset</name>
         <value>0x2000817f</value>
         <object_component_ref idref="oc-8b"/>
      </symbol>
      <symbol id="sm-88b">
         <name>memset</name>
         <value>0x20008185</value>
         <object_component_ref idref="oc-8b"/>
      </symbol>
      <symbol id="sm-88c">
         <name>__aeabi_memset8</name>
         <value>0x2000817f</value>
         <object_component_ref idref="oc-8b"/>
      </symbol>
      <symbol id="sm-88d">
         <name>__aeabi_memset4</name>
         <value>0x2000817f</value>
         <object_component_ref idref="oc-8b"/>
      </symbol>
      <symbol id="sm-88e">
         <name>__aeabi_memclr8</name>
         <value>0x2000817d</value>
         <object_component_ref idref="oc-8b"/>
      </symbol>
      <symbol id="sm-88f">
         <name>__aeabi_memclr4</name>
         <value>0x2000817d</value>
         <object_component_ref idref="oc-8b"/>
      </symbol>
      <symbol id="sm-890">
         <name>__aeabi_memclr</name>
         <value>0x2000817d</value>
         <object_component_ref idref="oc-8b"/>
      </symbol>
      <symbol id="sm-8b8">
         <name>__TI_auto_init_nobinit_nopinit</name>
         <value>0x2000871d</value>
         <object_component_ref idref="oc-17e"/>
      </symbol>
      <symbol id="sm-8c2">
         <name>_system_pre_init</name>
         <value>0x20008e4b</value>
         <object_component_ref idref="oc-91"/>
      </symbol>
      <symbol id="sm-8ce">
         <name>C$$EXIT</name>
         <value>0x20008e4f</value>
         <object_component_ref idref="oc-172"/>
      </symbol>
      <symbol id="sm-8cf">
         <name>abort</name>
         <value>0x20008e4f</value>
         <object_component_ref idref="oc-172"/>
      </symbol>
      <symbol id="sm-8e4">
         <name>_nop</name>
         <value>0x200058cf</value>
         <object_component_ref idref="oc-3a4"/>
      </symbol>
      <symbol id="sm-8e5">
         <name>_lock</name>
         <value>0x200178e8</value>
         <object_component_ref idref="oc-2de"/>
      </symbol>
      <symbol id="sm-8e6">
         <name>_unlock</name>
         <value>0x200178ec</value>
         <object_component_ref idref="oc-2de"/>
      </symbol>
      <symbol id="sm-8f5">
         <name>__TI_ltoa</name>
         <value>0x200084bf</value>
         <object_component_ref idref="oc-459"/>
      </symbol>
      <symbol id="sm-90c">
         <name>atoi</name>
         <value>0x200085fd</value>
         <object_component_ref idref="oc-3c7"/>
      </symbol>
      <symbol id="sm-917">
         <name>_ctypes_</name>
         <value>0x2000934f</value>
         <object_component_ref idref="oc-439"/>
      </symbol>
      <symbol id="sm-927">
         <name>memccpy</name>
         <value>0x20008c25</value>
         <object_component_ref idref="oc-3f0"/>
      </symbol>
      <symbol id="sm-937">
         <name>strchr</name>
         <value>0x20008d59</value>
         <object_component_ref idref="oc-490"/>
      </symbol>
      <symbol id="sm-94d">
         <name>__aeabi_errno_addr</name>
         <value>0x20008e35</value>
         <object_component_ref idref="oc-3fc"/>
      </symbol>
      <symbol id="sm-94e">
         <name>errno</name>
         <value>0x200178f8</value>
         <object_component_ref idref="oc-4a0"/>
      </symbol>
      <symbol id="sm-96e">
         <name>frexpl</name>
         <value>0x200083b5</value>
         <object_component_ref idref="oc-484"/>
      </symbol>
      <symbol id="sm-96f">
         <name>frexp</name>
         <value>0x200083b5</value>
         <object_component_ref idref="oc-484"/>
      </symbol>
      <symbol id="sm-98d">
         <name>scalbn</name>
         <value>0x20007845</value>
         <object_component_ref idref="oc-48a"/>
      </symbol>
      <symbol id="sm-98e">
         <name>scalbnl</name>
         <value>0x20007845</value>
         <object_component_ref idref="oc-48a"/>
      </symbol>
      <symbol id="sm-98f">
         <name>ldexpl</name>
         <value>0x20007845</value>
         <object_component_ref idref="oc-48a"/>
      </symbol>
      <symbol id="sm-990">
         <name>ldexp</name>
         <value>0x20007845</value>
         <object_component_ref idref="oc-48a"/>
      </symbol>
      <symbol id="sm-9a9">
         <name>wcslen</name>
         <value>0x20008de3</value>
         <object_component_ref idref="oc-3f6"/>
      </symbol>
      <symbol id="sm-9b3">
         <name>copysign</name>
         <value>0x20008e1f</value>
         <object_component_ref idref="oc-4d4"/>
      </symbol>
      <symbol id="sm-9b4">
         <name>copysignl</name>
         <value>0x20008e1f</value>
         <object_component_ref idref="oc-4d4"/>
      </symbol>
      <symbol id="sm-9b5">
         <name>__TI_static_base__</name>
         <value>0x20009650</value>
      </symbol>
      <symbol id="sm-9b8">
         <name>__mpu_init</name>
         <value>0x0</value>
      </symbol>
      <symbol id="sm-9b9">
         <name>_system_post_cinit</name>
         <value>0x0</value>
      </symbol>
   </symbol_table>
   <title>Link successful</title>
</link_info>
