******************************************************************************
                  TI ARM Linker PC v20.2.2                     
******************************************************************************
>> Linked Wed Apr 14 11:14:50 2021

OUTPUT FILE NAME:   <lab1.out>
ENTRY POINT SYMBOL: "_c_int00_noargs"  address: 2000767d


MEMORY CONFIGURATION

         name            origin    length      used     unused   attr    fill
----------------------  --------  ---------  --------  --------  ----  --------
  SRAM_CODE             20004000   00019000  00003cde  00015322  RW X
  SRAM_DATA             2001d000   00023000  0000103b  00021fc5  RW X


SEGMENT ALLOCATION MAP

run origin  load origin   length   init length attrs members
----------  ----------- ---------- ----------- ----- -------
20004000    20004000    00003ce0   00003ce0    r-x
  20004000    20004000    00000400   00000400    r-- .intvecs
  20004400    20004400    000034fe   000034fe    r-x .text
  20007900    20007900    00000398   00000398    r-- .const
  20007c98    20007c98    00000048   00000048    r-- .cinit
2001d000    2001d000    0000083b   00000000    rw-
  2001d000    2001d000    00000800   00000000    rw- .sysmem
  2001d800    2001d800    00000034   00000000    rw- .data
  2001d834    2001d834    00000007   00000000    rw- .bss
2003f800    2003f800    00000800   00000000    rw-
  2003f800    2003f800    00000800   00000000    rw- .stack


SECTION ALLOCATION MAP

 output                                  attributes/
section   page    origin      length       input sections
--------  ----  ----------  ----------   ----------------
.intvecs   0    20004000    00000400     
                  20004000    00000400     startup_ccs.obj (.intvecs)

.init_array 
*          0    20004000    00000000     UNINITIALIZED

.text      0    20004400    000034fe     
                  20004400    00000a4e     rtsv7M4_T_le_eabi.lib : _printfi.c.obj (.text:__TI_printfi)
                  20004e4e    00000002                           : _lock.c.obj (.text:_nop)
                  20004e50    000003fc     main.obj (.text)
                  2000524c    00000398     gpio_if.obj (.text)
                  200055e4    0000027c     uart_if.obj (.text)
                  20005860    00000268     rtsv7M4_T_le_eabi.lib : _printfi.c.obj (.text:_pconv_a)
                  20005ac8    000001cc                           : _printfi.c.obj (.text:_pconv_g)
                  20005c94    000001b6                           : fd_add_t2.asm.obj (.text)
                  20005e4a    00000002                           : div0.asm.obj (.text)
                  20005e4c    00000178     driverlib.a : prcm.obj (.text:PRCMCC3200MCUInit)
                  20005fc4    0000013c     rtsv7M4_T_le_eabi.lib : _printfi.c.obj (.text:_pconv_e)
                  20006100    00000138     pin_mux_config.obj (.text)
                  20006238    00000136     rtsv7M4_T_le_eabi.lib : fd_div_t2.asm.obj (.text)
                  2000636e    00000002     --HOLE-- [fill = 0]
                  20006370    00000120                           : _printfi.c.obj (.text:fcvt)
                  20006490    00000100                           : memory.c.obj (.text:aligned_alloc)
                  20006590    000000fc                           : fd_mul_t2.asm.obj (.text)
                  2000668c    000000e4                           : memory.c.obj (.text:free)
                  20006770    000000e4                           : memory.c.obj (.text:realloc)
                  20006854    000000d0                           : s_scalbn.c.obj (.text:scalbn)
                  20006924    000000b1                           : _printfi.c.obj (.text:_ltostr)
                  200069d5    00000003     --HOLE-- [fill = 0]
                  200069d8    000000a8     driverlib.a : interrupt.obj (.text:IntEnable)
                  20006a80    0000009c     rtsv7M4_T_le_eabi.lib : memcpy_t2.asm.obj (.text)
                  20006b1c    00000096                           : ull_div_t2.asm.obj (.text)
                  20006bb2    00000002     --HOLE-- [fill = 0]
                  20006bb4    00000094     driverlib.a : prcm.obj (.text:PRCMPeripheralClockGet)
                  20006c48    00000088                 : pin.obj (.text:PinConfigSet)
                  20006cd0    00000086     rtsv7M4_T_le_eabi.lib : fd_cmp_t2.asm.obj (.text:__aeabi_cdcmple)
                  20006d56    00000086                           : fd_cmp_t2.asm.obj (.text:__aeabi_cdrcmple)
                  20006ddc    00000082     driverlib.a : gpio.obj (.text:GPIOIntTypeSet)
                  20006e5e    0000007a     rtsv7M4_T_le_eabi.lib : memset_t2.asm.obj (.text)
                  20006ed8    00000076     driverlib.a : uart.obj (.text:UARTConfigSetExpClk)
                  20006f4e    00000002     --HOLE-- [fill = 0]
                  20006f50    00000070     rtsv7M4_T_le_eabi.lib : memory.c.obj (.text:split)
                  20006fc0    0000006e                           : _printfi.c.obj (.text:_mcpy)
                  2000702e    00000068                           : copy_decompress_lzss.c.obj (.text:decompress:lzss:__TI_decompress_lzss)
                  20007096    00000002     --HOLE-- [fill = 0]
                  20007098    0000005c                           : s_frexp.c.obj (.text:frexp)
                  200070f4    00000058     driverlib.a : prcm.obj (.text:PRCMPeripheralReset)
                  2000714c    00000056     rtsv7M4_T_le_eabi.lib : _printfi.c.obj (.text:_pconv_f)
                  200071a2    00000002     --HOLE-- [fill = 0]
                  200071a4    00000054     driverlib.a : interrupt.obj (.text:IntPrioritySet)
                  200071f8    00000054     rtsv7M4_T_le_eabi.lib : _ltoa.c.obj (.text:__TI_ltoa)
                  2000724c    00000052                           : _printfi.c.obj (.text:_ecpy)
                  2000729e    00000002     --HOLE-- [fill = 0]
                  200072a0    0000004c                           : atoi.c.obj (.text:atoi)
                  200072ec    00000048     driverlib.a : gpio.obj (.text:GPIOGetIntNumber)
                  20007334    00000048     rtsv7M4_T_le_eabi.lib : fd_toi_t2.asm.obj (.text)
                  2000737c    00000044                           : autoinit.c.obj (.text:__TI_auto_init_nobinit_nopinit:__TI_auto_init_nobinit_nopinit)
                  200073c0    00000040     driverlib.a : pin.obj (.text:PinModeSet)
                  20007400    00000040     rtsv7M4_T_le_eabi.lib : vsnprintf.c.obj (.text:vsnprintf)
                  20007440    0000003e                           : _printfi.c.obj (.text:_fcpy)
                  2000747e    00000002     --HOLE-- [fill = 0]
                  20007480    0000003c     driverlib.a : prcm.obj (.text:PRCMPeripheralClkEnable)
                  200074bc    00000036                 : gpio.obj (.text:GPIODirModeSet)
                  200074f2    00000030                 : pin.obj (.text:PinTypeGPIO)
                  20007522    00000002     --HOLE-- [fill = 0]
                  20007524    00000030                 : uart.obj (.text:UARTDisable)
                  20007554    00000030     rtsv7M4_T_le_eabi.lib : vsnprintf.c.obj (.text:_outs)
                  20007584    0000002e                           : i_tofd_t2.asm.obj (.text)
                  200075b2    00000002     --HOLE-- [fill = 0]
                  200075b4    0000002c     driverlib.a : prcm.obj (.text:PRCMSysResetCauseGet)
                  200075e0    00000028                 : prcm.obj (.text:PRCMPeripheralClkDisable)
                  20007608    00000028     rtsv7M4_T_le_eabi.lib : memory.c.obj (.text:free_list_insert)
                  20007630    00000028                           : memmov.c.obj (.text:memmove)
                  20007658    00000024     driverlib.a : uart.obj (.text:UARTEnable)
                  2000767c    00000024     rtsv7M4_T_le_eabi.lib : boot_cortex_m.c.obj (.text:_c_int00_noargs:_c_int00_noargs)
                  200076a0    00000020     driverlib.a : gpio.obj (.text:GPIOPinWrite)
                  200076c0    00000020                 : interrupt.obj (.text:IntRegister)
                  200076e0    0000001e                 : gpio.obj (.text:GPIOIntRegister)
                  200076fe    0000001e                 : uart.obj (.text:UARTCharPut)
                  2000771c    0000001c                 : uart.obj (.text:UARTCharGetNonBlocking)
                  20007738    0000001c     rtsv7M4_T_le_eabi.lib : copy_zero_init.c.obj (.text:decompress:ZI:__TI_zero_init_nomemset:__TI_zero_init_nomemset)
                  20007754    0000001c                           : memory.c.obj (.text:free_list_remove)
                  20007770    0000001c                           : memccpy.c.obj (.text:memccpy)
                  2000778c    0000001a     driverlib.a : gpio.obj (.text:GPIOIntEnable)
                  200077a6    0000001a                 : pin.obj (.text:PinTypeUART)
                  200077c0    00000018                 : gpio.obj (.text:GPIOPinRead)
                  200077d8    00000018                 : uart.obj (.text:UARTCharsAvail)
                  200077f0    00000018     rtsv7M4_T_le_eabi.lib : vsnprintf.c.obj (.text:_outc)
                  20007808    00000016     driverlib.a : prcm.obj (.text:PRCMHIBRegRead)
                  2000781e    00000016                 : prcm.obj (.text:PRCMHIBRegWrite)
                  20007834    00000016     rtsv7M4_T_le_eabi.lib : strchr.c.obj (.text:strchr)
                  2000784a    00000014     driverlib.a : cpu.obj (.text:CPUcpsie)
                  2000785e    00000014                 : gpio.obj (.text:GPIOIntClear)
                  20007872    00000002     --HOLE-- [fill = 0]
                  20007874    00000014                 : interrupt.obj (.text:IntVTableBaseSet)
                  20007888    00000014     rtsv7M4_T_le_eabi.lib : strlen.c.obj (.text:strlen)
                  2000789c    00000012                           : wcslen.c.obj (.text:wcslen)
                  200078ae    0000000e                           : copy_decompress_none.c.obj (.text:decompress:none:__TI_decompress_none)
                  200078bc    0000000e     startup_ccs.obj (.text)
                  200078ca    0000000c     rtsv7M4_T_le_eabi.lib : s_copysign.c.obj (.text:copysign)
                  200078d6    0000000a     driverlib.a : interrupt.obj (.text:IntMasterEnable)
                  200078e0    00000008     rtsv7M4_T_le_eabi.lib : errno.c.obj (.text:__aeabi_errno_addr)
                  200078e8    00000008                           : memory.c.obj (.text:malloc)
                  200078f0    00000006     driverlib.a : utils.obj (.text:UtilsDelay)
                  200078f6    00000004     rtsv7M4_T_le_eabi.lib : pre_init.c.obj (.text:_system_pre_init)
                  200078fa    00000004                           : exit.c.obj (.text:abort:abort)

.const     0    20007900    00000398     
                  20007900    00000101     rtsv7M4_T_le_eabi.lib : ctype.c.obj (.const:.string:_ctypes_)
                  20007a01    00000003     --HOLE-- [fill = 0]
                  20007a04    00000100     driverlib.a : pin.obj (.const:g_ulPinToPadMap)
                  20007b04    000000d4                 : interrupt.obj (.const:g_pulRegs)
                  20007bd8    000000a8                 : prcm.obj (.const:PRCM_PeriphRegsList)
                  20007c80    00000018                 : interrupt.obj (.const:g_pulEnRegs)

.cinit     0    20007c98    00000048     
                  20007c98    00000020     (.cinit..data.load) [load image, compression = lzss]
                  20007cb8    0000000c     (__TI_handler_table)
                  20007cc4    00000004     --HOLE-- [fill = 0]
                  20007cc8    00000008     (.cinit..bss.load) [load image, compression = zero_init]
                  20007cd0    00000010     (__TI_cinit_table)

.sysmem    0    2001d000    00000800     UNINITIALIZED
                  2001d000    00000010     rtsv7M4_T_le_eabi.lib : memory.c.obj (.sysmem)
                  2001d010    000007f0     --HOLE--

.data      0    2001d800    00000034     UNINITIALIZED
                  2001d800    00000014     gpio_if.obj (.data:ulReg)
                  2001d814    0000000c     gpio_if.obj (.data)
                  2001d820    00000008     rtsv7M4_T_le_eabi.lib : _lock.c.obj (.data:$O1$$)
                  2001d828    00000008                           : memory.c.obj (.data:$O1$$)
                  2001d830    00000004                           : errno.c.obj (.data)

.bss       0    2001d834    00000007     UNINITIALIZED
                  2001d834    00000004     uart_if.obj (.bss)
                  2001d838    00000001     (.common:g_ucLED1Pin)
                  2001d839    00000001     (.common:g_ucLED2Pin)
                  2001d83a    00000001     (.common:g_ucLED3Pin)

.stack     0    2003f800    00000800     UNINITIALIZED
                  2003f800    00000004     rtsv7M4_T_le_eabi.lib : boot_cortex_m.c.obj (.stack)
                  2003f804    000007fc     --HOLE--

__llvm_prf_cnts 
*          0    2001d000    00000000     UNINITIALIZED

MODULE SUMMARY

       Module                       code    ro data   rw data
       ------                       ----    -------   -------
    .\
       startup_ccs.obj              14      1024      0      
       main.obj                     1020    0         0      
       gpio_if.obj                  920     0         35     
       uart_if.obj                  636     0         4      
       pin_mux_config.obj           312     0         0      
    +--+----------------------------+-------+---------+---------+
       Total:                       2902    1024      39     
                                                             
    C:/ti/CC3200SDK_1.5.0/cc3200-sdk/driverlib/ccs/Release/driverlib.a
       prcm.obj                     800     168       0      
       interrupt.obj                314     236       0      
       pin.obj                      274     256       0      
       gpio.obj                     388     0         0      
       uart.obj                     284     0         0      
       cpu.obj                      20      0         0      
       utils.obj                    6       0         0      
    +--+----------------------------+-------+---------+---------+
       Total:                       2086    660       0      
                                                             
    C:\ti\ccs1020\ccs\tools\compiler\ti-cgt-arm_20.2.2.LTS\lib\rtsv7M4_T_le_eabi.lib
       _printfi.c.obj               4835    0         0      
       memory.c.obj                 900     0         8      
       fd_add_t2.asm.obj            438     0         0      
       fd_div_t2.asm.obj            310     0         0      
       fd_cmp_t2.asm.obj            268     0         0      
       ctype.c.obj                  0       257       0      
       fd_mul_t2.asm.obj            252     0         0      
       s_scalbn.c.obj               208     0         0      
       memcpy_t2.asm.obj            156     0         0      
       ull_div_t2.asm.obj           150     0         0      
       vsnprintf.c.obj              136     0         0      
       memset_t2.asm.obj            122     0         0      
       copy_decompress_lzss.c.obj   104     0         0      
       s_frexp.c.obj                92      0         0      
       _ltoa.c.obj                  84      0         0      
       atoi.c.obj                   76      0         0      
       fd_toi_t2.asm.obj            72      0         0      
       autoinit.c.obj               68      0         0      
       i_tofd_t2.asm.obj            46      0         0      
       memmov.c.obj                 40      0         0      
       boot_cortex_m.c.obj          36      0         0      
       copy_zero_init.c.obj         28      0         0      
       memccpy.c.obj                28      0         0      
       strchr.c.obj                 22      0         0      
       strlen.c.obj                 20      0         0      
       wcslen.c.obj                 18      0         0      
       copy_decompress_none.c.obj   14      0         0      
       errno.c.obj                  8       0         4      
       s_copysign.c.obj             12      0         0      
       _lock.c.obj                  2       0         8      
       exit.c.obj                   4       0         0      
       pre_init.c.obj               4       0         0      
       div0.asm.obj                 2       0         0      
    +--+----------------------------+-------+---------+---------+
       Total:                       8555    257       20     
                                                             
       Heap:                        0       0         2048   
       Stack:                       0       0         2048   
       Linker Generated:            0       68        0      
    +--+----------------------------+-------+---------+---------+
       Grand Total:                 13543   2009      4155   


LINKER GENERATED COPY TABLES

__TI_cinit_table @ 20007cd0 records: 2, size/record: 8, table size: 16
	.data: load addr=20007c98, load size=00000020 bytes, run addr=2001d800, run size=00000034 bytes, compression=lzss
	.bss: load addr=20007cc8, load size=00000008 bytes, run addr=2001d834, run size=00000007 bytes, compression=zero_init


LINKER GENERATED HANDLER TABLE

__TI_handler_table @ 20007cb8 records: 3, size/record: 4, table size: 12
	index: 0, handler: __TI_decompress_lzss
	index: 1, handler: __TI_decompress_none
	index: 2, handler: __TI_zero_init


GLOBAL SYMBOLS: SORTED ALPHABETICALLY BY Name 

address   name                          
-------   ----                          
200078fb  C$$EXIT                       
2000784b  CPUcpsie                      
20005625  ClearTerm                     
2000562f  Error                         
200074bd  GPIODirModeSet                
2000785f  GPIOIntClear                  
2000778d  GPIOIntEnable                 
200076e1  GPIOIntRegister               
20006ddd  GPIOIntTypeSet                
200077c1  GPIOPinRead                   
200076a1  GPIOPinWrite                  
2000550d  GPIO_IF_ConfigureNIntEnable   
20005599  GPIO_IF_Get                   
200054c7  GPIO_IF_GetPortNPin           
20005289  GPIO_IF_LedConfigure          
2000537b  GPIO_IF_LedOff                
200052c7  GPIO_IF_LedOn                 
2000542f  GPIO_IF_LedStatus             
20005499  GPIO_IF_LedToggle             
20005555  GPIO_IF_Set                   
20005667  GetCmd                        
200055e5  InitTerm                      
200069d9  IntEnable                     
200078d7  IntMasterEnable               
200071a5  IntPrioritySet                
200076c1  IntRegister                   
20007875  IntVTableBaseSet              
20004e51  LEDBlinkyRoutine              
20005603  Message                       
20005e4d  PRCMCC3200MCUInit             
20007809  PRCMHIBRegRead                
2000781f  PRCMHIBRegWrite               
200075e1  PRCMPeripheralClkDisable      
20007481  PRCMPeripheralClkEnable       
20006bb5  PRCMPeripheralClockGet        
200070f5  PRCMPeripheralReset           
200075b5  PRCMSysResetCauseGet          
20006c49  PinConfigSet                  
200073c1  PinModeSet                    
20006101  PinMuxConfig                  
200074f3  PinTypeGPIO                   
200077a7  PinTypeUART                   
200057a5  Report                        
200078bd  ResetISR                      
2000570d  TrimSpace                     
2000771d  UARTCharGetNonBlocking        
200076ff  UARTCharPut                   
200077d9  UARTCharsAvail                
20006ed9  UARTConfigSetExpClk           
20007525  UARTDisable                   
20007659  UARTEnable                    
200078f1  UtilsDelay                    
20040000  __STACK_END                   
00000800  __STACK_SIZE                  
00000800  __SYSMEM_SIZE                 
20007cd0  __TI_CINIT_Base               
20007ce0  __TI_CINIT_Limit              
20007cb8  __TI_Handler_Table_Base       
20007cc4  __TI_Handler_Table_Limit      
2000737d  __TI_auto_init_nobinit_nopinit
2000702f  __TI_decompress_lzss          
200078af  __TI_decompress_none          
200071f9  __TI_ltoa                     
ffffffff  __TI_pprof_out_hndl           
20004401  __TI_printfi                  
ffffffff  __TI_prof_data_size           
ffffffff  __TI_prof_data_start          
20007c98  __TI_static_base__            
20007739  __TI_zero_init_nomemset       
20006cd1  __aeabi_cdcmpeq               
20006cd1  __aeabi_cdcmple               
20006d57  __aeabi_cdrcmple              
20007335  __aeabi_d2iz                  
20005c9f  __aeabi_dadd                  
20006239  __aeabi_ddiv                  
20006591  __aeabi_dmul                  
20005c95  __aeabi_dsub                  
200078e1  __aeabi_errno_addr            
20007585  __aeabi_i2d                   
20005e4b  __aeabi_idiv0                 
20005e4b  __aeabi_ldiv0                 
20006e5f  __aeabi_memclr                
20006e5f  __aeabi_memclr4               
20006e5f  __aeabi_memclr8               
20006a81  __aeabi_memcpy                
20006a81  __aeabi_memcpy4               
20006a81  __aeabi_memcpy8               
20006e61  __aeabi_memset                
20006e61  __aeabi_memset4               
20006e61  __aeabi_memset8               
20006b1d  __aeabi_uldivmod              
ffffffff  __binit__                     
ffffffff  __c_args__                    
UNDEFED   __mpu_init                    
2003f800  __stack                       
2001d000  __start___llvm_prf_cnts       
2001d000  __stop___llvm_prf_cnts        
2000767d  _c_int00_noargs               
20007900  _ctypes_                      
2001d820  _lock                         
20004e4f  _nop                          
2001d000  _sys_memory                   
UNDEFED   _system_post_cinit            
200078f7  _system_pre_init              
2001d824  _unlock                       
200078fb  abort                         
20006491  aligned_alloc                 
200072a1  atoi                          
ffffffff  binit                         
200078cb  copysign                      
200078cb  copysignl                     
2001d830  errno                         
2000668d  free                          
20007099  frexp                         
20007099  frexpl                        
20004000  g_pfnVectors                  
2001d838  g_ucLED1Pin                   
2001d839  g_ucLED2Pin                   
2001d83a  g_ucLED3Pin                   
2001d814  g_uiLED1Port                  
2001d818  g_uiLED2Port                  
2001d81c  g_uiLED3Port                  
20006855  ldexp                         
20006855  ldexpl                        
20004fb5  main                          
200078e9  malloc                        
20006491  memalign                      
20007771  memccpy                       
20006a81  memcpy                        
20007631  memmove                       
20006e67  memset                        
20006771  realloc                       
20006855  scalbn                        
20006855  scalbnl                       
20007835  strchr                        
20007889  strlen                        
20007401  vsnprintf                     
2000789d  wcslen                        


GLOBAL SYMBOLS: SORTED BY Symbol Address 

address   name                          
-------   ----                          
00000800  __STACK_SIZE                  
00000800  __SYSMEM_SIZE                 
20004000  g_pfnVectors                  
20004401  __TI_printfi                  
20004e4f  _nop                          
20004e51  LEDBlinkyRoutine              
20004fb5  main                          
20005289  GPIO_IF_LedConfigure          
200052c7  GPIO_IF_LedOn                 
2000537b  GPIO_IF_LedOff                
2000542f  GPIO_IF_LedStatus             
20005499  GPIO_IF_LedToggle             
200054c7  GPIO_IF_GetPortNPin           
2000550d  GPIO_IF_ConfigureNIntEnable   
20005555  GPIO_IF_Set                   
20005599  GPIO_IF_Get                   
200055e5  InitTerm                      
20005603  Message                       
20005625  ClearTerm                     
2000562f  Error                         
20005667  GetCmd                        
2000570d  TrimSpace                     
200057a5  Report                        
20005c95  __aeabi_dsub                  
20005c9f  __aeabi_dadd                  
20005e4b  __aeabi_idiv0                 
20005e4b  __aeabi_ldiv0                 
20005e4d  PRCMCC3200MCUInit             
20006101  PinMuxConfig                  
20006239  __aeabi_ddiv                  
20006491  aligned_alloc                 
20006491  memalign                      
20006591  __aeabi_dmul                  
2000668d  free                          
20006771  realloc                       
20006855  ldexp                         
20006855  ldexpl                        
20006855  scalbn                        
20006855  scalbnl                       
200069d9  IntEnable                     
20006a81  __aeabi_memcpy                
20006a81  __aeabi_memcpy4               
20006a81  __aeabi_memcpy8               
20006a81  memcpy                        
20006b1d  __aeabi_uldivmod              
20006bb5  PRCMPeripheralClockGet        
20006c49  PinConfigSet                  
20006cd1  __aeabi_cdcmpeq               
20006cd1  __aeabi_cdcmple               
20006d57  __aeabi_cdrcmple              
20006ddd  GPIOIntTypeSet                
20006e5f  __aeabi_memclr                
20006e5f  __aeabi_memclr4               
20006e5f  __aeabi_memclr8               
20006e61  __aeabi_memset                
20006e61  __aeabi_memset4               
20006e61  __aeabi_memset8               
20006e67  memset                        
20006ed9  UARTConfigSetExpClk           
2000702f  __TI_decompress_lzss          
20007099  frexp                         
20007099  frexpl                        
200070f5  PRCMPeripheralReset           
200071a5  IntPrioritySet                
200071f9  __TI_ltoa                     
200072a1  atoi                          
20007335  __aeabi_d2iz                  
2000737d  __TI_auto_init_nobinit_nopinit
200073c1  PinModeSet                    
20007401  vsnprintf                     
20007481  PRCMPeripheralClkEnable       
200074bd  GPIODirModeSet                
200074f3  PinTypeGPIO                   
20007525  UARTDisable                   
20007585  __aeabi_i2d                   
200075b5  PRCMSysResetCauseGet          
200075e1  PRCMPeripheralClkDisable      
20007631  memmove                       
20007659  UARTEnable                    
2000767d  _c_int00_noargs               
200076a1  GPIOPinWrite                  
200076c1  IntRegister                   
200076e1  GPIOIntRegister               
200076ff  UARTCharPut                   
2000771d  UARTCharGetNonBlocking        
20007739  __TI_zero_init_nomemset       
20007771  memccpy                       
2000778d  GPIOIntEnable                 
200077a7  PinTypeUART                   
200077c1  GPIOPinRead                   
200077d9  UARTCharsAvail                
20007809  PRCMHIBRegRead                
2000781f  PRCMHIBRegWrite               
20007835  strchr                        
2000784b  CPUcpsie                      
2000785f  GPIOIntClear                  
20007875  IntVTableBaseSet              
20007889  strlen                        
2000789d  wcslen                        
200078af  __TI_decompress_none          
200078bd  ResetISR                      
200078cb  copysign                      
200078cb  copysignl                     
200078d7  IntMasterEnable               
200078e1  __aeabi_errno_addr            
200078e9  malloc                        
200078f1  UtilsDelay                    
200078f7  _system_pre_init              
200078fb  C$$EXIT                       
200078fb  abort                         
20007900  _ctypes_                      
20007c98  __TI_static_base__            
20007cb8  __TI_Handler_Table_Base       
20007cc4  __TI_Handler_Table_Limit      
20007cd0  __TI_CINIT_Base               
20007ce0  __TI_CINIT_Limit              
2001d000  __start___llvm_prf_cnts       
2001d000  __stop___llvm_prf_cnts        
2001d000  _sys_memory                   
2001d814  g_uiLED1Port                  
2001d818  g_uiLED2Port                  
2001d81c  g_uiLED3Port                  
2001d820  _lock                         
2001d824  _unlock                       
2001d830  errno                         
2001d838  g_ucLED1Pin                   
2001d839  g_ucLED2Pin                   
2001d83a  g_ucLED3Pin                   
2003f800  __stack                       
20040000  __STACK_END                   
ffffffff  __TI_pprof_out_hndl           
ffffffff  __TI_prof_data_size           
ffffffff  __TI_prof_data_start          
ffffffff  __binit__                     
ffffffff  __c_args__                    
ffffffff  binit                         
UNDEFED   __mpu_init                    
UNDEFED   _system_post_cinit            

[138 symbols]
